
> cfs-developer-portal-frontend@1.0.0 test
> vitest run


 RUN  v3.2.4 /Users/C5406081/developer-portal-frontend

 ✓ tests/contexts/TriggeredAlertsContext.test.tsx (35 tests) 77ms
 ✓ tests/contexts/TeamContext.test.tsx (32 tests) 98ms
 ✓ tests/pages/plugins/PluginCard.test.tsx (48 tests) 305ms
 ✓ tests/services/githubDocsApi.test.ts (58 tests) 737ms
stderr | tests/pages/plugins/BasePlugin.test.tsx > BasePlugin > Initial Render > should render container, header, and body
Warning: An update to BasePlugin inside a test was not wrapped in act(...).

When testing, code that causes React state updates should be wrapped into act(...):

act(() => {
  /* fire events that update state */
});
/* assert on the output */

This ensures that you're testing the behavior the user would see in the browser. Learn more at https://reactjs.org/link/wrap-tests-with-act
    at BasePlugin (/Users/C5406081/developer-portal-frontend/src/plugins/components/BasePlugin.tsx:30:23)
Warning: An update to BasePlugin inside a test was not wrapped in act(...).

When testing, code that causes React state updates should be wrapped into act(...):

act(() => {
  /* fire events that update state */
});
/* assert on the output */

This ensures that you're testing the behavior the user would see in the browser. Learn more at https://reactjs.org/link/wrap-tests-with-act
    at BasePlugin (/Users/C5406081/developer-portal-frontend/src/plugins/components/BasePlugin.tsx:30:23)

stderr | tests/pages/plugins/BasePlugin.test.tsx > BasePlugin > Initial Render > should display plugin title and description in header
Warning: An update to BasePlugin inside a test was not wrapped in act(...).

When testing, code that causes React state updates should be wrapped into act(...):

act(() => {
  /* fire events that update state */
});
/* assert on the output */

This ensures that you're testing the behavior the user would see in the browser. Learn more at https://reactjs.org/link/wrap-tests-with-act
    at BasePlugin (/Users/C5406081/developer-portal-frontend/src/plugins/components/BasePlugin.tsx:30:23)
Warning: An update to BasePlugin inside a test was not wrapped in act(...).

When testing, code that causes React state updates should be wrapped into act(...):

act(() => {
  /* fire events that update state */
});
/* assert on the output */

This ensures that you're testing the behavior the user would see in the browser. Learn more at https://reactjs.org/link/wrap-tests-with-act
    at BasePlugin (/Users/C5406081/developer-portal-frontend/src/plugins/components/BasePlugin.tsx:30:23)

stderr | tests/pages/plugins/BasePlugin.test.tsx > BasePlugin > Initial Render > should display author and version badges
Warning: An update to BasePlugin inside a test was not wrapped in act(...).

When testing, code that causes React state updates should be wrapped into act(...):

act(() => {
  /* fire events that update state */
});
/* assert on the output */

This ensures that you're testing the behavior the user would see in the browser. Learn more at https://reactjs.org/link/wrap-tests-with-act
    at BasePlugin (/Users/C5406081/developer-portal-frontend/src/plugins/components/BasePlugin.tsx:30:23)
Warning: An update to BasePlugin inside a test was not wrapped in act(...).

When testing, code that causes React state updates should be wrapped into act(...):

act(() => {
  /* fire events that update state */
});
/* assert on the output */

This ensures that you're testing the behavior the user would see in the browser. Learn more at https://reactjs.org/link/wrap-tests-with-act
    at BasePlugin (/Users/C5406081/developer-portal-frontend/src/plugins/components/BasePlugin.tsx:30:23)

stderr | tests/pages/plugins/BasePlugin.test.tsx > BasePlugin > Initial Render > should use plugin name as title if title is not provided
Warning: An update to BasePlugin inside a test was not wrapped in act(...).

When testing, code that causes React state updates should be wrapped into act(...):

act(() => {
  /* fire events that update state */
});
/* assert on the output */

This ensures that you're testing the behavior the user would see in the browser. Learn more at https://reactjs.org/link/wrap-tests-with-act
    at BasePlugin (/Users/C5406081/developer-portal-frontend/src/plugins/components/BasePlugin.tsx:30:23)
Warning: An update to BasePlugin inside a test was not wrapped in act(...).

When testing, code that causes React state updates should be wrapped into act(...):

act(() => {
  /* fire events that update state */
});
/* assert on the output */

This ensures that you're testing the behavior the user would see in the browser. Learn more at https://reactjs.org/link/wrap-tests-with-act
    at BasePlugin (/Users/C5406081/developer-portal-frontend/src/plugins/components/BasePlugin.tsx:30:23)

stdout | tests/utils/models.test.tsx > models.tsx > loadPluginBundle > should load from API for GitHub URLs
[PluginViewPage] Loading plugin from API: test-plugin

stdout | tests/utils/models.test.tsx > models.tsx > loadPluginBundle > should load directly from URL for non-GitHub URLs
[PluginViewPage] Loading plugin from URL: https://example.com/plugin.js

stdout | tests/utils/models.test.tsx > models.tsx > loadPluginBundle > should pass AbortSignal through
[PluginViewPage] Loading plugin from URL: https://example.com/plugin.js

stderr | tests/pages/plugins/BasePlugin.test.tsx > BasePlugin > Edge Cases > should not display badges if createdBy and version are missing
Warning: An update to BasePlugin inside a test was not wrapped in act(...).

When testing, code that causes React state updates should be wrapped into act(...):

act(() => {
  /* fire events that update state */
});
/* assert on the output */

This ensures that you're testing the behavior the user would see in the browser. Learn more at https://reactjs.org/link/wrap-tests-with-act
    at BasePlugin (/Users/C5406081/developer-portal-frontend/src/plugins/components/BasePlugin.tsx:30:23)

 ✓ tests/pages/plugins/BasePlugin.test.tsx (38 tests) 167ms
 ✓ tests/utils/models.test.tsx (62 tests) 146ms
 ✓ tests/services/aiPlatformApi.test.ts (32 tests) 1410ms
 ✓ tests/components/Team/DocsPage.test.tsx (22 tests) 616ms
 ✓ tests/hooks/useChatHistory.test.ts (34 tests) 1794ms
 ✓ tests/hooks/useLandscapeTools.test.ts (48 tests) 48ms
 ✓ tests/components/LandscapeLinksSection.test.tsx (42 tests) 168ms
stderr | tests/components/Team/MemberList.test.tsx > MemberList Component > Error Handling > should show error toast when move operation fails
Failed to move member: Error: Move failed
    at [90m/Users/C5406081/developer-portal-frontend/[39mtests/components/Team/MemberList.test.tsx:534:15
    at mockCall [90m(file:///Users/C5406081/developer-portal-frontend/[39mnode_modules/[4m@vitest[24m/spy/dist/index.js:96:15[90m)[39m
    at spy [90m(file:///Users/C5406081/developer-portal-frontend/[39mnode_modules/[4mtinyspy[24m/dist/index.js:47:80[90m)[39m
    at confirmMoveMember [90m(/Users/C5406081/developer-portal-frontend/[39msrc/components/Team/MemberList.tsx:100:7[90m)[39m
    at HTMLUnknownElement.callCallback [90m(/Users/C5406081/developer-portal-frontend/[39mnode_modules/[4mreact-dom[24m/cjs/react-dom.development.js:4164:14[90m)[39m
    at HTMLUnknownElement.callTheUserObjectsOperation [90m(/Users/C5406081/developer-portal-frontend/[39mnode_modules/[4mjsdom[24m/lib/jsdom/living/generated/EventListener.js:26:30[90m)[39m
    at innerInvokeEventListeners [90m(/Users/C5406081/developer-portal-frontend/[39mnode_modules/[4mjsdom[24m/lib/jsdom/living/events/EventTarget-impl.js:360:16[90m)[39m
    at invokeEventListeners [90m(/Users/C5406081/developer-portal-frontend/[39mnode_modules/[4mjsdom[24m/lib/jsdom/living/events/EventTarget-impl.js:296:3[90m)[39m
    at HTMLUnknownElementImpl._dispatch [90m(/Users/C5406081/developer-portal-frontend/[39mnode_modules/[4mjsdom[24m/lib/jsdom/living/events/EventTarget-impl.js:243:9[90m)[39m
    at HTMLUnknownElementImpl.dispatchEvent [90m(/Users/C5406081/developer-portal-frontend/[39mnode_modules/[4mjsdom[24m/lib/jsdom/living/events/EventTarget-impl.js:114:17[90m)[39m

 ✓ tests/components/HealthTable.test.tsx (33 tests) 1628ms
 ✓ tests/contexts/LinksPageContext.test.tsx (42 tests) 130ms
stderr | tests/pages/plugins/RegisterPluginDialog.test.tsx > RegisterPluginDialog > Error Handling > should display error alert on submission failure
[RegisterPluginDialog] Failed to register plugin: Error: Network error
    at [90m/Users/C5406081/developer-portal-frontend/[39mtests/pages/plugins/RegisterPluginDialog.test.tsx:613:51
    at [90mfile:///Users/C5406081/developer-portal-frontend/[39mnode_modules/[4m@vitest[24m/runner/dist/chunk-hooks.js:752:20

 ✓ tests/components/Team/MemberList.test.tsx (31 tests) 1283ms
stderr | tests/pages/plugins/RegisterPluginDialog.test.tsx > RegisterPluginDialog > Error Handling > should show error toast on submission failure
[RegisterPluginDialog] Failed to register plugin: Error: API error
    at [90m/Users/C5406081/developer-portal-frontend/[39mtests/pages/plugins/RegisterPluginDialog.test.tsx:636:51
    at [90mfile:///Users/C5406081/developer-portal-frontend/[39mnode_modules/[4m@vitest[24m/runner/dist/chunk-hooks.js:752:20

stderr | tests/utils/pluginLoader.test.ts > pluginLoader > loadPlugin > URL Validation > should throw network error for empty URL
[pluginLoader] Top-level error: {
  type: [32m'network'[39m,
  message: [32m'Bundle URL is required'[39m,
  originalError: [90mundefined[39m,
  details: [90mundefined[39m
}

stderr | tests/utils/pluginLoader.test.ts > pluginLoader > loadPlugin > URL Validation > should throw network error for whitespace URL
[pluginLoader] Top-level error: {
  type: [32m'network'[39m,
  message: [32m'Bundle URL is required'[39m,
  originalError: [90mundefined[39m,
  details: [90mundefined[39m
}

stderr | tests/utils/pluginLoader.test.ts > pluginLoader > loadPlugin > Network Errors > should throw network error for 404 response
[pluginLoader] Top-level error: {
  type: [32m'network'[39m,
  message: [32m'Failed to fetch bundle: 404 Not Found'[39m,
  originalError: [90mundefined[39m,
  details: { status: [33m404[39m }
}

stderr | tests/utils/pluginLoader.test.ts > pluginLoader > loadPlugin > Network Errors > should throw network error for 500 response
[pluginLoader] Top-level error: {
  type: [32m'network'[39m,
  message: [32m'Failed to fetch bundle: 500 Internal Server Error'[39m,
  originalError: [90mundefined[39m,
  details: { status: [33m500[39m }
}

stderr | tests/utils/pluginLoader.test.ts > pluginLoader > loadPlugin > Network Errors > should throw network error for network failure
[pluginLoader] Top-level error: Error: Network failed
    at [90m/Users/C5406081/developer-portal-frontend/[39mtests/utils/pluginLoader.test.ts:181:44
    at [90mfile:///Users/C5406081/developer-portal-frontend/[39mnode_modules/[4m@vitest[24m/runner/dist/chunk-hooks.js:155:11
    at [90mfile:///Users/C5406081/developer-portal-frontend/[39mnode_modules/[4m@vitest[24m/runner/dist/chunk-hooks.js:752:26
    at [90mfile:///Users/C5406081/developer-portal-frontend/[39mnode_modules/[4m@vitest[24m/runner/dist/chunk-hooks.js:1897:20
    at new Promise (<anonymous>)
    at runWithTimeout [90m(file:///Users/C5406081/developer-portal-frontend/[39mnode_modules/[4m@vitest[24m/runner/dist/chunk-hooks.js:1863:10[90m)[39m
    at runTest [90m(file:///Users/C5406081/developer-portal-frontend/[39mnode_modules/[4m@vitest[24m/runner/dist/chunk-hooks.js:1574:12[90m)[39m
[90m    at processTicksAndRejections (node:internal/process/task_queues:95:5)[39m
    at runSuite [90m(file:///Users/C5406081/developer-portal-frontend/[39mnode_modules/[4m@vitest[24m/runner/dist/chunk-hooks.js:1729:8[90m)[39m
    at runSuite [90m(file:///Users/C5406081/developer-portal-frontend/[39mnode_modules/[4m@vitest[24m/runner/dist/chunk-hooks.js:1729:8[90m)[39m

stderr | tests/utils/pluginLoader.test.ts > pluginLoader > loadPlugin > Parse Errors > should throw parse error for empty bundle
[pluginLoader] Top-level error: {
  type: [32m'parse'[39m,
  message: [32m'Bundle is empty'[39m,
  originalError: [90mundefined[39m,
  details: [90mundefined[39m
}

stderr | tests/utils/pluginLoader.test.ts > pluginLoader > loadPlugin > Parse Errors > should throw parse error for whitespace-only bundle
[pluginLoader] Top-level error: {
  type: [32m'parse'[39m,
  message: [32m'Bundle is empty'[39m,
  originalError: [90mundefined[39m,
  details: [90mundefined[39m
}

stderr | tests/utils/pluginLoader.test.ts > pluginLoader > loadPlugin > AbortSignal > should handle aborted requests
[pluginLoader] Top-level error: DOMException {}

stderr | tests/utils/pluginLoader.test.ts > pluginLoader > loadPlugin > Error Object Structure > should wrap all errors as runtime type
[pluginLoader] Top-level error: {
  type: [32m'network'[39m,
  message: [32m'Failed to fetch bundle: 404 Not Found'[39m,
  originalError: [90mundefined[39m,
  details: { status: [33m404[39m }
}

stderr | tests/utils/pluginLoader.test.ts > pluginLoader > loadPlugin > Error Object Structure > should include originalError in details
[pluginLoader] Top-level error: Error: Original error
    at [90m/Users/C5406081/developer-portal-frontend/[39mtests/utils/pluginLoader.test.ts:588:31
    at [90mfile:///Users/C5406081/developer-portal-frontend/[39mnode_modules/[4m@vitest[24m/runner/dist/chunk-hooks.js:155:11
    at [90mfile:///Users/C5406081/developer-portal-frontend/[39mnode_modules/[4m@vitest[24m/runner/dist/chunk-hooks.js:752:26
    at [90mfile:///Users/C5406081/developer-portal-frontend/[39mnode_modules/[4m@vitest[24m/runner/dist/chunk-hooks.js:1897:20
    at new Promise (<anonymous>)
    at runWithTimeout [90m(file:///Users/C5406081/developer-portal-frontend/[39mnode_modules/[4m@vitest[24m/runner/dist/chunk-hooks.js:1863:10[90m)[39m
    at runTest [90m(file:///Users/C5406081/developer-portal-frontend/[39mnode_modules/[4m@vitest[24m/runner/dist/chunk-hooks.js:1574:12[90m)[39m
[90m    at processTicksAndRejections (node:internal/process/task_queues:95:5)[39m
    at runSuite [90m(file:///Users/C5406081/developer-portal-frontend/[39mnode_modules/[4m@vitest[24m/runner/dist/chunk-hooks.js:1729:8[90m)[39m
    at runSuite [90m(file:///Users/C5406081/developer-portal-frontend/[39mnode_modules/[4m@vitest[24m/runner/dist/chunk-hooks.js:1729:8[90m)[39m

stderr | tests/utils/pluginLoader.test.ts > pluginLoader > loadPlugin > Error Object Structure > should wrap non-Error objects
[pluginLoader] Top-level error: string error

 ✓ tests/hooks/useAuthWithRole.test.tsx (38 tests) 29ms
 ✓ tests/utils/pluginLoader.test.ts (48 tests) 29ms
stdout | tests/contexts/AuthContext.test.tsx > AuthContext > AuthProvider Initialization > should check auth status on mount when not on login page
🔍 AuthContext: isAuthenticated calculation { hasUser: [33mfalse[39m, bothAuth: [33mfalse[39m, isAuthenticated: [33mfalse[39m }
🔍 AuthContext: Initial useEffect { isLoginPage: [33mfalse[39m, pathname: [32m'/'[39m }
🔍 AuthContext: Not on login page, checking auth status...
🔍 AuthContext: checkAuthStatusAndSetUser started
🔍 AuthContext: checkAuthStatusAndSetUser completed
🔍 AuthContext: isAuthenticated calculation { hasUser: [33mfalse[39m, bothAuth: [33mfalse[39m, isAuthenticated: [33mfalse[39m }
🔍 AuthContext: isAuthenticated calculation { hasUser: [33mfalse[39m, bothAuth: [33mfalse[39m, isAuthenticated: [33mfalse[39m }

stderr | tests/pages/plugins/RegisterPluginDialog.test.tsx > RegisterPluginDialog > Error Handling > should not call onSuccess on submission failure
[RegisterPluginDialog] Failed to register plugin: Error: Error
    at [90m/Users/C5406081/developer-portal-frontend/[39mtests/pages/plugins/RegisterPluginDialog.test.tsx:662:51
    at [90mfile:///Users/C5406081/developer-portal-frontend/[39mnode_modules/[4m@vitest[24m/runner/dist/chunk-hooks.js:752:20

stderr | tests/pages/plugins/RegisterPluginDialog.test.tsx > RegisterPluginDialog > Error Handling > should re-enable buttons after submission error
[RegisterPluginDialog] Failed to register plugin: Error: Error
    at [90m/Users/C5406081/developer-portal-frontend/[39mtests/pages/plugins/RegisterPluginDialog.test.tsx:686:51
    at [90mfile:///Users/C5406081/developer-portal-frontend/[39mnode_modules/[4m@vitest[24m/runner/dist/chunk-hooks.js:752:20

stderr | tests/contexts/HeaderNavigationContext.test.tsx > HeaderNavigationContext > setTabs Function > should navigate to first tab when shouldNavigateToTab is true
Warning: An update to HeaderNavigationProvider inside a test was not wrapped in act(...).

When testing, code that causes React state updates should be wrapped into act(...):

act(() => {
  /* fire events that update state */
});
/* assert on the output */

This ensures that you're testing the behavior the user would see in the browser. Learn more at https://reactjs.org/link/wrap-tests-with-act
    at HeaderNavigationProvider (/Users/C5406081/developer-portal-frontend/src/contexts/HeaderNavigationContext.tsx:14:37)
Warning: An update to HeaderNavigationProvider inside a test was not wrapped in act(...).

When testing, code that causes React state updates should be wrapped into act(...):

act(() => {
  /* fire events that update state */
});
/* assert on the output */

This ensures that you're testing the behavior the user would see in the browser. Learn more at https://reactjs.org/link/wrap-tests-with-act
    at HeaderNavigationProvider (/Users/C5406081/developer-portal-frontend/src/contexts/HeaderNavigationContext.tsx:14:37)

stderr | tests/contexts/HeaderNavigationContext.test.tsx > HeaderNavigationContext > setTabs Function > should not navigate when shouldNavigateToTab is false
Warning: An update to HeaderNavigationProvider inside a test was not wrapped in act(...).

When testing, code that causes React state updates should be wrapped into act(...):

act(() => {
  /* fire events that update state */
});
/* assert on the output */

This ensures that you're testing the behavior the user would see in the browser. Learn more at https://reactjs.org/link/wrap-tests-with-act
    at HeaderNavigationProvider (/Users/C5406081/developer-portal-frontend/src/contexts/HeaderNavigationContext.tsx:14:37)
Warning: An update to HeaderNavigationProvider inside a test was not wrapped in act(...).

When testing, code that causes React state updates should be wrapped into act(...):

act(() => {
  /* fire events that update state */
});
/* assert on the output */

This ensures that you're testing the behavior the user would see in the browser. Learn more at https://reactjs.org/link/wrap-tests-with-act
    at HeaderNavigationProvider (/Users/C5406081/developer-portal-frontend/src/contexts/HeaderNavigationContext.tsx:14:37)

stderr | tests/contexts/HeaderNavigationContext.test.tsx > HeaderNavigationContext > setTabs Function > should handle teams path with common tab
Warning: An update to HeaderNavigationProvider inside a test was not wrapped in act(...).

When testing, code that causes React state updates should be wrapped into act(...):

act(() => {
  /* fire events that update state */
});
/* assert on the output */

This ensures that you're testing the behavior the user would see in the browser. Learn more at https://reactjs.org/link/wrap-tests-with-act
    at HeaderNavigationProvider (/Users/C5406081/developer-portal-frontend/src/contexts/HeaderNavigationContext.tsx:14:37)
Warning: An update to HeaderNavigationProvider inside a test was not wrapped in act(...).

When testing, code that causes React state updates should be wrapped into act(...):

act(() => {
  /* fire events that update state */
});
/* assert on the output */

This ensures that you're testing the behavior the user would see in the browser. Learn more at https://reactjs.org/link/wrap-tests-with-act
    at HeaderNavigationProvider (/Users/C5406081/developer-portal-frontend/src/contexts/HeaderNavigationContext.tsx:14:37)

stderr | tests/contexts/HeaderNavigationContext.test.tsx > HeaderNavigationContext > setTabs Function > should preserve existing common tab in teams path
Warning: An update to HeaderNavigationProvider inside a test was not wrapped in act(...).

When testing, code that causes React state updates should be wrapped into act(...):

act(() => {
  /* fire events that update state */
});
/* assert on the output */

This ensures that you're testing the behavior the user would see in the browser. Learn more at https://reactjs.org/link/wrap-tests-with-act
    at HeaderNavigationProvider (/Users/C5406081/developer-portal-frontend/src/contexts/HeaderNavigationContext.tsx:14:37)
Warning: An update to HeaderNavigationProvider inside a test was not wrapped in act(...).

When testing, code that causes React state updates should be wrapped into act(...):

act(() => {
  /* fire events that update state */
});
/* assert on the output */

This ensures that you're testing the behavior the user would see in the browser. Learn more at https://reactjs.org/link/wrap-tests-with-act
    at HeaderNavigationProvider (/Users/C5406081/developer-portal-frontend/src/contexts/HeaderNavigationContext.tsx:14:37)

stderr | tests/contexts/HeaderNavigationContext.test.tsx > HeaderNavigationContext > setTabs Function > should use default common tab for invalid common tab
Warning: An update to HeaderNavigationProvider inside a test was not wrapped in act(...).

When testing, code that causes React state updates should be wrapped into act(...):

act(() => {
  /* fire events that update state */
});
/* assert on the output */

This ensures that you're testing the behavior the user would see in the browser. Learn more at https://reactjs.org/link/wrap-tests-with-act
    at HeaderNavigationProvider (/Users/C5406081/developer-portal-frontend/src/contexts/HeaderNavigationContext.tsx:14:37)
Warning: An update to HeaderNavigationProvider inside a test was not wrapped in act(...).

When testing, code that causes React state updates should be wrapped into act(...):

act(() => {
  /* fire events that update state */
});
/* assert on the output */

This ensures that you're testing the behavior the user would see in the browser. Learn more at https://reactjs.org/link/wrap-tests-with-act
    at HeaderNavigationProvider (/Users/C5406081/developer-portal-frontend/src/contexts/HeaderNavigationContext.tsx:14:37)

stderr | tests/pages/plugins/RegisterPluginDialog.test.tsx > RegisterPluginDialog > Dialog Behavior > should clear submit error when dialog is closed
[RegisterPluginDialog] Failed to register plugin: Error: Submit error
    at [90m/Users/C5406081/developer-portal-frontend/[39mtests/pages/plugins/RegisterPluginDialog.test.tsx:761:51
    at [90mfile:///Users/C5406081/developer-portal-frontend/[39mnode_modules/[4m@vitest[24m/runner/dist/chunk-hooks.js:752:20

stderr | tests/contexts/HeaderNavigationContext.test.tsx > HeaderNavigationContext > setTabs Function > should not navigate if already at target path
Warning: An update to HeaderNavigationProvider inside a test was not wrapped in act(...).

When testing, code that causes React state updates should be wrapped into act(...):

act(() => {
  /* fire events that update state */
});
/* assert on the output */

This ensures that you're testing the behavior the user would see in the browser. Learn more at https://reactjs.org/link/wrap-tests-with-act
    at HeaderNavigationProvider (/Users/C5406081/developer-portal-frontend/src/contexts/HeaderNavigationContext.tsx:14:37)
Warning: An update to HeaderNavigationProvider inside a test was not wrapped in act(...).

When testing, code that causes React state updates should be wrapped into act(...):

act(() => {
  /* fire events that update state */
});
/* assert on the output */

This ensures that you're testing the behavior the user would see in the browser. Learn more at https://reactjs.org/link/wrap-tests-with-act
    at HeaderNavigationProvider (/Users/C5406081/developer-portal-frontend/src/contexts/HeaderNavigationContext.tsx:14:37)

stderr | tests/contexts/HeaderNavigationContext.test.tsx > HeaderNavigationContext > setActiveTab Function > should update active tab
Warning: An update to HeaderNavigationProvider inside a test was not wrapped in act(...).

When testing, code that causes React state updates should be wrapped into act(...):

act(() => {
  /* fire events that update state */
});
/* assert on the output */

This ensures that you're testing the behavior the user would see in the browser. Learn more at https://reactjs.org/link/wrap-tests-with-act
    at HeaderNavigationProvider (/Users/C5406081/developer-portal-frontend/src/contexts/HeaderNavigationContext.tsx:14:37)
Warning: An update to HeaderNavigationProvider inside a test was not wrapped in act(...).

When testing, code that causes React state updates should be wrapped into act(...):

act(() => {
  /* fire events that update state */
});
/* assert on the output */

This ensures that you're testing the behavior the user would see in the browser. Learn more at https://reactjs.org/link/wrap-tests-with-act
    at HeaderNavigationProvider (/Users/C5406081/developer-portal-frontend/src/contexts/HeaderNavigationContext.tsx:14:37)

stderr | tests/contexts/HeaderNavigationContext.test.tsx > HeaderNavigationContext > setActiveTab Function > should update active tab
Warning: An update to HeaderNavigationProvider inside a test was not wrapped in act(...).

When testing, code that causes React state updates should be wrapped into act(...):

act(() => {
  /* fire events that update state */
});
/* assert on the output */

This ensures that you're testing the behavior the user would see in the browser. Learn more at https://reactjs.org/link/wrap-tests-with-act
    at HeaderNavigationProvider (/Users/C5406081/developer-portal-frontend/src/contexts/HeaderNavigationContext.tsx:14:37)

stderr | tests/contexts/HeaderNavigationContext.test.tsx > HeaderNavigationContext > setActiveTab Function > should navigate when changing active tab
Warning: An update to HeaderNavigationProvider inside a test was not wrapped in act(...).

When testing, code that causes React state updates should be wrapped into act(...):

act(() => {
  /* fire events that update state */
});
/* assert on the output */

This ensures that you're testing the behavior the user would see in the browser. Learn more at https://reactjs.org/link/wrap-tests-with-act
    at HeaderNavigationProvider (/Users/C5406081/developer-portal-frontend/src/contexts/HeaderNavigationContext.tsx:14:37)
Warning: An update to HeaderNavigationProvider inside a test was not wrapped in act(...).

When testing, code that causes React state updates should be wrapped into act(...):

act(() => {
  /* fire events that update state */
});
/* assert on the output */

This ensures that you're testing the behavior the user would see in the browser. Learn more at https://reactjs.org/link/wrap-tests-with-act
    at HeaderNavigationProvider (/Users/C5406081/developer-portal-frontend/src/contexts/HeaderNavigationContext.tsx:14:37)
Warning: An update to HeaderNavigationProvider inside a test was not wrapped in act(...).

When testing, code that causes React state updates should be wrapped into act(...):

act(() => {
  /* fire events that update state */
});
/* assert on the output */

This ensures that you're testing the behavior the user would see in the browser. Learn more at https://reactjs.org/link/wrap-tests-with-act
    at HeaderNavigationProvider (/Users/C5406081/developer-portal-frontend/src/contexts/HeaderNavigationContext.tsx:14:37)

stderr | tests/contexts/HeaderNavigationContext.test.tsx > HeaderNavigationContext > setActiveTab Function > should not navigate when shouldNavigateToTab is false
Warning: An update to HeaderNavigationProvider inside a test was not wrapped in act(...).

When testing, code that causes React state updates should be wrapped into act(...):

act(() => {
  /* fire events that update state */
});
/* assert on the output */

This ensures that you're testing the behavior the user would see in the browser. Learn more at https://reactjs.org/link/wrap-tests-with-act
    at HeaderNavigationProvider (/Users/C5406081/developer-portal-frontend/src/contexts/HeaderNavigationContext.tsx:14:37)
Warning: An update to HeaderNavigationProvider inside a test was not wrapped in act(...).

When testing, code that causes React state updates should be wrapped into act(...):

act(() => {
  /* fire events that update state */
});
/* assert on the output */

This ensures that you're testing the behavior the user would see in the browser. Learn more at https://reactjs.org/link/wrap-tests-with-act
    at HeaderNavigationProvider (/Users/C5406081/developer-portal-frontend/src/contexts/HeaderNavigationContext.tsx:14:37)
Warning: An update to HeaderNavigationProvider inside a test was not wrapped in act(...).

When testing, code that causes React state updates should be wrapped into act(...):

act(() => {
  /* fire events that update state */
});
/* assert on the output */

This ensures that you're testing the behavior the user would see in the browser. Learn more at https://reactjs.org/link/wrap-tests-with-act
    at HeaderNavigationProvider (/Users/C5406081/developer-portal-frontend/src/contexts/HeaderNavigationContext.tsx:14:37)

stderr | tests/contexts/HeaderNavigationContext.test.tsx > HeaderNavigationContext > setActiveTab Function > should handle teams path when setting active tab
Warning: An update to HeaderNavigationProvider inside a test was not wrapped in act(...).

When testing, code that causes React state updates should be wrapped into act(...):

act(() => {
  /* fire events that update state */
});
/* assert on the output */

This ensures that you're testing the behavior the user would see in the browser. Learn more at https://reactjs.org/link/wrap-tests-with-act
    at HeaderNavigationProvider (/Users/C5406081/developer-portal-frontend/src/contexts/HeaderNavigationContext.tsx:14:37)
Warning: An update to HeaderNavigationProvider inside a test was not wrapped in act(...).

When testing, code that causes React state updates should be wrapped into act(...):

act(() => {
  /* fire events that update state */
});
/* assert on the output */

This ensures that you're testing the behavior the user would see in the browser. Learn more at https://reactjs.org/link/wrap-tests-with-act
    at HeaderNavigationProvider (/Users/C5406081/developer-portal-frontend/src/contexts/HeaderNavigationContext.tsx:14:37)
Warning: An update to HeaderNavigationProvider inside a test was not wrapped in act(...).

When testing, code that causes React state updates should be wrapped into act(...):

act(() => {
  /* fire events that update state */
});
/* assert on the output */

This ensures that you're testing the behavior the user would see in the browser. Learn more at https://reactjs.org/link/wrap-tests-with-act
    at HeaderNavigationProvider (/Users/C5406081/developer-portal-frontend/src/contexts/HeaderNavigationContext.tsx:14:37)

stderr | tests/contexts/HeaderNavigationContext.test.tsx > HeaderNavigationContext > setActiveTab Function > should preserve common tab when changing active tab in teams
Warning: An update to HeaderNavigationProvider inside a test was not wrapped in act(...).

When testing, code that causes React state updates should be wrapped into act(...):

act(() => {
  /* fire events that update state */
});
/* assert on the output */

This ensures that you're testing the behavior the user would see in the browser. Learn more at https://reactjs.org/link/wrap-tests-with-act
    at HeaderNavigationProvider (/Users/C5406081/developer-portal-frontend/src/contexts/HeaderNavigationContext.tsx:14:37)
Warning: An update to HeaderNavigationProvider inside a test was not wrapped in act(...).

When testing, code that causes React state updates should be wrapped into act(...):

act(() => {
  /* fire events that update state */
});
/* assert on the output */

This ensures that you're testing the behavior the user would see in the browser. Learn more at https://reactjs.org/link/wrap-tests-with-act
    at HeaderNavigationProvider (/Users/C5406081/developer-portal-frontend/src/contexts/HeaderNavigationContext.tsx:14:37)
Warning: An update to HeaderNavigationProvider inside a test was not wrapped in act(...).

When testing, code that causes React state updates should be wrapped into act(...):

act(() => {
  /* fire events that update state */
});
/* assert on the output */

This ensures that you're testing the behavior the user would see in the browser. Learn more at https://reactjs.org/link/wrap-tests-with-act
    at HeaderNavigationProvider (/Users/C5406081/developer-portal-frontend/src/contexts/HeaderNavigationContext.tsx:14:37)

stderr | tests/contexts/HeaderNavigationContext.test.tsx > HeaderNavigationContext > setActiveTab Function > should not navigate if already at target path
Warning: An update to HeaderNavigationProvider inside a test was not wrapped in act(...).

When testing, code that causes React state updates should be wrapped into act(...):

act(() => {
  /* fire events that update state */
});
/* assert on the output */

This ensures that you're testing the behavior the user would see in the browser. Learn more at https://reactjs.org/link/wrap-tests-with-act
    at HeaderNavigationProvider (/Users/C5406081/developer-portal-frontend/src/contexts/HeaderNavigationContext.tsx:14:37)
Warning: An update to HeaderNavigationProvider inside a test was not wrapped in act(...).

When testing, code that causes React state updates should be wrapped into act(...):

act(() => {
  /* fire events that update state */
});
/* assert on the output */

This ensures that you're testing the behavior the user would see in the browser. Learn more at https://reactjs.org/link/wrap-tests-with-act
    at HeaderNavigationProvider (/Users/C5406081/developer-portal-frontend/src/contexts/HeaderNavigationContext.tsx:14:37)
Warning: An update to HeaderNavigationProvider inside a test was not wrapped in act(...).

When testing, code that causes React state updates should be wrapped into act(...):

act(() => {
  /* fire events that update state */
});
/* assert on the output */

This ensures that you're testing the behavior the user would see in the browser. Learn more at https://reactjs.org/link/wrap-tests-with-act
    at HeaderNavigationProvider (/Users/C5406081/developer-portal-frontend/src/contexts/HeaderNavigationContext.tsx:14:37)

stderr | tests/contexts/HeaderNavigationContext.test.tsx > HeaderNavigationContext > setActiveTab Function > should not navigate when basePath is null
Warning: An update to HeaderNavigationProvider inside a test was not wrapped in act(...).

When testing, code that causes React state updates should be wrapped into act(...):

act(() => {
  /* fire events that update state */
});
/* assert on the output */

This ensures that you're testing the behavior the user would see in the browser. Learn more at https://reactjs.org/link/wrap-tests-with-act
    at HeaderNavigationProvider (/Users/C5406081/developer-portal-frontend/src/contexts/HeaderNavigationContext.tsx:14:37)
Warning: An update to HeaderNavigationProvider inside a test was not wrapped in act(...).

When testing, code that causes React state updates should be wrapped into act(...):

act(() => {
  /* fire events that update state */
});
/* assert on the output */

This ensures that you're testing the behavior the user would see in the browser. Learn more at https://reactjs.org/link/wrap-tests-with-act
    at HeaderNavigationProvider (/Users/C5406081/developer-portal-frontend/src/contexts/HeaderNavigationContext.tsx:14:37)
Warning: An update to HeaderNavigationProvider inside a test was not wrapped in act(...).

When testing, code that causes React state updates should be wrapped into act(...):

act(() => {
  /* fire events that update state */
});
/* assert on the output */

This ensures that you're testing the behavior the user would see in the browser. Learn more at https://reactjs.org/link/wrap-tests-with-act
    at HeaderNavigationProvider (/Users/C5406081/developer-portal-frontend/src/contexts/HeaderNavigationContext.tsx:14:37)

stderr | tests/contexts/HeaderNavigationContext.test.tsx > HeaderNavigationContext > setIsDropdown Function > should update dropdown state
Warning: An update to HeaderNavigationProvider inside a test was not wrapped in act(...).

When testing, code that causes React state updates should be wrapped into act(...):

act(() => {
  /* fire events that update state */
});
/* assert on the output */

This ensures that you're testing the behavior the user would see in the browser. Learn more at https://reactjs.org/link/wrap-tests-with-act
    at HeaderNavigationProvider (/Users/C5406081/developer-portal-frontend/src/contexts/HeaderNavigationContext.tsx:14:37)

 ✓ tests/lib/chat-db.test.ts (21 tests) 307ms
 ✓ tests/components/Team/ScoreBoards.test.tsx (16 tests) 402ms
stderr | tests/contexts/HeaderNavigationContext.test.tsx > HeaderNavigationContext > setIsDropdown Function > should toggle dropdown state
Warning: An update to HeaderNavigationProvider inside a test was not wrapped in act(...).

When testing, code that causes React state updates should be wrapped into act(...):

act(() => {
  /* fire events that update state */
});
/* assert on the output */

This ensures that you're testing the behavior the user would see in the browser. Learn more at https://reactjs.org/link/wrap-tests-with-act
    at HeaderNavigationProvider (/Users/C5406081/developer-portal-frontend/src/contexts/HeaderNavigationContext.tsx:14:37)

stderr | tests/contexts/HeaderNavigationContext.test.tsx > HeaderNavigationContext > setIsDropdown Function > should toggle dropdown state
Warning: An update to HeaderNavigationProvider inside a test was not wrapped in act(...).

When testing, code that causes React state updates should be wrapped into act(...):

act(() => {
  /* fire events that update state */
});
/* assert on the output */

This ensures that you're testing the behavior the user would see in the browser. Learn more at https://reactjs.org/link/wrap-tests-with-act
    at HeaderNavigationProvider (/Users/C5406081/developer-portal-frontend/src/contexts/HeaderNavigationContext.tsx:14:37)

stderr | tests/contexts/HeaderNavigationContext.test.tsx > HeaderNavigationContext > Edge Cases > should handle null base path gracefully
Warning: An update to HeaderNavigationProvider inside a test was not wrapped in act(...).

When testing, code that causes React state updates should be wrapped into act(...):

act(() => {
  /* fire events that update state */
});
/* assert on the output */

This ensures that you're testing the behavior the user would see in the browser. Learn more at https://reactjs.org/link/wrap-tests-with-act
    at HeaderNavigationProvider (/Users/C5406081/developer-portal-frontend/src/contexts/HeaderNavigationContext.tsx:14:37)
Warning: An update to HeaderNavigationProvider inside a test was not wrapped in act(...).

When testing, code that causes React state updates should be wrapped into act(...):

act(() => {
  /* fire events that update state */
});
/* assert on the output */

This ensures that you're testing the behavior the user would see in the browser. Learn more at https://reactjs.org/link/wrap-tests-with-act
    at HeaderNavigationProvider (/Users/C5406081/developer-portal-frontend/src/contexts/HeaderNavigationContext.tsx:14:37)
Warning: An update to HeaderNavigationProvider inside a test was not wrapped in act(...).

When testing, code that causes React state updates should be wrapped into act(...):

act(() => {
  /* fire events that update state */
});
/* assert on the output */

This ensures that you're testing the behavior the user would see in the browser. Learn more at https://reactjs.org/link/wrap-tests-with-act
    at HeaderNavigationProvider (/Users/C5406081/developer-portal-frontend/src/contexts/HeaderNavigationContext.tsx:14:37)

stderr | tests/contexts/HeaderNavigationContext.test.tsx > HeaderNavigationContext > Edge Cases > should handle empty projects array
Warning: An update to HeaderNavigationProvider inside a test was not wrapped in act(...).

When testing, code that causes React state updates should be wrapped into act(...):

act(() => {
  /* fire events that update state */
});
/* assert on the output */

This ensures that you're testing the behavior the user would see in the browser. Learn more at https://reactjs.org/link/wrap-tests-with-act
    at HeaderNavigationProvider (/Users/C5406081/developer-portal-frontend/src/contexts/HeaderNavigationContext.tsx:14:37)
Warning: An update to HeaderNavigationProvider inside a test was not wrapped in act(...).

When testing, code that causes React state updates should be wrapped into act(...):

act(() => {
  /* fire events that update state */
});
/* assert on the output */

This ensures that you're testing the behavior the user would see in the browser. Learn more at https://reactjs.org/link/wrap-tests-with-act
    at HeaderNavigationProvider (/Users/C5406081/developer-portal-frontend/src/contexts/HeaderNavigationContext.tsx:14:37)

stderr | tests/contexts/HeaderNavigationContext.test.tsx > HeaderNavigationContext > Teams Path Specific Behavior > should handle teams path without team name
Warning: An update to HeaderNavigationProvider inside a test was not wrapped in act(...).

When testing, code that causes React state updates should be wrapped into act(...):

act(() => {
  /* fire events that update state */
});
/* assert on the output */

This ensures that you're testing the behavior the user would see in the browser. Learn more at https://reactjs.org/link/wrap-tests-with-act
    at HeaderNavigationProvider (/Users/C5406081/developer-portal-frontend/src/contexts/HeaderNavigationContext.tsx:14:37)
Warning: An update to HeaderNavigationProvider inside a test was not wrapped in act(...).

When testing, code that causes React state updates should be wrapped into act(...):

act(() => {
  /* fire events that update state */
});
/* assert on the output */

This ensures that you're testing the behavior the user would see in the browser. Learn more at https://reactjs.org/link/wrap-tests-with-act
    at HeaderNavigationProvider (/Users/C5406081/developer-portal-frontend/src/contexts/HeaderNavigationContext.tsx:14:37)

stderr | tests/contexts/HeaderNavigationContext.test.tsx > HeaderNavigationContext > Teams Path Specific Behavior > should handle teams path with only team name
Warning: An update to HeaderNavigationProvider inside a test was not wrapped in act(...).

When testing, code that causes React state updates should be wrapped into act(...):

act(() => {
  /* fire events that update state */
});
/* assert on the output */

This ensures that you're testing the behavior the user would see in the browser. Learn more at https://reactjs.org/link/wrap-tests-with-act
    at HeaderNavigationProvider (/Users/C5406081/developer-portal-frontend/src/contexts/HeaderNavigationContext.tsx:14:37)
Warning: An update to HeaderNavigationProvider inside a test was not wrapped in act(...).

When testing, code that causes React state updates should be wrapped into act(...):

act(() => {
  /* fire events that update state */
});
/* assert on the output */

This ensures that you're testing the behavior the user would see in the browser. Learn more at https://reactjs.org/link/wrap-tests-with-act
    at HeaderNavigationProvider (/Users/C5406081/developer-portal-frontend/src/contexts/HeaderNavigationContext.tsx:14:37)

 ✓ tests/contexts/HeaderNavigationContext.test.tsx (43 tests) 386ms
 ✓ tests/pages/plugins/RegisterPluginDialog.test.tsx (34 tests) 3702ms
   ✓ RegisterPluginDialog > Form Submission > should trim whitespace from form fields  302ms
stdout | tests/contexts/AuthContext.test.tsx > AuthContext > AuthProvider Initialization > should not check auth status when on login page
🔍 AuthContext: isAuthenticated calculation { hasUser: [33mfalse[39m, bothAuth: [33mfalse[39m, isAuthenticated: [33mfalse[39m }
🔍 AuthContext: Initial useEffect { isLoginPage: [33mtrue[39m, pathname: [32m'/login'[39m }
🔍 AuthContext: On login page, skipping auth check
🔍 AuthContext: isAuthenticated calculation { hasUser: [33mfalse[39m, bothAuth: [33mfalse[39m, isAuthenticated: [33mfalse[39m }

stdout | tests/contexts/AuthContext.test.tsx > AuthContext > AuthProvider Initialization > should start with loading state true
🔍 AuthContext: isAuthenticated calculation { hasUser: [33mfalse[39m, bothAuth: [33mfalse[39m, isAuthenticated: [33mfalse[39m }
🔍 AuthContext: Initial useEffect { isLoginPage: [33mtrue[39m, pathname: [32m'/login'[39m }
🔍 AuthContext: On login page, skipping auth check
🔍 AuthContext: isAuthenticated calculation { hasUser: [33mfalse[39m, bothAuth: [33mfalse[39m, isAuthenticated: [33mfalse[39m }

stdout | tests/contexts/AuthContext.test.tsx > AuthContext > AuthProvider Initialization > should set user to null when auth check fails
🔍 AuthContext: isAuthenticated calculation { hasUser: [33mfalse[39m, bothAuth: [33mfalse[39m, isAuthenticated: [33mfalse[39m }
🔍 AuthContext: Initial useEffect { isLoginPage: [33mfalse[39m, pathname: [32m'/'[39m }
🔍 AuthContext: Not on login page, checking auth status...
🔍 AuthContext: checkAuthStatusAndSetUser started
🔍 AuthContext: checkAuthStatusAndSetUser completed
🔍 AuthContext: isAuthenticated calculation { hasUser: [33mfalse[39m, bothAuth: [33mfalse[39m, isAuthenticated: [33mfalse[39m }
🔍 AuthContext: isAuthenticated calculation { hasUser: [33mfalse[39m, bothAuth: [33mfalse[39m, isAuthenticated: [33mfalse[39m }

stdout | tests/contexts/AuthContext.test.tsx > AuthContext > AuthProvider Initialization > should set user to null when fetchCurrentUser returns null
🔍 AuthContext: isAuthenticated calculation { hasUser: [33mfalse[39m, bothAuth: [33mfalse[39m, isAuthenticated: [33mfalse[39m }
🔍 AuthContext: Initial useEffect { isLoginPage: [33mfalse[39m, pathname: [32m'/'[39m }
🔍 AuthContext: Not on login page, checking auth status...
🔍 AuthContext: checkAuthStatusAndSetUser started
🔍 AuthContext: checkAuthStatusAndSetUser completed
🔍 AuthContext: isAuthenticated calculation { hasUser: [33mfalse[39m, bothAuth: [33mfalse[39m, isAuthenticated: [33mfalse[39m }
🔍 AuthContext: isAuthenticated calculation { hasUser: [33mfalse[39m, bothAuth: [33mfalse[39m, isAuthenticated: [33mfalse[39m }

stdout | tests/contexts/AuthContext.test.tsx > AuthContext > AuthProvider Initialization > should handle errors during auth check gracefully
🔍 AuthContext: isAuthenticated calculation { hasUser: [33mfalse[39m, bothAuth: [33mfalse[39m, isAuthenticated: [33mfalse[39m }
🔍 AuthContext: Initial useEffect { isLoginPage: [33mfalse[39m, pathname: [32m'/'[39m }
🔍 AuthContext: Not on login page, checking auth status...
🔍 AuthContext: checkAuthStatusAndSetUser started
🔍 AuthContext: checkAuthStatusAndSetUser completed
🔍 AuthContext: isAuthenticated calculation { hasUser: [33mfalse[39m, bothAuth: [33mfalse[39m, isAuthenticated: [33mfalse[39m }
🔍 AuthContext: isAuthenticated calculation { hasUser: [33mfalse[39m, bothAuth: [33mfalse[39m, isAuthenticated: [33mfalse[39m }

stdout | tests/contexts/AuthContext.test.tsx > AuthContext > login function > should call authService with correct parameters
🔍 AuthContext: isAuthenticated calculation { hasUser: [33mfalse[39m, bothAuth: [33mfalse[39m, isAuthenticated: [33mfalse[39m }
🔍 AuthContext: Initial useEffect { isLoginPage: [33mtrue[39m, pathname: [32m'/login'[39m }
🔍 AuthContext: On login page, skipping auth check
🔍 AuthContext: isAuthenticated calculation { hasUser: [33mfalse[39m, bothAuth: [33mfalse[39m, isAuthenticated: [33mfalse[39m }

stdout | tests/contexts/AuthContext.test.tsx > AuthContext > login function > should call authService with correct parameters
🔍 AuthContext: isAuthenticated calculation { hasUser: [33mfalse[39m, bothAuth: [33mfalse[39m, isAuthenticated: [33mfalse[39m }

 ✓ tests/components/tabs/DeploymentTab.test.tsx (41 tests) 270ms
 ✓ tests/components/Heatmap.test.tsx (45 tests) 462ms
 ✓ tests/components/SelfService/JobStatusIndicator.test.tsx (28 tests) 99ms
 ✓ tests/components/Team/TeamDocs.test.tsx (21 tests) 263ms
stdout | tests/contexts/AuthContext.test.tsx > AuthContext > login function > should refresh auth after successful login
🔍 AuthContext: isAuthenticated calculation { hasUser: [33mfalse[39m, bothAuth: [33mfalse[39m, isAuthenticated: [33mfalse[39m }
🔍 AuthContext: Initial useEffect { isLoginPage: [33mtrue[39m, pathname: [32m'/login'[39m }
🔍 AuthContext: On login page, skipping auth check
🔍 AuthContext: isAuthenticated calculation { hasUser: [33mfalse[39m, bothAuth: [33mfalse[39m, isAuthenticated: [33mfalse[39m }

stdout | tests/contexts/AuthContext.test.tsx > AuthContext > login function > should refresh auth after successful login
🔍 AuthContext: isAuthenticated calculation { hasUser: [33mfalse[39m, bothAuth: [33mfalse[39m, isAuthenticated: [33mfalse[39m }

stderr | tests/components/ComponentCard.test.tsx > ComponentCard > Basic Rendering > should render component card with basic information
Warning: An update to ComponentDisplayProvider inside a test was not wrapped in act(...).

When testing, code that causes React state updates should be wrapped into act(...):

act(() => {
  /* fire events that update state */
});
/* assert on the output */

This ensures that you're testing the behavior the user would see in the browser. Learn more at https://reactjs.org/link/wrap-tests-with-act
    at ComponentDisplayProvider (/Users/C5406081/developer-portal-frontend/src/contexts/ComponentDisplayContext.tsx:9:3)
    at QueryClientProvider (file:///Users/C5406081/developer-portal-frontend/node_modules/@tanstack/react-query/build/modern/QueryClientProvider.js:20:3)
Warning: An update to ComponentDisplayProvider inside a test was not wrapped in act(...).

When testing, code that causes React state updates should be wrapped into act(...):

act(() => {
  /* fire events that update state */
});
/* assert on the output */

This ensures that you're testing the behavior the user would see in the browser. Learn more at https://reactjs.org/link/wrap-tests-with-act
    at ComponentDisplayProvider (/Users/C5406081/developer-portal-frontend/src/contexts/ComponentDisplayContext.tsx:9:3)
    at QueryClientProvider (file:///Users/C5406081/developer-portal-frontend/node_modules/@tanstack/react-query/build/modern/QueryClientProvider.js:20:3)

stderr | tests/components/ComponentCard.test.tsx > ComponentCard > Basic Rendering > should render component name when title is not provided
Warning: An update to ComponentDisplayProvider inside a test was not wrapped in act(...).

When testing, code that causes React state updates should be wrapped into act(...):

act(() => {
  /* fire events that update state */
});
/* assert on the output */

This ensures that you're testing the behavior the user would see in the browser. Learn more at https://reactjs.org/link/wrap-tests-with-act
    at ComponentDisplayProvider (/Users/C5406081/developer-portal-frontend/src/contexts/ComponentDisplayContext.tsx:9:3)
    at QueryClientProvider (file:///Users/C5406081/developer-portal-frontend/node_modules/@tanstack/react-query/build/modern/QueryClientProvider.js:20:3)
Warning: An update to ComponentDisplayProvider inside a test was not wrapped in act(...).

When testing, code that causes React state updates should be wrapped into act(...):

act(() => {
  /* fire events that update state */
});
/* assert on the output */

This ensures that you're testing the behavior the user would see in the browser. Learn more at https://reactjs.org/link/wrap-tests-with-act
    at ComponentDisplayProvider (/Users/C5406081/developer-portal-frontend/src/contexts/ComponentDisplayContext.tsx:9:3)
    at QueryClientProvider (file:///Users/C5406081/developer-portal-frontend/node_modules/@tanstack/react-query/build/modern/QueryClientProvider.js:20:3)

 ✓ tests/services/SelfServiceApi.test.ts (25 tests) 8ms
stderr | tests/components/ComponentCard.test.tsx > ComponentCard > Basic Rendering > should render team badge when team information is provided
Warning: An update to ComponentDisplayProvider inside a test was not wrapped in act(...).

When testing, code that causes React state updates should be wrapped into act(...):

act(() => {
  /* fire events that update state */
});
/* assert on the output */

This ensures that you're testing the behavior the user would see in the browser. Learn more at https://reactjs.org/link/wrap-tests-with-act
    at ComponentDisplayProvider (/Users/C5406081/developer-portal-frontend/src/contexts/ComponentDisplayContext.tsx:9:3)
    at QueryClientProvider (file:///Users/C5406081/developer-portal-frontend/node_modules/@tanstack/react-query/build/modern/QueryClientProvider.js:20:3)
Warning: An update to ComponentDisplayProvider inside a test was not wrapped in act(...).

When testing, code that causes React state updates should be wrapped into act(...):

act(() => {
  /* fire events that update state */
});
/* assert on the output */

This ensures that you're testing the behavior the user would see in the browser. Learn more at https://reactjs.org/link/wrap-tests-with-act
    at ComponentDisplayProvider (/Users/C5406081/developer-portal-frontend/src/contexts/ComponentDisplayContext.tsx:9:3)
    at QueryClientProvider (file:///Users/C5406081/developer-portal-frontend/node_modules/@tanstack/react-query/build/modern/QueryClientProvider.js:20:3)

stderr | tests/components/ComponentCard.test.tsx > ComponentCard > Basic Rendering > should render central service badge when component is central service
Warning: An update to ComponentDisplayProvider inside a test was not wrapped in act(...).

When testing, code that causes React state updates should be wrapped into act(...):

act(() => {
  /* fire events that update state */
});
/* assert on the output */

This ensures that you're testing the behavior the user would see in the browser. Learn more at https://reactjs.org/link/wrap-tests-with-act
    at ComponentDisplayProvider (/Users/C5406081/developer-portal-frontend/src/contexts/ComponentDisplayContext.tsx:9:3)
    at QueryClientProvider (file:///Users/C5406081/developer-portal-frontend/node_modules/@tanstack/react-query/build/modern/QueryClientProvider.js:20:3)
Warning: An update to ComponentDisplayProvider inside a test was not wrapped in act(...).

When testing, code that causes React state updates should be wrapped into act(...):

act(() => {
  /* fire events that update state */
});
/* assert on the output */

This ensures that you're testing the behavior the user would see in the browser. Learn more at https://reactjs.org/link/wrap-tests-with-act
    at ComponentDisplayProvider (/Users/C5406081/developer-portal-frontend/src/contexts/ComponentDisplayContext.tsx:9:3)
    at QueryClientProvider (file:///Users/C5406081/developer-portal-frontend/node_modules/@tanstack/react-query/build/modern/QueryClientProvider.js:20:3)

stderr | tests/components/ComponentCard.test.tsx > ComponentCard > Health Status Badge > should not render health badge when component health is disabled
Warning: An update to ComponentDisplayProvider inside a test was not wrapped in act(...).

When testing, code that causes React state updates should be wrapped into act(...):

act(() => {
  /* fire events that update state */
});
/* assert on the output */

This ensures that you're testing the behavior the user would see in the browser. Learn more at https://reactjs.org/link/wrap-tests-with-act
    at ComponentDisplayProvider (/Users/C5406081/developer-portal-frontend/src/contexts/ComponentDisplayContext.tsx:9:3)
    at QueryClientProvider (file:///Users/C5406081/developer-portal-frontend/node_modules/@tanstack/react-query/build/modern/QueryClientProvider.js:20:3)
Warning: An update to ComponentDisplayProvider inside a test was not wrapped in act(...).

When testing, code that causes React state updates should be wrapped into act(...):

act(() => {
  /* fire events that update state */
});
/* assert on the output */

This ensures that you're testing the behavior the user would see in the browser. Learn more at https://reactjs.org/link/wrap-tests-with-act
    at ComponentDisplayProvider (/Users/C5406081/developer-portal-frontend/src/contexts/ComponentDisplayContext.tsx:9:3)
    at QueryClientProvider (file:///Users/C5406081/developer-portal-frontend/node_modules/@tanstack/react-query/build/modern/QueryClientProvider.js:20:3)

stderr | tests/components/ComponentCard.test.tsx > ComponentCard > Health Status Badge > should not render health badge when no landscape is selected
Warning: An update to ComponentDisplayProvider inside a test was not wrapped in act(...).

When testing, code that causes React state updates should be wrapped into act(...):

act(() => {
  /* fire events that update state */
});
/* assert on the output */

This ensures that you're testing the behavior the user would see in the browser. Learn more at https://reactjs.org/link/wrap-tests-with-act
    at ComponentDisplayProvider (/Users/C5406081/developer-portal-frontend/src/contexts/ComponentDisplayContext.tsx:9:3)
    at QueryClientProvider (file:///Users/C5406081/developer-portal-frontend/node_modules/@tanstack/react-query/build/modern/QueryClientProvider.js:20:3)
Warning: An update to ComponentDisplayProvider inside a test was not wrapped in act(...).

When testing, code that causes React state updates should be wrapped into act(...):

act(() => {
  /* fire events that update state */
});
/* assert on the output */

This ensures that you're testing the behavior the user would see in the browser. Learn more at https://reactjs.org/link/wrap-tests-with-act
    at ComponentDisplayProvider (/Users/C5406081/developer-portal-frontend/src/contexts/ComponentDisplayContext.tsx:9:3)
    at QueryClientProvider (file:///Users/C5406081/developer-portal-frontend/node_modules/@tanstack/react-query/build/modern/QueryClientProvider.js:20:3)

stderr | tests/components/ComponentCard.test.tsx > ComponentCard > Action Buttons > should render GitHub button when GitHub URL is provided
Warning: An update to ComponentDisplayProvider inside a test was not wrapped in act(...).

When testing, code that causes React state updates should be wrapped into act(...):

act(() => {
  /* fire events that update state */
});
/* assert on the output */

This ensures that you're testing the behavior the user would see in the browser. Learn more at https://reactjs.org/link/wrap-tests-with-act
    at ComponentDisplayProvider (/Users/C5406081/developer-portal-frontend/src/contexts/ComponentDisplayContext.tsx:9:3)
    at QueryClientProvider (file:///Users/C5406081/developer-portal-frontend/node_modules/@tanstack/react-query/build/modern/QueryClientProvider.js:20:3)
Warning: An update to ComponentDisplayProvider inside a test was not wrapped in act(...).

When testing, code that causes React state updates should be wrapped into act(...):

act(() => {
  /* fire events that update state */
});
/* assert on the output */

This ensures that you're testing the behavior the user would see in the browser. Learn more at https://reactjs.org/link/wrap-tests-with-act
    at ComponentDisplayProvider (/Users/C5406081/developer-portal-frontend/src/contexts/ComponentDisplayContext.tsx:9:3)
    at QueryClientProvider (file:///Users/C5406081/developer-portal-frontend/node_modules/@tanstack/react-query/build/modern/QueryClientProvider.js:20:3)

stderr | tests/components/ComponentCard.test.tsx > ComponentCard > Action Buttons > should render Sonar button when Sonar URL is provided
Warning: An update to ComponentDisplayProvider inside a test was not wrapped in act(...).

When testing, code that causes React state updates should be wrapped into act(...):

act(() => {
  /* fire events that update state */
});
/* assert on the output */

This ensures that you're testing the behavior the user would see in the browser. Learn more at https://reactjs.org/link/wrap-tests-with-act
    at ComponentDisplayProvider (/Users/C5406081/developer-portal-frontend/src/contexts/ComponentDisplayContext.tsx:9:3)
    at QueryClientProvider (file:///Users/C5406081/developer-portal-frontend/node_modules/@tanstack/react-query/build/modern/QueryClientProvider.js:20:3)
Warning: An update to ComponentDisplayProvider inside a test was not wrapped in act(...).

When testing, code that causes React state updates should be wrapped into act(...):

act(() => {
  /* fire events that update state */
});
/* assert on the output */

This ensures that you're testing the behavior the user would see in the browser. Learn more at https://reactjs.org/link/wrap-tests-with-act
    at ComponentDisplayProvider (/Users/C5406081/developer-portal-frontend/src/contexts/ComponentDisplayContext.tsx:9:3)
    at QueryClientProvider (file:///Users/C5406081/developer-portal-frontend/node_modules/@tanstack/react-query/build/modern/QueryClientProvider.js:20:3)

stderr | tests/components/ComponentCard.test.tsx > ComponentCard > Action Buttons > should not render GitHub button when GitHub URL is empty
Warning: An update to ComponentDisplayProvider inside a test was not wrapped in act(...).

When testing, code that causes React state updates should be wrapped into act(...):

act(() => {
  /* fire events that update state */
});
/* assert on the output */

This ensures that you're testing the behavior the user would see in the browser. Learn more at https://reactjs.org/link/wrap-tests-with-act
    at ComponentDisplayProvider (/Users/C5406081/developer-portal-frontend/src/contexts/ComponentDisplayContext.tsx:9:3)
    at QueryClientProvider (file:///Users/C5406081/developer-portal-frontend/node_modules/@tanstack/react-query/build/modern/QueryClientProvider.js:20:3)
Warning: An update to ComponentDisplayProvider inside a test was not wrapped in act(...).

When testing, code that causes React state updates should be wrapped into act(...):

act(() => {
  /* fire events that update state */
});
/* assert on the output */

This ensures that you're testing the behavior the user would see in the browser. Learn more at https://reactjs.org/link/wrap-tests-with-act
    at ComponentDisplayProvider (/Users/C5406081/developer-portal-frontend/src/contexts/ComponentDisplayContext.tsx:9:3)
    at QueryClientProvider (file:///Users/C5406081/developer-portal-frontend/node_modules/@tanstack/react-query/build/modern/QueryClientProvider.js:20:3)

stderr | tests/components/ComponentCard.test.tsx > ComponentCard > Action Buttons > should not render Sonar button when Sonar URL is empty
Warning: An update to ComponentDisplayProvider inside a test was not wrapped in act(...).

When testing, code that causes React state updates should be wrapped into act(...):

act(() => {
  /* fire events that update state */
});
/* assert on the output */

This ensures that you're testing the behavior the user would see in the browser. Learn more at https://reactjs.org/link/wrap-tests-with-act
    at ComponentDisplayProvider (/Users/C5406081/developer-portal-frontend/src/contexts/ComponentDisplayContext.tsx:9:3)
    at QueryClientProvider (file:///Users/C5406081/developer-portal-frontend/node_modules/@tanstack/react-query/build/modern/QueryClientProvider.js:20:3)
Warning: An update to ComponentDisplayProvider inside a test was not wrapped in act(...).

When testing, code that causes React state updates should be wrapped into act(...):

act(() => {
  /* fire events that update state */
});
/* assert on the output */

This ensures that you're testing the behavior the user would see in the browser. Learn more at https://reactjs.org/link/wrap-tests-with-act
    at ComponentDisplayProvider (/Users/C5406081/developer-portal-frontend/src/contexts/ComponentDisplayContext.tsx:9:3)
    at QueryClientProvider (file:///Users/C5406081/developer-portal-frontend/node_modules/@tanstack/react-query/build/modern/QueryClientProvider.js:20:3)

stderr | tests/components/ComponentCard.test.tsx > ComponentCard > Action Buttons > should open GitHub URL when GitHub button is clicked
Warning: An update to ComponentDisplayProvider inside a test was not wrapped in act(...).

When testing, code that causes React state updates should be wrapped into act(...):

act(() => {
  /* fire events that update state */
});
/* assert on the output */

This ensures that you're testing the behavior the user would see in the browser. Learn more at https://reactjs.org/link/wrap-tests-with-act
    at ComponentDisplayProvider (/Users/C5406081/developer-portal-frontend/src/contexts/ComponentDisplayContext.tsx:9:3)
    at QueryClientProvider (file:///Users/C5406081/developer-portal-frontend/node_modules/@tanstack/react-query/build/modern/QueryClientProvider.js:20:3)
Warning: An update to ComponentDisplayProvider inside a test was not wrapped in act(...).

When testing, code that causes React state updates should be wrapped into act(...):

act(() => {
  /* fire events that update state */
});
/* assert on the output */

This ensures that you're testing the behavior the user would see in the browser. Learn more at https://reactjs.org/link/wrap-tests-with-act
    at ComponentDisplayProvider (/Users/C5406081/developer-portal-frontend/src/contexts/ComponentDisplayContext.tsx:9:3)
    at QueryClientProvider (file:///Users/C5406081/developer-portal-frontend/node_modules/@tanstack/react-query/build/modern/QueryClientProvider.js:20:3)

stderr | tests/components/ComponentCard.test.tsx > ComponentCard > Action Buttons > should open Sonar URL when Sonar button is clicked
Warning: An update to ComponentDisplayProvider inside a test was not wrapped in act(...).

When testing, code that causes React state updates should be wrapped into act(...):

act(() => {
  /* fire events that update state */
});
/* assert on the output */

This ensures that you're testing the behavior the user would see in the browser. Learn more at https://reactjs.org/link/wrap-tests-with-act
    at ComponentDisplayProvider (/Users/C5406081/developer-portal-frontend/src/contexts/ComponentDisplayContext.tsx:9:3)
    at QueryClientProvider (file:///Users/C5406081/developer-portal-frontend/node_modules/@tanstack/react-query/build/modern/QueryClientProvider.js:20:3)
Warning: An update to ComponentDisplayProvider inside a test was not wrapped in act(...).

When testing, code that causes React state updates should be wrapped into act(...):

act(() => {
  /* fire events that update state */
});
/* assert on the output */

This ensures that you're testing the behavior the user would see in the browser. Learn more at https://reactjs.org/link/wrap-tests-with-act
    at ComponentDisplayProvider (/Users/C5406081/developer-portal-frontend/src/contexts/ComponentDisplayContext.tsx:9:3)
    at QueryClientProvider (file:///Users/C5406081/developer-portal-frontend/node_modules/@tanstack/react-query/build/modern/QueryClientProvider.js:20:3)

stderr | tests/components/ComponentCard.test.tsx > ComponentCard > Quality Metrics > should render quality metrics with correct values
Warning: An update to ComponentDisplayProvider inside a test was not wrapped in act(...).

When testing, code that causes React state updates should be wrapped into act(...):

act(() => {
  /* fire events that update state */
});
/* assert on the output */

This ensures that you're testing the behavior the user would see in the browser. Learn more at https://reactjs.org/link/wrap-tests-with-act
    at ComponentDisplayProvider (/Users/C5406081/developer-portal-frontend/src/contexts/ComponentDisplayContext.tsx:9:3)
    at QueryClientProvider (file:///Users/C5406081/developer-portal-frontend/node_modules/@tanstack/react-query/build/modern/QueryClientProvider.js:20:3)
Warning: An update to ComponentDisplayProvider inside a test was not wrapped in act(...).

When testing, code that causes React state updates should be wrapped into act(...):

act(() => {
  /* fire events that update state */
});
/* assert on the output */

This ensures that you're testing the behavior the user would see in the browser. Learn more at https://reactjs.org/link/wrap-tests-with-act
    at ComponentDisplayProvider (/Users/C5406081/developer-portal-frontend/src/contexts/ComponentDisplayContext.tsx:9:3)
    at QueryClientProvider (file:///Users/C5406081/developer-portal-frontend/node_modules/@tanstack/react-query/build/modern/QueryClientProvider.js:20:3)

stderr | tests/components/ComponentCard.test.tsx > ComponentCard > Quality Metrics > should render quality gate icon with correct color for passed state
Warning: An update to ComponentDisplayProvider inside a test was not wrapped in act(...).

When testing, code that causes React state updates should be wrapped into act(...):

act(() => {
  /* fire events that update state */
});
/* assert on the output */

This ensures that you're testing the behavior the user would see in the browser. Learn more at https://reactjs.org/link/wrap-tests-with-act
    at ComponentDisplayProvider (/Users/C5406081/developer-portal-frontend/src/contexts/ComponentDisplayContext.tsx:9:3)
    at QueryClientProvider (file:///Users/C5406081/developer-portal-frontend/node_modules/@tanstack/react-query/build/modern/QueryClientProvider.js:20:3)
Warning: An update to ComponentDisplayProvider inside a test was not wrapped in act(...).

When testing, code that causes React state updates should be wrapped into act(...):

act(() => {
  /* fire events that update state */
});
/* assert on the output */

This ensures that you're testing the behavior the user would see in the browser. Learn more at https://reactjs.org/link/wrap-tests-with-act
    at ComponentDisplayProvider (/Users/C5406081/developer-portal-frontend/src/contexts/ComponentDisplayContext.tsx:9:3)
    at QueryClientProvider (file:///Users/C5406081/developer-portal-frontend/node_modules/@tanstack/react-query/build/modern/QueryClientProvider.js:20:3)

stderr | tests/components/ComponentCard.test.tsx > ComponentCard > Card Interactions > should call onClick when card is clicked and component is healthy
Warning: An update to ComponentDisplayProvider inside a test was not wrapped in act(...).

When testing, code that causes React state updates should be wrapped into act(...):

act(() => {
  /* fire events that update state */
});
/* assert on the output */

This ensures that you're testing the behavior the user would see in the browser. Learn more at https://reactjs.org/link/wrap-tests-with-act
    at ComponentDisplayProvider (/Users/C5406081/developer-portal-frontend/src/contexts/ComponentDisplayContext.tsx:9:3)
    at QueryClientProvider (file:///Users/C5406081/developer-portal-frontend/node_modules/@tanstack/react-query/build/modern/QueryClientProvider.js:20:3)
Warning: An update to ComponentDisplayProvider inside a test was not wrapped in act(...).

When testing, code that causes React state updates should be wrapped into act(...):

act(() => {
  /* fire events that update state */
});
/* assert on the output */

This ensures that you're testing the behavior the user would see in the browser. Learn more at https://reactjs.org/link/wrap-tests-with-act
    at ComponentDisplayProvider (/Users/C5406081/developer-portal-frontend/src/contexts/ComponentDisplayContext.tsx:9:3)
    at QueryClientProvider (file:///Users/C5406081/developer-portal-frontend/node_modules/@tanstack/react-query/build/modern/QueryClientProvider.js:20:3)

stderr | tests/components/ComponentCard.test.tsx > ComponentCard > Card Interactions > should not call onClick when component health is down
Warning: An update to ComponentDisplayProvider inside a test was not wrapped in act(...).

When testing, code that causes React state updates should be wrapped into act(...):

act(() => {
  /* fire events that update state */
});
/* assert on the output */

This ensures that you're testing the behavior the user would see in the browser. Learn more at https://reactjs.org/link/wrap-tests-with-act
    at ComponentDisplayProvider (/Users/C5406081/developer-portal-frontend/src/contexts/ComponentDisplayContext.tsx:9:3)
    at QueryClientProvider (file:///Users/C5406081/developer-portal-frontend/node_modules/@tanstack/react-query/build/modern/QueryClientProvider.js:20:3)
Warning: An update to ComponentDisplayProvider inside a test was not wrapped in act(...).

When testing, code that causes React state updates should be wrapped into act(...):

act(() => {
  /* fire events that update state */
});
/* assert on the output */

This ensures that you're testing the behavior the user would see in the browser. Learn more at https://reactjs.org/link/wrap-tests-with-act
    at ComponentDisplayProvider (/Users/C5406081/developer-portal-frontend/src/contexts/ComponentDisplayContext.tsx:9:3)
    at QueryClientProvider (file:///Users/C5406081/developer-portal-frontend/node_modules/@tanstack/react-query/build/modern/QueryClientProvider.js:20:3)

stderr | tests/components/ComponentCard.test.tsx > ComponentCard > Card Interactions > should not call onClick when clicking on buttons
Warning: An update to ComponentDisplayProvider inside a test was not wrapped in act(...).

When testing, code that causes React state updates should be wrapped into act(...):

act(() => {
  /* fire events that update state */
});
/* assert on the output */

This ensures that you're testing the behavior the user would see in the browser. Learn more at https://reactjs.org/link/wrap-tests-with-act
    at ComponentDisplayProvider (/Users/C5406081/developer-portal-frontend/src/contexts/ComponentDisplayContext.tsx:9:3)
    at QueryClientProvider (file:///Users/C5406081/developer-portal-frontend/node_modules/@tanstack/react-query/build/modern/QueryClientProvider.js:20:3)
Warning: An update to ComponentDisplayProvider inside a test was not wrapped in act(...).

When testing, code that causes React state updates should be wrapped into act(...):

act(() => {
  /* fire events that update state */
});
/* assert on the output */

This ensures that you're testing the behavior the user would see in the browser. Learn more at https://reactjs.org/link/wrap-tests-with-act
    at ComponentDisplayProvider (/Users/C5406081/developer-portal-frontend/src/contexts/ComponentDisplayContext.tsx:9:3)
    at QueryClientProvider (file:///Users/C5406081/developer-portal-frontend/node_modules/@tanstack/react-query/build/modern/QueryClientProvider.js:20:3)

stderr | tests/components/ComponentCard.test.tsx > ComponentCard > Card Interactions > should have pointer cursor when clickable
Warning: An update to ComponentDisplayProvider inside a test was not wrapped in act(...).

When testing, code that causes React state updates should be wrapped into act(...):

act(() => {
  /* fire events that update state */
});
/* assert on the output */

This ensures that you're testing the behavior the user would see in the browser. Learn more at https://reactjs.org/link/wrap-tests-with-act
    at ComponentDisplayProvider (/Users/C5406081/developer-portal-frontend/src/contexts/ComponentDisplayContext.tsx:9:3)
    at QueryClientProvider (file:///Users/C5406081/developer-portal-frontend/node_modules/@tanstack/react-query/build/modern/QueryClientProvider.js:20:3)
Warning: An update to ComponentDisplayProvider inside a test was not wrapped in act(...).

When testing, code that causes React state updates should be wrapped into act(...):

act(() => {
  /* fire events that update state */
});
/* assert on the output */

This ensures that you're testing the behavior the user would see in the browser. Learn more at https://reactjs.org/link/wrap-tests-with-act
    at ComponentDisplayProvider (/Users/C5406081/developer-portal-frontend/src/contexts/ComponentDisplayContext.tsx:9:3)
    at QueryClientProvider (file:///Users/C5406081/developer-portal-frontend/node_modules/@tanstack/react-query/build/modern/QueryClientProvider.js:20:3)

stderr | tests/components/ComponentCard.test.tsx > ComponentCard > Card Interactions > should not have pointer cursor when not clickable
Warning: An update to ComponentDisplayProvider inside a test was not wrapped in act(...).

When testing, code that causes React state updates should be wrapped into act(...):

act(() => {
  /* fire events that update state */
});
/* assert on the output */

This ensures that you're testing the behavior the user would see in the browser. Learn more at https://reactjs.org/link/wrap-tests-with-act
    at ComponentDisplayProvider (/Users/C5406081/developer-portal-frontend/src/contexts/ComponentDisplayContext.tsx:9:3)
    at QueryClientProvider (file:///Users/C5406081/developer-portal-frontend/node_modules/@tanstack/react-query/build/modern/QueryClientProvider.js:20:3)
Warning: An update to ComponentDisplayProvider inside a test was not wrapped in act(...).

When testing, code that causes React state updates should be wrapped into act(...):

act(() => {
  /* fire events that update state */
});
/* assert on the output */

This ensures that you're testing the behavior the user would see in the browser. Learn more at https://reactjs.org/link/wrap-tests-with-act
    at ComponentDisplayProvider (/Users/C5406081/developer-portal-frontend/src/contexts/ComponentDisplayContext.tsx:9:3)
    at QueryClientProvider (file:///Users/C5406081/developer-portal-frontend/node_modules/@tanstack/react-query/build/modern/QueryClientProvider.js:20:3)

stderr | tests/components/ComponentCard.test.tsx > ComponentCard > Disabled State > should render disabled state for central service in non-central landscape
Warning: An update to ComponentDisplayProvider inside a test was not wrapped in act(...).

When testing, code that causes React state updates should be wrapped into act(...):

act(() => {
  /* fire events that update state */
});
/* assert on the output */

This ensures that you're testing the behavior the user would see in the browser. Learn more at https://reactjs.org/link/wrap-tests-with-act
    at ComponentDisplayProvider (/Users/C5406081/developer-portal-frontend/src/contexts/ComponentDisplayContext.tsx:9:3)
    at QueryClientProvider (file:///Users/C5406081/developer-portal-frontend/node_modules/@tanstack/react-query/build/modern/QueryClientProvider.js:20:3)
Warning: An update to ComponentDisplayProvider inside a test was not wrapped in act(...).

When testing, code that causes React state updates should be wrapped into act(...):

act(() => {
  /* fire events that update state */
});
/* assert on the output */

This ensures that you're testing the behavior the user would see in the browser. Learn more at https://reactjs.org/link/wrap-tests-with-act
    at ComponentDisplayProvider (/Users/C5406081/developer-portal-frontend/src/contexts/ComponentDisplayContext.tsx:9:3)
    at QueryClientProvider (file:///Users/C5406081/developer-portal-frontend/node_modules/@tanstack/react-query/build/modern/QueryClientProvider.js:20:3)

stderr | tests/components/ComponentCard.test.tsx > ComponentCard > Disabled State > should not render disabled state for central service in central landscape
Warning: An update to ComponentDisplayProvider inside a test was not wrapped in act(...).

When testing, code that causes React state updates should be wrapped into act(...):

act(() => {
  /* fire events that update state */
});
/* assert on the output */

This ensures that you're testing the behavior the user would see in the browser. Learn more at https://reactjs.org/link/wrap-tests-with-act
    at ComponentDisplayProvider (/Users/C5406081/developer-portal-frontend/src/contexts/ComponentDisplayContext.tsx:9:3)
    at QueryClientProvider (file:///Users/C5406081/developer-portal-frontend/node_modules/@tanstack/react-query/build/modern/QueryClientProvider.js:20:3)
Warning: An update to ComponentDisplayProvider inside a test was not wrapped in act(...).

When testing, code that causes React state updates should be wrapped into act(...):

act(() => {
  /* fire events that update state */
});
/* assert on the output */

This ensures that you're testing the behavior the user would see in the browser. Learn more at https://reactjs.org/link/wrap-tests-with-act
    at ComponentDisplayProvider (/Users/C5406081/developer-portal-frontend/src/contexts/ComponentDisplayContext.tsx:9:3)
    at QueryClientProvider (file:///Users/C5406081/developer-portal-frontend/node_modules/@tanstack/react-query/build/modern/QueryClientProvider.js:20:3)

stderr | tests/components/ComponentCard.test.tsx > ComponentCard > Error Handling > should handle Sonar API errors gracefully
Warning: An update to ComponentDisplayProvider inside a test was not wrapped in act(...).

When testing, code that causes React state updates should be wrapped into act(...):

act(() => {
  /* fire events that update state */
});
/* assert on the output */

This ensures that you're testing the behavior the user would see in the browser. Learn more at https://reactjs.org/link/wrap-tests-with-act
    at ComponentDisplayProvider (/Users/C5406081/developer-portal-frontend/src/contexts/ComponentDisplayContext.tsx:9:3)
    at QueryClientProvider (file:///Users/C5406081/developer-portal-frontend/node_modules/@tanstack/react-query/build/modern/QueryClientProvider.js:20:3)
Warning: An update to ComponentDisplayProvider inside a test was not wrapped in act(...).

When testing, code that causes React state updates should be wrapped into act(...):

act(() => {
  /* fire events that update state */
});
/* assert on the output */

This ensures that you're testing the behavior the user would see in the browser. Learn more at https://reactjs.org/link/wrap-tests-with-act
    at ComponentDisplayProvider (/Users/C5406081/developer-portal-frontend/src/contexts/ComponentDisplayContext.tsx:9:3)
    at QueryClientProvider (file:///Users/C5406081/developer-portal-frontend/node_modules/@tanstack/react-query/build/modern/QueryClientProvider.js:20:3)

stderr | tests/components/ComponentCard.test.tsx > ComponentCard > Error Handling > should handle health API errors gracefully
Warning: An update to ComponentDisplayProvider inside a test was not wrapped in act(...).

When testing, code that causes React state updates should be wrapped into act(...):

act(() => {
  /* fire events that update state */
});
/* assert on the output */

This ensures that you're testing the behavior the user would see in the browser. Learn more at https://reactjs.org/link/wrap-tests-with-act
    at ComponentDisplayProvider (/Users/C5406081/developer-portal-frontend/src/contexts/ComponentDisplayContext.tsx:9:3)
    at QueryClientProvider (file:///Users/C5406081/developer-portal-frontend/node_modules/@tanstack/react-query/build/modern/QueryClientProvider.js:20:3)
Warning: An update to ComponentDisplayProvider inside a test was not wrapped in act(...).

When testing, code that causes React state updates should be wrapped into act(...):

act(() => {
  /* fire events that update state */
});
/* assert on the output */

This ensures that you're testing the behavior the user would see in the browser. Learn more at https://reactjs.org/link/wrap-tests-with-act
    at ComponentDisplayProvider (/Users/C5406081/developer-portal-frontend/src/contexts/ComponentDisplayContext.tsx:9:3)
    at QueryClientProvider (file:///Users/C5406081/developer-portal-frontend/node_modules/@tanstack/react-query/build/modern/QueryClientProvider.js:20:3)

stderr | tests/components/ComponentCard.test.tsx > ComponentCard > Edge Cases > should handle component without Sonar configuration
Warning: An update to ComponentDisplayProvider inside a test was not wrapped in act(...).

When testing, code that causes React state updates should be wrapped into act(...):

act(() => {
  /* fire events that update state */
});
/* assert on the output */

This ensures that you're testing the behavior the user would see in the browser. Learn more at https://reactjs.org/link/wrap-tests-with-act
    at ComponentDisplayProvider (/Users/C5406081/developer-portal-frontend/src/contexts/ComponentDisplayContext.tsx:9:3)
    at QueryClientProvider (file:///Users/C5406081/developer-portal-frontend/node_modules/@tanstack/react-query/build/modern/QueryClientProvider.js:20:3)
Warning: An update to ComponentDisplayProvider inside a test was not wrapped in act(...).

When testing, code that causes React state updates should be wrapped into act(...):

act(() => {
  /* fire events that update state */
});
/* assert on the output */

This ensures that you're testing the behavior the user would see in the browser. Learn more at https://reactjs.org/link/wrap-tests-with-act
    at ComponentDisplayProvider (/Users/C5406081/developer-portal-frontend/src/contexts/ComponentDisplayContext.tsx:9:3)
    at QueryClientProvider (file:///Users/C5406081/developer-portal-frontend/node_modules/@tanstack/react-query/build/modern/QueryClientProvider.js:20:3)

stderr | tests/components/ComponentCard.test.tsx > ComponentCard > Edge Cases > should handle empty component title and name
Warning: An update to ComponentDisplayProvider inside a test was not wrapped in act(...).

When testing, code that causes React state updates should be wrapped into act(...):

act(() => {
  /* fire events that update state */
});
/* assert on the output */

This ensures that you're testing the behavior the user would see in the browser. Learn more at https://reactjs.org/link/wrap-tests-with-act
    at ComponentDisplayProvider (/Users/C5406081/developer-portal-frontend/src/contexts/ComponentDisplayContext.tsx:9:3)
    at QueryClientProvider (file:///Users/C5406081/developer-portal-frontend/node_modules/@tanstack/react-query/build/modern/QueryClientProvider.js:20:3)
Warning: An update to ComponentDisplayProvider inside a test was not wrapped in act(...).

When testing, code that causes React state updates should be wrapped into act(...):

act(() => {
  /* fire events that update state */
});
/* assert on the output */

This ensures that you're testing the behavior the user would see in the browser. Learn more at https://reactjs.org/link/wrap-tests-with-act
    at ComponentDisplayProvider (/Users/C5406081/developer-portal-frontend/src/contexts/ComponentDisplayContext.tsx:9:3)
    at QueryClientProvider (file:///Users/C5406081/developer-portal-frontend/node_modules/@tanstack/react-query/build/modern/QueryClientProvider.js:20:3)

stderr | tests/components/ComponentCard.test.tsx > ComponentCard > Edge Cases > should handle missing optional props
Warning: An update to ComponentDisplayProvider inside a test was not wrapped in act(...).

When testing, code that causes React state updates should be wrapped into act(...):

act(() => {
  /* fire events that update state */
});
/* assert on the output */

This ensures that you're testing the behavior the user would see in the browser. Learn more at https://reactjs.org/link/wrap-tests-with-act
    at ComponentDisplayProvider (/Users/C5406081/developer-portal-frontend/src/contexts/ComponentDisplayContext.tsx:9:3)
    at QueryClientProvider (file:///Users/C5406081/developer-portal-frontend/node_modules/@tanstack/react-query/build/modern/QueryClientProvider.js:20:3)
Warning: An update to ComponentDisplayProvider inside a test was not wrapped in act(...).

When testing, code that causes React state updates should be wrapped into act(...):

act(() => {
  /* fire events that update state */
});
/* assert on the output */

This ensures that you're testing the behavior the user would see in the browser. Learn more at https://reactjs.org/link/wrap-tests-with-act
    at ComponentDisplayProvider (/Users/C5406081/developer-portal-frontend/src/contexts/ComponentDisplayContext.tsx:9:3)
    at QueryClientProvider (file:///Users/C5406081/developer-portal-frontend/node_modules/@tanstack/react-query/build/modern/QueryClientProvider.js:20:3)

stderr | tests/components/ComponentCard.test.tsx > ComponentCard > Accessibility > should have proper button roles for action buttons
Warning: An update to ComponentDisplayProvider inside a test was not wrapped in act(...).

When testing, code that causes React state updates should be wrapped into act(...):

act(() => {
  /* fire events that update state */
});
/* assert on the output */

This ensures that you're testing the behavior the user would see in the browser. Learn more at https://reactjs.org/link/wrap-tests-with-act
    at ComponentDisplayProvider (/Users/C5406081/developer-portal-frontend/src/contexts/ComponentDisplayContext.tsx:9:3)
    at QueryClientProvider (file:///Users/C5406081/developer-portal-frontend/node_modules/@tanstack/react-query/build/modern/QueryClientProvider.js:20:3)
Warning: An update to ComponentDisplayProvider inside a test was not wrapped in act(...).

When testing, code that causes React state updates should be wrapped into act(...):

act(() => {
  /* fire events that update state */
});
/* assert on the output */

This ensures that you're testing the behavior the user would see in the browser. Learn more at https://reactjs.org/link/wrap-tests-with-act
    at ComponentDisplayProvider (/Users/C5406081/developer-portal-frontend/src/contexts/ComponentDisplayContext.tsx:9:3)
    at QueryClientProvider (file:///Users/C5406081/developer-portal-frontend/node_modules/@tanstack/react-query/build/modern/QueryClientProvider.js:20:3)

stderr | tests/components/ComponentCard.test.tsx > ComponentCard > Performance > should not re-render unnecessarily with same props
Warning: An update to ComponentDisplayProvider inside a test was not wrapped in act(...).

When testing, code that causes React state updates should be wrapped into act(...):

act(() => {
  /* fire events that update state */
});
/* assert on the output */

This ensures that you're testing the behavior the user would see in the browser. Learn more at https://reactjs.org/link/wrap-tests-with-act
    at ComponentDisplayProvider (/Users/C5406081/developer-portal-frontend/src/contexts/ComponentDisplayContext.tsx:9:3)
    at QueryClientProvider (file:///Users/C5406081/developer-portal-frontend/node_modules/@tanstack/react-query/build/modern/QueryClientProvider.js:20:3)
Warning: An update to ComponentDisplayProvider inside a test was not wrapped in act(...).

When testing, code that causes React state updates should be wrapped into act(...):

act(() => {
  /* fire events that update state */
});
/* assert on the output */

This ensures that you're testing the behavior the user would see in the browser. Learn more at https://reactjs.org/link/wrap-tests-with-act
    at ComponentDisplayProvider (/Users/C5406081/developer-portal-frontend/src/contexts/ComponentDisplayContext.tsx:9:3)
    at QueryClientProvider (file:///Users/C5406081/developer-portal-frontend/node_modules/@tanstack/react-query/build/modern/QueryClientProvider.js:20:3)

stderr | tests/components/Alerts/AlertEditorDialog.test.tsx > AlertEditorDialog Component > should handle missing alert in content gracefully
Could not find alert "TestAlert" in content

 ✓ tests/components/Alerts/AlertEditorDialog.test.tsx (32 tests) 2360ms
 ✓ tests/components/ComponentCard.test.tsx (32 tests) 286ms
 ✓ tests/pages/plugins/PluginBody.test.tsx (57 tests) 197ms
stdout | tests/components/navigation/SideBar.test.tsx > SideBar > Plugin Marketplace > should call onProjectChange with plugin slug when plugin is clicked
[SideBar] Plugin clicked: test-plugin

stderr | tests/components/navigation/SideBar.test.tsx > SideBar > Project Visibility > should update when visibility changes via event
Warning: An update to SideBar inside a test was not wrapped in act(...).

When testing, code that causes React state updates should be wrapped into act(...):

act(() => {
  /* fire events that update state */
});
/* assert on the output */

This ensures that you're testing the behavior the user would see in the browser. Learn more at https://reactjs.org/link/wrap-tests-with-act
    at SideBar (/Users/C5406081/developer-portal-frontend/src/components/Sidebar/SideBar.tsx:129:20)

 ✓ tests/components/navigation/SideBar.test.tsx (53 tests) 361ms
stdout | tests/contexts/AuthContext.test.tsx > AuthContext > login function > should set loading state during login
🔍 AuthContext: isAuthenticated calculation { hasUser: [33mfalse[39m, bothAuth: [33mfalse[39m, isAuthenticated: [33mfalse[39m }
🔍 AuthContext: Initial useEffect { isLoginPage: [33mtrue[39m, pathname: [32m'/login'[39m }
🔍 AuthContext: On login page, skipping auth check
🔍 AuthContext: isAuthenticated calculation { hasUser: [33mfalse[39m, bothAuth: [33mfalse[39m, isAuthenticated: [33mfalse[39m }

stdout | tests/contexts/AuthContext.test.tsx > AuthContext > login function > should set loading state during login
🔍 AuthContext: isAuthenticated calculation { hasUser: [33mfalse[39m, bothAuth: [33mfalse[39m, isAuthenticated: [33mfalse[39m }

stderr | tests/components/ProjectLayout.test.tsx > ProjectLayout > Rendering > should render BreadcrumbPage
⚠️ React Router Future Flag Warning: React Router will begin wrapping state updates in `React.startTransition` in v7. You can use the `v7_startTransition` future flag to opt-in early. For more information, see https://reactrouter.com/v6/upgrading/future#v7_starttransition.
⚠️ React Router Future Flag Warning: Relative route resolution within Splat routes is changing in v7. You can use the `v7_relativeSplatPath` future flag to opt-in early. For more information, see https://reactrouter.com/v6/upgrading/future#v7_relativesplatpath.

stderr | tests/components/SelfService/JobStatusPoller.test.tsx > JobStatusPoller > Error Handling > should continue polling despite queue errors
[JobStatusPoller] Queue status error: Error: Queue fetch failed
    at [90m/Users/C5406081/developer-portal-frontend/[39mtests/components/SelfService/JobStatusPoller.test.tsx:723:26
    at [90mfile:///Users/C5406081/developer-portal-frontend/[39mnode_modules/[4m@vitest[24m/runner/dist/chunk-hooks.js:155:11
    at [90mfile:///Users/C5406081/developer-portal-frontend/[39mnode_modules/[4m@vitest[24m/runner/dist/chunk-hooks.js:752:26
    at [90mfile:///Users/C5406081/developer-portal-frontend/[39mnode_modules/[4m@vitest[24m/runner/dist/chunk-hooks.js:1897:20
    at new Promise (<anonymous>)
    at runWithTimeout [90m(file:///Users/C5406081/developer-portal-frontend/[39mnode_modules/[4m@vitest[24m/runner/dist/chunk-hooks.js:1863:10[90m)[39m
    at runTest [90m(file:///Users/C5406081/developer-portal-frontend/[39mnode_modules/[4m@vitest[24m/runner/dist/chunk-hooks.js:1574:12[90m)[39m
    at runSuite [90m(file:///Users/C5406081/developer-portal-frontend/[39mnode_modules/[4m@vitest[24m/runner/dist/chunk-hooks.js:1729:8[90m)[39m
    at runSuite [90m(file:///Users/C5406081/developer-portal-frontend/[39mnode_modules/[4m@vitest[24m/runner/dist/chunk-hooks.js:1729:8[90m)[39m
    at runSuite [90m(file:///Users/C5406081/developer-portal-frontend/[39mnode_modules/[4m@vitest[24m/runner/dist/chunk-hooks.js:1729:8[90m)[39m

stderr | tests/components/SelfService/JobStatusPoller.test.tsx > JobStatusPoller > Error Handling > should continue polling despite build errors
[JobStatusPoller] Build status error: Error: Build fetch failed
    at [90m/Users/C5406081/developer-portal-frontend/[39mtests/components/SelfService/JobStatusPoller.test.tsx:745:26
    at [90mfile:///Users/C5406081/developer-portal-frontend/[39mnode_modules/[4m@vitest[24m/runner/dist/chunk-hooks.js:155:11
    at [90mfile:///Users/C5406081/developer-portal-frontend/[39mnode_modules/[4m@vitest[24m/runner/dist/chunk-hooks.js:752:26
    at [90mfile:///Users/C5406081/developer-portal-frontend/[39mnode_modules/[4m@vitest[24m/runner/dist/chunk-hooks.js:1897:20
    at new Promise (<anonymous>)
    at runWithTimeout [90m(file:///Users/C5406081/developer-portal-frontend/[39mnode_modules/[4m@vitest[24m/runner/dist/chunk-hooks.js:1863:10[90m)[39m
    at runTest [90m(file:///Users/C5406081/developer-portal-frontend/[39mnode_modules/[4m@vitest[24m/runner/dist/chunk-hooks.js:1574:12[90m)[39m
    at runSuite [90m(file:///Users/C5406081/developer-portal-frontend/[39mnode_modules/[4m@vitest[24m/runner/dist/chunk-hooks.js:1729:8[90m)[39m
    at runSuite [90m(file:///Users/C5406081/developer-portal-frontend/[39mnode_modules/[4m@vitest[24m/runner/dist/chunk-hooks.js:1729:8[90m)[39m
    at runSuite [90m(file:///Users/C5406081/developer-portal-frontend/[39mnode_modules/[4m@vitest[24m/runner/dist/chunk-hooks.js:1729:8[90m)[39m

 ✓ tests/components/SelfService/JobStatusPoller.test.tsx (32 tests) 63ms
 ✓ tests/components/ProjectLayout.test.tsx (42 tests) 183ms
stderr | tests/hooks/use-toast.test.tsx > useToast > toast() function > should create a toast with auto-generated id
Warning: An update to TestComponent inside a test was not wrapped in act(...).

When testing, code that causes React state updates should be wrapped into act(...):

act(() => {
  /* fire events that update state */
});
/* assert on the output */

This ensures that you're testing the behavior the user would see in the browser. Learn more at https://reactjs.org/link/wrap-tests-with-act
    at TestComponent (/Users/C5406081/developer-portal-frontend/node_modules/@testing-library/react/dist/pure.js:329:5)

stderr | tests/hooks/use-toast.test.tsx > useToast > toast() function > should return dismiss and update functions
Warning: An update to TestComponent inside a test was not wrapped in act(...).

When testing, code that causes React state updates should be wrapped into act(...):

act(() => {
  /* fire events that update state */
});
/* assert on the output */

This ensures that you're testing the behavior the user would see in the browser. Learn more at https://reactjs.org/link/wrap-tests-with-act
    at TestComponent (/Users/C5406081/developer-portal-frontend/node_modules/@testing-library/react/dist/pure.js:329:5)

stderr | tests/hooks/use-toast.test.tsx > useToast > toast() function > should generate unique ids for multiple toasts
Warning: An update to TestComponent inside a test was not wrapped in act(...).

When testing, code that causes React state updates should be wrapped into act(...):

act(() => {
  /* fire events that update state */
});
/* assert on the output */

This ensures that you're testing the behavior the user would see in the browser. Learn more at https://reactjs.org/link/wrap-tests-with-act
    at TestComponent (/Users/C5406081/developer-portal-frontend/node_modules/@testing-library/react/dist/pure.js:329:5)
Warning: An update to TestComponent inside a test was not wrapped in act(...).

When testing, code that causes React state updates should be wrapped into act(...):

act(() => {
  /* fire events that update state */
});
/* assert on the output */

This ensures that you're testing the behavior the user would see in the browser. Learn more at https://reactjs.org/link/wrap-tests-with-act
    at TestComponent (/Users/C5406081/developer-portal-frontend/node_modules/@testing-library/react/dist/pure.js:329:5)
Warning: An update to TestComponent inside a test was not wrapped in act(...).

When testing, code that causes React state updates should be wrapped into act(...):

act(() => {
  /* fire events that update state */
});
/* assert on the output */

This ensures that you're testing the behavior the user would see in the browser. Learn more at https://reactjs.org/link/wrap-tests-with-act
    at TestComponent (/Users/C5406081/developer-portal-frontend/node_modules/@testing-library/react/dist/pure.js:329:5)

stderr | tests/hooks/use-toast.test.tsx > useToast > ID Generation > should generate sequential numeric string ids
Warning: An update to TestComponent inside a test was not wrapped in act(...).

When testing, code that causes React state updates should be wrapped into act(...):

act(() => {
  /* fire events that update state */
});
/* assert on the output */

This ensures that you're testing the behavior the user would see in the browser. Learn more at https://reactjs.org/link/wrap-tests-with-act
    at TestComponent (/Users/C5406081/developer-portal-frontend/node_modules/@testing-library/react/dist/pure.js:329:5)
Warning: An update to TestComponent inside a test was not wrapped in act(...).

When testing, code that causes React state updates should be wrapped into act(...):

act(() => {
  /* fire events that update state */
});
/* assert on the output */

This ensures that you're testing the behavior the user would see in the browser. Learn more at https://reactjs.org/link/wrap-tests-with-act
    at TestComponent (/Users/C5406081/developer-portal-frontend/node_modules/@testing-library/react/dist/pure.js:329:5)
Warning: An update to TestComponent inside a test was not wrapped in act(...).

When testing, code that causes React state updates should be wrapped into act(...):

act(() => {
  /* fire events that update state */
});
/* assert on the output */

This ensures that you're testing the behavior the user would see in the browser. Learn more at https://reactjs.org/link/wrap-tests-with-act
    at TestComponent (/Users/C5406081/developer-portal-frontend/node_modules/@testing-library/react/dist/pure.js:329:5)

stderr | tests/hooks/use-toast.test.tsx > useToast > ID Generation > should generate valid string ids
Warning: An update to TestComponent inside a test was not wrapped in act(...).

When testing, code that causes React state updates should be wrapped into act(...):

act(() => {
  /* fire events that update state */
});
/* assert on the output */

This ensures that you're testing the behavior the user would see in the browser. Learn more at https://reactjs.org/link/wrap-tests-with-act
    at TestComponent (/Users/C5406081/developer-portal-frontend/node_modules/@testing-library/react/dist/pure.js:329:5)

 ✓ tests/hooks/use-toast.test.tsx (51 tests) 56ms
stderr | tests/components/NotificationModal.test.tsx > NotificationModal > Modal Rendering and Structure > should render modal when isOpen is true
Warning: Missing `Description` or `aria-describedby={undefined}` for {DialogContent}.

 ✓ tests/services/triggeredAlertsApi.test.ts (37 tests) 7ms
stderr | tests/components/NotificationModal.test.tsx > NotificationModal > Modal Rendering and Structure > should render modal title with bell icon
Warning: Missing `Description` or `aria-describedby={undefined}` for {DialogContent}.

stderr | tests/components/NotificationModal.test.tsx > NotificationModal > Unread Count Badge > should display unread count badge when unreadCount > 0
Warning: Missing `Description` or `aria-describedby={undefined}` for {DialogContent}.

stderr | tests/components/NotificationModal.test.tsx > NotificationModal > Unread Count Badge > should not display unread count badge when unreadCount is 0
Warning: Missing `Description` or `aria-describedby={undefined}` for {DialogContent}.

stderr | tests/components/NotificationModal.test.tsx > NotificationModal > Unread Count Badge > should display correct unread count for single unread notification
Warning: Missing `Description` or `aria-describedby={undefined}` for {DialogContent}.

stderr | tests/components/NotificationModal.test.tsx > NotificationModal > Unread Count Badge > should display correct unread count for multiple unread notifications
Warning: Missing `Description` or `aria-describedby={undefined}` for {DialogContent}.

stderr | tests/components/NotificationModal.test.tsx > NotificationModal > Mark All as Read Button > should display mark all as read button when unreadCount > 0
Warning: Missing `Description` or `aria-describedby={undefined}` for {DialogContent}.

stderr | tests/components/NotificationModal.test.tsx > NotificationModal > Mark All as Read Button > should not display mark all as read button when unreadCount is 0
Warning: Missing `Description` or `aria-describedby={undefined}` for {DialogContent}.

stderr | tests/components/NotificationModal.test.tsx > NotificationModal > Mark All as Read Button > should call markAllRead with currentId when button is clicked
Warning: Missing `Description` or `aria-describedby={undefined}` for {DialogContent}.

stderr | tests/components/NotificationModal.test.tsx > NotificationModal > Mark All as Read Button > should have CheckCircle2 icon in button
Warning: Missing `Description` or `aria-describedby={undefined}` for {DialogContent}.

stderr | tests/components/NotificationModal.test.tsx > NotificationModal > Notification Table Rendering > should render table with notifications
Warning: Missing `Description` or `aria-describedby={undefined}` for {DialogContent}.

stderr | tests/components/NotificationModal.test.tsx > NotificationModal > Notification Table Rendering > should render table headers
Warning: Missing `Description` or `aria-describedby={undefined}` for {DialogContent}.

stderr | tests/components/NotificationModal.test.tsx > NotificationModal > Notification Table Rendering > should render all notifications in table
Warning: Missing `Description` or `aria-describedby={undefined}` for {DialogContent}.

stdout | tests/contexts/AuthContext.test.tsx > AuthContext > logout function > should call logoutUser service
🔍 AuthContext: isAuthenticated calculation { hasUser: [33mfalse[39m, bothAuth: [33mfalse[39m, isAuthenticated: [33mfalse[39m }
🔍 AuthContext: Initial useEffect { isLoginPage: [33mfalse[39m, pathname: [32m'/'[39m }
🔍 AuthContext: Not on login page, checking auth status...
🔍 AuthContext: checkAuthStatusAndSetUser started
🔍 AuthContext: checkAuthStatusAndSetUser completed
🔍 AuthContext: isAuthenticated calculation { hasUser: [33mfalse[39m, bothAuth: [33mfalse[39m, isAuthenticated: [33mfalse[39m }
🔍 AuthContext: isAuthenticated calculation { hasUser: [33mfalse[39m, bothAuth: [33mfalse[39m, isAuthenticated: [33mfalse[39m }

 ✓ tests/pages/plugins/Pagination.test.tsx (47 tests) 277ms
stderr | tests/components/NotificationModal.test.tsx > NotificationModal > Notification Table Rendering > should display notification messages
Warning: Missing `Description` or `aria-describedby={undefined}` for {DialogContent}.

stderr | tests/hooks/useAuthRefresh.test.ts > useAuthRefresh > Loading State Management > should set loading to true before auth check
Warning: An update to TestComponent inside a test was not wrapped in act(...).

When testing, code that causes React state updates should be wrapped into act(...):

act(() => {
  /* fire events that update state */
});
/* assert on the output */

This ensures that you're testing the behavior the user would see in the browser. Learn more at https://reactjs.org/link/wrap-tests-with-act
    at TestComponent (/Users/C5406081/developer-portal-frontend/node_modules/@testing-library/react/dist/pure.js:329:5)
Warning: An update to TestComponent inside a test was not wrapped in act(...).

When testing, code that causes React state updates should be wrapped into act(...):

act(() => {
  /* fire events that update state */
});
/* assert on the output */

This ensures that you're testing the behavior the user would see in the browser. Learn more at https://reactjs.org/link/wrap-tests-with-act
    at TestComponent (/Users/C5406081/developer-portal-frontend/node_modules/@testing-library/react/dist/pure.js:329:5)
Warning: An update to TestComponent inside a test was not wrapped in act(...).

When testing, code that causes React state updates should be wrapped into act(...):

act(() => {
  /* fire events that update state */
});
/* assert on the output */

This ensures that you're testing the behavior the user would see in the browser. Learn more at https://reactjs.org/link/wrap-tests-with-act
    at TestComponent (/Users/C5406081/developer-portal-frontend/node_modules/@testing-library/react/dist/pure.js:329:5)

stderr | tests/components/NotificationModal.test.tsx > NotificationModal > Date Formatting > should format created date as locale date string
Warning: Missing `Description` or `aria-describedby={undefined}` for {DialogContent}.

stderr | tests/components/NotificationModal.test.tsx > NotificationModal > Date Formatting > should format due date as locale date string when present
Warning: Missing `Description` or `aria-describedby={undefined}` for {DialogContent}.

stderr | tests/components/NotificationModal.test.tsx > NotificationModal > Date Formatting > should display N/A for missing due date
Warning: Missing `Description` or `aria-describedby={undefined}` for {DialogContent}.

 ✓ tests/components/Team/TeamHeader.test.tsx (18 tests) 280ms
stderr | tests/components/NotificationModal.test.tsx > NotificationModal > Date Formatting > should display N/A for undefined due date
Warning: Missing `Description` or `aria-describedby={undefined}` for {DialogContent}.

stderr | tests/components/NotificationModal.test.tsx > NotificationModal > Read/Unread Status > should display "New" badge for unread notifications
Warning: Missing `Description` or `aria-describedby={undefined}` for {DialogContent}.

stderr | tests/components/NotificationModal.test.tsx > NotificationModal > Read/Unread Status > should correctly identify read status based on currentId
Warning: Missing `Description` or `aria-describedby={undefined}` for {DialogContent}.

stderr | tests/components/NotificationModal.test.tsx > NotificationModal > Read/Unread Status > should handle notification with undefined readBy array
Warning: Missing `Description` or `aria-describedby={undefined}` for {DialogContent}.

stderr | tests/components/NotificationModal.test.tsx > NotificationModal > Empty State > should display empty state when notifications array is empty
Warning: Missing `Description` or `aria-describedby={undefined}` for {DialogContent}.

stderr | tests/components/NotificationModal.test.tsx > NotificationModal > Empty State > should display inbox icon in empty state
Warning: Missing `Description` or `aria-describedby={undefined}` for {DialogContent}.

stderr | tests/components/NotificationModal.test.tsx > NotificationModal > Empty State > should not display table when notifications array is empty
Warning: Missing `Description` or `aria-describedby={undefined}` for {DialogContent}.

stderr | tests/components/NotificationModal.test.tsx > NotificationModal > Empty State > should not display mark all as read button in empty state
Warning: Missing `Description` or `aria-describedby={undefined}` for {DialogContent}.

stderr | tests/components/NotificationModal.test.tsx > NotificationModal > Modal Close Behavior > should call onClose when dialog change event is triggered
Warning: Missing `Description` or `aria-describedby={undefined}` for {DialogContent}.

stderr | tests/components/NotificationModal.test.tsx > NotificationModal > Multiple Notifications Scenarios > should render mix of read and unread notifications
Warning: Missing `Description` or `aria-describedby={undefined}` for {DialogContent}.

stderr | tests/components/NotificationModal.test.tsx > NotificationModal > Multiple Notifications Scenarios > should render all notifications as read when all are read
Warning: Missing `Description` or `aria-describedby={undefined}` for {DialogContent}.

stderr | tests/components/NotificationModal.test.tsx > NotificationModal > Multiple Notifications Scenarios > should handle large number of notifications
Warning: Missing `Description` or `aria-describedby={undefined}` for {DialogContent}.

stderr | tests/components/NotificationModal.test.tsx > NotificationModal > Edge Cases > should handle notification with very long title
Warning: Missing `Description` or `aria-describedby={undefined}` for {DialogContent}.

stderr | tests/components/NotificationModal.test.tsx > NotificationModal > Edge Cases > should handle notification with very long message
Warning: Missing `Description` or `aria-describedby={undefined}` for {DialogContent}.

stderr | tests/components/NotificationModal.test.tsx > NotificationModal > Edge Cases > should handle notification with special characters in text
Warning: Missing `Description` or `aria-describedby={undefined}` for {DialogContent}.

stderr | tests/components/NotificationModal.test.tsx > NotificationModal > Edge Cases > should handle empty currentId
Warning: Missing `Description` or `aria-describedby={undefined}` for {DialogContent}.

stderr | tests/components/NotificationModal.test.tsx > NotificationModal > Edge Cases > should handle multiple users in readBy array
Warning: Missing `Description` or `aria-describedby={undefined}` for {DialogContent}.

stderr | tests/components/NotificationModal.test.tsx > NotificationModal > Accessibility > should have accessible dialog role
Warning: Missing `Description` or `aria-describedby={undefined}` for {DialogContent}.

stderr | tests/components/NotificationModal.test.tsx > NotificationModal > Accessibility > should have accessible table structure
Warning: Missing `Description` or `aria-describedby={undefined}` for {DialogContent}.

stderr | tests/components/NotificationModal.test.tsx > NotificationModal > Accessibility > should have accessible button for mark all as read
Warning: Missing `Description` or `aria-describedby={undefined}` for {DialogContent}.

 ✓ tests/components/NotificationModal.test.tsx (38 tests) 932ms
stderr | tests/pages/SelfServicePage/SelfServicePage.test.tsx > SelfServicePage - Comprehensive Tests > Basic Rendering > renders page structure and service blocks correctly
⚠️ React Router Future Flag Warning: React Router will begin wrapping state updates in `React.startTransition` in v7. You can use the `v7_startTransition` future flag to opt-in early. For more information, see https://reactrouter.com/v6/upgrading/future#v7_starttransition.
⚠️ React Router Future Flag Warning: Relative route resolution within Splat routes is changing in v7. You can use the `v7_relativeSplatPath` future flag to opt-in early. For more information, see https://reactrouter.com/v6/upgrading/future#v7_relativesplatpath.

stderr | tests/pages/SelfServicePage/SelfServicePage.test.tsx > SelfServicePage - Comprehensive Tests > Job Status Management > submits job and starts polling on success
Warning: An update to SelfServicePage inside a test was not wrapped in act(...).

When testing, code that causes React state updates should be wrapped into act(...):

act(() => {
  /* fire events that update state */
});
/* assert on the output */

This ensures that you're testing the behavior the user would see in the browser. Learn more at https://reactjs.org/link/wrap-tests-with-act
    at SelfServicePage (/Users/C5406081/developer-portal-frontend/src/pages/SelfServicePage.tsx:30:63)
    at QueryClientProvider (file:///Users/C5406081/developer-portal-frontend/node_modules/@tanstack/react-query/build/modern/QueryClientProvider.js:20:3)
    at Router (/Users/C5406081/developer-portal-frontend/node_modules/react-router/dist/umd/react-router.development.js:1207:17)
    at MemoryRouter (/Users/C5406081/developer-portal-frontend/node_modules/react-router/dist/umd/react-router.development.js:1101:7)
Warning: An update to SelfServicePage inside a test was not wrapped in act(...).

When testing, code that causes React state updates should be wrapped into act(...):

act(() => {
  /* fire events that update state */
});
/* assert on the output */

This ensures that you're testing the behavior the user would see in the browser. Learn more at https://reactjs.org/link/wrap-tests-with-act
    at SelfServicePage (/Users/C5406081/developer-portal-frontend/src/pages/SelfServicePage.tsx:30:63)
    at QueryClientProvider (file:///Users/C5406081/developer-portal-frontend/node_modules/@tanstack/react-query/build/modern/QueryClientProvider.js:20:3)
    at Router (/Users/C5406081/developer-portal-frontend/node_modules/react-router/dist/umd/react-router.development.js:1207:17)
    at MemoryRouter (/Users/C5406081/developer-portal-frontend/node_modules/react-router/dist/umd/react-router.development.js:1101:7)
Warning: An update to SelfServicePage inside a test was not wrapped in act(...).

When testing, code that causes React state updates should be wrapped into act(...):

act(() => {
  /* fire events that update state */
});
/* assert on the output */

This ensures that you're testing the behavior the user would see in the browser. Learn more at https://reactjs.org/link/wrap-tests-with-act
    at SelfServicePage (/Users/C5406081/developer-portal-frontend/src/pages/SelfServicePage.tsx:30:63)
    at QueryClientProvider (file:///Users/C5406081/developer-portal-frontend/node_modules/@tanstack/react-query/build/modern/QueryClientProvider.js:20:3)
    at Router (/Users/C5406081/developer-portal-frontend/node_modules/react-router/dist/umd/react-router.development.js:1207:17)
    at MemoryRouter (/Users/C5406081/developer-portal-frontend/node_modules/react-router/dist/umd/react-router.development.js:1101:7)
Warning: An update to SelfServicePage inside a test was not wrapped in act(...).

When testing, code that causes React state updates should be wrapped into act(...):

act(() => {
  /* fire events that update state */
});
/* assert on the output */

This ensures that you're testing the behavior the user would see in the browser. Learn more at https://reactjs.org/link/wrap-tests-with-act
    at SelfServicePage (/Users/C5406081/developer-portal-frontend/src/pages/SelfServicePage.tsx:30:63)
    at QueryClientProvider (file:///Users/C5406081/developer-portal-frontend/node_modules/@tanstack/react-query/build/modern/QueryClientProvider.js:20:3)
    at Router (/Users/C5406081/developer-portal-frontend/node_modules/react-router/dist/umd/react-router.development.js:1207:17)
    at MemoryRouter (/Users/C5406081/developer-portal-frontend/node_modules/react-router/dist/umd/react-router.development.js:1101:7)
Warning: An update to SelfServicePage inside a test was not wrapped in act(...).

When testing, code that causes React state updates should be wrapped into act(...):

act(() => {
  /* fire events that update state */
});
/* assert on the output */

This ensures that you're testing the behavior the user would see in the browser. Learn more at https://reactjs.org/link/wrap-tests-with-act
    at SelfServicePage (/Users/C5406081/developer-portal-frontend/src/pages/SelfServicePage.tsx:30:63)
    at QueryClientProvider (file:///Users/C5406081/developer-portal-frontend/node_modules/@tanstack/react-query/build/modern/QueryClientProvider.js:20:3)
    at Router (/Users/C5406081/developer-portal-frontend/node_modules/react-router/dist/umd/react-router.development.js:1207:17)
    at MemoryRouter (/Users/C5406081/developer-portal-frontend/node_modules/react-router/dist/umd/react-router.development.js:1101:7)

stderr | tests/pages/SelfServicePage/SelfServicePage.test.tsx > SelfServicePage - Comprehensive Tests > Job Status Management > completes polling and removes poller
Warning: An update to SelfServicePage inside a test was not wrapped in act(...).

When testing, code that causes React state updates should be wrapped into act(...):

act(() => {
  /* fire events that update state */
});
/* assert on the output */

This ensures that you're testing the behavior the user would see in the browser. Learn more at https://reactjs.org/link/wrap-tests-with-act
    at SelfServicePage (/Users/C5406081/developer-portal-frontend/src/pages/SelfServicePage.tsx:30:63)
    at QueryClientProvider (file:///Users/C5406081/developer-portal-frontend/node_modules/@tanstack/react-query/build/modern/QueryClientProvider.js:20:3)
    at Router (/Users/C5406081/developer-portal-frontend/node_modules/react-router/dist/umd/react-router.development.js:1207:17)
    at MemoryRouter (/Users/C5406081/developer-portal-frontend/node_modules/react-router/dist/umd/react-router.development.js:1101:7)
Warning: An update to SelfServicePage inside a test was not wrapped in act(...).

When testing, code that causes React state updates should be wrapped into act(...):

act(() => {
  /* fire events that update state */
});
/* assert on the output */

This ensures that you're testing the behavior the user would see in the browser. Learn more at https://reactjs.org/link/wrap-tests-with-act
    at SelfServicePage (/Users/C5406081/developer-portal-frontend/src/pages/SelfServicePage.tsx:30:63)
    at QueryClientProvider (file:///Users/C5406081/developer-portal-frontend/node_modules/@tanstack/react-query/build/modern/QueryClientProvider.js:20:3)
    at Router (/Users/C5406081/developer-portal-frontend/node_modules/react-router/dist/umd/react-router.development.js:1207:17)
    at MemoryRouter (/Users/C5406081/developer-portal-frontend/node_modules/react-router/dist/umd/react-router.development.js:1101:7)
Warning: An update to SelfServicePage inside a test was not wrapped in act(...).

When testing, code that causes React state updates should be wrapped into act(...):

act(() => {
  /* fire events that update state */
});
/* assert on the output */

This ensures that you're testing the behavior the user would see in the browser. Learn more at https://reactjs.org/link/wrap-tests-with-act
    at SelfServicePage (/Users/C5406081/developer-portal-frontend/src/pages/SelfServicePage.tsx:30:63)
    at QueryClientProvider (file:///Users/C5406081/developer-portal-frontend/node_modules/@tanstack/react-query/build/modern/QueryClientProvider.js:20:3)
    at Router (/Users/C5406081/developer-portal-frontend/node_modules/react-router/dist/umd/react-router.development.js:1207:17)
    at MemoryRouter (/Users/C5406081/developer-portal-frontend/node_modules/react-router/dist/umd/react-router.development.js:1101:7)
Warning: An update to SelfServicePage inside a test was not wrapped in act(...).

When testing, code that causes React state updates should be wrapped into act(...):

act(() => {
  /* fire events that update state */
});
/* assert on the output */

This ensures that you're testing the behavior the user would see in the browser. Learn more at https://reactjs.org/link/wrap-tests-with-act
    at SelfServicePage (/Users/C5406081/developer-portal-frontend/src/pages/SelfServicePage.tsx:30:63)
    at QueryClientProvider (file:///Users/C5406081/developer-portal-frontend/node_modules/@tanstack/react-query/build/modern/QueryClientProvider.js:20:3)
    at Router (/Users/C5406081/developer-portal-frontend/node_modules/react-router/dist/umd/react-router.development.js:1207:17)
    at MemoryRouter (/Users/C5406081/developer-portal-frontend/node_modules/react-router/dist/umd/react-router.development.js:1101:7)
Warning: An update to SelfServicePage inside a test was not wrapped in act(...).

When testing, code that causes React state updates should be wrapped into act(...):

act(() => {
  /* fire events that update state */
});
/* assert on the output */

This ensures that you're testing the behavior the user would see in the browser. Learn more at https://reactjs.org/link/wrap-tests-with-act
    at SelfServicePage (/Users/C5406081/developer-portal-frontend/src/pages/SelfServicePage.tsx:30:63)
    at QueryClientProvider (file:///Users/C5406081/developer-portal-frontend/node_modules/@tanstack/react-query/build/modern/QueryClientProvider.js:20:3)
    at Router (/Users/C5406081/developer-portal-frontend/node_modules/react-router/dist/umd/react-router.development.js:1207:17)
    at MemoryRouter (/Users/C5406081/developer-portal-frontend/node_modules/react-router/dist/umd/react-router.development.js:1101:7)

stderr | tests/components/TeamSelectorBar.test.tsx > TeamSelectorBar > Edge Cases > should handle teams with duplicate names
Warning: Encountered two children with the same key, `Team A`. Keys should be unique so that components maintain their identity across updates. Non-unique keys may cause children to be duplicated and/or omitted — the behavior is unsupported and could change in a future version.
    at div
    at file:///Users/C5406081/developer-portal-frontend/node_modules/@radix-ui/react-primitive/dist/index.mjs:28:13
    at file:///Users/C5406081/developer-portal-frontend/node_modules/@radix-ui/react-collection/node_modules/@radix-ui/react-slot/dist/index.mjs:33:13
    at file:///Users/C5406081/developer-portal-frontend/node_modules/@radix-ui/react-collection/node_modules/@radix-ui/react-slot/dist/index.mjs:9:13
    at file:///Users/C5406081/developer-portal-frontend/node_modules/@radix-ui/react-collection/dist/index.mjs:27:15
    at file:///Users/C5406081/developer-portal-frontend/node_modules/@radix-ui/react-select/dist/index.mjs:711:13
    at div
    at file:///Users/C5406081/developer-portal-frontend/node_modules/@radix-ui/react-collection/node_modules/@radix-ui/react-slot/dist/index.mjs:33:13
    at file:///Users/C5406081/developer-portal-frontend/node_modules/@radix-ui/react-collection/node_modules/@radix-ui/react-slot/dist/index.mjs:9:13
    at file:///Users/C5406081/developer-portal-frontend/node_modules/@radix-ui/react-collection/dist/index.mjs:27:15
    at Provider (file:///Users/C5406081/developer-portal-frontend/node_modules/@radix-ui/react-context/dist/index.mjs:27:15)
    at file:///Users/C5406081/developer-portal-frontend/node_modules/@radix-ui/react-select/dist/index.mjs:256:58
    at file:///Users/C5406081/developer-portal-frontend/node_modules/@radix-ui/react-primitive/node_modules/@radix-ui/react-slot/dist/index.mjs:33:13
    at file:///Users/C5406081/developer-portal-frontend/node_modules/@radix-ui/react-primitive/node_modules/@radix-ui/react-slot/dist/index.mjs:9:13
    at file:///Users/C5406081/developer-portal-frontend/node_modules/@radix-ui/react-primitive/dist/index.mjs:28:13
    at file:///Users/C5406081/developer-portal-frontend/node_modules/@radix-ui/react-portal/dist/index.mjs:11:22
    at SelectPortal
    at /Users/C5406081/developer-portal-frontend/src/components/ui/select.tsx:96:59
    at Provider (file:///Users/C5406081/developer-portal-frontend/node_modules/@radix-ui/react-context/dist/index.mjs:27:15)
    at Provider (file:///Users/C5406081/developer-portal-frontend/node_modules/@radix-ui/react-context/dist/index.mjs:27:15)
    at CollectionProvider (file:///Users/C5406081/developer-portal-frontend/node_modules/@radix-ui/react-collection/dist/index.mjs:17:13)
    at Provider (file:///Users/C5406081/developer-portal-frontend/node_modules/@radix-ui/react-context/dist/index.mjs:27:15)
    at Provider (file:///Users/C5406081/developer-portal-frontend/node_modules/@radix-ui/react-context/dist/index.mjs:27:15)
    at Popper (file:///Users/C5406081/developer-portal-frontend/node_modules/@radix-ui/react-popper/dist/index.mjs:30:11)
    at Select (file:///Users/C5406081/developer-portal-frontend/node_modules/@radix-ui/react-select/dist/index.mjs:42:5)
    at div
    at div
    at TeamSelectorBar (/Users/C5406081/developer-portal-frontend/src/components/TeamSelectorBar.tsx:6:3)

 ✓ tests/pages/SelfServicePage/SelfServicePage.test.tsx (14 tests) 172ms
stderr | tests/components/TeamSelectorBar.test.tsx > TeamSelectorBar > Edge Cases > should handle teams with duplicate names
Warning: Encountered two children with the same key, `Team A`. Keys should be unique so that components maintain their identity across updates. Non-unique keys may cause children to be duplicated and/or omitted — the behavior is unsupported and could change in a future version.
    at div
    at file:///Users/C5406081/developer-portal-frontend/node_modules/@radix-ui/react-primitive/dist/index.mjs:28:13
    at file:///Users/C5406081/developer-portal-frontend/node_modules/@radix-ui/react-collection/node_modules/@radix-ui/react-slot/dist/index.mjs:33:13
    at file:///Users/C5406081/developer-portal-frontend/node_modules/@radix-ui/react-collection/node_modules/@radix-ui/react-slot/dist/index.mjs:9:13
    at file:///Users/C5406081/developer-portal-frontend/node_modules/@radix-ui/react-collection/dist/index.mjs:27:15
    at file:///Users/C5406081/developer-portal-frontend/node_modules/@radix-ui/react-select/dist/index.mjs:711:13
    at div
    at file:///Users/C5406081/developer-portal-frontend/node_modules/@radix-ui/react-primitive/dist/index.mjs:28:13
    at Provider (file:///Users/C5406081/developer-portal-frontend/node_modules/@radix-ui/react-context/dist/index.mjs:27:15)
    at div
    at file:///Users/C5406081/developer-portal-frontend/node_modules/@radix-ui/react-popper/dist/index.mjs:59:7
    at file:///Users/C5406081/developer-portal-frontend/node_modules/@radix-ui/react-select/dist/index.mjs:676:5
    at file:///Users/C5406081/developer-portal-frontend/node_modules/@radix-ui/react-primitive/node_modules/@radix-ui/react-slot/dist/index.mjs:33:13
    at file:///Users/C5406081/developer-portal-frontend/node_modules/@radix-ui/react-primitive/node_modules/@radix-ui/react-slot/dist/index.mjs:9:13
    at file:///Users/C5406081/developer-portal-frontend/node_modules/@radix-ui/react-primitive/dist/index.mjs:28:13
    at file:///Users/C5406081/developer-portal-frontend/node_modules/@radix-ui/react-dismissable-layer/dist/index.mjs:24:7
    at file:///Users/C5406081/developer-portal-frontend/node_modules/@radix-ui/react-primitive/node_modules/@radix-ui/react-slot/dist/index.mjs:33:13
    at file:///Users/C5406081/developer-portal-frontend/node_modules/@radix-ui/react-primitive/node_modules/@radix-ui/react-slot/dist/index.mjs:9:13
    at file:///Users/C5406081/developer-portal-frontend/node_modules/@radix-ui/react-primitive/dist/index.mjs:28:13
    at file:///Users/C5406081/developer-portal-frontend/node_modules/@radix-ui/react-focus-scope/dist/index.mjs:15:5
    at file:///Users/C5406081/developer-portal-frontend/node_modules/@radix-ui/react-select/node_modules/@radix-ui/react-slot/dist/index.mjs:33:13
    at file:///Users/C5406081/developer-portal-frontend/node_modules/@radix-ui/react-select/node_modules/@radix-ui/react-slot/dist/index.mjs:9:13
    at /Users/C5406081/developer-portal-frontend/node_modules/react-remove-scroll/dist/es5/UI.js:16:21
    at Provider (file:///Users/C5406081/developer-portal-frontend/node_modules/@radix-ui/react-context/dist/index.mjs:27:15)
    at file:///Users/C5406081/developer-portal-frontend/node_modules/@radix-ui/react-select/dist/index.mjs:279:7
    at file:///Users/C5406081/developer-portal-frontend/node_modules/@radix-ui/react-select/dist/index.mjs:256:58
    at file:///Users/C5406081/developer-portal-frontend/node_modules/@radix-ui/react-primitive/node_modules/@radix-ui/react-slot/dist/index.mjs:33:13
    at file:///Users/C5406081/developer-portal-frontend/node_modules/@radix-ui/react-primitive/node_modules/@radix-ui/react-slot/dist/index.mjs:9:13
    at file:///Users/C5406081/developer-portal-frontend/node_modules/@radix-ui/react-primitive/dist/index.mjs:28:13
    at file:///Users/C5406081/developer-portal-frontend/node_modules/@radix-ui/react-portal/dist/index.mjs:11:22
    at SelectPortal
    at /Users/C5406081/developer-portal-frontend/src/components/ui/select.tsx:96:59
    at Provider (file:///Users/C5406081/developer-portal-frontend/node_modules/@radix-ui/react-context/dist/index.mjs:27:15)
    at Provider (file:///Users/C5406081/developer-portal-frontend/node_modules/@radix-ui/react-context/dist/index.mjs:27:15)
    at CollectionProvider (file:///Users/C5406081/developer-portal-frontend/node_modules/@radix-ui/react-collection/dist/index.mjs:17:13)
    at Provider (file:///Users/C5406081/developer-portal-frontend/node_modules/@radix-ui/react-context/dist/index.mjs:27:15)
    at Provider (file:///Users/C5406081/developer-portal-frontend/node_modules/@radix-ui/react-context/dist/index.mjs:27:15)
    at Popper (file:///Users/C5406081/developer-portal-frontend/node_modules/@radix-ui/react-popper/dist/index.mjs:30:11)
    at Select (file:///Users/C5406081/developer-portal-frontend/node_modules/@radix-ui/react-select/dist/index.mjs:42:5)
    at div
    at div
    at TeamSelectorBar (/Users/C5406081/developer-portal-frontend/src/components/TeamSelectorBar.tsx:6:3)

stdout | tests/contexts/AuthContext.test.tsx > AuthContext > logout function > should clear user state after logout
🔍 AuthContext: isAuthenticated calculation { hasUser: [33mfalse[39m, bothAuth: [33mfalse[39m, isAuthenticated: [33mfalse[39m }
🔍 AuthContext: Initial useEffect { isLoginPage: [33mfalse[39m, pathname: [32m'/'[39m }
🔍 AuthContext: Not on login page, checking auth status...
🔍 AuthContext: checkAuthStatusAndSetUser started
🔍 AuthContext: checkAuthStatusAndSetUser completed
🔍 AuthContext: isAuthenticated calculation { hasUser: [33mfalse[39m, bothAuth: [33mfalse[39m, isAuthenticated: [33mfalse[39m }
🔍 AuthContext: isAuthenticated calculation { hasUser: [33mfalse[39m, bothAuth: [33mfalse[39m, isAuthenticated: [33mfalse[39m }

stderr | tests/pages/AlertsPage/AlertsPage.test.tsx > AlertsPage > Loading State > displays loading state when alerts are being fetched
⚠️ React Router Future Flag Warning: React Router will begin wrapping state updates in `React.startTransition` in v7. You can use the `v7_startTransition` future flag to opt-in early. For more information, see https://reactrouter.com/v6/upgrading/future#v7_starttransition.
⚠️ React Router Future Flag Warning: Relative route resolution within Splat routes is changing in v7. You can use the `v7_relativeSplatPath` future flag to opt-in early. For more information, see https://reactrouter.com/v6/upgrading/future#v7_relativesplatpath.

 ✓ tests/components/TeamSelectorBar.test.tsx (41 tests) 1250ms
stderr | tests/pages/plugins/PluginViewPage.test.tsx > PluginViewPage > Loading States > should show page skeleton while loading plugins
⚠️ React Router Future Flag Warning: React Router will begin wrapping state updates in `React.startTransition` in v7. You can use the `v7_startTransition` future flag to opt-in early. For more information, see https://reactrouter.com/v6/upgrading/future#v7_starttransition.
⚠️ React Router Future Flag Warning: Relative route resolution within Splat routes is changing in v7. You can use the `v7_relativeSplatPath` future flag to opt-in early. For more information, see https://reactrouter.com/v6/upgrading/future#v7_relativesplatpath.

stderr | tests/pages/AlertsPage/AlertsPage.test.tsx > AlertsPage > Search Functionality > filters alerts by alert name
❌ Failed to refresh token: Error: Token refresh failed: 401 Unauthorized
    at [90m/Users/C5406081/developer-portal-frontend/[39msrc/services/ApiClient.ts:180:17
[90m    at processTicksAndRejections (node:internal/process/task_queues:95:5)[39m

stderr | tests/pages/AlertsPage/AlertsPage.test.tsx > AlertsPage > Search Functionality > filters alerts by expression
❌ Failed to refresh token: Error: Token refresh failed: 401 Unauthorized
    at [90m/Users/C5406081/developer-portal-frontend/[39msrc/services/ApiClient.ts:180:17
[90m    at processTicksAndRejections (node:internal/process/task_queues:95:5)[39m
    at ApiClient.ensureToken [90m(/Users/C5406081/developer-portal-frontend/[39msrc/services/ApiClient.ts:218:12[90m)[39m
    at ApiClient.request [90m(/Users/C5406081/developer-portal-frontend/[39msrc/services/ApiClient.ts:236:7[90m)[39m

stderr | tests/pages/plugins/PluginViewPage.test.tsx > PluginViewPage > Plugin Slug Matching > should match plugin by sanitized slug
Warning: An update to PluginViewPage inside a test was not wrapped in act(...).

When testing, code that causes React state updates should be wrapped into act(...):

act(() => {
  /* fire events that update state */
});
/* assert on the output */

This ensures that you're testing the behavior the user would see in the browser. Learn more at https://reactjs.org/link/wrap-tests-with-act
    at PluginViewPage (/Users/C5406081/developer-portal-frontend/src/pages/PluginViewPage.tsx:43:40)
    at Router (/Users/C5406081/developer-portal-frontend/node_modules/react-router/dist/umd/react-router.development.js:1207:17)
    at MemoryRouter (/Users/C5406081/developer-portal-frontend/node_modules/react-router/dist/umd/react-router.development.js:1101:7)

stderr | tests/pages/plugins/PluginViewPage.test.tsx > PluginViewPage > Plugin Slug Matching > should sanitize plugin name with spaces to slug
Warning: An update to PluginViewPage inside a test was not wrapped in act(...).

When testing, code that causes React state updates should be wrapped into act(...):

act(() => {
  /* fire events that update state */
});
/* assert on the output */

This ensures that you're testing the behavior the user would see in the browser. Learn more at https://reactjs.org/link/wrap-tests-with-act
    at PluginViewPage (/Users/C5406081/developer-portal-frontend/src/pages/PluginViewPage.tsx:43:40)
    at Router (/Users/C5406081/developer-portal-frontend/node_modules/react-router/dist/umd/react-router.development.js:1207:17)
    at MemoryRouter (/Users/C5406081/developer-portal-frontend/node_modules/react-router/dist/umd/react-router.development.js:1101:7)

stderr | tests/pages/plugins/PluginViewPage.test.tsx > PluginViewPage > Plugin Slug Matching > should handle uppercase in plugin slug
Warning: An update to PluginViewPage inside a test was not wrapped in act(...).

When testing, code that causes React state updates should be wrapped into act(...):

act(() => {
  /* fire events that update state */
});
/* assert on the output */

This ensures that you're testing the behavior the user would see in the browser. Learn more at https://reactjs.org/link/wrap-tests-with-act
    at PluginViewPage (/Users/C5406081/developer-portal-frontend/src/pages/PluginViewPage.tsx:43:40)
    at Router (/Users/C5406081/developer-portal-frontend/node_modules/react-router/dist/umd/react-router.development.js:1207:17)
    at MemoryRouter (/Users/C5406081/developer-portal-frontend/node_modules/react-router/dist/umd/react-router.development.js:1101:7)

stderr | tests/pages/plugins/PluginViewPage.test.tsx > PluginViewPage > Plugin Header > should render plugin title
Warning: An update to PluginViewPage inside a test was not wrapped in act(...).

When testing, code that causes React state updates should be wrapped into act(...):

act(() => {
  /* fire events that update state */
});
/* assert on the output */

This ensures that you're testing the behavior the user would see in the browser. Learn more at https://reactjs.org/link/wrap-tests-with-act
    at PluginViewPage (/Users/C5406081/developer-portal-frontend/src/pages/PluginViewPage.tsx:43:40)
    at Router (/Users/C5406081/developer-portal-frontend/node_modules/react-router/dist/umd/react-router.development.js:1207:17)
    at MemoryRouter (/Users/C5406081/developer-portal-frontend/node_modules/react-router/dist/umd/react-router.development.js:1101:7)

stderr | tests/pages/plugins/PluginViewPage.test.tsx > PluginViewPage > Plugin Header > should render plugin description
Warning: An update to PluginViewPage inside a test was not wrapped in act(...).

When testing, code that causes React state updates should be wrapped into act(...):

act(() => {
  /* fire events that update state */
});
/* assert on the output */

This ensures that you're testing the behavior the user would see in the browser. Learn more at https://reactjs.org/link/wrap-tests-with-act
    at PluginViewPage (/Users/C5406081/developer-portal-frontend/src/pages/PluginViewPage.tsx:43:40)
    at Router (/Users/C5406081/developer-portal-frontend/node_modules/react-router/dist/umd/react-router.development.js:1207:17)
    at MemoryRouter (/Users/C5406081/developer-portal-frontend/node_modules/react-router/dist/umd/react-router.development.js:1101:7)

stderr | tests/pages/plugins/PluginViewPage.test.tsx > PluginViewPage > Plugin Header > should render plugin icon
Warning: An update to PluginViewPage inside a test was not wrapped in act(...).

When testing, code that causes React state updates should be wrapped into act(...):

act(() => {
  /* fire events that update state */
});
/* assert on the output */

This ensures that you're testing the behavior the user would see in the browser. Learn more at https://reactjs.org/link/wrap-tests-with-act
    at PluginViewPage (/Users/C5406081/developer-portal-frontend/src/pages/PluginViewPage.tsx:43:40)
    at Router (/Users/C5406081/developer-portal-frontend/node_modules/react-router/dist/umd/react-router.development.js:1207:17)
    at MemoryRouter (/Users/C5406081/developer-portal-frontend/node_modules/react-router/dist/umd/react-router.development.js:1101:7)

stderr | tests/pages/plugins/PluginViewPage.test.tsx > PluginViewPage > Plugin Header > should render owner badge
Warning: An update to PluginViewPage inside a test was not wrapped in act(...).

When testing, code that causes React state updates should be wrapped into act(...):

act(() => {
  /* fire events that update state */
});
/* assert on the output */

This ensures that you're testing the behavior the user would see in the browser. Learn more at https://reactjs.org/link/wrap-tests-with-act
    at PluginViewPage (/Users/C5406081/developer-portal-frontend/src/pages/PluginViewPage.tsx:43:40)
    at Router (/Users/C5406081/developer-portal-frontend/node_modules/react-router/dist/umd/react-router.development.js:1207:17)
    at MemoryRouter (/Users/C5406081/developer-portal-frontend/node_modules/react-router/dist/umd/react-router.development.js:1101:7)

stderr | tests/pages/plugins/PluginViewPage.test.tsx > PluginViewPage > Plugin Header > should render version badge
Warning: An update to PluginViewPage inside a test was not wrapped in act(...).

When testing, code that causes React state updates should be wrapped into act(...):

act(() => {
  /* fire events that update state */
});
/* assert on the output */

This ensures that you're testing the behavior the user would see in the browser. Learn more at https://reactjs.org/link/wrap-tests-with-act
    at PluginViewPage (/Users/C5406081/developer-portal-frontend/src/pages/PluginViewPage.tsx:43:40)
    at Router (/Users/C5406081/developer-portal-frontend/node_modules/react-router/dist/umd/react-router.development.js:1207:17)
    at MemoryRouter (/Users/C5406081/developer-portal-frontend/node_modules/react-router/dist/umd/react-router.development.js:1101:7)

stderr | tests/pages/plugins/PluginViewPage.test.tsx > PluginViewPage > Plugin Header > should use name as title if title is missing
Warning: An update to PluginViewPage inside a test was not wrapped in act(...).

When testing, code that causes React state updates should be wrapped into act(...):

act(() => {
  /* fire events that update state */
});
/* assert on the output */

This ensures that you're testing the behavior the user would see in the browser. Learn more at https://reactjs.org/link/wrap-tests-with-act
    at PluginViewPage (/Users/C5406081/developer-portal-frontend/src/pages/PluginViewPage.tsx:43:40)
    at Router (/Users/C5406081/developer-portal-frontend/node_modules/react-router/dist/umd/react-router.development.js:1207:17)
    at MemoryRouter (/Users/C5406081/developer-portal-frontend/node_modules/react-router/dist/umd/react-router.development.js:1101:7)

stderr | tests/pages/AlertsPage/AlertsPage.test.tsx > AlertsPage > Search Functionality > filters alerts by summary annotation
❌ Failed to refresh token: Error: Token refresh failed: 401 Unauthorized
    at [90m/Users/C5406081/developer-portal-frontend/[39msrc/services/ApiClient.ts:180:17
[90m    at processTicksAndRejections (node:internal/process/task_queues:95:5)[39m
    at ApiClient.ensureToken [90m(/Users/C5406081/developer-portal-frontend/[39msrc/services/ApiClient.ts:218:12[90m)[39m
    at ApiClient.request [90m(/Users/C5406081/developer-portal-frontend/[39msrc/services/ApiClient.ts:236:7[90m)[39m

 ✓ tests/utils/developer-portal-helpers.test.ts (74 tests) 11ms
stderr | tests/pages/plugins/PluginViewPage.test.tsx > PluginViewPage > Navigation > should render back to marketplace button
Warning: An update to PluginViewPage inside a test was not wrapped in act(...).

When testing, code that causes React state updates should be wrapped into act(...):

act(() => {
  /* fire events that update state */
});
/* assert on the output */

This ensures that you're testing the behavior the user would see in the browser. Learn more at https://reactjs.org/link/wrap-tests-with-act
    at PluginViewPage (/Users/C5406081/developer-portal-frontend/src/pages/PluginViewPage.tsx:43:40)
    at Router (/Users/C5406081/developer-portal-frontend/node_modules/react-router/dist/umd/react-router.development.js:1207:17)
    at MemoryRouter (/Users/C5406081/developer-portal-frontend/node_modules/react-router/dist/umd/react-router.development.js:1101:7)

stderr | tests/pages/plugins/PluginViewPage.test.tsx > PluginViewPage > SessionStorage Cleanup > should clear plugin backend proxy from sessionStorage
Warning: An update to PluginViewPage inside a test was not wrapped in act(...).

When testing, code that causes React state updates should be wrapped into act(...):

act(() => {
  /* fire events that update state */
});
/* assert on the output */

This ensures that you're testing the behavior the user would see in the browser. Learn more at https://reactjs.org/link/wrap-tests-with-act
    at PluginViewPage (/Users/C5406081/developer-portal-frontend/src/pages/PluginViewPage.tsx:43:40)
    at Router (/Users/C5406081/developer-portal-frontend/node_modules/react-router/dist/umd/react-router.development.js:1207:17)
    at MemoryRouter (/Users/C5406081/developer-portal-frontend/node_modules/react-router/dist/umd/react-router.development.js:1101:7)

stderr | tests/pages/plugins/PluginViewPage.test.tsx > PluginViewPage > Edge Cases > should handle plugin without version
Warning: An update to PluginViewPage inside a test was not wrapped in act(...).

When testing, code that causes React state updates should be wrapped into act(...):

act(() => {
  /* fire events that update state */
});
/* assert on the output */

This ensures that you're testing the behavior the user would see in the browser. Learn more at https://reactjs.org/link/wrap-tests-with-act
    at PluginViewPage (/Users/C5406081/developer-portal-frontend/src/pages/PluginViewPage.tsx:43:40)
    at Router (/Users/C5406081/developer-portal-frontend/node_modules/react-router/dist/umd/react-router.development.js:1207:17)
    at MemoryRouter (/Users/C5406081/developer-portal-frontend/node_modules/react-router/dist/umd/react-router.development.js:1101:7)

stderr | tests/pages/plugins/PluginViewPage.test.tsx > PluginViewPage > Edge Cases > should handle plugin without owner
Warning: An update to PluginViewPage inside a test was not wrapped in act(...).

When testing, code that causes React state updates should be wrapped into act(...):

act(() => {
  /* fire events that update state */
});
/* assert on the output */

This ensures that you're testing the behavior the user would see in the browser. Learn more at https://reactjs.org/link/wrap-tests-with-act
    at PluginViewPage (/Users/C5406081/developer-portal-frontend/src/pages/PluginViewPage.tsx:43:40)
    at Router (/Users/C5406081/developer-portal-frontend/node_modules/react-router/dist/umd/react-router.development.js:1207:17)
    at MemoryRouter (/Users/C5406081/developer-portal-frontend/node_modules/react-router/dist/umd/react-router.development.js:1101:7)

stderr | tests/pages/plugins/PluginViewPage.test.tsx > PluginViewPage > Edge Cases > should handle plugin without icon
Warning: An update to PluginViewPage inside a test was not wrapped in act(...).

When testing, code that causes React state updates should be wrapped into act(...):

act(() => {
  /* fire events that update state */
});
/* assert on the output */

This ensures that you're testing the behavior the user would see in the browser. Learn more at https://reactjs.org/link/wrap-tests-with-act
    at PluginViewPage (/Users/C5406081/developer-portal-frontend/src/pages/PluginViewPage.tsx:43:40)
    at Router (/Users/C5406081/developer-portal-frontend/node_modules/react-router/dist/umd/react-router.development.js:1207:17)
    at MemoryRouter (/Users/C5406081/developer-portal-frontend/node_modules/react-router/dist/umd/react-router.development.js:1101:7)

 ✓ tests/pages/plugins/PluginViewPage.test.tsx (34 tests) 226ms
stderr | tests/pages/AlertsPage/AlertsPage.test.tsx > AlertsPage > Search Functionality > filters alerts by file name
❌ Failed to refresh token: Error: Token refresh failed: 401 Unauthorized
    at [90m/Users/C5406081/developer-portal-frontend/[39msrc/services/ApiClient.ts:180:17
[90m    at processTicksAndRejections (node:internal/process/task_queues:95:5)[39m
    at ApiClient.ensureToken [90m(/Users/C5406081/developer-portal-frontend/[39msrc/services/ApiClient.ts:218:12[90m)[39m
    at ApiClient.request [90m(/Users/C5406081/developer-portal-frontend/[39msrc/services/ApiClient.ts:236:7[90m)[39m

stderr | tests/pages/AlertsPage/AlertsPage.test.tsx > AlertsPage > Search Functionality > shows no results message when search yields no matches
❌ Failed to refresh token: Error: Token refresh failed: 401 Unauthorized
    at [90m/Users/C5406081/developer-portal-frontend/[39msrc/services/ApiClient.ts:180:17
[90m    at processTicksAndRejections (node:internal/process/task_queues:95:5)[39m
    at ApiClient.ensureToken [90m(/Users/C5406081/developer-portal-frontend/[39msrc/services/ApiClient.ts:218:12[90m)[39m
    at ApiClient.request [90m(/Users/C5406081/developer-portal-frontend/[39msrc/services/ApiClient.ts:236:7[90m)[39m

stderr | tests/pages/AlertsPage/AlertsPage.test.tsx > AlertsPage > Search Functionality > clears search results when search input is cleared
❌ Failed to refresh token: Error: Token refresh failed: 401 Unauthorized
    at [90m/Users/C5406081/developer-portal-frontend/[39msrc/services/ApiClient.ts:180:17
[90m    at processTicksAndRejections (node:internal/process/task_queues:95:5)[39m
    at ApiClient.ensureToken [90m(/Users/C5406081/developer-portal-frontend/[39msrc/services/ApiClient.ts:218:12[90m)[39m
    at ApiClient.request [90m(/Users/C5406081/developer-portal-frontend/[39msrc/services/ApiClient.ts:236:7[90m)[39m

 ✓ tests/components/tools/LandscapeFilter.test.tsx (51 tests) 436ms
stderr | tests/pages/AlertsPage/AlertsPage.test.tsx > AlertsPage > Severity Filtering > opens filter popup when clicking Filters button
❌ Failed to refresh token: Error: Token refresh failed: 401 Unauthorized
    at [90m/Users/C5406081/developer-portal-frontend/[39msrc/services/ApiClient.ts:180:17
[90m    at processTicksAndRejections (node:internal/process/task_queues:95:5)[39m

stderr | tests/pages/AlertsPage/AlertsPage.test.tsx > AlertsPage > Severity Filtering > displays applied filters when filters are selected
❌ Failed to refresh token: Error: Token refresh failed: 401 Unauthorized
    at [90m/Users/C5406081/developer-portal-frontend/[39msrc/services/ApiClient.ts:180:17
[90m    at processTicksAndRejections (node:internal/process/task_queues:95:5)[39m

stderr | tests/pages/AlertsPage/AlertsPage.test.tsx > AlertsPage > Alert Interactions > expands alert row when clicking alert name
❌ Failed to refresh token: Error: Token refresh failed: 401 Unauthorized
    at [90m/Users/C5406081/developer-portal-frontend/[39msrc/services/ApiClient.ts:180:17
[90m    at processTicksAndRejections (node:internal/process/task_queues:95:5)[39m

stderr | tests/pages/AlertsPage/AlertsPage.test.tsx > AlertsPage > Alert Interactions > opens edit dialog when clicking action button
❌ Failed to refresh token: Error: Token refresh failed: 401 Unauthorized
    at [90m/Users/C5406081/developer-portal-frontend/[39msrc/services/ApiClient.ts:180:17
[90m    at processTicksAndRejections (node:internal/process/task_queues:95:5)[39m
    at ApiClient.ensureToken [90m(/Users/C5406081/developer-portal-frontend/[39msrc/services/ApiClient.ts:218:12[90m)[39m
    at ApiClient.request [90m(/Users/C5406081/developer-portal-frontend/[39msrc/services/ApiClient.ts:236:7[90m)[39m

stderr | tests/pages/AlertsPage/AlertsPage.test.tsx > AlertsPage > Button Functionality > opens Add Alert dialog when clicking Add New Rule
❌ Failed to refresh token: Error: Token refresh failed: 401 Unauthorized
    at [90m/Users/C5406081/developer-portal-frontend/[39msrc/services/ApiClient.ts:180:17
[90m    at processTicksAndRejections (node:internal/process/task_queues:95:5)[39m

stderr | tests/pages/AlertsPage/AlertsPage.test.tsx > AlertsPage > Combined Filtering > applies search filters correctly
❌ Failed to refresh token: Error: Token refresh failed: 401 Unauthorized
    at [90m/Users/C5406081/developer-portal-frontend/[39msrc/services/ApiClient.ts:180:17
[90m    at processTicksAndRejections (node:internal/process/task_queues:95:5)[39m

stderr | tests/pages/AlertsPage/AlertsPage.test.tsx > AlertsPage > Combined Filtering > shows no results when search yields no matches
❌ Failed to refresh token: Error: Token refresh failed: 401 Unauthorized
    at [90m/Users/C5406081/developer-portal-frontend/[39msrc/services/ApiClient.ts:180:17
[90m    at processTicksAndRejections (node:internal/process/task_queues:95:5)[39m
    at ApiClient.ensureToken [90m(/Users/C5406081/developer-portal-frontend/[39msrc/services/ApiClient.ts:218:12[90m)[39m
    at ApiClient.request [90m(/Users/C5406081/developer-portal-frontend/[39msrc/services/ApiClient.ts:236:7[90m)[39m

stdout | tests/contexts/AuthContext.test.tsx > AuthContext > logout function > should set loading state during logout
🔍 AuthContext: isAuthenticated calculation { hasUser: [33mfalse[39m, bothAuth: [33mfalse[39m, isAuthenticated: [33mfalse[39m }
🔍 AuthContext: Initial useEffect { isLoginPage: [33mfalse[39m, pathname: [32m'/'[39m }
🔍 AuthContext: Not on login page, checking auth status...
🔍 AuthContext: checkAuthStatusAndSetUser started
🔍 AuthContext: checkAuthStatusAndSetUser completed
🔍 AuthContext: isAuthenticated calculation { hasUser: [33mfalse[39m, bothAuth: [33mfalse[39m, isAuthenticated: [33mfalse[39m }
🔍 AuthContext: isAuthenticated calculation { hasUser: [33mfalse[39m, bothAuth: [33mfalse[39m, isAuthenticated: [33mfalse[39m }

stderr | tests/pages/AlertsPage/AlertsPage.test.tsx
❌ Failed to refresh token: Error: Token refresh failed: 401 Unauthorized
    at [90m/Users/C5406081/developer-portal-frontend/[39msrc/services/ApiClient.ts:180:17
[90m    at processTicksAndRejections (node:internal/process/task_queues:95:5)[39m

 ✓ tests/pages/AlertsPage/AlertsPage.test.tsx (32 tests) 1004ms
 ✓ tests/hooks/useTriggeredAlertsFilters.test.tsx (16 tests) 32ms
 ✓ tests/components/tools/LandscapeToolsButtons.test.tsx (21 tests) 2075ms
stderr | tests/components/ProtectedRoute.test.tsx > ProtectedRoute > Loading State > should display loading spinner when isLoading is true
⚠️ React Router Future Flag Warning: React Router will begin wrapping state updates in `React.startTransition` in v7. You can use the `v7_startTransition` future flag to opt-in early. For more information, see https://reactrouter.com/v6/upgrading/future#v7_starttransition.
⚠️ React Router Future Flag Warning: Relative route resolution within Splat routes is changing in v7. You can use the `v7_relativeSplatPath` future flag to opt-in early. For more information, see https://reactrouter.com/v6/upgrading/future#v7_relativesplatpath.

 ✓ tests/components/ai-arena/MessageBubble.test.tsx (30 tests) 78ms
 ✓ tests/components/dialogs/AddLinkDialog.test.tsx (22 tests) 1210ms
 ✓ tests/components/ProtectedRoute.test.tsx (36 tests) 123ms
stdout | tests/contexts/AuthContext.test.tsx > AuthContext > logout function > should handle logout errors gracefully
🔍 AuthContext: isAuthenticated calculation { hasUser: [33mfalse[39m, bothAuth: [33mfalse[39m, isAuthenticated: [33mfalse[39m }
🔍 AuthContext: Initial useEffect { isLoginPage: [33mfalse[39m, pathname: [32m'/'[39m }
🔍 AuthContext: Not on login page, checking auth status...
🔍 AuthContext: checkAuthStatusAndSetUser started
🔍 AuthContext: checkAuthStatusAndSetUser completed
🔍 AuthContext: isAuthenticated calculation { hasUser: [33mfalse[39m, bothAuth: [33mfalse[39m, isAuthenticated: [33mfalse[39m }
🔍 AuthContext: isAuthenticated calculation { hasUser: [33mfalse[39m, bothAuth: [33mfalse[39m, isAuthenticated: [33mfalse[39m }

stderr | tests/integration-tests/Team.integration.test.tsx > Team Component Integration Tests > Basic Rendering > should render overview tab by default
⚠️ React Router Future Flag Warning: React Router will begin wrapping state updates in `React.startTransition` in v7. You can use the `v7_startTransition` future flag to opt-in early. For more information, see https://reactrouter.com/v6/upgrading/future#v7_starttransition.
⚠️ React Router Future Flag Warning: Relative route resolution within Splat routes is changing in v7. You can use the `v7_relativeSplatPath` future flag to opt-in early. For more information, see https://reactrouter.com/v6/upgrading/future#v7_relativesplatpath.

 ✓ tests/integration-tests/Team.integration.test.tsx (17 tests) 71ms
stderr | tests/components/Team/Team.test.tsx > Team > Rendering > should render TeamMemberDialog
⚠️ React Router Future Flag Warning: React Router will begin wrapping state updates in `React.startTransition` in v7. You can use the `v7_startTransition` future flag to opt-in early. For more information, see https://reactrouter.com/v6/upgrading/future#v7_starttransition.
⚠️ React Router Future Flag Warning: Relative route resolution within Splat routes is changing in v7. You can use the `v7_relativeSplatPath` future flag to opt-in early. For more information, see https://reactrouter.com/v6/upgrading/future#v7_relativesplatpath.

 ✓ tests/components/Team/Team.test.tsx (40 tests) 49ms
 ✓ tests/pages/plugins/PluginHeader.test.tsx (51 tests) 165ms
 ✓ tests/services/ApiClient.test.ts (27 tests) 114ms
 ✓ tests/pages/plugins/PluginContainer.test.tsx (44 tests) 51ms
 ✓ tests/hooks/useScheduleExcel.test.ts (17 tests) 25ms
stdout | tests/contexts/AuthContext.test.tsx > AuthContext > logout function > should handle logout service failure and keep user state
🔍 AuthContext: isAuthenticated calculation { hasUser: [33mfalse[39m, bothAuth: [33mfalse[39m, isAuthenticated: [33mfalse[39m }
🔍 AuthContext: Initial useEffect { isLoginPage: [33mfalse[39m, pathname: [32m'/'[39m }
🔍 AuthContext: Not on login page, checking auth status...
🔍 AuthContext: checkAuthStatusAndSetUser started
🔍 AuthContext: checkAuthStatusAndSetUser completed
🔍 AuthContext: isAuthenticated calculation { hasUser: [33mfalse[39m, bothAuth: [33mfalse[39m, isAuthenticated: [33mfalse[39m }
🔍 AuthContext: isAuthenticated calculation { hasUser: [33mfalse[39m, bothAuth: [33mfalse[39m, isAuthenticated: [33mfalse[39m }

 ✓ tests/components/homepage/QuickLinksTab.test.tsx (39 tests) 329ms
 ✓ tests/components/settings/ProjectVisibilitySection.test.tsx (51 tests) 335ms
stderr | tests/components/Team/TeamJiraIssues.test.tsx > TeamJiraIssues > Edge Cases > handles missing jiraFilters
TypeError: Cannot destructure property 'filteredIssues' of 'jiraFilters' as it is null.
    at TeamJiraIssues (/Users/C5406081/developer-portal-frontend/src/components/Team/TeamJiraIssues.tsx:14:5)
    at renderWithHooks (/Users/C5406081/developer-portal-frontend/node_modules/react-dom/cjs/react-dom.development.js:15486:18)
    at mountIndeterminateComponent (/Users/C5406081/developer-portal-frontend/node_modules/react-dom/cjs/react-dom.development.js:20103:13)
    at beginWork (/Users/C5406081/developer-portal-frontend/node_modules/react-dom/cjs/react-dom.development.js:21626:16)
    at HTMLUnknownElement.callCallback (/Users/C5406081/developer-portal-frontend/node_modules/react-dom/cjs/react-dom.development.js:4164:14)
    at HTMLUnknownElement.callTheUserObjectsOperation (/Users/C5406081/developer-portal-frontend/node_modules/jsdom/lib/jsdom/living/generated/EventListener.js:26:30)
    at innerInvokeEventListeners (/Users/C5406081/developer-portal-frontend/node_modules/jsdom/lib/jsdom/living/events/EventTarget-impl.js:360:16)
    at invokeEventListeners (/Users/C5406081/developer-portal-frontend/node_modules/jsdom/lib/jsdom/living/events/EventTarget-impl.js:296:3)
    at HTMLUnknownElementImpl._dispatch (/Users/C5406081/developer-portal-frontend/node_modules/jsdom/lib/jsdom/living/events/EventTarget-impl.js:243:9)
    at HTMLUnknownElementImpl.dispatchEvent (/Users/C5406081/developer-portal-frontend/node_modules/jsdom/lib/jsdom/living/events/EventTarget-impl.js:114:17)
TypeError: Cannot destructure property 'filteredIssues' of 'jiraFilters' as it is null.
    at TeamJiraIssues (/Users/C5406081/developer-portal-frontend/src/components/Team/TeamJiraIssues.tsx:14:5)
    at renderWithHooks (/Users/C5406081/developer-portal-frontend/node_modules/react-dom/cjs/react-dom.development.js:15486:18)
    at mountIndeterminateComponent (/Users/C5406081/developer-portal-frontend/node_modules/react-dom/cjs/react-dom.development.js:20103:13)
    at beginWork (/Users/C5406081/developer-portal-frontend/node_modules/react-dom/cjs/react-dom.development.js:21626:16)
    at HTMLUnknownElement.callCallback (/Users/C5406081/developer-portal-frontend/node_modules/react-dom/cjs/react-dom.development.js:4164:14)
    at HTMLUnknownElement.callTheUserObjectsOperation (/Users/C5406081/developer-portal-frontend/node_modules/jsdom/lib/jsdom/living/generated/EventListener.js:26:30)
    at innerInvokeEventListeners (/Users/C5406081/developer-portal-frontend/node_modules/jsdom/lib/jsdom/living/events/EventTarget-impl.js:360:16)
    at invokeEventListeners (/Users/C5406081/developer-portal-frontend/node_modules/jsdom/lib/jsdom/living/events/EventTarget-impl.js:296:3)
    at HTMLUnknownElementImpl._dispatch (/Users/C5406081/developer-portal-frontend/node_modules/jsdom/lib/jsdom/living/events/EventTarget-impl.js:243:9)
    at HTMLUnknownElementImpl.dispatchEvent (/Users/C5406081/developer-portal-frontend/node_modules/jsdom/lib/jsdom/living/events/EventTarget-impl.js:114:17)
The above error occurred in the <TeamJiraIssues> component:

    at TeamJiraIssues (/Users/C5406081/developer-portal-frontend/src/components/Team/TeamJiraIssues.tsx:20:5)

Consider adding an error boundary to your tree to customize error handling behavior.
Visit https://reactjs.org/link/error-boundaries to learn more about error boundaries.

stderr | tests/components/Team/TeamJiraIssues.test.tsx > TeamJiraIssues > Context Integration > handles context errors
Error: Context error
    at Module.<anonymous> (/Users/C5406081/developer-portal-frontend/tests/components/Team/TeamJiraIssues.test.tsx:537:15)
    at Module.mockCall (file:///Users/C5406081/developer-portal-frontend/node_modules/@vitest/spy/dist/index.js:96:15)
    at Module.useTeamContext (file:///Users/C5406081/developer-portal-frontend/node_modules/tinyspy/dist/index.js:47:80)
    at TeamJiraIssues (/Users/C5406081/developer-portal-frontend/src/components/Team/TeamJiraIssues.tsx:11:36)
    at renderWithHooks (/Users/C5406081/developer-portal-frontend/node_modules/react-dom/cjs/react-dom.development.js:15486:18)
    at mountIndeterminateComponent (/Users/C5406081/developer-portal-frontend/node_modules/react-dom/cjs/react-dom.development.js:20103:13)
    at beginWork (/Users/C5406081/developer-portal-frontend/node_modules/react-dom/cjs/react-dom.development.js:21626:16)
    at HTMLUnknownElement.callCallback (/Users/C5406081/developer-portal-frontend/node_modules/react-dom/cjs/react-dom.development.js:4164:14)
    at HTMLUnknownElement.callTheUserObjectsOperation (/Users/C5406081/developer-portal-frontend/node_modules/jsdom/lib/jsdom/living/generated/EventListener.js:26:30)
    at innerInvokeEventListeners (/Users/C5406081/developer-portal-frontend/node_modules/jsdom/lib/jsdom/living/events/EventTarget-impl.js:360:16)
Error: Context error
    at Module.<anonymous> (/Users/C5406081/developer-portal-frontend/tests/components/Team/TeamJiraIssues.test.tsx:537:15)
    at Module.mockCall (file:///Users/C5406081/developer-portal-frontend/node_modules/@vitest/spy/dist/index.js:96:15)
    at Module.useTeamContext (file:///Users/C5406081/developer-portal-frontend/node_modules/tinyspy/dist/index.js:47:80)
    at TeamJiraIssues (/Users/C5406081/developer-portal-frontend/src/components/Team/TeamJiraIssues.tsx:11:36)
    at renderWithHooks (/Users/C5406081/developer-portal-frontend/node_modules/react-dom/cjs/react-dom.development.js:15486:18)
    at mountIndeterminateComponent (/Users/C5406081/developer-portal-frontend/node_modules/react-dom/cjs/react-dom.development.js:20103:13)
    at beginWork (/Users/C5406081/developer-portal-frontend/node_modules/react-dom/cjs/react-dom.development.js:21626:16)
    at HTMLUnknownElement.callCallback (/Users/C5406081/developer-portal-frontend/node_modules/react-dom/cjs/react-dom.development.js:4164:14)
    at HTMLUnknownElement.callTheUserObjectsOperation (/Users/C5406081/developer-portal-frontend/node_modules/jsdom/lib/jsdom/living/generated/EventListener.js:26:30)
    at innerInvokeEventListeners (/Users/C5406081/developer-portal-frontend/node_modules/jsdom/lib/jsdom/living/events/EventTarget-impl.js:360:16)
The above error occurred in the <TeamJiraIssues> component:

    at TeamJiraIssues (/Users/C5406081/developer-portal-frontend/src/components/Team/TeamJiraIssues.tsx:20:5)

Consider adding an error boundary to your tree to customize error handling behavior.
Visit https://reactjs.org/link/error-boundaries to learn more about error boundaries.

 ✓ tests/components/SmallCardsBlock.test.tsx (55 tests) 1722ms
   ✓ SmallCardsBlock > Tooltips > should display tooltip content on hover  845ms
   ✓ SmallCardsBlock > Tooltips > should position tooltip above the icon  756ms
 ✓ tests/components/Team/TeamJiraIssues.test.tsx (16 tests) 187ms
 ✓ tests/services/githubApi.test.ts (27 tests) 6ms
stdout | tests/contexts/AuthContext.test.tsx > AuthContext > refreshAuth function > should refresh user data successfully
🔍 AuthContext: isAuthenticated calculation { hasUser: [33mfalse[39m, bothAuth: [33mfalse[39m, isAuthenticated: [33mfalse[39m }
🔍 AuthContext: Initial useEffect { isLoginPage: [33mtrue[39m, pathname: [32m'/login'[39m }
🔍 AuthContext: On login page, skipping auth check
🔍 AuthContext: isAuthenticated calculation { hasUser: [33mfalse[39m, bothAuth: [33mfalse[39m, isAuthenticated: [33mfalse[39m }

stdout | tests/contexts/AuthContext.test.tsx > AuthContext > refreshAuth function > should refresh user data successfully
🔍 AuthContext: isAuthenticated calculation { hasUser: [33mfalse[39m, bothAuth: [33mfalse[39m, isAuthenticated: [33mfalse[39m }

stderr | tests/pages/ComponentViewPage/ComponentViewPage.test.tsx > ComponentViewPage > should render ComponentViewPage with BreadcrumbPage wrapper
⚠️ React Router Future Flag Warning: React Router will begin wrapping state updates in `React.startTransition` in v7. You can use the `v7_startTransition` future flag to opt-in early. For more information, see https://reactrouter.com/v6/upgrading/future#v7_starttransition.
⚠️ React Router Future Flag Warning: Relative route resolution within Splat routes is changing in v7. You can use the `v7_relativeSplatPath` future flag to opt-in early. For more information, see https://reactrouter.com/v6/upgrading/future#v7_relativesplatpath.
Warning: An update to ComponentViewPage inside a test was not wrapped in act(...).

When testing, code that causes React state updates should be wrapped into act(...):

act(() => {
  /* fire events that update state */
});
/* assert on the output */

This ensures that you're testing the behavior the user would see in the browser. Learn more at https://reactjs.org/link/wrap-tests-with-act
    at ComponentViewPage (/Users/C5406081/developer-portal-frontend/src/pages/ComponentViewPage.tsx:32:40)
    at RenderedRoute (/Users/C5406081/developer-portal-frontend/node_modules/react-router/dist/umd/react-router.development.js:539:7)
    at Routes (/Users/C5406081/developer-portal-frontend/node_modules/react-router/dist/umd/react-router.development.js:1273:7)
    at Router (/Users/C5406081/developer-portal-frontend/node_modules/react-router/dist/umd/react-router.development.js:1207:17)
    at MemoryRouter (/Users/C5406081/developer-portal-frontend/node_modules/react-router/dist/umd/react-router.development.js:1101:7)
Warning: An update to ComponentViewPage inside a test was not wrapped in act(...).

When testing, code that causes React state updates should be wrapped into act(...):

act(() => {
  /* fire events that update state */
});
/* assert on the output */

This ensures that you're testing the behavior the user would see in the browser. Learn more at https://reactjs.org/link/wrap-tests-with-act
    at ComponentViewPage (/Users/C5406081/developer-portal-frontend/src/pages/ComponentViewPage.tsx:32:40)
    at RenderedRoute (/Users/C5406081/developer-portal-frontend/node_modules/react-router/dist/umd/react-router.development.js:539:7)
    at Routes (/Users/C5406081/developer-portal-frontend/node_modules/react-router/dist/umd/react-router.development.js:1273:7)
    at Router (/Users/C5406081/developer-portal-frontend/node_modules/react-router/dist/umd/react-router.development.js:1207:17)
    at MemoryRouter (/Users/C5406081/developer-portal-frontend/node_modules/react-router/dist/umd/react-router.development.js:1101:7)
Warning: An update to ComponentViewPage inside a test was not wrapped in act(...).

When testing, code that causes React state updates should be wrapped into act(...):

act(() => {
  /* fire events that update state */
});
/* assert on the output */

This ensures that you're testing the behavior the user would see in the browser. Learn more at https://reactjs.org/link/wrap-tests-with-act
    at ComponentViewPage (/Users/C5406081/developer-portal-frontend/src/pages/ComponentViewPage.tsx:32:40)
    at RenderedRoute (/Users/C5406081/developer-portal-frontend/node_modules/react-router/dist/umd/react-router.development.js:539:7)
    at Routes (/Users/C5406081/developer-portal-frontend/node_modules/react-router/dist/umd/react-router.development.js:1273:7)
    at Router (/Users/C5406081/developer-portal-frontend/node_modules/react-router/dist/umd/react-router.development.js:1207:17)
    at MemoryRouter (/Users/C5406081/developer-portal-frontend/node_modules/react-router/dist/umd/react-router.development.js:1101:7)
Warning: An update to ComponentViewPage inside a test was not wrapped in act(...).

When testing, code that causes React state updates should be wrapped into act(...):

act(() => {
  /* fire events that update state */
});
/* assert on the output */

This ensures that you're testing the behavior the user would see in the browser. Learn more at https://reactjs.org/link/wrap-tests-with-act
    at ComponentViewPage (/Users/C5406081/developer-portal-frontend/src/pages/ComponentViewPage.tsx:32:40)
    at RenderedRoute (/Users/C5406081/developer-portal-frontend/node_modules/react-router/dist/umd/react-router.development.js:539:7)
    at Routes (/Users/C5406081/developer-portal-frontend/node_modules/react-router/dist/umd/react-router.development.js:1273:7)
    at Router (/Users/C5406081/developer-portal-frontend/node_modules/react-router/dist/umd/react-router.development.js:1207:17)
    at MemoryRouter (/Users/C5406081/developer-portal-frontend/node_modules/react-router/dist/umd/react-router.development.js:1101:7)

stderr | tests/pages/ComponentViewPage/ComponentViewPage.test.tsx > ComponentViewPage > should initialize with overview tab as default
Warning: An update to ComponentViewPage inside a test was not wrapped in act(...).

When testing, code that causes React state updates should be wrapped into act(...):

act(() => {
  /* fire events that update state */
});
/* assert on the output */

This ensures that you're testing the behavior the user would see in the browser. Learn more at https://reactjs.org/link/wrap-tests-with-act
    at ComponentViewPage (/Users/C5406081/developer-portal-frontend/src/pages/ComponentViewPage.tsx:32:40)
    at RenderedRoute (/Users/C5406081/developer-portal-frontend/node_modules/react-router/dist/umd/react-router.development.js:539:7)
    at Routes (/Users/C5406081/developer-portal-frontend/node_modules/react-router/dist/umd/react-router.development.js:1273:7)
    at Router (/Users/C5406081/developer-portal-frontend/node_modules/react-router/dist/umd/react-router.development.js:1207:17)
    at MemoryRouter (/Users/C5406081/developer-portal-frontend/node_modules/react-router/dist/umd/react-router.development.js:1101:7)
Warning: An update to ComponentViewPage inside a test was not wrapped in act(...).

When testing, code that causes React state updates should be wrapped into act(...):

act(() => {
  /* fire events that update state */
});
/* assert on the output */

This ensures that you're testing the behavior the user would see in the browser. Learn more at https://reactjs.org/link/wrap-tests-with-act
    at ComponentViewPage (/Users/C5406081/developer-portal-frontend/src/pages/ComponentViewPage.tsx:32:40)
    at RenderedRoute (/Users/C5406081/developer-portal-frontend/node_modules/react-router/dist/umd/react-router.development.js:539:7)
    at Routes (/Users/C5406081/developer-portal-frontend/node_modules/react-router/dist/umd/react-router.development.js:1273:7)
    at Router (/Users/C5406081/developer-portal-frontend/node_modules/react-router/dist/umd/react-router.development.js:1207:17)
    at MemoryRouter (/Users/C5406081/developer-portal-frontend/node_modules/react-router/dist/umd/react-router.development.js:1101:7)
Warning: An update to ComponentViewPage inside a test was not wrapped in act(...).

When testing, code that causes React state updates should be wrapped into act(...):

act(() => {
  /* fire events that update state */
});
/* assert on the output */

This ensures that you're testing the behavior the user would see in the browser. Learn more at https://reactjs.org/link/wrap-tests-with-act
    at ComponentViewPage (/Users/C5406081/developer-portal-frontend/src/pages/ComponentViewPage.tsx:32:40)
    at RenderedRoute (/Users/C5406081/developer-portal-frontend/node_modules/react-router/dist/umd/react-router.development.js:539:7)
    at Routes (/Users/C5406081/developer-portal-frontend/node_modules/react-router/dist/umd/react-router.development.js:1273:7)
    at Router (/Users/C5406081/developer-portal-frontend/node_modules/react-router/dist/umd/react-router.development.js:1207:17)
    at MemoryRouter (/Users/C5406081/developer-portal-frontend/node_modules/react-router/dist/umd/react-router.development.js:1101:7)
Warning: An update to ComponentViewPage inside a test was not wrapped in act(...).

When testing, code that causes React state updates should be wrapped into act(...):

act(() => {
  /* fire events that update state */
});
/* assert on the output */

This ensures that you're testing the behavior the user would see in the browser. Learn more at https://reactjs.org/link/wrap-tests-with-act
    at ComponentViewPage (/Users/C5406081/developer-portal-frontend/src/pages/ComponentViewPage.tsx:32:40)
    at RenderedRoute (/Users/C5406081/developer-portal-frontend/node_modules/react-router/dist/umd/react-router.development.js:539:7)
    at Routes (/Users/C5406081/developer-portal-frontend/node_modules/react-router/dist/umd/react-router.development.js:1273:7)
    at Router (/Users/C5406081/developer-portal-frontend/node_modules/react-router/dist/umd/react-router.development.js:1207:17)
    at MemoryRouter (/Users/C5406081/developer-portal-frontend/node_modules/react-router/dist/umd/react-router.development.js:1101:7)

stderr | tests/pages/ComponentViewPage/ComponentViewPage.test.tsx > ComponentViewPage > should fetch component data by name from URL params
Warning: An update to ComponentViewPage inside a test was not wrapped in act(...).

When testing, code that causes React state updates should be wrapped into act(...):

act(() => {
  /* fire events that update state */
});
/* assert on the output */

This ensures that you're testing the behavior the user would see in the browser. Learn more at https://reactjs.org/link/wrap-tests-with-act
    at ComponentViewPage (/Users/C5406081/developer-portal-frontend/src/pages/ComponentViewPage.tsx:32:40)
    at RenderedRoute (/Users/C5406081/developer-portal-frontend/node_modules/react-router/dist/umd/react-router.development.js:539:7)
    at Routes (/Users/C5406081/developer-portal-frontend/node_modules/react-router/dist/umd/react-router.development.js:1273:7)
    at Router (/Users/C5406081/developer-portal-frontend/node_modules/react-router/dist/umd/react-router.development.js:1207:17)
    at MemoryRouter (/Users/C5406081/developer-portal-frontend/node_modules/react-router/dist/umd/react-router.development.js:1101:7)
Warning: An update to ComponentViewPage inside a test was not wrapped in act(...).

When testing, code that causes React state updates should be wrapped into act(...):

act(() => {
  /* fire events that update state */
});
/* assert on the output */

This ensures that you're testing the behavior the user would see in the browser. Learn more at https://reactjs.org/link/wrap-tests-with-act
    at ComponentViewPage (/Users/C5406081/developer-portal-frontend/src/pages/ComponentViewPage.tsx:32:40)
    at RenderedRoute (/Users/C5406081/developer-portal-frontend/node_modules/react-router/dist/umd/react-router.development.js:539:7)
    at Routes (/Users/C5406081/developer-portal-frontend/node_modules/react-router/dist/umd/react-router.development.js:1273:7)
    at Router (/Users/C5406081/developer-portal-frontend/node_modules/react-router/dist/umd/react-router.development.js:1207:17)
    at MemoryRouter (/Users/C5406081/developer-portal-frontend/node_modules/react-router/dist/umd/react-router.development.js:1101:7)
Warning: An update to ComponentViewPage inside a test was not wrapped in act(...).

When testing, code that causes React state updates should be wrapped into act(...):

act(() => {
  /* fire events that update state */
});
/* assert on the output */

This ensures that you're testing the behavior the user would see in the browser. Learn more at https://reactjs.org/link/wrap-tests-with-act
    at ComponentViewPage (/Users/C5406081/developer-portal-frontend/src/pages/ComponentViewPage.tsx:32:40)
    at RenderedRoute (/Users/C5406081/developer-portal-frontend/node_modules/react-router/dist/umd/react-router.development.js:539:7)
    at Routes (/Users/C5406081/developer-portal-frontend/node_modules/react-router/dist/umd/react-router.development.js:1273:7)
    at Router (/Users/C5406081/developer-portal-frontend/node_modules/react-router/dist/umd/react-router.development.js:1207:17)
    at MemoryRouter (/Users/C5406081/developer-portal-frontend/node_modules/react-router/dist/umd/react-router.development.js:1101:7)
Warning: An update to ComponentViewPage inside a test was not wrapped in act(...).

When testing, code that causes React state updates should be wrapped into act(...):

act(() => {
  /* fire events that update state */
});
/* assert on the output */

This ensures that you're testing the behavior the user would see in the browser. Learn more at https://reactjs.org/link/wrap-tests-with-act
    at ComponentViewPage (/Users/C5406081/developer-portal-frontend/src/pages/ComponentViewPage.tsx:32:40)
    at RenderedRoute (/Users/C5406081/developer-portal-frontend/node_modules/react-router/dist/umd/react-router.development.js:539:7)
    at Routes (/Users/C5406081/developer-portal-frontend/node_modules/react-router/dist/umd/react-router.development.js:1273:7)
    at Router (/Users/C5406081/developer-portal-frontend/node_modules/react-router/dist/umd/react-router.development.js:1207:17)
    at MemoryRouter (/Users/C5406081/developer-portal-frontend/node_modules/react-router/dist/umd/react-router.development.js:1101:7)

stderr | tests/pages/ComponentViewPage/ComponentViewPage.test.tsx > ComponentViewPage > should pass selected landscape to overview component
Warning: An update to ComponentViewPage inside a test was not wrapped in act(...).

When testing, code that causes React state updates should be wrapped into act(...):

act(() => {
  /* fire events that update state */
});
/* assert on the output */

This ensures that you're testing the behavior the user would see in the browser. Learn more at https://reactjs.org/link/wrap-tests-with-act
    at ComponentViewPage (/Users/C5406081/developer-portal-frontend/src/pages/ComponentViewPage.tsx:32:40)
    at RenderedRoute (/Users/C5406081/developer-portal-frontend/node_modules/react-router/dist/umd/react-router.development.js:539:7)
    at Routes (/Users/C5406081/developer-portal-frontend/node_modules/react-router/dist/umd/react-router.development.js:1273:7)
    at Router (/Users/C5406081/developer-portal-frontend/node_modules/react-router/dist/umd/react-router.development.js:1207:17)
    at MemoryRouter (/Users/C5406081/developer-portal-frontend/node_modules/react-router/dist/umd/react-router.development.js:1101:7)
Warning: An update to ComponentViewPage inside a test was not wrapped in act(...).

When testing, code that causes React state updates should be wrapped into act(...):

act(() => {
  /* fire events that update state */
});
/* assert on the output */

This ensures that you're testing the behavior the user would see in the browser. Learn more at https://reactjs.org/link/wrap-tests-with-act
    at ComponentViewPage (/Users/C5406081/developer-portal-frontend/src/pages/ComponentViewPage.tsx:32:40)
    at RenderedRoute (/Users/C5406081/developer-portal-frontend/node_modules/react-router/dist/umd/react-router.development.js:539:7)
    at Routes (/Users/C5406081/developer-portal-frontend/node_modules/react-router/dist/umd/react-router.development.js:1273:7)
    at Router (/Users/C5406081/developer-portal-frontend/node_modules/react-router/dist/umd/react-router.development.js:1207:17)
    at MemoryRouter (/Users/C5406081/developer-portal-frontend/node_modules/react-router/dist/umd/react-router.development.js:1101:7)
Warning: An update to ComponentViewPage inside a test was not wrapped in act(...).

When testing, code that causes React state updates should be wrapped into act(...):

act(() => {
  /* fire events that update state */
});
/* assert on the output */

This ensures that you're testing the behavior the user would see in the browser. Learn more at https://reactjs.org/link/wrap-tests-with-act
    at ComponentViewPage (/Users/C5406081/developer-portal-frontend/src/pages/ComponentViewPage.tsx:32:40)
    at RenderedRoute (/Users/C5406081/developer-portal-frontend/node_modules/react-router/dist/umd/react-router.development.js:539:7)
    at Routes (/Users/C5406081/developer-portal-frontend/node_modules/react-router/dist/umd/react-router.development.js:1273:7)
    at Router (/Users/C5406081/developer-portal-frontend/node_modules/react-router/dist/umd/react-router.development.js:1207:17)
    at MemoryRouter (/Users/C5406081/developer-portal-frontend/node_modules/react-router/dist/umd/react-router.development.js:1101:7)
Warning: An update to ComponentViewPage inside a test was not wrapped in act(...).

When testing, code that causes React state updates should be wrapped into act(...):

act(() => {
  /* fire events that update state */
});
/* assert on the output */

This ensures that you're testing the behavior the user would see in the browser. Learn more at https://reactjs.org/link/wrap-tests-with-act
    at ComponentViewPage (/Users/C5406081/developer-portal-frontend/src/pages/ComponentViewPage.tsx:32:40)
    at RenderedRoute (/Users/C5406081/developer-portal-frontend/node_modules/react-router/dist/umd/react-router.development.js:539:7)
    at Routes (/Users/C5406081/developer-portal-frontend/node_modules/react-router/dist/umd/react-router.development.js:1273:7)
    at Router (/Users/C5406081/developer-portal-frontend/node_modules/react-router/dist/umd/react-router.development.js:1207:17)
    at MemoryRouter (/Users/C5406081/developer-portal-frontend/node_modules/react-router/dist/umd/react-router.development.js:1101:7)

stderr | tests/pages/ComponentViewPage/ComponentViewPage.test.tsx > ComponentViewPage > should show health loading state
Warning: An update to ComponentViewPage inside a test was not wrapped in act(...).

When testing, code that causes React state updates should be wrapped into act(...):

act(() => {
  /* fire events that update state */
});
/* assert on the output */

This ensures that you're testing the behavior the user would see in the browser. Learn more at https://reactjs.org/link/wrap-tests-with-act
    at ComponentViewPage (/Users/C5406081/developer-portal-frontend/src/pages/ComponentViewPage.tsx:32:40)
    at RenderedRoute (/Users/C5406081/developer-portal-frontend/node_modules/react-router/dist/umd/react-router.development.js:539:7)
    at Routes (/Users/C5406081/developer-portal-frontend/node_modules/react-router/dist/umd/react-router.development.js:1273:7)
    at Router (/Users/C5406081/developer-portal-frontend/node_modules/react-router/dist/umd/react-router.development.js:1207:17)
    at MemoryRouter (/Users/C5406081/developer-portal-frontend/node_modules/react-router/dist/umd/react-router.development.js:1101:7)
Warning: An update to ComponentViewPage inside a test was not wrapped in act(...).

When testing, code that causes React state updates should be wrapped into act(...):

act(() => {
  /* fire events that update state */
});
/* assert on the output */

This ensures that you're testing the behavior the user would see in the browser. Learn more at https://reactjs.org/link/wrap-tests-with-act
    at ComponentViewPage (/Users/C5406081/developer-portal-frontend/src/pages/ComponentViewPage.tsx:32:40)
    at RenderedRoute (/Users/C5406081/developer-portal-frontend/node_modules/react-router/dist/umd/react-router.development.js:539:7)
    at Routes (/Users/C5406081/developer-portal-frontend/node_modules/react-router/dist/umd/react-router.development.js:1273:7)
    at Router (/Users/C5406081/developer-portal-frontend/node_modules/react-router/dist/umd/react-router.development.js:1207:17)
    at MemoryRouter (/Users/C5406081/developer-portal-frontend/node_modules/react-router/dist/umd/react-router.development.js:1101:7)
Warning: An update to ComponentViewPage inside a test was not wrapped in act(...).

When testing, code that causes React state updates should be wrapped into act(...):

act(() => {
  /* fire events that update state */
});
/* assert on the output */

This ensures that you're testing the behavior the user would see in the browser. Learn more at https://reactjs.org/link/wrap-tests-with-act
    at ComponentViewPage (/Users/C5406081/developer-portal-frontend/src/pages/ComponentViewPage.tsx:32:40)
    at RenderedRoute (/Users/C5406081/developer-portal-frontend/node_modules/react-router/dist/umd/react-router.development.js:539:7)
    at Routes (/Users/C5406081/developer-portal-frontend/node_modules/react-router/dist/umd/react-router.development.js:1273:7)
    at Router (/Users/C5406081/developer-portal-frontend/node_modules/react-router/dist/umd/react-router.development.js:1207:17)
    at MemoryRouter (/Users/C5406081/developer-portal-frontend/node_modules/react-router/dist/umd/react-router.development.js:1101:7)
Warning: An update to ComponentViewPage inside a test was not wrapped in act(...).

When testing, code that causes React state updates should be wrapped into act(...):

act(() => {
  /* fire events that update state */
});
/* assert on the output */

This ensures that you're testing the behavior the user would see in the browser. Learn more at https://reactjs.org/link/wrap-tests-with-act
    at ComponentViewPage (/Users/C5406081/developer-portal-frontend/src/pages/ComponentViewPage.tsx:32:40)
    at RenderedRoute (/Users/C5406081/developer-portal-frontend/node_modules/react-router/dist/umd/react-router.development.js:539:7)
    at Routes (/Users/C5406081/developer-portal-frontend/node_modules/react-router/dist/umd/react-router.development.js:1273:7)
    at Router (/Users/C5406081/developer-portal-frontend/node_modules/react-router/dist/umd/react-router.development.js:1207:17)
    at MemoryRouter (/Users/C5406081/developer-portal-frontend/node_modules/react-router/dist/umd/react-router.development.js:1101:7)

stderr | tests/pages/ComponentViewPage/ComponentViewPage.test.tsx > ComponentViewPage > should use project name from URL for cis20
Warning: An update to ComponentViewPage inside a test was not wrapped in act(...).

When testing, code that causes React state updates should be wrapped into act(...):

act(() => {
  /* fire events that update state */
});
/* assert on the output */

This ensures that you're testing the behavior the user would see in the browser. Learn more at https://reactjs.org/link/wrap-tests-with-act
    at ComponentViewPage (/Users/C5406081/developer-portal-frontend/src/pages/ComponentViewPage.tsx:32:40)
    at RenderedRoute (/Users/C5406081/developer-portal-frontend/node_modules/react-router/dist/umd/react-router.development.js:539:7)
    at Routes (/Users/C5406081/developer-portal-frontend/node_modules/react-router/dist/umd/react-router.development.js:1273:7)
    at Router (/Users/C5406081/developer-portal-frontend/node_modules/react-router/dist/umd/react-router.development.js:1207:17)
    at MemoryRouter (/Users/C5406081/developer-portal-frontend/node_modules/react-router/dist/umd/react-router.development.js:1101:7)
Warning: An update to ComponentViewPage inside a test was not wrapped in act(...).

When testing, code that causes React state updates should be wrapped into act(...):

act(() => {
  /* fire events that update state */
});
/* assert on the output */

This ensures that you're testing the behavior the user would see in the browser. Learn more at https://reactjs.org/link/wrap-tests-with-act
    at ComponentViewPage (/Users/C5406081/developer-portal-frontend/src/pages/ComponentViewPage.tsx:32:40)
    at RenderedRoute (/Users/C5406081/developer-portal-frontend/node_modules/react-router/dist/umd/react-router.development.js:539:7)
    at Routes (/Users/C5406081/developer-portal-frontend/node_modules/react-router/dist/umd/react-router.development.js:1273:7)
    at Router (/Users/C5406081/developer-portal-frontend/node_modules/react-router/dist/umd/react-router.development.js:1207:17)
    at MemoryRouter (/Users/C5406081/developer-portal-frontend/node_modules/react-router/dist/umd/react-router.development.js:1101:7)
Warning: An update to ComponentViewPage inside a test was not wrapped in act(...).

When testing, code that causes React state updates should be wrapped into act(...):

act(() => {
  /* fire events that update state */
});
/* assert on the output */

This ensures that you're testing the behavior the user would see in the browser. Learn more at https://reactjs.org/link/wrap-tests-with-act
    at ComponentViewPage (/Users/C5406081/developer-portal-frontend/src/pages/ComponentViewPage.tsx:32:40)
    at RenderedRoute (/Users/C5406081/developer-portal-frontend/node_modules/react-router/dist/umd/react-router.development.js:539:7)
    at Routes (/Users/C5406081/developer-portal-frontend/node_modules/react-router/dist/umd/react-router.development.js:1273:7)
    at Router (/Users/C5406081/developer-portal-frontend/node_modules/react-router/dist/umd/react-router.development.js:1207:17)
    at MemoryRouter (/Users/C5406081/developer-portal-frontend/node_modules/react-router/dist/umd/react-router.development.js:1101:7)
Warning: An update to ComponentViewPage inside a test was not wrapped in act(...).

When testing, code that causes React state updates should be wrapped into act(...):

act(() => {
  /* fire events that update state */
});
/* assert on the output */

This ensures that you're testing the behavior the user would see in the browser. Learn more at https://reactjs.org/link/wrap-tests-with-act
    at ComponentViewPage (/Users/C5406081/developer-portal-frontend/src/pages/ComponentViewPage.tsx:32:40)
    at RenderedRoute (/Users/C5406081/developer-portal-frontend/node_modules/react-router/dist/umd/react-router.development.js:539:7)
    at Routes (/Users/C5406081/developer-portal-frontend/node_modules/react-router/dist/umd/react-router.development.js:1273:7)
    at Router (/Users/C5406081/developer-portal-frontend/node_modules/react-router/dist/umd/react-router.development.js:1207:17)
    at MemoryRouter (/Users/C5406081/developer-portal-frontend/node_modules/react-router/dist/umd/react-router.development.js:1101:7)

stderr | tests/pages/ComponentViewPage/ComponentViewPage.test.tsx > ComponentViewPage > should handle CIS special route /cis/component/:componentId
Warning: An update to ComponentViewPage inside a test was not wrapped in act(...).

When testing, code that causes React state updates should be wrapped into act(...):

act(() => {
  /* fire events that update state */
});
/* assert on the output */

This ensures that you're testing the behavior the user would see in the browser. Learn more at https://reactjs.org/link/wrap-tests-with-act
    at ComponentViewPage (/Users/C5406081/developer-portal-frontend/src/pages/ComponentViewPage.tsx:32:40)
    at RenderedRoute (/Users/C5406081/developer-portal-frontend/node_modules/react-router/dist/umd/react-router.development.js:539:7)
    at Routes (/Users/C5406081/developer-portal-frontend/node_modules/react-router/dist/umd/react-router.development.js:1273:7)
    at Router (/Users/C5406081/developer-portal-frontend/node_modules/react-router/dist/umd/react-router.development.js:1207:17)
    at MemoryRouter (/Users/C5406081/developer-portal-frontend/node_modules/react-router/dist/umd/react-router.development.js:1101:7)
Warning: An update to ComponentViewPage inside a test was not wrapped in act(...).

When testing, code that causes React state updates should be wrapped into act(...):

act(() => {
  /* fire events that update state */
});
/* assert on the output */

This ensures that you're testing the behavior the user would see in the browser. Learn more at https://reactjs.org/link/wrap-tests-with-act
    at ComponentViewPage (/Users/C5406081/developer-portal-frontend/src/pages/ComponentViewPage.tsx:32:40)
    at RenderedRoute (/Users/C5406081/developer-portal-frontend/node_modules/react-router/dist/umd/react-router.development.js:539:7)
    at Routes (/Users/C5406081/developer-portal-frontend/node_modules/react-router/dist/umd/react-router.development.js:1273:7)
    at Router (/Users/C5406081/developer-portal-frontend/node_modules/react-router/dist/umd/react-router.development.js:1207:17)
    at MemoryRouter (/Users/C5406081/developer-portal-frontend/node_modules/react-router/dist/umd/react-router.development.js:1101:7)
Warning: An update to ComponentViewPage inside a test was not wrapped in act(...).

When testing, code that causes React state updates should be wrapped into act(...):

act(() => {
  /* fire events that update state */
});
/* assert on the output */

This ensures that you're testing the behavior the user would see in the browser. Learn more at https://reactjs.org/link/wrap-tests-with-act
    at ComponentViewPage (/Users/C5406081/developer-portal-frontend/src/pages/ComponentViewPage.tsx:32:40)
    at RenderedRoute (/Users/C5406081/developer-portal-frontend/node_modules/react-router/dist/umd/react-router.development.js:539:7)
    at Routes (/Users/C5406081/developer-portal-frontend/node_modules/react-router/dist/umd/react-router.development.js:1273:7)
    at Router (/Users/C5406081/developer-portal-frontend/node_modules/react-router/dist/umd/react-router.development.js:1207:17)
    at MemoryRouter (/Users/C5406081/developer-portal-frontend/node_modules/react-router/dist/umd/react-router.development.js:1101:7)
Warning: An update to ComponentViewPage inside a test was not wrapped in act(...).

When testing, code that causes React state updates should be wrapped into act(...):

act(() => {
  /* fire events that update state */
});
/* assert on the output */

This ensures that you're testing the behavior the user would see in the browser. Learn more at https://reactjs.org/link/wrap-tests-with-act
    at ComponentViewPage (/Users/C5406081/developer-portal-frontend/src/pages/ComponentViewPage.tsx:32:40)
    at RenderedRoute (/Users/C5406081/developer-portal-frontend/node_modules/react-router/dist/umd/react-router.development.js:539:7)
    at Routes (/Users/C5406081/developer-portal-frontend/node_modules/react-router/dist/umd/react-router.development.js:1273:7)
    at Router (/Users/C5406081/developer-portal-frontend/node_modules/react-router/dist/umd/react-router.development.js:1207:17)
    at MemoryRouter (/Users/C5406081/developer-portal-frontend/node_modules/react-router/dist/umd/react-router.development.js:1101:7)

stderr | tests/pages/ComponentViewPage/ComponentViewPage.test.tsx > ComponentViewPage > should display both tabs in TabsList
Warning: An update to ComponentViewPage inside a test was not wrapped in act(...).

When testing, code that causes React state updates should be wrapped into act(...):

act(() => {
  /* fire events that update state */
});
/* assert on the output */

This ensures that you're testing the behavior the user would see in the browser. Learn more at https://reactjs.org/link/wrap-tests-with-act
    at ComponentViewPage (/Users/C5406081/developer-portal-frontend/src/pages/ComponentViewPage.tsx:32:40)
    at RenderedRoute (/Users/C5406081/developer-portal-frontend/node_modules/react-router/dist/umd/react-router.development.js:539:7)
    at Routes (/Users/C5406081/developer-portal-frontend/node_modules/react-router/dist/umd/react-router.development.js:1273:7)
    at Router (/Users/C5406081/developer-portal-frontend/node_modules/react-router/dist/umd/react-router.development.js:1207:17)
    at MemoryRouter (/Users/C5406081/developer-portal-frontend/node_modules/react-router/dist/umd/react-router.development.js:1101:7)
Warning: An update to ComponentViewPage inside a test was not wrapped in act(...).

When testing, code that causes React state updates should be wrapped into act(...):

act(() => {
  /* fire events that update state */
});
/* assert on the output */

This ensures that you're testing the behavior the user would see in the browser. Learn more at https://reactjs.org/link/wrap-tests-with-act
    at ComponentViewPage (/Users/C5406081/developer-portal-frontend/src/pages/ComponentViewPage.tsx:32:40)
    at RenderedRoute (/Users/C5406081/developer-portal-frontend/node_modules/react-router/dist/umd/react-router.development.js:539:7)
    at Routes (/Users/C5406081/developer-portal-frontend/node_modules/react-router/dist/umd/react-router.development.js:1273:7)
    at Router (/Users/C5406081/developer-portal-frontend/node_modules/react-router/dist/umd/react-router.development.js:1207:17)
    at MemoryRouter (/Users/C5406081/developer-portal-frontend/node_modules/react-router/dist/umd/react-router.development.js:1101:7)
Warning: An update to ComponentViewPage inside a test was not wrapped in act(...).

When testing, code that causes React state updates should be wrapped into act(...):

act(() => {
  /* fire events that update state */
});
/* assert on the output */

This ensures that you're testing the behavior the user would see in the browser. Learn more at https://reactjs.org/link/wrap-tests-with-act
    at ComponentViewPage (/Users/C5406081/developer-portal-frontend/src/pages/ComponentViewPage.tsx:32:40)
    at RenderedRoute (/Users/C5406081/developer-portal-frontend/node_modules/react-router/dist/umd/react-router.development.js:539:7)
    at Routes (/Users/C5406081/developer-portal-frontend/node_modules/react-router/dist/umd/react-router.development.js:1273:7)
    at Router (/Users/C5406081/developer-portal-frontend/node_modules/react-router/dist/umd/react-router.development.js:1207:17)
    at MemoryRouter (/Users/C5406081/developer-portal-frontend/node_modules/react-router/dist/umd/react-router.development.js:1101:7)
Warning: An update to ComponentViewPage inside a test was not wrapped in act(...).

When testing, code that causes React state updates should be wrapped into act(...):

act(() => {
  /* fire events that update state */
});
/* assert on the output */

This ensures that you're testing the behavior the user would see in the browser. Learn more at https://reactjs.org/link/wrap-tests-with-act
    at ComponentViewPage (/Users/C5406081/developer-portal-frontend/src/pages/ComponentViewPage.tsx:32:40)
    at RenderedRoute (/Users/C5406081/developer-portal-frontend/node_modules/react-router/dist/umd/react-router.development.js:539:7)
    at Routes (/Users/C5406081/developer-portal-frontend/node_modules/react-router/dist/umd/react-router.development.js:1273:7)
    at Router (/Users/C5406081/developer-portal-frontend/node_modules/react-router/dist/umd/react-router.development.js:1207:17)
    at MemoryRouter (/Users/C5406081/developer-portal-frontend/node_modules/react-router/dist/umd/react-router.development.js:1101:7)

stderr | tests/pages/ComponentViewPage/ComponentViewPage.test.tsx > ComponentViewPage > should display Sonar data in overview tab
Warning: An update to ComponentViewPage inside a test was not wrapped in act(...).

When testing, code that causes React state updates should be wrapped into act(...):

act(() => {
  /* fire events that update state */
});
/* assert on the output */

This ensures that you're testing the behavior the user would see in the browser. Learn more at https://reactjs.org/link/wrap-tests-with-act
    at ComponentViewPage (/Users/C5406081/developer-portal-frontend/src/pages/ComponentViewPage.tsx:32:40)
    at RenderedRoute (/Users/C5406081/developer-portal-frontend/node_modules/react-router/dist/umd/react-router.development.js:539:7)
    at Routes (/Users/C5406081/developer-portal-frontend/node_modules/react-router/dist/umd/react-router.development.js:1273:7)
    at Router (/Users/C5406081/developer-portal-frontend/node_modules/react-router/dist/umd/react-router.development.js:1207:17)
    at MemoryRouter (/Users/C5406081/developer-portal-frontend/node_modules/react-router/dist/umd/react-router.development.js:1101:7)
Warning: An update to ComponentViewPage inside a test was not wrapped in act(...).

When testing, code that causes React state updates should be wrapped into act(...):

act(() => {
  /* fire events that update state */
});
/* assert on the output */

This ensures that you're testing the behavior the user would see in the browser. Learn more at https://reactjs.org/link/wrap-tests-with-act
    at ComponentViewPage (/Users/C5406081/developer-portal-frontend/src/pages/ComponentViewPage.tsx:32:40)
    at RenderedRoute (/Users/C5406081/developer-portal-frontend/node_modules/react-router/dist/umd/react-router.development.js:539:7)
    at Routes (/Users/C5406081/developer-portal-frontend/node_modules/react-router/dist/umd/react-router.development.js:1273:7)
    at Router (/Users/C5406081/developer-portal-frontend/node_modules/react-router/dist/umd/react-router.development.js:1207:17)
    at MemoryRouter (/Users/C5406081/developer-portal-frontend/node_modules/react-router/dist/umd/react-router.development.js:1101:7)
Warning: An update to ComponentViewPage inside a test was not wrapped in act(...).

When testing, code that causes React state updates should be wrapped into act(...):

act(() => {
  /* fire events that update state */
});
/* assert on the output */

This ensures that you're testing the behavior the user would see in the browser. Learn more at https://reactjs.org/link/wrap-tests-with-act
    at ComponentViewPage (/Users/C5406081/developer-portal-frontend/src/pages/ComponentViewPage.tsx:32:40)
    at RenderedRoute (/Users/C5406081/developer-portal-frontend/node_modules/react-router/dist/umd/react-router.development.js:539:7)
    at Routes (/Users/C5406081/developer-portal-frontend/node_modules/react-router/dist/umd/react-router.development.js:1273:7)
    at Router (/Users/C5406081/developer-portal-frontend/node_modules/react-router/dist/umd/react-router.development.js:1207:17)
    at MemoryRouter (/Users/C5406081/developer-portal-frontend/node_modules/react-router/dist/umd/react-router.development.js:1101:7)
Warning: An update to ComponentViewPage inside a test was not wrapped in act(...).

When testing, code that causes React state updates should be wrapped into act(...):

act(() => {
  /* fire events that update state */
});
/* assert on the output */

This ensures that you're testing the behavior the user would see in the browser. Learn more at https://reactjs.org/link/wrap-tests-with-act
    at ComponentViewPage (/Users/C5406081/developer-portal-frontend/src/pages/ComponentViewPage.tsx:32:40)
    at RenderedRoute (/Users/C5406081/developer-portal-frontend/node_modules/react-router/dist/umd/react-router.development.js:539:7)
    at Routes (/Users/C5406081/developer-portal-frontend/node_modules/react-router/dist/umd/react-router.development.js:1273:7)
    at Router (/Users/C5406081/developer-portal-frontend/node_modules/react-router/dist/umd/react-router.development.js:1207:17)
    at MemoryRouter (/Users/C5406081/developer-portal-frontend/node_modules/react-router/dist/umd/react-router.development.js:1101:7)

stderr | tests/pages/ComponentViewPage/ComponentViewPage.test.tsx > ComponentViewPage > should work with cloud-automation project
Warning: An update to ComponentViewPage inside a test was not wrapped in act(...).

When testing, code that causes React state updates should be wrapped into act(...):

act(() => {
  /* fire events that update state */
});
/* assert on the output */

This ensures that you're testing the behavior the user would see in the browser. Learn more at https://reactjs.org/link/wrap-tests-with-act
    at ComponentViewPage (/Users/C5406081/developer-portal-frontend/src/pages/ComponentViewPage.tsx:32:40)
    at RenderedRoute (/Users/C5406081/developer-portal-frontend/node_modules/react-router/dist/umd/react-router.development.js:539:7)
    at Routes (/Users/C5406081/developer-portal-frontend/node_modules/react-router/dist/umd/react-router.development.js:1273:7)
    at Router (/Users/C5406081/developer-portal-frontend/node_modules/react-router/dist/umd/react-router.development.js:1207:17)
    at MemoryRouter (/Users/C5406081/developer-portal-frontend/node_modules/react-router/dist/umd/react-router.development.js:1101:7)
Warning: An update to ComponentViewPage inside a test was not wrapped in act(...).

When testing, code that causes React state updates should be wrapped into act(...):

act(() => {
  /* fire events that update state */
});
/* assert on the output */

This ensures that you're testing the behavior the user would see in the browser. Learn more at https://reactjs.org/link/wrap-tests-with-act
    at ComponentViewPage (/Users/C5406081/developer-portal-frontend/src/pages/ComponentViewPage.tsx:32:40)
    at RenderedRoute (/Users/C5406081/developer-portal-frontend/node_modules/react-router/dist/umd/react-router.development.js:539:7)
    at Routes (/Users/C5406081/developer-portal-frontend/node_modules/react-router/dist/umd/react-router.development.js:1273:7)
    at Router (/Users/C5406081/developer-portal-frontend/node_modules/react-router/dist/umd/react-router.development.js:1207:17)
    at MemoryRouter (/Users/C5406081/developer-portal-frontend/node_modules/react-router/dist/umd/react-router.development.js:1101:7)
Warning: An update to ComponentViewPage inside a test was not wrapped in act(...).

When testing, code that causes React state updates should be wrapped into act(...):

act(() => {
  /* fire events that update state */
});
/* assert on the output */

This ensures that you're testing the behavior the user would see in the browser. Learn more at https://reactjs.org/link/wrap-tests-with-act
    at ComponentViewPage (/Users/C5406081/developer-portal-frontend/src/pages/ComponentViewPage.tsx:32:40)
    at RenderedRoute (/Users/C5406081/developer-portal-frontend/node_modules/react-router/dist/umd/react-router.development.js:539:7)
    at Routes (/Users/C5406081/developer-portal-frontend/node_modules/react-router/dist/umd/react-router.development.js:1273:7)
    at Router (/Users/C5406081/developer-portal-frontend/node_modules/react-router/dist/umd/react-router.development.js:1207:17)
    at MemoryRouter (/Users/C5406081/developer-portal-frontend/node_modules/react-router/dist/umd/react-router.development.js:1101:7)
Warning: An update to ComponentViewPage inside a test was not wrapped in act(...).

When testing, code that causes React state updates should be wrapped into act(...):

act(() => {
  /* fire events that update state */
});
/* assert on the output */

This ensures that you're testing the behavior the user would see in the browser. Learn more at https://reactjs.org/link/wrap-tests-with-act
    at ComponentViewPage (/Users/C5406081/developer-portal-frontend/src/pages/ComponentViewPage.tsx:32:40)
    at RenderedRoute (/Users/C5406081/developer-portal-frontend/node_modules/react-router/dist/umd/react-router.development.js:539:7)
    at Routes (/Users/C5406081/developer-portal-frontend/node_modules/react-router/dist/umd/react-router.development.js:1273:7)
    at Router (/Users/C5406081/developer-portal-frontend/node_modules/react-router/dist/umd/react-router.development.js:1207:17)
    at MemoryRouter (/Users/C5406081/developer-portal-frontend/node_modules/react-router/dist/umd/react-router.development.js:1101:7)

stderr | tests/pages/ComponentViewPage/ComponentViewPage.test.tsx > ComponentViewPage > Central service landscape logic > should correctly calculate isCentralLandscape when landscape is central
Warning: An update to ComponentViewPage inside a test was not wrapped in act(...).

When testing, code that causes React state updates should be wrapped into act(...):

act(() => {
  /* fire events that update state */
});
/* assert on the output */

This ensures that you're testing the behavior the user would see in the browser. Learn more at https://reactjs.org/link/wrap-tests-with-act
    at ComponentViewPage (/Users/C5406081/developer-portal-frontend/src/pages/ComponentViewPage.tsx:32:40)
    at RenderedRoute (/Users/C5406081/developer-portal-frontend/node_modules/react-router/dist/umd/react-router.development.js:539:7)
    at Routes (/Users/C5406081/developer-portal-frontend/node_modules/react-router/dist/umd/react-router.development.js:1273:7)
    at Router (/Users/C5406081/developer-portal-frontend/node_modules/react-router/dist/umd/react-router.development.js:1207:17)
    at MemoryRouter (/Users/C5406081/developer-portal-frontend/node_modules/react-router/dist/umd/react-router.development.js:1101:7)
Warning: An update to ComponentViewPage inside a test was not wrapped in act(...).

When testing, code that causes React state updates should be wrapped into act(...):

act(() => {
  /* fire events that update state */
});
/* assert on the output */

This ensures that you're testing the behavior the user would see in the browser. Learn more at https://reactjs.org/link/wrap-tests-with-act
    at ComponentViewPage (/Users/C5406081/developer-portal-frontend/src/pages/ComponentViewPage.tsx:32:40)
    at RenderedRoute (/Users/C5406081/developer-portal-frontend/node_modules/react-router/dist/umd/react-router.development.js:539:7)
    at Routes (/Users/C5406081/developer-portal-frontend/node_modules/react-router/dist/umd/react-router.development.js:1273:7)
    at Router (/Users/C5406081/developer-portal-frontend/node_modules/react-router/dist/umd/react-router.development.js:1207:17)
    at MemoryRouter (/Users/C5406081/developer-portal-frontend/node_modules/react-router/dist/umd/react-router.development.js:1101:7)
Warning: An update to ComponentViewPage inside a test was not wrapped in act(...).

When testing, code that causes React state updates should be wrapped into act(...):

act(() => {
  /* fire events that update state */
});
/* assert on the output */

This ensures that you're testing the behavior the user would see in the browser. Learn more at https://reactjs.org/link/wrap-tests-with-act
    at ComponentViewPage (/Users/C5406081/developer-portal-frontend/src/pages/ComponentViewPage.tsx:32:40)
    at RenderedRoute (/Users/C5406081/developer-portal-frontend/node_modules/react-router/dist/umd/react-router.development.js:539:7)
    at Routes (/Users/C5406081/developer-portal-frontend/node_modules/react-router/dist/umd/react-router.development.js:1273:7)
    at Router (/Users/C5406081/developer-portal-frontend/node_modules/react-router/dist/umd/react-router.development.js:1207:17)
    at MemoryRouter (/Users/C5406081/developer-portal-frontend/node_modules/react-router/dist/umd/react-router.development.js:1101:7)
Warning: An update to ComponentViewPage inside a test was not wrapped in act(...).

When testing, code that causes React state updates should be wrapped into act(...):

act(() => {
  /* fire events that update state */
});
/* assert on the output */

This ensures that you're testing the behavior the user would see in the browser. Learn more at https://reactjs.org/link/wrap-tests-with-act
    at ComponentViewPage (/Users/C5406081/developer-portal-frontend/src/pages/ComponentViewPage.tsx:32:40)
    at RenderedRoute (/Users/C5406081/developer-portal-frontend/node_modules/react-router/dist/umd/react-router.development.js:539:7)
    at Routes (/Users/C5406081/developer-portal-frontend/node_modules/react-router/dist/umd/react-router.development.js:1273:7)
    at Router (/Users/C5406081/developer-portal-frontend/node_modules/react-router/dist/umd/react-router.development.js:1207:17)
    at MemoryRouter (/Users/C5406081/developer-portal-frontend/node_modules/react-router/dist/umd/react-router.development.js:1101:7)

 ✓ tests/pages/ComponentViewPage/ComponentViewPage.test.tsx (21 tests) 151ms
 ✓ tests/components/dialogs/MemberDetailsDialog.test.tsx (13 tests) 575ms
 ✓ tests/hooks/useQuickLinksForm.test.ts (45 tests) 36ms
stdout | tests/utils/PluginApiClient.test.ts > PluginApiClient > get > Portal Proxy Mode > should call apiClient.get with proxy URL
[PluginApiClient] Portal request: GET /plugins/test-plugin/proxy?path=endpoint

stdout | tests/utils/PluginApiClient.test.ts > PluginApiClient > get > Portal Proxy Mode > should call apiClient.get with proxy URL
[PluginApiClient] Unwrapping proxy response envelope

stdout | tests/utils/PluginApiClient.test.ts > PluginApiClient > get > Portal Proxy Mode > should unwrap proxy response envelope
[PluginApiClient] Portal request: GET /plugins/test-plugin/proxy?path=endpoint

stdout | tests/utils/PluginApiClient.test.ts > PluginApiClient > get > Portal Proxy Mode > should unwrap proxy response envelope
[PluginApiClient] Unwrapping proxy response envelope

stdout | tests/utils/PluginApiClient.test.ts > PluginApiClient > get > Portal Proxy Mode > should throw error if proxy response indicates failure
[PluginApiClient] Portal request: GET /plugins/test-plugin/proxy?path=endpoint

stdout | tests/utils/PluginApiClient.test.ts > PluginApiClient > get > Portal Proxy Mode > should throw error if proxy response indicates failure
[PluginApiClient] Unwrapping proxy response envelope

stdout | tests/utils/PluginApiClient.test.ts > PluginApiClient > get > Portal Proxy Mode > should handle query params
[PluginApiClient] Portal request: GET /plugins/test-plugin/proxy?path=endpoint

stdout | tests/utils/PluginApiClient.test.ts > PluginApiClient > get > Portal Proxy Mode > should handle query params
[PluginApiClient] Unwrapping proxy response envelope

stdout | tests/utils/PluginApiClient.test.ts > PluginApiClient > get > Portal Proxy Mode > should normalize path without leading slash
[PluginApiClient] Portal request: GET /plugins/test-plugin/proxy?path=endpoint

stdout | tests/utils/PluginApiClient.test.ts > PluginApiClient > get > Portal Proxy Mode > should normalize path without leading slash
[PluginApiClient] Unwrapping proxy response envelope

stdout | tests/utils/PluginApiClient.test.ts > PluginApiClient > get > Direct Mode > should make direct fetch request with auth token
[PluginApiClient] Direct request: GET http://localhost:3001/endpoint

stdout | tests/utils/PluginApiClient.test.ts > PluginApiClient > get > Direct Mode > should make direct fetch request with auth token
[PluginApiClient] Got auth token for direct request

stdout | tests/utils/PluginApiClient.test.ts > PluginApiClient > get > Direct Mode > should handle request without auth token if getToken fails
[PluginApiClient] Direct request: GET http://localhost:3001/endpoint

stderr | tests/utils/PluginApiClient.test.ts > PluginApiClient > get > Direct Mode > should handle request without auth token if getToken fails
[PluginApiClient] Failed to get auth token: Error: No token
    at [90m/Users/C5406081/developer-portal-frontend/[39mtests/utils/PluginApiClient.test.ts:243:57
    at [90mfile:///Users/C5406081/developer-portal-frontend/[39mnode_modules/[4m@vitest[24m/runner/dist/chunk-hooks.js:155:11
    at [90mfile:///Users/C5406081/developer-portal-frontend/[39mnode_modules/[4m@vitest[24m/runner/dist/chunk-hooks.js:752:26
    at [90mfile:///Users/C5406081/developer-portal-frontend/[39mnode_modules/[4m@vitest[24m/runner/dist/chunk-hooks.js:1897:20
    at new Promise (<anonymous>)
    at runWithTimeout [90m(file:///Users/C5406081/developer-portal-frontend/[39mnode_modules/[4m@vitest[24m/runner/dist/chunk-hooks.js:1863:10[90m)[39m
    at runTest [90m(file:///Users/C5406081/developer-portal-frontend/[39mnode_modules/[4m@vitest[24m/runner/dist/chunk-hooks.js:1574:12[90m)[39m
[90m    at processTicksAndRejections (node:internal/process/task_queues:95:5)[39m
    at runSuite [90m(file:///Users/C5406081/developer-portal-frontend/[39mnode_modules/[4m@vitest[24m/runner/dist/chunk-hooks.js:1729:8[90m)[39m
    at runSuite [90m(file:///Users/C5406081/developer-portal-frontend/[39mnode_modules/[4m@vitest[24m/runner/dist/chunk-hooks.js:1729:8[90m)[39m

stdout | tests/utils/PluginApiClient.test.ts > PluginApiClient > get > Direct Mode > should add query params to URL
[PluginApiClient] Direct request: GET http://localhost:3001/endpoint?page=1&limit=10

stdout | tests/utils/PluginApiClient.test.ts > PluginApiClient > get > Direct Mode > should add query params to URL
[PluginApiClient] Got auth token for direct request

stdout | tests/utils/PluginApiClient.test.ts > PluginApiClient > get > Direct Mode > should skip null/undefined params
[PluginApiClient] Direct request: GET http://localhost:3001/endpoint?page=1

stdout | tests/utils/PluginApiClient.test.ts > PluginApiClient > get > Direct Mode > should skip null/undefined params
[PluginApiClient] Got auth token for direct request

stdout | tests/utils/PluginApiClient.test.ts > PluginApiClient > get > Direct Mode > should handle 404 error
[PluginApiClient] Direct request: GET http://localhost:3001/endpoint

stdout | tests/utils/PluginApiClient.test.ts > PluginApiClient > get > Direct Mode > should handle 404 error
[PluginApiClient] Got auth token for direct request

stderr | tests/utils/PluginApiClient.test.ts > PluginApiClient > get > Direct Mode > should handle 404 error
[PluginApiClient] Direct request failed: Error: Resource not found
    at PluginApiClient.directRequest [90m(/Users/C5406081/developer-portal-frontend/[39msrc/plugins/utils/PluginApiClient.ts:177:15[90m)[39m
[90m    at processTicksAndRejections (node:internal/process/task_queues:95:5)[39m
    at [90m/Users/C5406081/developer-portal-frontend/[39mtests/utils/PluginApiClient.test.ts:300:9
    at [90mfile:///Users/C5406081/developer-portal-frontend/[39mnode_modules/[4m@vitest[24m/runner/dist/chunk-hooks.js:752:20

stdout | tests/utils/PluginApiClient.test.ts > PluginApiClient > get > Direct Mode > should handle 204 No Content
[PluginApiClient] Direct request: GET http://localhost:3001/endpoint

stdout | tests/utils/PluginApiClient.test.ts > PluginApiClient > get > Direct Mode > should handle 204 No Content
[PluginApiClient] Got auth token for direct request

stdout | tests/utils/PluginApiClient.test.ts > PluginApiClient > get > Direct Mode > should handle network errors
[PluginApiClient] Direct request: GET http://localhost:3001/endpoint

stdout | tests/utils/PluginApiClient.test.ts > PluginApiClient > get > Direct Mode > should handle network errors
[PluginApiClient] Got auth token for direct request

stdout | tests/utils/PluginApiClient.test.ts > PluginApiClient > post > Portal Proxy Mode > should call apiClient.post with proxy URL and data
[PluginApiClient] Portal request: POST /plugins/test-plugin/proxy?path=endpoint

stdout | tests/utils/PluginApiClient.test.ts > PluginApiClient > post > Portal Proxy Mode > should call apiClient.post with proxy URL and data
[PluginApiClient] Unwrapping proxy response envelope

stdout | tests/utils/PluginApiClient.test.ts > PluginApiClient > post > Portal Proxy Mode > should handle null data
[PluginApiClient] Portal request: POST /plugins/test-plugin/proxy?path=endpoint

stdout | tests/utils/PluginApiClient.test.ts > PluginApiClient > post > Portal Proxy Mode > should handle null data
[PluginApiClient] Unwrapping proxy response envelope

stdout | tests/utils/PluginApiClient.test.ts > PluginApiClient > post > Direct Mode > should make POST request with body
[PluginApiClient] Direct request: POST http://localhost:3001/endpoint

stdout | tests/utils/PluginApiClient.test.ts > PluginApiClient > post > Direct Mode > should make POST request with body
[PluginApiClient] Got auth token for direct request

stdout | tests/utils/PluginApiClient.test.ts > PluginApiClient > put > Portal Proxy Mode > should call apiClient.put with proxy URL and data
[PluginApiClient] Portal request: PUT /plugins/test-plugin/proxy?path=endpoint

stdout | tests/utils/PluginApiClient.test.ts > PluginApiClient > put > Portal Proxy Mode > should call apiClient.put with proxy URL and data
[PluginApiClient] Unwrapping proxy response envelope

stdout | tests/utils/PluginApiClient.test.ts > PluginApiClient > put > Direct Mode > should make PUT request with body
[PluginApiClient] Direct request: PUT http://localhost:3001/endpoint

stdout | tests/utils/PluginApiClient.test.ts > PluginApiClient > put > Direct Mode > should make PUT request with body
[PluginApiClient] Got auth token for direct request

stdout | tests/utils/PluginApiClient.test.ts > PluginApiClient > delete > Portal Proxy Mode > should call apiClient.delete with proxy URL
[PluginApiClient] Portal request: DELETE /plugins/test-plugin/proxy?path=endpoint

stdout | tests/utils/PluginApiClient.test.ts > PluginApiClient > delete > Portal Proxy Mode > should call apiClient.delete with proxy URL
[PluginApiClient] Unwrapping proxy response envelope

stdout | tests/utils/PluginApiClient.test.ts > PluginApiClient > delete > Direct Mode > should make DELETE request without body
[PluginApiClient] Direct request: DELETE http://localhost:3001/endpoint

stdout | tests/utils/PluginApiClient.test.ts > PluginApiClient > delete > Direct Mode > should make DELETE request without body
[PluginApiClient] Got auth token for direct request

stdout | tests/utils/PluginApiClient.test.ts > PluginApiClient > patch > Portal Proxy Mode > should call apiClient.patch with proxy URL and data
[PluginApiClient] Portal request: PATCH /plugins/test-plugin/proxy?path=endpoint

stdout | tests/utils/PluginApiClient.test.ts > PluginApiClient > patch > Portal Proxy Mode > should call apiClient.patch with proxy URL and data
[PluginApiClient] Unwrapping proxy response envelope

stdout | tests/utils/PluginApiClient.test.ts > PluginApiClient > patch > Direct Mode > should make PATCH request with body
[PluginApiClient] Direct request: PATCH http://localhost:3001/endpoint

stdout | tests/utils/PluginApiClient.test.ts > PluginApiClient > patch > Direct Mode > should make PATCH request with body
[PluginApiClient] Got auth token for direct request

stdout | tests/utils/PluginApiClient.test.ts > PluginApiClient > Multiple Instances > should maintain separate state for different plugin IDs
[PluginApiClient] Portal request: GET /plugins/plugin-1/proxy?path=endpoint

stdout | tests/utils/PluginApiClient.test.ts > PluginApiClient > Multiple Instances > should maintain separate state for different plugin IDs
[PluginApiClient] Unwrapping proxy response envelope

stdout | tests/utils/PluginApiClient.test.ts > PluginApiClient > Multiple Instances > should maintain separate state for different plugin IDs
[PluginApiClient] Portal request: GET /plugins/plugin-2/proxy?path=endpoint

stdout | tests/utils/PluginApiClient.test.ts > PluginApiClient > Multiple Instances > should maintain separate state for different plugin IDs
[PluginApiClient] Unwrapping proxy response envelope

 ✓ tests/utils/PluginApiClient.test.ts (40 tests) 19ms
stderr | tests/components/GlobalAuthErrorHandler.test.tsx > GlobalAuthErrorHandler > Global Trigger Function > should show auth error when global trigger is called
Warning: An update to GlobalAuthErrorHandler inside a test was not wrapped in act(...).

When testing, code that causes React state updates should be wrapped into act(...):

act(() => {
  /* fire events that update state */
});
/* assert on the output */

This ensures that you're testing the behavior the user would see in the browser. Learn more at https://reactjs.org/link/wrap-tests-with-act
    at GlobalAuthErrorHandler (/Users/C5406081/developer-portal-frontend/src/components/GlobalAuthErrorHandler.tsx:12:59)

stderr | tests/components/GlobalAuthErrorHandler.test.tsx > GlobalAuthErrorHandler > Global Trigger Function > should accept callbacks when trigger is called
Warning: An update to GlobalAuthErrorHandler inside a test was not wrapped in act(...).

When testing, code that causes React state updates should be wrapped into act(...):

act(() => {
  /* fire events that update state */
});
/* assert on the output */

This ensures that you're testing the behavior the user would see in the browser. Learn more at https://reactjs.org/link/wrap-tests-with-act
    at GlobalAuthErrorHandler (/Users/C5406081/developer-portal-frontend/src/components/GlobalAuthErrorHandler.tsx:12:59)

stderr | tests/components/GlobalAuthErrorHandler.test.tsx > GlobalAuthErrorHandler > Global Trigger Function > should work without callbacks
Warning: An update to GlobalAuthErrorHandler inside a test was not wrapped in act(...).

When testing, code that causes React state updates should be wrapped into act(...):

act(() => {
  /* fire events that update state */
});
/* assert on the output */

This ensures that you're testing the behavior the user would see in the browser. Learn more at https://reactjs.org/link/wrap-tests-with-act
    at GlobalAuthErrorHandler (/Users/C5406081/developer-portal-frontend/src/components/GlobalAuthErrorHandler.tsx:12:59)

stderr | tests/components/GlobalAuthErrorHandler.test.tsx > GlobalAuthErrorHandler > Retry Success Handling > should call onRetrySuccess callback when retry succeeds
Warning: An update to GlobalAuthErrorHandler inside a test was not wrapped in act(...).

When testing, code that causes React state updates should be wrapped into act(...):

act(() => {
  /* fire events that update state */
});
/* assert on the output */

This ensures that you're testing the behavior the user would see in the browser. Learn more at https://reactjs.org/link/wrap-tests-with-act
    at GlobalAuthErrorHandler (/Users/C5406081/developer-portal-frontend/src/components/GlobalAuthErrorHandler.tsx:12:59)

stderr | tests/components/GlobalAuthErrorHandler.test.tsx > GlobalAuthErrorHandler > Retry Success Handling > should call onRetrySuccess callback when retry succeeds
Warning: An update to GlobalAuthErrorHandler inside a test was not wrapped in act(...).

When testing, code that causes React state updates should be wrapped into act(...):

act(() => {
  /* fire events that update state */
});
/* assert on the output */

This ensures that you're testing the behavior the user would see in the browser. Learn more at https://reactjs.org/link/wrap-tests-with-act
    at GlobalAuthErrorHandler (/Users/C5406081/developer-portal-frontend/src/components/GlobalAuthErrorHandler.tsx:12:59)

stderr | tests/components/GlobalAuthErrorHandler.test.tsx > GlobalAuthErrorHandler > Retry Success Handling > should hide dialog after successful retry
Warning: An update to GlobalAuthErrorHandler inside a test was not wrapped in act(...).

When testing, code that causes React state updates should be wrapped into act(...):

act(() => {
  /* fire events that update state */
});
/* assert on the output */

This ensures that you're testing the behavior the user would see in the browser. Learn more at https://reactjs.org/link/wrap-tests-with-act
    at GlobalAuthErrorHandler (/Users/C5406081/developer-portal-frontend/src/components/GlobalAuthErrorHandler.tsx:12:59)

stderr | tests/components/GlobalAuthErrorHandler.test.tsx > GlobalAuthErrorHandler > Retry Success Handling > should hide dialog after successful retry
Warning: An update to GlobalAuthErrorHandler inside a test was not wrapped in act(...).

When testing, code that causes React state updates should be wrapped into act(...):

act(() => {
  /* fire events that update state */
});
/* assert on the output */

This ensures that you're testing the behavior the user would see in the browser. Learn more at https://reactjs.org/link/wrap-tests-with-act
    at GlobalAuthErrorHandler (/Users/C5406081/developer-portal-frontend/src/components/GlobalAuthErrorHandler.tsx:12:59)

stderr | tests/components/GlobalAuthErrorHandler.test.tsx > GlobalAuthErrorHandler > Retry Success Handling > should work when no onRetrySuccess callback is provided
Warning: An update to GlobalAuthErrorHandler inside a test was not wrapped in act(...).

When testing, code that causes React state updates should be wrapped into act(...):

act(() => {
  /* fire events that update state */
});
/* assert on the output */

This ensures that you're testing the behavior the user would see in the browser. Learn more at https://reactjs.org/link/wrap-tests-with-act
    at GlobalAuthErrorHandler (/Users/C5406081/developer-portal-frontend/src/components/GlobalAuthErrorHandler.tsx:12:59)

stderr | tests/components/GlobalAuthErrorHandler.test.tsx > GlobalAuthErrorHandler > Retry Success Handling > should work when no onRetrySuccess callback is provided
Warning: An update to GlobalAuthErrorHandler inside a test was not wrapped in act(...).

When testing, code that causes React state updates should be wrapped into act(...):

act(() => {
  /* fire events that update state */
});
/* assert on the output */

This ensures that you're testing the behavior the user would see in the browser. Learn more at https://reactjs.org/link/wrap-tests-with-act
    at GlobalAuthErrorHandler (/Users/C5406081/developer-portal-frontend/src/components/GlobalAuthErrorHandler.tsx:12:59)

stderr | tests/components/GlobalAuthErrorHandler.test.tsx > GlobalAuthErrorHandler > Retry Success Handling > should hide dialog even when callback is not provided
Warning: An update to GlobalAuthErrorHandler inside a test was not wrapped in act(...).

When testing, code that causes React state updates should be wrapped into act(...):

act(() => {
  /* fire events that update state */
});
/* assert on the output */

This ensures that you're testing the behavior the user would see in the browser. Learn more at https://reactjs.org/link/wrap-tests-with-act
    at GlobalAuthErrorHandler (/Users/C5406081/developer-portal-frontend/src/components/GlobalAuthErrorHandler.tsx:12:59)

stderr | tests/components/GlobalAuthErrorHandler.test.tsx > GlobalAuthErrorHandler > Retry Success Handling > should hide dialog even when callback is not provided
Warning: An update to GlobalAuthErrorHandler inside a test was not wrapped in act(...).

When testing, code that causes React state updates should be wrapped into act(...):

act(() => {
  /* fire events that update state */
});
/* assert on the output */

This ensures that you're testing the behavior the user would see in the browser. Learn more at https://reactjs.org/link/wrap-tests-with-act
    at GlobalAuthErrorHandler (/Users/C5406081/developer-portal-frontend/src/components/GlobalAuthErrorHandler.tsx:12:59)

stderr | tests/components/GlobalAuthErrorHandler.test.tsx > GlobalAuthErrorHandler > Retry Error Handling > should call onRetryError callback when retry fails
Warning: An update to GlobalAuthErrorHandler inside a test was not wrapped in act(...).

When testing, code that causes React state updates should be wrapped into act(...):

act(() => {
  /* fire events that update state */
});
/* assert on the output */

This ensures that you're testing the behavior the user would see in the browser. Learn more at https://reactjs.org/link/wrap-tests-with-act
    at GlobalAuthErrorHandler (/Users/C5406081/developer-portal-frontend/src/components/GlobalAuthErrorHandler.tsx:12:59)

stderr | tests/components/GlobalAuthErrorHandler.test.tsx > GlobalAuthErrorHandler > Retry Error Handling > should keep dialog visible after retry error
Warning: An update to GlobalAuthErrorHandler inside a test was not wrapped in act(...).

When testing, code that causes React state updates should be wrapped into act(...):

act(() => {
  /* fire events that update state */
});
/* assert on the output */

This ensures that you're testing the behavior the user would see in the browser. Learn more at https://reactjs.org/link/wrap-tests-with-act
    at GlobalAuthErrorHandler (/Users/C5406081/developer-portal-frontend/src/components/GlobalAuthErrorHandler.tsx:12:59)

stderr | tests/components/GlobalAuthErrorHandler.test.tsx > GlobalAuthErrorHandler > Retry Error Handling > should work when no onRetryError callback is provided
Warning: An update to GlobalAuthErrorHandler inside a test was not wrapped in act(...).

When testing, code that causes React state updates should be wrapped into act(...):

act(() => {
  /* fire events that update state */
});
/* assert on the output */

This ensures that you're testing the behavior the user would see in the browser. Learn more at https://reactjs.org/link/wrap-tests-with-act
    at GlobalAuthErrorHandler (/Users/C5406081/developer-portal-frontend/src/components/GlobalAuthErrorHandler.tsx:12:59)

stderr | tests/components/GlobalAuthErrorHandler.test.tsx > GlobalAuthErrorHandler > Multiple Error Scenarios > should handle multiple sequential errors
Warning: An update to GlobalAuthErrorHandler inside a test was not wrapped in act(...).

When testing, code that causes React state updates should be wrapped into act(...):

act(() => {
  /* fire events that update state */
});
/* assert on the output */

This ensures that you're testing the behavior the user would see in the browser. Learn more at https://reactjs.org/link/wrap-tests-with-act
    at GlobalAuthErrorHandler (/Users/C5406081/developer-portal-frontend/src/components/GlobalAuthErrorHandler.tsx:12:59)

stderr | tests/components/GlobalAuthErrorHandler.test.tsx > GlobalAuthErrorHandler > Multiple Error Scenarios > should handle multiple sequential errors
Warning: An update to GlobalAuthErrorHandler inside a test was not wrapped in act(...).

When testing, code that causes React state updates should be wrapped into act(...):

act(() => {
  /* fire events that update state */
});
/* assert on the output */

This ensures that you're testing the behavior the user would see in the browser. Learn more at https://reactjs.org/link/wrap-tests-with-act
    at GlobalAuthErrorHandler (/Users/C5406081/developer-portal-frontend/src/components/GlobalAuthErrorHandler.tsx:12:59)

stderr | tests/components/GlobalAuthErrorHandler.test.tsx > GlobalAuthErrorHandler > Multiple Error Scenarios > should handle multiple sequential errors
Warning: An update to GlobalAuthErrorHandler inside a test was not wrapped in act(...).

When testing, code that causes React state updates should be wrapped into act(...):

act(() => {
  /* fire events that update state */
});
/* assert on the output */

This ensures that you're testing the behavior the user would see in the browser. Learn more at https://reactjs.org/link/wrap-tests-with-act
    at GlobalAuthErrorHandler (/Users/C5406081/developer-portal-frontend/src/components/GlobalAuthErrorHandler.tsx:12:59)

stderr | tests/components/GlobalAuthErrorHandler.test.tsx > GlobalAuthErrorHandler > Multiple Error Scenarios > should handle error from hook while trigger-based error is visible
Warning: An update to GlobalAuthErrorHandler inside a test was not wrapped in act(...).

When testing, code that causes React state updates should be wrapped into act(...):

act(() => {
  /* fire events that update state */
});
/* assert on the output */

This ensures that you're testing the behavior the user would see in the browser. Learn more at https://reactjs.org/link/wrap-tests-with-act
    at GlobalAuthErrorHandler (/Users/C5406081/developer-portal-frontend/src/components/GlobalAuthErrorHandler.tsx:12:59)

stderr | tests/components/GlobalAuthErrorHandler.test.tsx > GlobalAuthErrorHandler > Edge Cases > should handle empty error message
Warning: An update to GlobalAuthErrorHandler inside a test was not wrapped in act(...).

When testing, code that causes React state updates should be wrapped into act(...):

act(() => {
  /* fire events that update state */
});
/* assert on the output */

This ensures that you're testing the behavior the user would see in the browser. Learn more at https://reactjs.org/link/wrap-tests-with-act
    at GlobalAuthErrorHandler (/Users/C5406081/developer-portal-frontend/src/components/GlobalAuthErrorHandler.tsx:12:59)

 ✓ tests/hooks/useAuthRefresh.test.ts (41 tests) 6991ms
   ✓ useAuthRefresh > Edge Cases > should handle very slow auth check  5057ms
stderr | tests/components/GlobalAuthErrorHandler.test.tsx > GlobalAuthErrorHandler > Edge Cases > should handle very long error messages
Warning: An update to GlobalAuthErrorHandler inside a test was not wrapped in act(...).

When testing, code that causes React state updates should be wrapped into act(...):

act(() => {
  /* fire events that update state */
});
/* assert on the output */

This ensures that you're testing the behavior the user would see in the browser. Learn more at https://reactjs.org/link/wrap-tests-with-act
    at GlobalAuthErrorHandler (/Users/C5406081/developer-portal-frontend/src/components/GlobalAuthErrorHandler.tsx:12:59)

stderr | tests/components/GlobalAuthErrorHandler.test.tsx > GlobalAuthErrorHandler > Edge Cases > should handle special characters in error message
Warning: An update to GlobalAuthErrorHandler inside a test was not wrapped in act(...).

When testing, code that causes React state updates should be wrapped into act(...):

act(() => {
  /* fire events that update state */
});
/* assert on the output */

This ensures that you're testing the behavior the user would see in the browser. Learn more at https://reactjs.org/link/wrap-tests-with-act
    at GlobalAuthErrorHandler (/Users/C5406081/developer-portal-frontend/src/components/GlobalAuthErrorHandler.tsx:12:59)

stderr | tests/components/GlobalAuthErrorHandler.test.tsx > GlobalAuthErrorHandler > Edge Cases > should handle rapid successive trigger calls
Warning: An update to GlobalAuthErrorHandler inside a test was not wrapped in act(...).

When testing, code that causes React state updates should be wrapped into act(...):

act(() => {
  /* fire events that update state */
});
/* assert on the output */

This ensures that you're testing the behavior the user would see in the browser. Learn more at https://reactjs.org/link/wrap-tests-with-act
    at GlobalAuthErrorHandler (/Users/C5406081/developer-portal-frontend/src/components/GlobalAuthErrorHandler.tsx:12:59)
Warning: An update to GlobalAuthErrorHandler inside a test was not wrapped in act(...).

When testing, code that causes React state updates should be wrapped into act(...):

act(() => {
  /* fire events that update state */
});
/* assert on the output */

This ensures that you're testing the behavior the user would see in the browser. Learn more at https://reactjs.org/link/wrap-tests-with-act
    at GlobalAuthErrorHandler (/Users/C5406081/developer-portal-frontend/src/components/GlobalAuthErrorHandler.tsx:12:59)
Warning: An update to GlobalAuthErrorHandler inside a test was not wrapped in act(...).

When testing, code that causes React state updates should be wrapped into act(...):

act(() => {
  /* fire events that update state */
});
/* assert on the output */

This ensures that you're testing the behavior the user would see in the browser. Learn more at https://reactjs.org/link/wrap-tests-with-act
    at GlobalAuthErrorHandler (/Users/C5406081/developer-portal-frontend/src/components/GlobalAuthErrorHandler.tsx:12:59)

stderr | tests/components/GlobalAuthErrorHandler.test.tsx > GlobalAuthErrorHandler > Component Lifecycle > should maintain state across re-renders
Warning: An update to GlobalAuthErrorHandler inside a test was not wrapped in act(...).

When testing, code that causes React state updates should be wrapped into act(...):

act(() => {
  /* fire events that update state */
});
/* assert on the output */

This ensures that you're testing the behavior the user would see in the browser. Learn more at https://reactjs.org/link/wrap-tests-with-act
    at GlobalAuthErrorHandler (/Users/C5406081/developer-portal-frontend/src/components/GlobalAuthErrorHandler.tsx:12:59)

 ✓ tests/components/GlobalAuthErrorHandler.test.tsx (30 tests) 115ms
stdout | tests/contexts/AuthContext.test.tsx > AuthContext > refreshAuth function > should clear quick-links from localStorage on successful refresh
🔍 AuthContext: isAuthenticated calculation { hasUser: [33mfalse[39m, bothAuth: [33mfalse[39m, isAuthenticated: [33mfalse[39m }
🔍 AuthContext: Initial useEffect { isLoginPage: [33mtrue[39m, pathname: [32m'/login'[39m }
🔍 AuthContext: On login page, skipping auth check
🔍 AuthContext: isAuthenticated calculation { hasUser: [33mfalse[39m, bothAuth: [33mfalse[39m, isAuthenticated: [33mfalse[39m }

stdout | tests/contexts/AuthContext.test.tsx > AuthContext > refreshAuth function > should clear quick-links from localStorage on successful refresh
🔍 AuthContext: isAuthenticated calculation { hasUser: [33mfalse[39m, bothAuth: [33mfalse[39m, isAuthenticated: [33mfalse[39m }

 ✓ tests/components/ViewSwitcher.test.tsx (38 tests) 404ms
stderr | tests/components/PortalContent.test.tsx > PortalContent > Rendering > should render all main components
⚠️ React Router Future Flag Warning: React Router will begin wrapping state updates in `React.startTransition` in v7. You can use the `v7_startTransition` future flag to opt-in early. For more information, see https://reactrouter.com/v6/upgrading/future#v7_starttransition.
⚠️ React Router Future Flag Warning: Relative route resolution within Splat routes is changing in v7. You can use the `v7_relativeSplatPath` future flag to opt-in early. For more information, see https://reactrouter.com/v6/upgrading/future#v7_relativesplatpath.

 ✓ tests/components/PortalContent.test.tsx (37 tests) 246ms
 ✓ tests/pages/DynamicProjectPage/DynamicProjectPage.test.tsx (45 tests) 58ms
 ✓ tests/components/Alerts/AddAlertDialog.test.tsx (27 tests) 2905ms
stdout | tests/contexts/AuthContext.test.tsx > AuthContext > refreshAuth function > should handle localStorage errors gracefully
🔍 AuthContext: isAuthenticated calculation { hasUser: [33mfalse[39m, bothAuth: [33mfalse[39m, isAuthenticated: [33mfalse[39m }
🔍 AuthContext: Initial useEffect { isLoginPage: [33mtrue[39m, pathname: [32m'/login'[39m }
🔍 AuthContext: On login page, skipping auth check
🔍 AuthContext: isAuthenticated calculation { hasUser: [33mfalse[39m, bothAuth: [33mfalse[39m, isAuthenticated: [33mfalse[39m }

stdout | tests/contexts/AuthContext.test.tsx > AuthContext > refreshAuth function > should handle localStorage errors gracefully
🔍 AuthContext: isAuthenticated calculation { hasUser: [33mfalse[39m, bothAuth: [33mfalse[39m, isAuthenticated: [33mfalse[39m }

stderr | tests/components/Team/DutySchedule/OnDuty.test.tsx > OnDuty Component > Basic Rendering > should render the ScheduleTable with correct props
Warning: validateDOMNesting(...): <td> cannot appear as a child of <div>.
    at td
    at TableCell (/Users/C5406081/developer-portal-frontend/tests/components/Team/DutySchedule/OnDuty.test.tsx:45:17)
    at div
    at div
    at div
    at spy (file:///Users/C5406081/developer-portal-frontend/node_modules/tinyspy/dist/index.js:47:80)
    at OnDuty (/Users/C5406081/developer-portal-frontend/src/components/Team/DutySchedule/OnDuty.tsx:11:19)

stderr | tests/components/Team/DutySchedule/ScheduleTable.test.tsx > ScheduleTable Component > Basic Rendering > should render table structure correctly
Warning: validateDOMNesting(...): <div> cannot appear as a child of <select>.
    at div
    at SelectTrigger (/Users/C5406081/developer-portal-frontend/tests/components/Team/DutySchedule/ScheduleTable.test.tsx:36:21)
    at select
    at div
    at Select (/Users/C5406081/developer-portal-frontend/tests/components/Team/DutySchedule/ScheduleTable.test.tsx:25:14)
    at td
    at TableCell (/Users/C5406081/developer-portal-frontend/tests/components/Team/DutySchedule/ScheduleTable.test.tsx:5:17)
    at tr
    at TableRow (/Users/C5406081/developer-portal-frontend/tests/components/Team/DutySchedule/ScheduleTable.test.tsx:8:16)
    at tbody
    at TableBody (/Users/C5406081/developer-portal-frontend/tests/components/Team/DutySchedule/ScheduleTable.test.tsx:4:17)
    at table
    at Table (/Users/C5406081/developer-portal-frontend/tests/components/Team/DutySchedule/ScheduleTable.test.tsx:3:13)
    at div
    at div
    at ScheduleTable (/Users/C5406081/developer-portal-frontend/src/components/Team/DutySchedule/ScheduleTable.tsx:22:3)

 ✓ tests/components/ComponentsList.test.tsx (17 tests) 203ms
 ✓ tests/components/Team/DutySchedule/OnDuty.test.tsx (22 tests) 72ms
stderr | tests/components/DeveloperPortalHeader/DeveloperPortalHeader.test.tsx > DeveloperPortalHeader > Rendering > should render header container
⚠️ React Router Future Flag Warning: React Router will begin wrapping state updates in `React.startTransition` in v7. You can use the `v7_startTransition` future flag to opt-in early. For more information, see https://reactrouter.com/v6/upgrading/future#v7_starttransition.
⚠️ React Router Future Flag Warning: Relative route resolution within Splat routes is changing in v7. You can use the `v7_relativeSplatPath` future flag to opt-in early. For more information, see https://reactrouter.com/v6/upgrading/future#v7_relativesplatpath.

stderr | tests/components/Team/DutySchedule/ScheduleTable.test.tsx > ScheduleTable Component > Edge Cases > should handle invalid date formats gracefully
Warning: Received NaN for the `children` attribute. If this is expected, cast the value to a string.
    at span
    at td
    at TableCell (/Users/C5406081/developer-portal-frontend/tests/components/Team/DutySchedule/ScheduleTable.test.tsx:5:17)
    at tr
    at TableRow (/Users/C5406081/developer-portal-frontend/tests/components/Team/DutySchedule/ScheduleTable.test.tsx:8:16)
    at tbody
    at TableBody (/Users/C5406081/developer-portal-frontend/tests/components/Team/DutySchedule/ScheduleTable.test.tsx:4:17)
    at table
    at Table (/Users/C5406081/developer-portal-frontend/tests/components/Team/DutySchedule/ScheduleTable.test.tsx:3:13)
    at div
    at div
    at ScheduleTable (/Users/C5406081/developer-portal-frontend/src/components/Team/DutySchedule/ScheduleTable.tsx:22:3)

 ✓ tests/components/Team/DutySchedule/ScheduleTable.test.tsx (26 tests) 275ms
stderr | tests/pages/PendingReviewPage.test.tsx > PendingReviewPage > Loading State > displays loading state when PRs are being fetched
⚠️ React Router Future Flag Warning: React Router will begin wrapping state updates in `React.startTransition` in v7. You can use the `v7_startTransition` future flag to opt-in early. For more information, see https://reactrouter.com/v6/upgrading/future#v7_starttransition.
⚠️ React Router Future Flag Warning: Relative route resolution within Splat routes is changing in v7. You can use the `v7_relativeSplatPath` future flag to opt-in early. For more information, see https://reactrouter.com/v6/upgrading/future#v7_relativesplatpath.

 ✓ tests/components/DeveloperPortalHeader/DeveloperPortalHeader.test.tsx (47 tests) 318ms
 ✓ tests/components/Team/TeamJiraFilters.test.tsx (50 tests) 2148ms
   ✓ TeamJiraFilters > Edge Cases > should handle very long search strings  1881ms
 ✓ tests/pages/PendingReviewPage.test.tsx (26 tests) 287ms
stdout | tests/contexts/AuthContext.test.tsx > AuthContext > refreshAuth function > should throw error when auth check fails
🔍 AuthContext: isAuthenticated calculation { hasUser: [33mfalse[39m, bothAuth: [33mfalse[39m, isAuthenticated: [33mfalse[39m }
🔍 AuthContext: Initial useEffect { isLoginPage: [33mtrue[39m, pathname: [32m'/login'[39m }
🔍 AuthContext: On login page, skipping auth check
🔍 AuthContext: isAuthenticated calculation { hasUser: [33mfalse[39m, bothAuth: [33mfalse[39m, isAuthenticated: [33mfalse[39m }

stdout | tests/contexts/AuthContext.test.tsx > AuthContext > refreshAuth function > should throw error when auth check fails
🔍 AuthContext: isAuthenticated calculation { hasUser: [33mfalse[39m, bothAuth: [33mfalse[39m, isAuthenticated: [33mfalse[39m }

stdout | tests/contexts/AuthContext.test.tsx > AuthContext > refreshAuth function > should throw error when fetchCurrentUser returns null
🔍 AuthContext: isAuthenticated calculation { hasUser: [33mfalse[39m, bothAuth: [33mfalse[39m, isAuthenticated: [33mfalse[39m }
🔍 AuthContext: Initial useEffect { isLoginPage: [33mtrue[39m, pathname: [32m'/login'[39m }
🔍 AuthContext: On login page, skipping auth check
🔍 AuthContext: isAuthenticated calculation { hasUser: [33mfalse[39m, bothAuth: [33mfalse[39m, isAuthenticated: [33mfalse[39m }

stdout | tests/contexts/AuthContext.test.tsx > AuthContext > refreshAuth function > should throw error when fetchCurrentUser returns null
🔍 AuthContext: isAuthenticated calculation { hasUser: [33mfalse[39m, bothAuth: [33mfalse[39m, isAuthenticated: [33mfalse[39m }

stdout | tests/contexts/AuthContext.test.tsx > AuthContext > refreshAuth function > should throw error when fetchCurrentUser fails
🔍 AuthContext: isAuthenticated calculation { hasUser: [33mfalse[39m, bothAuth: [33mfalse[39m, isAuthenticated: [33mfalse[39m }
🔍 AuthContext: Initial useEffect { isLoginPage: [33mtrue[39m, pathname: [32m'/login'[39m }
🔍 AuthContext: On login page, skipping auth check
🔍 AuthContext: isAuthenticated calculation { hasUser: [33mfalse[39m, bothAuth: [33mfalse[39m, isAuthenticated: [33mfalse[39m }

stdout | tests/contexts/AuthContext.test.tsx > AuthContext > refreshAuth function > should throw error when fetchCurrentUser fails
🔍 AuthContext: isAuthenticated calculation { hasUser: [33mfalse[39m, bothAuth: [33mfalse[39m, isAuthenticated: [33mfalse[39m }

stdout | tests/contexts/AuthContext.test.tsx > AuthContext > refreshAuth function > should clear user state when refresh fails
🔍 AuthContext: isAuthenticated calculation { hasUser: [33mfalse[39m, bothAuth: [33mfalse[39m, isAuthenticated: [33mfalse[39m }
🔍 AuthContext: Initial useEffect { isLoginPage: [33mfalse[39m, pathname: [32m'/'[39m }
🔍 AuthContext: Not on login page, checking auth status...
🔍 AuthContext: checkAuthStatusAndSetUser started
🔍 AuthContext: checkAuthStatusAndSetUser completed
🔍 AuthContext: isAuthenticated calculation { hasUser: [33mfalse[39m, bothAuth: [33mfalse[39m, isAuthenticated: [33mfalse[39m }
🔍 AuthContext: isAuthenticated calculation { hasUser: [33mfalse[39m, bothAuth: [33mfalse[39m, isAuthenticated: [33mfalse[39m }

 ✓ tests/pages/plugins/PluginCardSkeleton.test.tsx (47 tests) 73ms
 ✓ tests/pages/plugins/SearchBar.test.tsx (38 tests) 172ms
 ✓ tests/components/Links/LinksSearchFilter.test.tsx (40 tests) 405ms
stderr | tests/components/Team/DutySchedule/OnDutySchedule.test.tsx > OnDutySchedule Component > Basic Rendering > should render the component with default props
Warning: validateDOMNesting(...): <div> cannot appear as a child of <select>.
    at div
    at SelectTrigger (/Users/C5406081/developer-portal-frontend/tests/components/Team/DutySchedule/OnDutySchedule.test.tsx:89:21)
    at select
    at div
    at Select (/Users/C5406081/developer-portal-frontend/tests/components/Team/DutySchedule/OnDutySchedule.test.tsx:78:14)
    at div
    at YearPicker (/Users/C5406081/developer-portal-frontend/src/components/Team/DutySchedule/OnDutySchedule.tsx:19:23)
    at div
    at div
    at OnDutySchedule (/Users/C5406081/developer-portal-frontend/src/components/Team/DutySchedule/OnDutySchedule.tsx:50:27)

 ✓ tests/components/Team/DutySchedule/OnDutySchedule.test.tsx (21 tests) 82ms
 ✓ tests/contexts/AuthErrorContext.test.tsx (30 tests) 102ms
 ✓ tests/components/TriggeredAlerts/FilterControls.test.tsx (16 tests) 225ms
 ✓ tests/hooks/useQuickLinksData.test.ts (23 tests) 25ms
stderr | tests/components/docs/DocsContent.test.tsx > DocsContent > Component States > should render different states correctly
Warning: A props object containing a "key" prop is being spread into JSX:
  let props = {key: someKey, id: ..., children: ...};
  <h1 {...props} />
React keys must be passed directly to JSX without using spread:
  let props = {id: ..., children: ...};
  <h1 key={someKey} {...props} />
    at default (/Users/C5406081/developer-portal-frontend/tests/components/docs/DocsContent.test.tsx:20:15)
    at div
    at div
    at DocsContent (/Users/C5406081/developer-portal-frontend/src/features/docs/components/DocsContent.tsx:130:3)

stderr | tests/components/docs/DocsContent.test.tsx > DocsContent > Table of Contents > should extract and manage table of contents
Warning: A props object containing a "key" prop is being spread into JSX:
  let props = {key: someKey, id: ..., children: ...};
  <h2 {...props} />
React keys must be passed directly to JSX without using spread:
  let props = {id: ..., children: ...};
  <h2 key={someKey} {...props} />
    at default (/Users/C5406081/developer-portal-frontend/tests/components/docs/DocsContent.test.tsx:20:15)
    at div
    at div
    at DocsContent (/Users/C5406081/developer-portal-frontend/src/features/docs/components/DocsContent.tsx:130:3)
Warning: A props object containing a "key" prop is being spread into JSX:
  let props = {key: someKey, id: ..., children: ...};
  <h3 {...props} />
React keys must be passed directly to JSX without using spread:
  let props = {id: ..., children: ...};
  <h3 key={someKey} {...props} />
    at default (/Users/C5406081/developer-portal-frontend/tests/components/docs/DocsContent.test.tsx:20:15)
    at div
    at div
    at DocsContent (/Users/C5406081/developer-portal-frontend/src/features/docs/components/DocsContent.tsx:130:3)

stderr | tests/components/docs/DocsContent.test.tsx > DocsContent > Code Blocks and Mermaid Diagrams > should render mermaid diagrams
Warning: A props object containing a "key" prop is being spread into JSX:
  let props = {key: someKey, children: ...};
  <pre {...props} />
React keys must be passed directly to JSX without using spread:
  let props = {children: ...};
  <pre key={someKey} {...props} />
    at default (/Users/C5406081/developer-portal-frontend/tests/components/docs/DocsContent.test.tsx:20:15)
    at div
    at div
    at DocsContent (/Users/C5406081/developer-portal-frontend/src/features/docs/components/DocsContent.tsx:130:3)
Warning: Each child in a list should have a unique "key" prop.

Check the render method of `default`. See https://reactjs.org/link/warning-keys for more information.
    at MermaidDiagram (/Users/C5406081/developer-portal-frontend/tests/components/docs/DocsContent.test.tsx:17:22)
    at default (/Users/C5406081/developer-portal-frontend/tests/components/docs/DocsContent.test.tsx:20:15)
    at div
    at div
    at DocsContent (/Users/C5406081/developer-portal-frontend/src/features/docs/components/DocsContent.tsx:130:3)

stderr | tests/components/docs/DocsContent.test.tsx > DocsContent > Code Blocks and Mermaid Diagrams > should handle inline code
Warning: A props object containing a "key" prop is being spread into JSX:
  let props = {key: someKey, className: ..., children: ...};
  <code {...props} />
React keys must be passed directly to JSX without using spread:
  let props = {className: ..., children: ...};
  <code key={someKey} {...props} />
    at default (/Users/C5406081/developer-portal-frontend/tests/components/docs/DocsContent.test.tsx:20:15)
    at div
    at div
    at DocsContent (/Users/C5406081/developer-portal-frontend/src/features/docs/components/DocsContent.tsx:130:3)

stderr | tests/components/docs/DocsContent.test.tsx > DocsContent > Image Handling > should handle regular image URLs
Warning: A props object containing a "key" prop is being spread into JSX:
  let props = {key: someKey, src: ..., alt: ..., loading: ...};
  <img {...props} />
React keys must be passed directly to JSX without using spread:
  let props = {src: ..., alt: ..., loading: ...};
  <img key={someKey} {...props} />
    at default (/Users/C5406081/developer-portal-frontend/tests/components/docs/DocsContent.test.tsx:20:15)
    at div
    at div
    at DocsContent (/Users/C5406081/developer-portal-frontend/src/features/docs/components/DocsContent.tsx:130:3)

stderr | tests/components/docs/DocsContent.test.tsx > DocsContent > Image Handling > should handle relative image paths
Warning: A props object containing a "key" prop is being spread into JSX:
  let props = {key: someKey, src: ..., alt: ..., isApiPath: ..., documentPath: ...};
  <AuthenticatedImage {...props} />
React keys must be passed directly to JSX without using spread:
  let props = {src: ..., alt: ..., isApiPath: ..., documentPath: ...};
  <AuthenticatedImage key={someKey} {...props} />
    at default (/Users/C5406081/developer-portal-frontend/tests/components/docs/DocsContent.test.tsx:20:15)
    at div
    at div
    at DocsContent (/Users/C5406081/developer-portal-frontend/src/features/docs/components/DocsContent.tsx:130:3)

stderr | tests/components/docs/DocsContent.test.tsx > DocsContent > Image Handling > should handle image loading errors
Failed to load image: Error: Failed to load
    at [90m/Users/C5406081/developer-portal-frontend/[39mtests/components/docs/DocsContent.test.tsx:361:49
    at [90mfile:///Users/C5406081/developer-portal-frontend/[39mnode_modules/[4m@vitest[24m/runner/dist/chunk-hooks.js:155:11
    at [90mfile:///Users/C5406081/developer-portal-frontend/[39mnode_modules/[4m@vitest[24m/runner/dist/chunk-hooks.js:752:26
    at [90mfile:///Users/C5406081/developer-portal-frontend/[39mnode_modules/[4m@vitest[24m/runner/dist/chunk-hooks.js:1897:20
    at new Promise (<anonymous>)
    at runWithTimeout [90m(file:///Users/C5406081/developer-portal-frontend/[39mnode_modules/[4m@vitest[24m/runner/dist/chunk-hooks.js:1863:10[90m)[39m
    at runTest [90m(file:///Users/C5406081/developer-portal-frontend/[39mnode_modules/[4m@vitest[24m/runner/dist/chunk-hooks.js:1574:12[90m)[39m
    at runSuite [90m(file:///Users/C5406081/developer-portal-frontend/[39mnode_modules/[4m@vitest[24m/runner/dist/chunk-hooks.js:1729:8[90m)[39m
    at runSuite [90m(file:///Users/C5406081/developer-portal-frontend/[39mnode_modules/[4m@vitest[24m/runner/dist/chunk-hooks.js:1729:8[90m)[39m
    at runSuite [90m(file:///Users/C5406081/developer-portal-frontend/[39mnode_modules/[4m@vitest[24m/runner/dist/chunk-hooks.js:1729:8[90m)[39m

 ✓ tests/components/docs/DocsContent.test.tsx (13 tests) 142ms
stdout | tests/contexts/AuthContext.test.tsx > AuthContext > useAuth hook > should return auth context when used inside AuthProvider
🔍 AuthContext: isAuthenticated calculation { hasUser: [33mfalse[39m, bothAuth: [33mfalse[39m, isAuthenticated: [33mfalse[39m }
🔍 AuthContext: Initial useEffect { isLoginPage: [33mtrue[39m, pathname: [32m'/login'[39m }
🔍 AuthContext: On login page, skipping auth check
🔍 AuthContext: isAuthenticated calculation { hasUser: [33mfalse[39m, bothAuth: [33mfalse[39m, isAuthenticated: [33mfalse[39m }

stdout | tests/contexts/AuthContext.test.tsx > AuthContext > useAuth hook > should have correct function types
🔍 AuthContext: isAuthenticated calculation { hasUser: [33mfalse[39m, bothAuth: [33mfalse[39m, isAuthenticated: [33mfalse[39m }
🔍 AuthContext: Initial useEffect { isLoginPage: [33mtrue[39m, pathname: [32m'/login'[39m }
🔍 AuthContext: On login page, skipping auth check
🔍 AuthContext: isAuthenticated calculation { hasUser: [33mfalse[39m, bothAuth: [33mfalse[39m, isAuthenticated: [33mfalse[39m }

stdout | tests/contexts/AuthContext.test.tsx > AuthContext > Context Value > should have isAuthenticated true when user exists
🔍 AuthContext: isAuthenticated calculation { hasUser: [33mfalse[39m, bothAuth: [33mfalse[39m, isAuthenticated: [33mfalse[39m }
🔍 AuthContext: Initial useEffect { isLoginPage: [33mfalse[39m, pathname: [32m'/'[39m }
🔍 AuthContext: Not on login page, checking auth status...
🔍 AuthContext: checkAuthStatusAndSetUser started
🔍 AuthContext: checkAuthStatusAndSetUser completed
🔍 AuthContext: isAuthenticated calculation { hasUser: [33mfalse[39m, bothAuth: [33mfalse[39m, isAuthenticated: [33mfalse[39m }
🔍 AuthContext: isAuthenticated calculation { hasUser: [33mfalse[39m, bothAuth: [33mfalse[39m, isAuthenticated: [33mfalse[39m }

 ✓ tests/components/Links/LinksGrid.test.tsx (25 tests) 46ms
 ✓ tests/components/homepage/QuickLinksSearchFilter.test.tsx (37 tests) 383ms
 ✓ tests/components/settings/ThemeSection.test.tsx (25 tests) 41ms
stderr | tests/App.test.tsx > App > Providers > should render QueryProvider
⚠️ React Router Future Flag Warning: React Router will begin wrapping state updates in `React.startTransition` in v7. You can use the `v7_startTransition` future flag to opt-in early. For more information, see https://reactrouter.com/v6/upgrading/future#v7_starttransition.
⚠️ React Router Future Flag Warning: Relative route resolution within Splat routes is changing in v7. You can use the `v7_relativeSplatPath` future flag to opt-in early. For more information, see https://reactrouter.com/v6/upgrading/future#v7_relativesplatpath.

 ✓ tests/App.test.tsx (43 tests) 77ms
stdout | tests/contexts/AuthContext.test.tsx > AuthContext > Context Value > should have isAuthenticated false when user is null
🔍 AuthContext: isAuthenticated calculation { hasUser: [33mfalse[39m, bothAuth: [33mfalse[39m, isAuthenticated: [33mfalse[39m }
🔍 AuthContext: Initial useEffect { isLoginPage: [33mfalse[39m, pathname: [32m'/'[39m }
🔍 AuthContext: Not on login page, checking auth status...
🔍 AuthContext: checkAuthStatusAndSetUser started
🔍 AuthContext: checkAuthStatusAndSetUser completed
🔍 AuthContext: isAuthenticated calculation { hasUser: [33mfalse[39m, bothAuth: [33mfalse[39m, isAuthenticated: [33mfalse[39m }
🔍 AuthContext: isAuthenticated calculation { hasUser: [33mfalse[39m, bothAuth: [33mfalse[39m, isAuthenticated: [33mfalse[39m }

stdout | tests/contexts/AuthContext.test.tsx > AuthContext > Edge Cases > should handle multiple children
🔍 AuthContext: isAuthenticated calculation { hasUser: [33mfalse[39m, bothAuth: [33mfalse[39m, isAuthenticated: [33mfalse[39m }
🔍 AuthContext: Initial useEffect { isLoginPage: [33mtrue[39m, pathname: [32m'/login'[39m }
🔍 AuthContext: On login page, skipping auth check
🔍 AuthContext: isAuthenticated calculation { hasUser: [33mfalse[39m, bothAuth: [33mfalse[39m, isAuthenticated: [33mfalse[39m }

stdout | tests/contexts/AuthContext.test.tsx > AuthContext > Edge Cases > should handle buildUserFromMe returning different user data
🔍 AuthContext: isAuthenticated calculation { hasUser: [33mfalse[39m, bothAuth: [33mfalse[39m, isAuthenticated: [33mfalse[39m }
🔍 AuthContext: Initial useEffect { isLoginPage: [33mfalse[39m, pathname: [32m'/'[39m }
🔍 AuthContext: Not on login page, checking auth status...
🔍 AuthContext: checkAuthStatusAndSetUser started
🔍 AuthContext: checkAuthStatusAndSetUser completed
🔍 AuthContext: isAuthenticated calculation { hasUser: [33mfalse[39m, bothAuth: [33mfalse[39m, isAuthenticated: [33mfalse[39m }
🔍 AuthContext: isAuthenticated calculation { hasUser: [33mfalse[39m, bothAuth: [33mfalse[39m, isAuthenticated: [33mfalse[39m }

stderr | tests/components/PortalContainer.test.tsx > PortalContainer > Rendering > should render PortalProviders
⚠️ React Router Future Flag Warning: React Router will begin wrapping state updates in `React.startTransition` in v7. You can use the `v7_startTransition` future flag to opt-in early. For more information, see https://reactrouter.com/v6/upgrading/future#v7_starttransition.
⚠️ React Router Future Flag Warning: Relative route resolution within Splat routes is changing in v7. You can use the `v7_relativeSplatPath` future flag to opt-in early. For more information, see https://reactrouter.com/v6/upgrading/future#v7_relativesplatpath.

stderr | tests/hooks/useOnDutyData.test.ts > useOnDutyData > Undo Functionality > should undo onCall changes
Warning: An update to TestComponent inside a test was not wrapped in act(...).

When testing, code that causes React state updates should be wrapped into act(...):

act(() => {
  /* fire events that update state */
});
/* assert on the output */

This ensures that you're testing the behavior the user would see in the browser. Learn more at https://reactjs.org/link/wrap-tests-with-act
    at TestComponent (/Users/C5406081/developer-portal-frontend/node_modules/@testing-library/react/dist/pure.js:329:5)

 ✓ tests/components/PortalContainer.test.tsx (43 tests) 245ms
stderr | tests/hooks/useOnDutyData.test.ts > useOnDutyData > Undo Functionality > should undo onCall changes
Warning: An update to TestComponent inside a test was not wrapped in act(...).

When testing, code that causes React state updates should be wrapped into act(...):

act(() => {
  /* fire events that update state */
});
/* assert on the output */

This ensures that you're testing the behavior the user would see in the browser. Learn more at https://reactjs.org/link/wrap-tests-with-act
    at TestComponent (/Users/C5406081/developer-portal-frontend/node_modules/@testing-library/react/dist/pure.js:329:5)

stderr | tests/components/dialogs/AddDocumentationDialog.test.tsx > AddDocumentationDialog Component > Form Submission > should handle submission success and failure scenarios
Failed to add documentation: Error: Creation failed
    at [90m/Users/C5406081/developer-portal-frontend/[39mtests/components/dialogs/AddDocumentationDialog.test.tsx:309:21
    at [90mfile:///Users/C5406081/developer-portal-frontend/[39mnode_modules/[4m@vitest[24m/runner/dist/chunk-hooks.js:752:20

 ✓ tests/services/JiraApi.test.ts (28 tests) 7ms
 ✓ tests/components/DeploymentCardSkeleton.test.tsx (52 tests) 78ms
stdout | tests/pages/LoginPage.test.tsx > LoginPage > Rendering > should render login card
🔐 LoginPage RENDER: {
  isAuthenticated: [33mfalse[39m,
  isLoading: [33mfalse[39m,
  isGithubToolsAuthenticated: [33mfalse[39m,
  isGithubWdfAuthenticated: [33mfalse[39m,
  bothAuth: [33mfalse[39m
}
🔄 LoginPage useEffect - Auth Status: {
  isGithubToolsAuthenticated: [33mfalse[39m,
  isGithubWdfAuthenticated: [33mfalse[39m,
  isBothAuthenticated: [33mfalse[39m
}

stderr | tests/pages/LoginPage.test.tsx > LoginPage > Rendering > should render login card
⚠️ React Router Future Flag Warning: React Router will begin wrapping state updates in `React.startTransition` in v7. You can use the `v7_startTransition` future flag to opt-in early. For more information, see https://reactrouter.com/v6/upgrading/future#v7_starttransition.
⚠️ React Router Future Flag Warning: Relative route resolution within Splat routes is changing in v7. You can use the `v7_relativeSplatPath` future flag to opt-in early. For more information, see https://reactrouter.com/v6/upgrading/future#v7_relativesplatpath.

stdout | tests/pages/LoginPage.test.tsx > LoginPage > Rendering > should render card header
🔐 LoginPage RENDER: {
  isAuthenticated: [33mfalse[39m,
  isLoading: [33mfalse[39m,
  isGithubToolsAuthenticated: [33mfalse[39m,
  isGithubWdfAuthenticated: [33mfalse[39m,
  bothAuth: [33mfalse[39m
}
🔄 LoginPage useEffect - Auth Status: {
  isGithubToolsAuthenticated: [33mfalse[39m,
  isGithubWdfAuthenticated: [33mfalse[39m,
  isBothAuthenticated: [33mfalse[39m
}

 ✓ tests/components/dialogs/AddDocumentationDialog.test.tsx (24 tests) 983ms
stdout | tests/pages/LoginPage.test.tsx > LoginPage > Rendering > should render card title
🔐 LoginPage RENDER: {
  isAuthenticated: [33mfalse[39m,
  isLoading: [33mfalse[39m,
  isGithubToolsAuthenticated: [33mfalse[39m,
  isGithubWdfAuthenticated: [33mfalse[39m,
  bothAuth: [33mfalse[39m
}
🔄 LoginPage useEffect - Auth Status: {
  isGithubToolsAuthenticated: [33mfalse[39m,
  isGithubWdfAuthenticated: [33mfalse[39m,
  isBothAuthenticated: [33mfalse[39m
}

stdout | tests/pages/LoginPage.test.tsx > LoginPage > Rendering > should render card description
🔐 LoginPage RENDER: {
  isAuthenticated: [33mfalse[39m,
  isLoading: [33mfalse[39m,
  isGithubToolsAuthenticated: [33mfalse[39m,
  isGithubWdfAuthenticated: [33mfalse[39m,
  bothAuth: [33mfalse[39m
}
🔄 LoginPage useEffect - Auth Status: {
  isGithubToolsAuthenticated: [33mfalse[39m,
  isGithubWdfAuthenticated: [33mfalse[39m,
  isBothAuthenticated: [33mfalse[39m
}

stdout | tests/pages/LoginPage.test.tsx > LoginPage > Rendering > should render card content
🔐 LoginPage RENDER: {
  isAuthenticated: [33mfalse[39m,
  isLoading: [33mfalse[39m,
  isGithubToolsAuthenticated: [33mfalse[39m,
  isGithubWdfAuthenticated: [33mfalse[39m,
  bothAuth: [33mfalse[39m
}
🔄 LoginPage useEffect - Auth Status: {
  isGithubToolsAuthenticated: [33mfalse[39m,
  isGithubWdfAuthenticated: [33mfalse[39m,
  isBothAuthenticated: [33mfalse[39m
}

stdout | tests/pages/LoginPage.test.tsx > LoginPage > Rendering > should render login button
🔐 LoginPage RENDER: {
  isAuthenticated: [33mfalse[39m,
  isLoading: [33mfalse[39m,
  isGithubToolsAuthenticated: [33mfalse[39m,
  isGithubWdfAuthenticated: [33mfalse[39m,
  bothAuth: [33mfalse[39m
}
🔄 LoginPage useEffect - Auth Status: {
  isGithubToolsAuthenticated: [33mfalse[39m,
  isGithubWdfAuthenticated: [33mfalse[39m,
  isBothAuthenticated: [33mfalse[39m
}

stdout | tests/pages/LoginPage.test.tsx > LoginPage > Rendering > should render GitHub icon in button
🔐 LoginPage RENDER: {
  isAuthenticated: [33mfalse[39m,
  isLoading: [33mfalse[39m,
  isGithubToolsAuthenticated: [33mfalse[39m,
  isGithubWdfAuthenticated: [33mfalse[39m,
  bothAuth: [33mfalse[39m
}
🔄 LoginPage useEffect - Auth Status: {
  isGithubToolsAuthenticated: [33mfalse[39m,
  isGithubWdfAuthenticated: [33mfalse[39m,
  isBothAuthenticated: [33mfalse[39m
}

stdout | tests/pages/LoginPage.test.tsx > LoginPage > Rendering > should render button text
🔐 LoginPage RENDER: {
  isAuthenticated: [33mfalse[39m,
  isLoading: [33mfalse[39m,
  isGithubToolsAuthenticated: [33mfalse[39m,
  isGithubWdfAuthenticated: [33mfalse[39m,
  bothAuth: [33mfalse[39m
}
🔄 LoginPage useEffect - Auth Status: {
  isGithubToolsAuthenticated: [33mfalse[39m,
  isGithubWdfAuthenticated: [33mfalse[39m,
  isBothAuthenticated: [33mfalse[39m
}

stdout | tests/pages/LoginPage.test.tsx > LoginPage > Rendering > should render terms of service text
🔐 LoginPage RENDER: {
  isAuthenticated: [33mfalse[39m,
  isLoading: [33mfalse[39m,
  isGithubToolsAuthenticated: [33mfalse[39m,
  isGithubWdfAuthenticated: [33mfalse[39m,
  bothAuth: [33mfalse[39m
}
🔄 LoginPage useEffect - Auth Status: {
  isGithubToolsAuthenticated: [33mfalse[39m,
  isGithubWdfAuthenticated: [33mfalse[39m,
  isBothAuthenticated: [33mfalse[39m
}

stdout | tests/pages/LoginPage.test.tsx > LoginPage > Authentication State - Redirect > should redirect to home when already authenticated
🔐 LoginPage RENDER: {
  isAuthenticated: [33mtrue[39m,
  isLoading: [33mfalse[39m,
  isGithubToolsAuthenticated: [33mfalse[39m,
  isGithubWdfAuthenticated: [33mfalse[39m,
  bothAuth: [33mfalse[39m
}
🔄 LoginPage useEffect - Auth Status: {
  isGithubToolsAuthenticated: [33mfalse[39m,
  isGithubWdfAuthenticated: [33mfalse[39m,
  isBothAuthenticated: [33mfalse[39m
}

stdout | tests/pages/LoginPage.test.tsx > LoginPage > Authentication State - Redirect > should not render login card when authenticated
🔐 LoginPage RENDER: {
  isAuthenticated: [33mtrue[39m,
  isLoading: [33mfalse[39m,
  isGithubToolsAuthenticated: [33mfalse[39m,
  isGithubWdfAuthenticated: [33mfalse[39m,
  bothAuth: [33mfalse[39m
}
🔄 LoginPage useEffect - Auth Status: {
  isGithubToolsAuthenticated: [33mfalse[39m,
  isGithubWdfAuthenticated: [33mfalse[39m,
  isBothAuthenticated: [33mfalse[39m
}

stdout | tests/pages/LoginPage.test.tsx > LoginPage > Authentication State - Redirect > should call Navigate with replace prop
🔐 LoginPage RENDER: {
  isAuthenticated: [33mtrue[39m,
  isLoading: [33mfalse[39m,
  isGithubToolsAuthenticated: [33mfalse[39m,
  isGithubWdfAuthenticated: [33mfalse[39m,
  bothAuth: [33mfalse[39m
}
🔄 LoginPage useEffect - Auth Status: {
  isGithubToolsAuthenticated: [33mfalse[39m,
  isGithubWdfAuthenticated: [33mfalse[39m,
  isBothAuthenticated: [33mfalse[39m
}

stdout | tests/pages/LoginPage.test.tsx > LoginPage > Loading State - Initial Auth Check > should show loading spinner when auth is loading
🔐 LoginPage RENDER: {
  isAuthenticated: [33mfalse[39m,
  isLoading: [33mtrue[39m,
  isGithubToolsAuthenticated: [33mfalse[39m,
  isGithubWdfAuthenticated: [33mfalse[39m,
  bothAuth: [33mfalse[39m
}
🔄 LoginPage useEffect - Auth Status: {
  isGithubToolsAuthenticated: [33mfalse[39m,
  isGithubWdfAuthenticated: [33mfalse[39m,
  isBothAuthenticated: [33mfalse[39m
}

stdout | tests/pages/LoginPage.test.tsx > LoginPage > Loading State - Initial Auth Check > should show loading spinner element when auth is loading
🔐 LoginPage RENDER: {
  isAuthenticated: [33mfalse[39m,
  isLoading: [33mtrue[39m,
  isGithubToolsAuthenticated: [33mfalse[39m,
  isGithubWdfAuthenticated: [33mfalse[39m,
  bothAuth: [33mfalse[39m
}
🔄 LoginPage useEffect - Auth Status: {
  isGithubToolsAuthenticated: [33mfalse[39m,
  isGithubWdfAuthenticated: [33mfalse[39m,
  isBothAuthenticated: [33mfalse[39m
}

stdout | tests/pages/LoginPage.test.tsx > LoginPage > Loading State - Initial Auth Check > should not render login card when auth is loading
🔐 LoginPage RENDER: {
  isAuthenticated: [33mfalse[39m,
  isLoading: [33mtrue[39m,
  isGithubToolsAuthenticated: [33mfalse[39m,
  isGithubWdfAuthenticated: [33mfalse[39m,
  bothAuth: [33mfalse[39m
}
🔄 LoginPage useEffect - Auth Status: {
  isGithubToolsAuthenticated: [33mfalse[39m,
  isGithubWdfAuthenticated: [33mfalse[39m,
  isBothAuthenticated: [33mfalse[39m
}

stdout | tests/pages/LoginPage.test.tsx > LoginPage > Loading State - Initial Auth Check > should apply correct styling to loading container
🔐 LoginPage RENDER: {
  isAuthenticated: [33mfalse[39m,
  isLoading: [33mtrue[39m,
  isGithubToolsAuthenticated: [33mfalse[39m,
  isGithubWdfAuthenticated: [33mfalse[39m,
  bothAuth: [33mfalse[39m
}
🔄 LoginPage useEffect - Auth Status: {
  isGithubToolsAuthenticated: [33mfalse[39m,
  isGithubWdfAuthenticated: [33mfalse[39m,
  isBothAuthenticated: [33mfalse[39m
}

stdout | tests/pages/LoginPage.test.tsx > LoginPage > Login Flow > should call login when button is clicked
🔐 LoginPage RENDER: {
  isAuthenticated: [33mfalse[39m,
  isLoading: [33mfalse[39m,
  isGithubToolsAuthenticated: [33mfalse[39m,
  isGithubWdfAuthenticated: [33mfalse[39m,
  bothAuth: [33mfalse[39m
}
🔄 LoginPage useEffect - Auth Status: {
  isGithubToolsAuthenticated: [33mfalse[39m,
  isGithubWdfAuthenticated: [33mfalse[39m,
  isBothAuthenticated: [33mfalse[39m
}

stdout | tests/pages/LoginPage.test.tsx > LoginPage > Login Flow > should show loading state when login is in progress
🔐 LoginPage RENDER: {
  isAuthenticated: [33mfalse[39m,
  isLoading: [33mfalse[39m,
  isGithubToolsAuthenticated: [33mfalse[39m,
  isGithubWdfAuthenticated: [33mfalse[39m,
  bothAuth: [33mfalse[39m
}
🔄 LoginPage useEffect - Auth Status: {
  isGithubToolsAuthenticated: [33mfalse[39m,
  isGithubWdfAuthenticated: [33mfalse[39m,
  isBothAuthenticated: [33mfalse[39m
}

stdout | tests/pages/LoginPage.test.tsx > LoginPage > Login Flow > should disable button during login
🔐 LoginPage RENDER: {
  isAuthenticated: [33mfalse[39m,
  isLoading: [33mfalse[39m,
  isGithubToolsAuthenticated: [33mfalse[39m,
  isGithubWdfAuthenticated: [33mfalse[39m,
  bothAuth: [33mfalse[39m
}
🔄 LoginPage useEffect - Auth Status: {
  isGithubToolsAuthenticated: [33mfalse[39m,
  isGithubWdfAuthenticated: [33mfalse[39m,
  isBothAuthenticated: [33mfalse[39m
}

stdout | tests/pages/LoginPage.test.tsx > LoginPage > Login Flow > should show spinner during login
🔐 LoginPage RENDER: {
  isAuthenticated: [33mfalse[39m,
  isLoading: [33mfalse[39m,
  isGithubToolsAuthenticated: [33mfalse[39m,
  isGithubWdfAuthenticated: [33mfalse[39m,
  bothAuth: [33mfalse[39m
}
🔄 LoginPage useEffect - Auth Status: {
  isGithubToolsAuthenticated: [33mfalse[39m,
  isGithubWdfAuthenticated: [33mfalse[39m,
  isBothAuthenticated: [33mfalse[39m
}

stdout | tests/pages/LoginPage.test.tsx > LoginPage > Login Flow > should re-enable button after successful login
🔐 LoginPage RENDER: {
  isAuthenticated: [33mfalse[39m,
  isLoading: [33mfalse[39m,
  isGithubToolsAuthenticated: [33mfalse[39m,
  isGithubWdfAuthenticated: [33mfalse[39m,
  bothAuth: [33mfalse[39m
}
🔄 LoginPage useEffect - Auth Status: {
  isGithubToolsAuthenticated: [33mfalse[39m,
  isGithubWdfAuthenticated: [33mfalse[39m,
  isBothAuthenticated: [33mfalse[39m
}

stdout | tests/pages/LoginPage.test.tsx > LoginPage > Login Flow > should hide loading text after login completes
🔐 LoginPage RENDER: {
  isAuthenticated: [33mfalse[39m,
  isLoading: [33mfalse[39m,
  isGithubToolsAuthenticated: [33mfalse[39m,
  isGithubWdfAuthenticated: [33mfalse[39m,
  bothAuth: [33mfalse[39m
}
🔄 LoginPage useEffect - Auth Status: {
  isGithubToolsAuthenticated: [33mfalse[39m,
  isGithubWdfAuthenticated: [33mfalse[39m,
  isBothAuthenticated: [33mfalse[39m
}

stdout | tests/pages/LoginPage.test.tsx > LoginPage > Error Handling > should log error when login fails
🔐 LoginPage RENDER: {
  isAuthenticated: [33mfalse[39m,
  isLoading: [33mfalse[39m,
  isGithubToolsAuthenticated: [33mfalse[39m,
  isGithubWdfAuthenticated: [33mfalse[39m,
  bothAuth: [33mfalse[39m
}
🔄 LoginPage useEffect - Auth Status: {
  isGithubToolsAuthenticated: [33mfalse[39m,
  isGithubWdfAuthenticated: [33mfalse[39m,
  isBothAuthenticated: [33mfalse[39m
}

stdout | tests/pages/LoginPage.test.tsx > LoginPage > Error Handling > should re-enable button after login fails
🔐 LoginPage RENDER: {
  isAuthenticated: [33mfalse[39m,
  isLoading: [33mfalse[39m,
  isGithubToolsAuthenticated: [33mfalse[39m,
  isGithubWdfAuthenticated: [33mfalse[39m,
  bothAuth: [33mfalse[39m
}
🔄 LoginPage useEffect - Auth Status: {
  isGithubToolsAuthenticated: [33mfalse[39m,
  isGithubWdfAuthenticated: [33mfalse[39m,
  isBothAuthenticated: [33mfalse[39m
}

stdout | tests/pages/LoginPage.test.tsx > LoginPage > Error Handling > should handle multiple failed login attempts
🔐 LoginPage RENDER: {
  isAuthenticated: [33mfalse[39m,
  isLoading: [33mfalse[39m,
  isGithubToolsAuthenticated: [33mfalse[39m,
  isGithubWdfAuthenticated: [33mfalse[39m,
  bothAuth: [33mfalse[39m
}
🔄 LoginPage useEffect - Auth Status: {
  isGithubToolsAuthenticated: [33mfalse[39m,
  isGithubWdfAuthenticated: [33mfalse[39m,
  isBothAuthenticated: [33mfalse[39m
}

stdout | tests/pages/LoginPage.test.tsx > LoginPage > Button States > should render button with default variant
🔐 LoginPage RENDER: {
  isAuthenticated: [33mfalse[39m,
  isLoading: [33mfalse[39m,
  isGithubToolsAuthenticated: [33mfalse[39m,
  isGithubWdfAuthenticated: [33mfalse[39m,
  bothAuth: [33mfalse[39m
}
🔄 LoginPage useEffect - Auth Status: {
  isGithubToolsAuthenticated: [33mfalse[39m,
  isGithubWdfAuthenticated: [33mfalse[39m,
  isBothAuthenticated: [33mfalse[39m
}

stdout | tests/pages/LoginPage.test.tsx > LoginPage > Button States > should render button with full width class
🔐 LoginPage RENDER: {
  isAuthenticated: [33mfalse[39m,
  isLoading: [33mfalse[39m,
  isGithubToolsAuthenticated: [33mfalse[39m,
  isGithubWdfAuthenticated: [33mfalse[39m,
  bothAuth: [33mfalse[39m
}
🔄 LoginPage useEffect - Auth Status: {
  isGithubToolsAuthenticated: [33mfalse[39m,
  isGithubWdfAuthenticated: [33mfalse[39m,
  isBothAuthenticated: [33mfalse[39m
}

stdout | tests/pages/LoginPage.test.tsx > LoginPage > Button States > should not be disabled initially
🔐 LoginPage RENDER: {
  isAuthenticated: [33mfalse[39m,
  isLoading: [33mfalse[39m,
  isGithubToolsAuthenticated: [33mfalse[39m,
  isGithubWdfAuthenticated: [33mfalse[39m,
  bothAuth: [33mfalse[39m
}
🔄 LoginPage useEffect - Auth Status: {
  isGithubToolsAuthenticated: [33mfalse[39m,
  isGithubWdfAuthenticated: [33mfalse[39m,
  isBothAuthenticated: [33mfalse[39m
}

stdout | tests/pages/LoginPage.test.tsx > LoginPage > UI Styling > should apply correct container styling
🔐 LoginPage RENDER: {
  isAuthenticated: [33mfalse[39m,
  isLoading: [33mfalse[39m,
  isGithubToolsAuthenticated: [33mfalse[39m,
  isGithubWdfAuthenticated: [33mfalse[39m,
  bothAuth: [33mfalse[39m
}
🔄 LoginPage useEffect - Auth Status: {
  isGithubToolsAuthenticated: [33mfalse[39m,
  isGithubWdfAuthenticated: [33mfalse[39m,
  isBothAuthenticated: [33mfalse[39m
}

stdout | tests/pages/LoginPage.test.tsx > LoginPage > UI Styling > should apply correct card styling
🔐 LoginPage RENDER: {
  isAuthenticated: [33mfalse[39m,
  isLoading: [33mfalse[39m,
  isGithubToolsAuthenticated: [33mfalse[39m,
  isGithubWdfAuthenticated: [33mfalse[39m,
  bothAuth: [33mfalse[39m
}
🔄 LoginPage useEffect - Auth Status: {
  isGithubToolsAuthenticated: [33mfalse[39m,
  isGithubWdfAuthenticated: [33mfalse[39m,
  isBothAuthenticated: [33mfalse[39m
}

stdout | tests/pages/LoginPage.test.tsx > LoginPage > UI Styling > should apply text-center to header
🔐 LoginPage RENDER: {
  isAuthenticated: [33mfalse[39m,
  isLoading: [33mfalse[39m,
  isGithubToolsAuthenticated: [33mfalse[39m,
  isGithubWdfAuthenticated: [33mfalse[39m,
  bothAuth: [33mfalse[39m
}
🔄 LoginPage useEffect - Auth Status: {
  isGithubToolsAuthenticated: [33mfalse[39m,
  isGithubWdfAuthenticated: [33mfalse[39m,
  isBothAuthenticated: [33mfalse[39m
}

stdout | tests/pages/LoginPage.test.tsx > LoginPage > UI Styling > should apply correct title styling
🔐 LoginPage RENDER: {
  isAuthenticated: [33mfalse[39m,
  isLoading: [33mfalse[39m,
  isGithubToolsAuthenticated: [33mfalse[39m,
  isGithubWdfAuthenticated: [33mfalse[39m,
  bothAuth: [33mfalse[39m
}
🔄 LoginPage useEffect - Auth Status: {
  isGithubToolsAuthenticated: [33mfalse[39m,
  isGithubWdfAuthenticated: [33mfalse[39m,
  isBothAuthenticated: [33mfalse[39m
}

stdout | tests/pages/LoginPage.test.tsx > LoginPage > UI Styling > should apply space-y-4 to card content
🔐 LoginPage RENDER: {
  isAuthenticated: [33mfalse[39m,
  isLoading: [33mfalse[39m,
  isGithubToolsAuthenticated: [33mfalse[39m,
  isGithubWdfAuthenticated: [33mfalse[39m,
  bothAuth: [33mfalse[39m
}
🔄 LoginPage useEffect - Auth Status: {
  isGithubToolsAuthenticated: [33mfalse[39m,
  isGithubWdfAuthenticated: [33mfalse[39m,
  isBothAuthenticated: [33mfalse[39m
}

stdout | tests/pages/LoginPage.test.tsx > LoginPage > Integration > should call useAuth hook
🔐 LoginPage RENDER: {
  isAuthenticated: [33mfalse[39m,
  isLoading: [33mfalse[39m,
  isGithubToolsAuthenticated: [33mfalse[39m,
  isGithubWdfAuthenticated: [33mfalse[39m,
  bothAuth: [33mfalse[39m
}
🔄 LoginPage useEffect - Auth Status: {
  isGithubToolsAuthenticated: [33mfalse[39m,
  isGithubWdfAuthenticated: [33mfalse[39m,
  isBothAuthenticated: [33mfalse[39m
}

stdout | tests/pages/LoginPage.test.tsx > LoginPage > Integration > should use login function from useAuth
🔐 LoginPage RENDER: {
  isAuthenticated: [33mfalse[39m,
  isLoading: [33mfalse[39m,
  isGithubToolsAuthenticated: [33mfalse[39m,
  isGithubWdfAuthenticated: [33mfalse[39m,
  bothAuth: [33mfalse[39m
}
🔄 LoginPage useEffect - Auth Status: {
  isGithubToolsAuthenticated: [33mfalse[39m,
  isGithubWdfAuthenticated: [33mfalse[39m,
  isBothAuthenticated: [33mfalse[39m
}

stdout | tests/pages/LoginPage.test.tsx > LoginPage > Edge Cases > should handle rapid button clicks
🔐 LoginPage RENDER: {
  isAuthenticated: [33mfalse[39m,
  isLoading: [33mfalse[39m,
  isGithubToolsAuthenticated: [33mfalse[39m,
  isGithubWdfAuthenticated: [33mfalse[39m,
  bothAuth: [33mfalse[39m
}
🔄 LoginPage useEffect - Auth Status: {
  isGithubToolsAuthenticated: [33mfalse[39m,
  isGithubWdfAuthenticated: [33mfalse[39m,
  isBothAuthenticated: [33mfalse[39m
}

stdout | tests/pages/LoginPage.test.tsx > LoginPage > Edge Cases > should handle login promise that never resolves
🔐 LoginPage RENDER: {
  isAuthenticated: [33mfalse[39m,
  isLoading: [33mfalse[39m,
  isGithubToolsAuthenticated: [33mfalse[39m,
  isGithubWdfAuthenticated: [33mfalse[39m,
  bothAuth: [33mfalse[39m
}
🔄 LoginPage useEffect - Auth Status: {
  isGithubToolsAuthenticated: [33mfalse[39m,
  isGithubWdfAuthenticated: [33mfalse[39m,
  isBothAuthenticated: [33mfalse[39m
}

stdout | tests/pages/LoginPage.test.tsx > LoginPage > Edge Cases > should handle switching from loading to authenticated
🔐 LoginPage RENDER: {
  isAuthenticated: [33mfalse[39m,
  isLoading: [33mfalse[39m,
  isGithubToolsAuthenticated: [33mfalse[39m,
  isGithubWdfAuthenticated: [33mfalse[39m,
  bothAuth: [33mfalse[39m
}
🔄 LoginPage useEffect - Auth Status: {
  isGithubToolsAuthenticated: [33mfalse[39m,
  isGithubWdfAuthenticated: [33mfalse[39m,
  isBothAuthenticated: [33mfalse[39m
}
🔐 LoginPage RENDER: {
  isAuthenticated: [33mfalse[39m,
  isLoading: [33mtrue[39m,
  isGithubToolsAuthenticated: [33mfalse[39m,
  isGithubWdfAuthenticated: [33mfalse[39m,
  bothAuth: [33mfalse[39m
}
🔐 LoginPage RENDER: {
  isAuthenticated: [33mtrue[39m,
  isLoading: [33mfalse[39m,
  isGithubToolsAuthenticated: [33mfalse[39m,
  isGithubWdfAuthenticated: [33mfalse[39m,
  bothAuth: [33mfalse[39m
}

 ❯ tests/pages/LoginPage.test.tsx (38 tests | 22 failed) 163ms
   ✓ LoginPage > Rendering > should render login card 17ms
   ✓ LoginPage > Rendering > should render card header 3ms
   ✓ LoginPage > Rendering > should render card title 4ms
   × LoginPage > Rendering > should render card description 9ms
     → Unable to find an element with the text: Choose your preferred login method to access the portal. This could be because the text is broken up by multiple elements. In this case, you can provide a function for your text matcher to make your matcher more flexible.

Ignored nodes: comments, script, style
[36m<body>[39m
  [36m<div>[39m
    [36m<div[39m
      [33mclass[39m=[32m"min-h-screen flex items-center justify-center bg-background p-4"[39m
    [36m>[39m
      [36m<div[39m
        [33mclass[39m=[32m"w-full max-w-md"[39m
        [33mdata-testid[39m=[32m"card"[39m
      [36m>[39m
        [36m<div[39m
          [33mclass[39m=[32m"text-center"[39m
          [33mdata-testid[39m=[32m"card-header"[39m
        [36m>[39m
          [36m<div[39m
            [33mclass[39m=[32m"text-2xl font-bold"[39m
            [33mdata-testid[39m=[32m"card-title"[39m
          [36m>[39m
            [0mWelcome to Developer Portal[0m
          [36m</div>[39m
          [36m<div[39m
            [33mdata-testid[39m=[32m"card-description"[39m
          [36m>[39m
            [0mComplete both authentications to access the portal[0m
          [36m</div>[39m
        [36m</div>[39m
        [36m<div[39m
          [33mclass[39m=[32m"space-y-4"[39m
          [33mdata-testid[39m=[32m"card-content"[39m
        [36m>[39m
          [36m<div[39m
            [33mclass[39m=[32m"space-y-2"[39m
          [36m>[39m
            [36m<button[39m
              [33mclass[39m=[32m"w-full h-12 text-base"[39m
              [33mdata-testid[39m=[32m"login-button"[39m
              [33mdata-variant[39m=[32m"default"[39m
            [36m>[39m
              [36m<div[39m
                [33mclass[39m=[32m"flex items-center gap-2"[39m
              [36m>[39m
                [36m<div[39m
                  [33mdata-testid[39m=[32m"github-icon"[39m
                [36m>[39m
                  [0mGitHub Icon[0m
                [36m</div>[39m
                [0mSign in with GitHub Tools[0m
              [36m</div>[39m
            [36m</button>[39m
          [36m</div>[39m
          [36m<div[39m
            [33mclass[39m=[32m"space-y-2"[39m
          [36m>[39m
            [36m<button[39m
              [33mclass[39m=[32m"w-full h-12 text-base"[39m
              [33mdata-testid[39m=[32m"login-button"[39m
              [33mdata-variant[39m=[32m"default"[39m
            [36m>[39m
              [36m<div[39m
                [33mclass[39m=[32m"flex items-center gap-2"[39m
              [36m>[39m
                [36m<div[39m
                  [33mdata-testid[39m=[32m"github-icon"[39m
                [36m>[39m
                  [0mGitHub Icon[0m
                [36m</div>[39m
                [0mSign in with GitHub WDF[0m
              [36m</div>[39m
            [36m</button>[39m
          [36m</div>[39m
          [36m<div[39m
            [33mclass[39m=[32m"text-center text-sm text-muted-foreground mt-6"[39m
          [36m>[39m
            [36m<p>[39m
              [0mBy signing in, you agree to our terms of service and privacy policy.[0m
            [36m</p>[39m
          [36m</div>[39m
        [36m</div>[39m
      [36m</div>[39m
    [36m</div>[39m
  [36m</div>[39m
[36m</body>[39m
   ✓ LoginPage > Rendering > should render card content 2ms
   × LoginPage > Rendering > should render login button 2ms
     → Found multiple elements by: [data-testid="login-button"]

Here are the matching elements:

Ignored nodes: comments, script, style
[36m<button[39m
  [33mclass[39m=[32m"w-full h-12 text-base"[39m
  [33mdata-testid[39m=[32m"login-button"[39m
  [33mdata-variant[39m=[32m"default"[39m
[36m>[39m
  [36m<div[39m
    [33mclass[39m=[32m"flex items-center gap-2"[39m
  [36m>[39m
    [36m<div[39m
      [33mdata-testid[39m=[32m"github-icon"[39m
    [36m>[39m
      [0mGitHub Icon[0m
    [36m</div>[39m
    [0mSign in with GitHub Tools[0m
  [36m</div>[39m
[36m</button>[39m

Ignored nodes: comments, script, style
[36m<button[39m
  [33mclass[39m=[32m"w-full h-12 text-base"[39m
  [33mdata-testid[39m=[32m"login-button"[39m
  [33mdata-variant[39m=[32m"default"[39m
[36m>[39m
  [36m<div[39m
    [33mclass[39m=[32m"flex items-center gap-2"[39m
  [36m>[39m
    [36m<div[39m
      [33mdata-testid[39m=[32m"github-icon"[39m
    [36m>[39m
      [0mGitHub Icon[0m
    [36m</div>[39m
    [0mSign in with GitHub WDF[0m
  [36m</div>[39m
[36m</button>[39m

(If this is intentional, then use the `*AllBy*` variant of the query (like `queryAllByText`, `getAllByText`, or `findAllByText`)).

Ignored nodes: comments, script, style
[36m<body>[39m
  [36m<div>[39m
    [36m<div[39m
      [33mclass[39m=[32m"min-h-screen flex items-center justify-center bg-background p-4"[39m
    [36m>[39m
      [36m<div[39m
        [33mclass[39m=[32m"w-full max-w-md"[39m
        [33mdata-testid[39m=[32m"card"[39m
      [36m>[39m
        [36m<div[39m
          [33mclass[39m=[32m"text-center"[39m
          [33mdata-testid[39m=[32m"card-header"[39m
        [36m>[39m
          [36m<div[39m
            [33mclass[39m=[32m"text-2xl font-bold"[39m
            [33mdata-testid[39m=[32m"card-title"[39m
          [36m>[39m
            [0mWelcome to Developer Portal[0m
          [36m</div>[39m
          [36m<div[39m
            [33mdata-testid[39m=[32m"card-description"[39m
          [36m>[39m
            [0mComplete both authentications to access the portal[0m
          [36m</div>[39m
        [36m</div>[39m
        [36m<div[39m
          [33mclass[39m=[32m"space-y-4"[39m
          [33mdata-testid[39m=[32m"card-content"[39m
        [36m>[39m
          [36m<div[39m
            [33mclass[39m=[32m"space-y-2"[39m
          [36m>[39m
            [36m<button[39m
              [33mclass[39m=[32m"w-full h-12 text-base"[39m
              [33mdata-testid[39m=[32m"login-button"[39m
              [33mdata-variant[39m=[32m"default"[39m
            [36m>[39m
              [36m<div[39m
                [33mclass[39m=[32m"flex items-center gap-2"[39m
              [36m>[39m
                [36m<div[39m
                  [33mdata-testid[39m=[32m"github-icon"[39m
                [36m>[39m
                  [0mGitHub Icon[0m
                [36m</div>[39m
                [0mSign in with GitHub Tools[0m
              [36m</div>[39m
            [36m</button>[39m
          [36m</div>[39m
          [36m<div[39m
            [33mclass[39m=[32m"space-y-2"[39m
          [36m>[39m
            [36m<button[39m
              [33mclass[39m=[32m"w-full h-12 text-base"[39m
              [33mdata-testid[39m=[32m"login-button"[39m
              [33mdata-variant[39m=[32m"default"[39m
            [36m>[39m
              [36m<div[39m
                [33mclass[39m=[32m"flex items-center gap-2"[39m
              [36m>[39m
                [36m<div[39m
                  [33mdata-testid[39m=[32m"github-icon"[39m
                [36m>[39m
                  [0mGitHub Icon[0m
                [36m</div>[39m
                [0mSign in with GitHub WDF[0m
              [36m</div>[39m
            [36m</button>[39m
          [36m</div>[39m
          [36m<div[39m
            [33mclass[39m=[32m"text-center text-sm text-muted-foreground mt-6"[39m
          [36m>[39m
            [36m<p>[39m
              [0mBy signing in, you agree to our terms of service and privacy policy.[0m
            [36m</p>[39m
          [36m</div>[39m
        [36m</div>[39m
      [36m</div>[39m
    [36m</div>[39m
  [36m</div>[39m
[36m</body>[39m
   × LoginPage > Rendering > should render GitHub icon in button 14ms
     → Found multiple elements by: [data-testid="github-icon"]

Here are the matching elements:

Ignored nodes: comments, script, style
[36m<div[39m
  [33mdata-testid[39m=[32m"github-icon"[39m
[36m>[39m
  [0mGitHub Icon[0m
[36m</div>[39m

Ignored nodes: comments, script, style
[36m<div[39m
  [33mdata-testid[39m=[32m"github-icon"[39m
[36m>[39m
  [0mGitHub Icon[0m
[36m</div>[39m

(If this is intentional, then use the `*AllBy*` variant of the query (like `queryAllByText`, `getAllByText`, or `findAllByText`)).

Ignored nodes: comments, script, style
[36m<body>[39m
  [36m<div>[39m
    [36m<div[39m
      [33mclass[39m=[32m"min-h-screen flex items-center justify-center bg-background p-4"[39m
    [36m>[39m
      [36m<div[39m
        [33mclass[39m=[32m"w-full max-w-md"[39m
        [33mdata-testid[39m=[32m"card"[39m
      [36m>[39m
        [36m<div[39m
          [33mclass[39m=[32m"text-center"[39m
          [33mdata-testid[39m=[32m"card-header"[39m
        [36m>[39m
          [36m<div[39m
            [33mclass[39m=[32m"text-2xl font-bold"[39m
            [33mdata-testid[39m=[32m"card-title"[39m
          [36m>[39m
            [0mWelcome to Developer Portal[0m
          [36m</div>[39m
          [36m<div[39m
            [33mdata-testid[39m=[32m"card-description"[39m
          [36m>[39m
            [0mComplete both authentications to access the portal[0m
          [36m</div>[39m
        [36m</div>[39m
        [36m<div[39m
          [33mclass[39m=[32m"space-y-4"[39m
          [33mdata-testid[39m=[32m"card-content"[39m
        [36m>[39m
          [36m<div[39m
            [33mclass[39m=[32m"space-y-2"[39m
          [36m>[39m
            [36m<button[39m
              [33mclass[39m=[32m"w-full h-12 text-base"[39m
              [33mdata-testid[39m=[32m"login-button"[39m
              [33mdata-variant[39m=[32m"default"[39m
            [36m>[39m
              [36m<div[39m
                [33mclass[39m=[32m"flex items-center gap-2"[39m
              [36m>[39m
                [36m<div[39m
                  [33mdata-testid[39m=[32m"github-icon"[39m
                [36m>[39m
                  [0mGitHub Icon[0m
                [36m</div>[39m
                [0mSign in with GitHub Tools[0m
              [36m</div>[39m
            [36m</button>[39m
          [36m</div>[39m
          [36m<div[39m
            [33mclass[39m=[32m"space-y-2"[39m
          [36m>[39m
            [36m<button[39m
              [33mclass[39m=[32m"w-full h-12 text-base"[39m
              [33mdata-testid[39m=[32m"login-button"[39m
              [33mdata-variant[39m=[32m"default"[39m
            [36m>[39m
              [36m<div[39m
                [33mclass[39m=[32m"flex items-center gap-2"[39m
              [36m>[39m
                [36m<div[39m
                  [33mdata-testid[39m=[32m"github-icon"[39m
                [36m>[39m
                  [0mGitHub Icon[0m
                [36m</div>[39m
                [0mSign in with GitHub WDF[0m
              [36m</div>[39m
            [36m</button>[39m
          [36m</div>[39m
          [36m<div[39m
            [33mclass[39m=[32m"text-center text-sm text-muted-foreground mt-6"[39m
          [36m>[39m
            [36m<p>[39m
              [0mBy signing in, you agree to our terms of service and privacy policy.[0m
            [36m</p>[39m
          [36m</div>[39m
        [36m</div>[39m
      [36m</div>[39m
    [36m</div>[39m
  [36m</div>[39m
[36m</body>[39m
   ✓ LoginPage > Rendering > should render button text 10ms
   ✓ LoginPage > Rendering > should render terms of service text 4ms
   × LoginPage > Authentication State - Redirect > should redirect to home when already authenticated 2ms
     → Unable to find an element by: [data-testid="navigate"]

Ignored nodes: comments, script, style
[36m<body>[39m
  [36m<div>[39m
    [36m<div[39m
      [33mclass[39m=[32m"min-h-screen flex items-center justify-center bg-background p-4"[39m
    [36m>[39m
      [36m<div[39m
        [33mclass[39m=[32m"w-full max-w-md"[39m
        [33mdata-testid[39m=[32m"card"[39m
      [36m>[39m
        [36m<div[39m
          [33mclass[39m=[32m"text-center"[39m
          [33mdata-testid[39m=[32m"card-header"[39m
        [36m>[39m
          [36m<div[39m
            [33mclass[39m=[32m"text-2xl font-bold"[39m
            [33mdata-testid[39m=[32m"card-title"[39m
          [36m>[39m
            [0mWelcome to Developer Portal[0m
          [36m</div>[39m
          [36m<div[39m
            [33mdata-testid[39m=[32m"card-description"[39m
          [36m>[39m
            [0mComplete both authentications to access the portal[0m
          [36m</div>[39m
        [36m</div>[39m
        [36m<div[39m
          [33mclass[39m=[32m"space-y-4"[39m
          [33mdata-testid[39m=[32m"card-content"[39m
        [36m>[39m
          [36m<div[39m
            [33mclass[39m=[32m"space-y-2"[39m
          [36m>[39m
            [36m<button[39m
              [33mclass[39m=[32m"w-full h-12 text-base"[39m
              [33mdata-testid[39m=[32m"login-button"[39m
              [33mdata-variant[39m=[32m"default"[39m
            [36m>[39m
              [36m<div[39m
                [33mclass[39m=[32m"flex items-center gap-2"[39m
              [36m>[39m
                [36m<div[39m
                  [33mdata-testid[39m=[32m"github-icon"[39m
                [36m>[39m
                  [0mGitHub Icon[0m
                [36m</div>[39m
                [0mSign in with GitHub Tools[0m
              [36m</div>[39m
            [36m</button>[39m
          [36m</div>[39m
          [36m<div[39m
            [33mclass[39m=[32m"space-y-2"[39m
          [36m>[39m
            [36m<button[39m
              [33mclass[39m=[32m"w-full h-12 text-base"[39m
              [33mdata-testid[39m=[32m"login-button"[39m
              [33mdata-variant[39m=[32m"default"[39m
            [36m>[39m
              [36m<div[39m
                [33mclass[39m=[32m"flex items-center gap-2"[39m
              [36m>[39m
                [36m<div[39m
                  [33mdata-testid[39m=[32m"github-icon"[39m
                [36m>[39m
                  [0mGitHub Icon[0m
                [36m</div>[39m
                [0mSign in with GitHub WDF[0m
              [36m</div>[39m
            [36m</button>[39m
          [36m</div>[39m
          [36m<div[39m
            [33mclass[39m=[32m"text-center text-sm text-muted-foreground mt-6"[39m
          [36m>[39m
            [36m<p>[39m
              [0mBy signing in, you agree to our terms of service and privacy policy.[0m
            [36m</p>[39m
          [36m</div>[39m
        [36m</div>[39m
      [36m</div>[39m
    [36m</div>[39m
  [36m</div>[39m
[36m</body>[39m
   × LoginPage > Authentication State - Redirect > should not render login card when authenticated 9ms
     → [2mexpect([22m[31melement[39m[2m).not.toBeInTheDocument()[22m

[31mexpected document not to contain element, found <div
  class="w-full max-w-md"
  data-testid="card"
>
  <div
    class="text-center"
    data-testid="card-header"
  >
    <div
      class="text-2xl font-bold"
      data-testid="card-title"
    >
      Welcome to Developer Portal
    </div>
    <div
      data-testid="card-description"
    >
      Complete both authentications to access the portal
    </div>
  </div>
  <div
    class="space-y-4"
    data-testid="card-content"
  >
    <div
      class="space-y-2"
    >
      <button
        class="w-full h-12 text-base"
        data-testid="login-button"
        data-variant="default"
      >
        <div
          class="flex items-center gap-2"
        >
          <div
            data-testid="github-icon"
          >
            GitHub Icon
          </div>
          Sign in with GitHub Tools
        </div>
      </button>
    </div>
    <div
      class="space-y-2"
    >
      <button
        class="w-full h-12 text-base"
        data-testid="login-button"
        data-variant="default"
      >
        <div
          class="flex items-center gap-2"
        >
          <div
            data-testid="github-icon"
          >
            GitHub Icon
          </div>
          Sign in with GitHub WDF
        </div>
      </button>
    </div>
    <div
      class="text-center text-sm text-muted-foreground mt-6"
    >
      <p>
        By signing in, you agree to our terms of service and privacy policy.
      </p>
    </div>
  </div>
</div> instead[39m
   × LoginPage > Authentication State - Redirect > should call Navigate with replace prop 2ms
     → expected "spy" to be called with arguments: [ ObjectContaining{…}, Anything ][90m

Number of calls: [1m0[22m
[39m
   ✓ LoginPage > Loading State - Initial Auth Check > should show loading spinner when auth is loading 1ms
   ✓ LoginPage > Loading State - Initial Auth Check > should show loading spinner element when auth is loading 3ms
   ✓ LoginPage > Loading State - Initial Auth Check > should not render login card when auth is loading 1ms
   ✓ LoginPage > Loading State - Initial Auth Check > should apply correct styling to loading container 1ms
   × LoginPage > Login Flow > should call login when button is clicked 5ms
     → Found multiple elements by: [data-testid="login-button"]

Here are the matching elements:

Ignored nodes: comments, script, style
[36m<button[39m
  [33mclass[39m=[32m"w-full h-12 text-base"[39m
  [33mdata-testid[39m=[32m"login-button"[39m
  [33mdata-variant[39m=[32m"default"[39m
[36m>[39m
  [36m<div[39m
    [33mclass[39m=[32m"flex items-center gap-2"[39m
  [36m>[39m
    [36m<div[39m
      [33mdata-testid[39m=[32m"github-icon"[39m
    [36m>[39m
      [0mGitHub Icon[0m
    [36m</div>[39m
    [0mSign in with GitHub Tools[0m
  [36m</div>[39m
[36m</button>[39m

Ignored nodes: comments, script, style
[36m<button[39m
  [33mclass[39m=[32m"w-full h-12 text-base"[39m
  [33mdata-testid[39m=[32m"login-button"[39m
  [33mdata-variant[39m=[32m"default"[39m
[36m>[39m
  [36m<div[39m
    [33mclass[39m=[32m"flex items-center gap-2"[39m
  [36m>[39m
    [36m<div[39m
      [33mdata-testid[39m=[32m"github-icon"[39m
    [36m>[39m
      [0mGitHub Icon[0m
    [36m</div>[39m
    [0mSign in with GitHub WDF[0m
  [36m</div>[39m
[36m</button>[39m

(If this is intentional, then use the `*AllBy*` variant of the query (like `queryAllByText`, `getAllByText`, or `findAllByText`)).

Ignored nodes: comments, script, style
[36m<body>[39m
  [36m<div>[39m
    [36m<div[39m
      [33mclass[39m=[32m"min-h-screen flex items-center justify-center bg-background p-4"[39m
    [36m>[39m
      [36m<div[39m
        [33mclass[39m=[32m"w-full max-w-md"[39m
        [33mdata-testid[39m=[32m"card"[39m
      [36m>[39m
        [36m<div[39m
          [33mclass[39m=[32m"text-center"[39m
          [33mdata-testid[39m=[32m"card-header"[39m
        [36m>[39m
          [36m<div[39m
            [33mclass[39m=[32m"text-2xl font-bold"[39m
            [33mdata-testid[39m=[32m"card-title"[39m
          [36m>[39m
            [0mWelcome to Developer Portal[0m
          [36m</div>[39m
          [36m<div[39m
            [33mdata-testid[39m=[32m"card-description"[39m
          [36m>[39m
            [0mComplete both authentications to access the portal[0m
          [36m</div>[39m
        [36m</div>[39m
        [36m<div[39m
          [33mclass[39m=[32m"space-y-4"[39m
          [33mdata-testid[39m=[32m"card-content"[39m
        [36m>[39m
          [36m<div[39m
            [33mclass[39m=[32m"space-y-2"[39m
          [36m>[39m
            [36m<button[39m
              [33mclass[39m=[32m"w-full h-12 text-base"[39m
              [33mdata-testid[39m=[32m"login-button"[39m
              [33mdata-variant[39m=[32m"default"[39m
            [36m>[39m
              [36m<div[39m
                [33mclass[39m=[32m"flex items-center gap-2"[39m
              [36m>[39m
                [36m<div[39m
                  [33mdata-testid[39m=[32m"github-icon"[39m
                [36m>[39m
                  [0mGitHub Icon[0m
                [36m</div>[39m
                [0mSign in with GitHub Tools[0m
              [36m</div>[39m
            [36m</button>[39m
          [36m</div>[39m
          [36m<div[39m
            [33mclass[39m=[32m"space-y-2"[39m
          [36m>[39m
            [36m<button[39m
              [33mclass[39m=[32m"w-full h-12 text-base"[39m
              [33mdata-testid[39m=[32m"login-button"[39m
              [33mdata-variant[39m=[32m"default"[39m
            [36m>[39m
              [36m<div[39m
                [33mclass[39m=[32m"flex items-center gap-2"[39m
              [36m>[39m
                [36m<div[39m
                  [33mdata-testid[39m=[32m"github-icon"[39m
                [36m>[39m
                  [0mGitHub Icon[0m
                [36m</div>[39m
                [0mSign in with GitHub WDF[0m
              [36m</div>[39m
            [36m</button>[39m
          [36m</div>[39m
          [36m<div[39m
            [33mclass[39m=[32m"text-center text-sm text-muted-foreground mt-6"[39m
          [36m>[39m
            [36m<p>[39m
              [0mBy signing in, you agree to our terms of service and privacy policy.[0m
            [36m</p>[39m
          [36m</div>[39m
        [36m</div>[39m
      [36m</div>[39m
    [36m</div>[39m
  [36m</div>[39m
[36m</body>[39m
   × LoginPage > Login Flow > should show loading state when login is in progress 3ms
     → Found multiple elements by: [data-testid="login-button"]

Here are the matching elements:

Ignored nodes: comments, script, style
[36m<button[39m
  [33mclass[39m=[32m"w-full h-12 text-base"[39m
  [33mdata-testid[39m=[32m"login-button"[39m
  [33mdata-variant[39m=[32m"default"[39m
[36m>[39m
  [36m<div[39m
    [33mclass[39m=[32m"flex items-center gap-2"[39m
  [36m>[39m
    [36m<div[39m
      [33mdata-testid[39m=[32m"github-icon"[39m
    [36m>[39m
      [0mGitHub Icon[0m
    [36m</div>[39m
    [0mSign in with GitHub Tools[0m
  [36m</div>[39m
[36m</button>[39m

Ignored nodes: comments, script, style
[36m<button[39m
  [33mclass[39m=[32m"w-full h-12 text-base"[39m
  [33mdata-testid[39m=[32m"login-button"[39m
  [33mdata-variant[39m=[32m"default"[39m
[36m>[39m
  [36m<div[39m
    [33mclass[39m=[32m"flex items-center gap-2"[39m
  [36m>[39m
    [36m<div[39m
      [33mdata-testid[39m=[32m"github-icon"[39m
    [36m>[39m
      [0mGitHub Icon[0m
    [36m</div>[39m
    [0mSign in with GitHub WDF[0m
  [36m</div>[39m
[36m</button>[39m

(If this is intentional, then use the `*AllBy*` variant of the query (like `queryAllByText`, `getAllByText`, or `findAllByText`)).

Ignored nodes: comments, script, style
[36m<body>[39m
  [36m<div>[39m
    [36m<div[39m
      [33mclass[39m=[32m"min-h-screen flex items-center justify-center bg-background p-4"[39m
    [36m>[39m
      [36m<div[39m
        [33mclass[39m=[32m"w-full max-w-md"[39m
        [33mdata-testid[39m=[32m"card"[39m
      [36m>[39m
        [36m<div[39m
          [33mclass[39m=[32m"text-center"[39m
          [33mdata-testid[39m=[32m"card-header"[39m
        [36m>[39m
          [36m<div[39m
            [33mclass[39m=[32m"text-2xl font-bold"[39m
            [33mdata-testid[39m=[32m"card-title"[39m
          [36m>[39m
            [0mWelcome to Developer Portal[0m
          [36m</div>[39m
          [36m<div[39m
            [33mdata-testid[39m=[32m"card-description"[39m
          [36m>[39m
            [0mComplete both authentications to access the portal[0m
          [36m</div>[39m
        [36m</div>[39m
        [36m<div[39m
          [33mclass[39m=[32m"space-y-4"[39m
          [33mdata-testid[39m=[32m"card-content"[39m
        [36m>[39m
          [36m<div[39m
            [33mclass[39m=[32m"space-y-2"[39m
          [36m>[39m
            [36m<button[39m
              [33mclass[39m=[32m"w-full h-12 text-base"[39m
              [33mdata-testid[39m=[32m"login-button"[39m
              [33mdata-variant[39m=[32m"default"[39m
            [36m>[39m
              [36m<div[39m
                [33mclass[39m=[32m"flex items-center gap-2"[39m
              [36m>[39m
                [36m<div[39m
                  [33mdata-testid[39m=[32m"github-icon"[39m
                [36m>[39m
                  [0mGitHub Icon[0m
                [36m</div>[39m
                [0mSign in with GitHub Tools[0m
              [36m</div>[39m
            [36m</button>[39m
          [36m</div>[39m
          [36m<div[39m
            [33mclass[39m=[32m"space-y-2"[39m
          [36m>[39m
            [36m<button[39m
              [33mclass[39m=[32m"w-full h-12 text-base"[39m
              [33mdata-testid[39m=[32m"login-button"[39m
              [33mdata-variant[39m=[32m"default"[39m
            [36m>[39m
              [36m<div[39m
                [33mclass[39m=[32m"flex items-center gap-2"[39m
              [36m>[39m
                [36m<div[39m
                  [33mdata-testid[39m=[32m"github-icon"[39m
                [36m>[39m
                  [0mGitHub Icon[0m
                [36m</div>[39m
                [0mSign in with GitHub WDF[0m
              [36m</div>[39m
            [36m</button>[39m
          [36m</div>[39m
          [36m<div[39m
            [33mclass[39m=[32m"text-center text-sm text-muted-foreground mt-6"[39m
          [36m>[39m
            [36m<p>[39m
              [0mBy signing in, you agree to our terms of service and privacy policy.[0m
            [36m</p>[39m
          [36m</div>[39m
        [36m</div>[39m
      [36m</div>[39m
    [36m</div>[39m
  [36m</div>[39m
[36m</body>[39m
   × LoginPage > Login Flow > should disable button during login 2ms
     → Found multiple elements by: [data-testid="login-button"]

Here are the matching elements:

Ignored nodes: comments, script, style
[36m<button[39m
  [33mclass[39m=[32m"w-full h-12 text-base"[39m
  [33mdata-testid[39m=[32m"login-button"[39m
  [33mdata-variant[39m=[32m"default"[39m
[36m>[39m
  [36m<div[39m
    [33mclass[39m=[32m"flex items-center gap-2"[39m
  [36m>[39m
    [36m<div[39m
      [33mdata-testid[39m=[32m"github-icon"[39m
    [36m>[39m
      [0mGitHub Icon[0m
    [36m</div>[39m
    [0mSign in with GitHub Tools[0m
  [36m</div>[39m
[36m</button>[39m

Ignored nodes: comments, script, style
[36m<button[39m
  [33mclass[39m=[32m"w-full h-12 text-base"[39m
  [33mdata-testid[39m=[32m"login-button"[39m
  [33mdata-variant[39m=[32m"default"[39m
[36m>[39m
  [36m<div[39m
    [33mclass[39m=[32m"flex items-center gap-2"[39m
  [36m>[39m
    [36m<div[39m
      [33mdata-testid[39m=[32m"github-icon"[39m
    [36m>[39m
      [0mGitHub Icon[0m
    [36m</div>[39m
    [0mSign in with GitHub WDF[0m
  [36m</div>[39m
[36m</button>[39m

(If this is intentional, then use the `*AllBy*` variant of the query (like `queryAllByText`, `getAllByText`, or `findAllByText`)).

Ignored nodes: comments, script, style
[36m<body>[39m
  [36m<div>[39m
    [36m<div[39m
      [33mclass[39m=[32m"min-h-screen flex items-center justify-center bg-background p-4"[39m
    [36m>[39m
      [36m<div[39m
        [33mclass[39m=[32m"w-full max-w-md"[39m
        [33mdata-testid[39m=[32m"card"[39m
      [36m>[39m
        [36m<div[39m
          [33mclass[39m=[32m"text-center"[39m
          [33mdata-testid[39m=[32m"card-header"[39m
        [36m>[39m
          [36m<div[39m
            [33mclass[39m=[32m"text-2xl font-bold"[39m
            [33mdata-testid[39m=[32m"card-title"[39m
          [36m>[39m
            [0mWelcome to Developer Portal[0m
          [36m</div>[39m
          [36m<div[39m
            [33mdata-testid[39m=[32m"card-description"[39m
          [36m>[39m
            [0mComplete both authentications to access the portal[0m
          [36m</div>[39m
        [36m</div>[39m
        [36m<div[39m
          [33mclass[39m=[32m"space-y-4"[39m
          [33mdata-testid[39m=[32m"card-content"[39m
        [36m>[39m
          [36m<div[39m
            [33mclass[39m=[32m"space-y-2"[39m
          [36m>[39m
            [36m<button[39m
              [33mclass[39m=[32m"w-full h-12 text-base"[39m
              [33mdata-testid[39m=[32m"login-button"[39m
              [33mdata-variant[39m=[32m"default"[39m
            [36m>[39m
              [36m<div[39m
                [33mclass[39m=[32m"flex items-center gap-2"[39m
              [36m>[39m
                [36m<div[39m
                  [33mdata-testid[39m=[32m"github-icon"[39m
                [36m>[39m
                  [0mGitHub Icon[0m
                [36m</div>[39m
                [0mSign in with GitHub Tools[0m
              [36m</div>[39m
            [36m</button>[39m
          [36m</div>[39m
          [36m<div[39m
            [33mclass[39m=[32m"space-y-2"[39m
          [36m>[39m
            [36m<button[39m
              [33mclass[39m=[32m"w-full h-12 text-base"[39m
              [33mdata-testid[39m=[32m"login-button"[39m
              [33mdata-variant[39m=[32m"default"[39m
            [36m>[39m
              [36m<div[39m
                [33mclass[39m=[32m"flex items-center gap-2"[39m
              [36m>[39m
                [36m<div[39m
                  [33mdata-testid[39m=[32m"github-icon"[39m
                [36m>[39m
                  [0mGitHub Icon[0m
                [36m</div>[39m
                [0mSign in with GitHub WDF[0m
              [36m</div>[39m
            [36m</button>[39m
          [36m</div>[39m
          [36m<div[39m
            [33mclass[39m=[32m"text-center text-sm text-muted-foreground mt-6"[39m
          [36m>[39m
            [36m<p>[39m
              [0mBy signing in, you agree to our terms of service and privacy policy.[0m
            [36m</p>[39m
          [36m</div>[39m
        [36m</div>[39m
      [36m</div>[39m
    [36m</div>[39m
  [36m</div>[39m
[36m</body>[39m
   × LoginPage > Login Flow > should show spinner during login 9ms
     → Found multiple elements by: [data-testid="login-button"]

Here are the matching elements:

Ignored nodes: comments, script, style
[36m<button[39m
  [33mclass[39m=[32m"w-full h-12 text-base"[39m
  [33mdata-testid[39m=[32m"login-button"[39m
  [33mdata-variant[39m=[32m"default"[39m
[36m>[39m
  [36m<div[39m
    [33mclass[39m=[32m"flex items-center gap-2"[39m
  [36m>[39m
    [36m<div[39m
      [33mdata-testid[39m=[32m"github-icon"[39m
    [36m>[39m
      [0mGitHub Icon[0m
    [36m</div>[39m
    [0mSign in with GitHub Tools[0m
  [36m</div>[39m
[36m</button>[39m

Ignored nodes: comments, script, style
[36m<button[39m
  [33mclass[39m=[32m"w-full h-12 text-base"[39m
  [33mdata-testid[39m=[32m"login-button"[39m
  [33mdata-variant[39m=[32m"default"[39m
[36m>[39m
  [36m<div[39m
    [33mclass[39m=[32m"flex items-center gap-2"[39m
  [36m>[39m
    [36m<div[39m
      [33mdata-testid[39m=[32m"github-icon"[39m
    [36m>[39m
      [0mGitHub Icon[0m
    [36m</div>[39m
    [0mSign in with GitHub WDF[0m
  [36m</div>[39m
[36m</button>[39m

(If this is intentional, then use the `*AllBy*` variant of the query (like `queryAllByText`, `getAllByText`, or `findAllByText`)).

Ignored nodes: comments, script, style
[36m<body>[39m
  [36m<div>[39m
    [36m<div[39m
      [33mclass[39m=[32m"min-h-screen flex items-center justify-center bg-background p-4"[39m
    [36m>[39m
      [36m<div[39m
        [33mclass[39m=[32m"w-full max-w-md"[39m
        [33mdata-testid[39m=[32m"card"[39m
      [36m>[39m
        [36m<div[39m
          [33mclass[39m=[32m"text-center"[39m
          [33mdata-testid[39m=[32m"card-header"[39m
        [36m>[39m
          [36m<div[39m
            [33mclass[39m=[32m"text-2xl font-bold"[39m
            [33mdata-testid[39m=[32m"card-title"[39m
          [36m>[39m
            [0mWelcome to Developer Portal[0m
          [36m</div>[39m
          [36m<div[39m
            [33mdata-testid[39m=[32m"card-description"[39m
          [36m>[39m
            [0mComplete both authentications to access the portal[0m
          [36m</div>[39m
        [36m</div>[39m
        [36m<div[39m
          [33mclass[39m=[32m"space-y-4"[39m
          [33mdata-testid[39m=[32m"card-content"[39m
        [36m>[39m
          [36m<div[39m
            [33mclass[39m=[32m"space-y-2"[39m
          [36m>[39m
            [36m<button[39m
              [33mclass[39m=[32m"w-full h-12 text-base"[39m
              [33mdata-testid[39m=[32m"login-button"[39m
              [33mdata-variant[39m=[32m"default"[39m
            [36m>[39m
              [36m<div[39m
                [33mclass[39m=[32m"flex items-center gap-2"[39m
              [36m>[39m
                [36m<div[39m
                  [33mdata-testid[39m=[32m"github-icon"[39m
                [36m>[39m
                  [0mGitHub Icon[0m
                [36m</div>[39m
                [0mSign in with GitHub Tools[0m
              [36m</div>[39m
            [36m</button>[39m
          [36m</div>[39m
          [36m<div[39m
            [33mclass[39m=[32m"space-y-2"[39m
          [36m>[39m
            [36m<button[39m
              [33mclass[39m=[32m"w-full h-12 text-base"[39m
              [33mdata-testid[39m=[32m"login-button"[39m
              [33mdata-variant[39m=[32m"default"[39m
            [36m>[39m
              [36m<div[39m
                [33mclass[39m=[32m"flex items-center gap-2"[39m
              [36m>[39m
                [36m<div[39m
                  [33mdata-testid[39m=[32m"github-icon"[39m
                [36m>[39m
                  [0mGitHub Icon[0m
                [36m</div>[39m
                [0mSign in with GitHub WDF[0m
              [36m</div>[39m
            [36m</button>[39m
          [36m</div>[39m
          [36m<div[39m
            [33mclass[39m=[32m"text-center text-sm text-muted-foreground mt-6"[39m
          [36m>[39m
            [36m<p>[39m
              [0mBy signing in, you agree to our terms of service and privacy policy.[0m
            [36m</p>[39m
          [36m</div>[39m
        [36m</div>[39m
      [36m</div>[39m
    [36m</div>[39m
  [36m</div>[39m
[36m</body>[39m
   × LoginPage > Login Flow > should re-enable button after successful login 7ms
     → Found multiple elements by: [data-testid="login-button"]

Here are the matching elements:

Ignored nodes: comments, script, style
[36m<button[39m
  [33mclass[39m=[32m"w-full h-12 text-base"[39m
  [33mdata-testid[39m=[32m"login-button"[39m
  [33mdata-variant[39m=[32m"default"[39m
[36m>[39m
  [36m<div[39m
    [33mclass[39m=[32m"flex items-center gap-2"[39m
  [36m>[39m
    [36m<div[39m
      [33mdata-testid[39m=[32m"github-icon"[39m
    [36m>[39m
      [0mGitHub Icon[0m
    [36m</div>[39m
    [0mSign in with GitHub Tools[0m
  [36m</div>[39m
[36m</button>[39m

Ignored nodes: comments, script, style
[36m<button[39m
  [33mclass[39m=[32m"w-full h-12 text-base"[39m
  [33mdata-testid[39m=[32m"login-button"[39m
  [33mdata-variant[39m=[32m"default"[39m
[36m>[39m
  [36m<div[39m
    [33mclass[39m=[32m"flex items-center gap-2"[39m
  [36m>[39m
    [36m<div[39m
      [33mdata-testid[39m=[32m"github-icon"[39m
    [36m>[39m
      [0mGitHub Icon[0m
    [36m</div>[39m
    [0mSign in with GitHub WDF[0m
  [36m</div>[39m
[36m</button>[39m

(If this is intentional, then use the `*AllBy*` variant of the query (like `queryAllByText`, `getAllByText`, or `findAllByText`)).

Ignored nodes: comments, script, style
[36m<body>[39m
  [36m<div>[39m
    [36m<div[39m
      [33mclass[39m=[32m"min-h-screen flex items-center justify-center bg-background p-4"[39m
    [36m>[39m
      [36m<div[39m
        [33mclass[39m=[32m"w-full max-w-md"[39m
        [33mdata-testid[39m=[32m"card"[39m
      [36m>[39m
        [36m<div[39m
          [33mclass[39m=[32m"text-center"[39m
          [33mdata-testid[39m=[32m"card-header"[39m
        [36m>[39m
          [36m<div[39m
            [33mclass[39m=[32m"text-2xl font-bold"[39m
            [33mdata-testid[39m=[32m"card-title"[39m
          [36m>[39m
            [0mWelcome to Developer Portal[0m
          [36m</div>[39m
          [36m<div[39m
            [33mdata-testid[39m=[32m"card-description"[39m
          [36m>[39m
            [0mComplete both authentications to access the portal[0m
          [36m</div>[39m
        [36m</div>[39m
        [36m<div[39m
          [33mclass[39m=[32m"space-y-4"[39m
          [33mdata-testid[39m=[32m"card-content"[39m
        [36m>[39m
          [36m<div[39m
            [33mclass[39m=[32m"space-y-2"[39m
          [36m>[39m
            [36m<button[39m
              [33mclass[39m=[32m"w-full h-12 text-base"[39m
              [33mdata-testid[39m=[32m"login-button"[39m
              [33mdata-variant[39m=[32m"default"[39m
            [36m>[39m
              [36m<div[39m
                [33mclass[39m=[32m"flex items-center gap-2"[39m
              [36m>[39m
                [36m<div[39m
                  [33mdata-testid[39m=[32m"github-icon"[39m
                [36m>[39m
                  [0mGitHub Icon[0m
                [36m</div>[39m
                [0mSign in with GitHub Tools[0m
              [36m</div>[39m
            [36m</button>[39m
          [36m</div>[39m
          [36m<div[39m
            [33mclass[39m=[32m"space-y-2"[39m
          [36m>[39m
            [36m<button[39m
              [33mclass[39m=[32m"w-full h-12 text-base"[39m
              [33mdata-testid[39m=[32m"login-button"[39m
              [33mdata-variant[39m=[32m"default"[39m
            [36m>[39m
              [36m<div[39m
                [33mclass[39m=[32m"flex items-center gap-2"[39m
              [36m>[39m
                [36m<div[39m
                  [33mdata-testid[39m=[32m"github-icon"[39m
                [36m>[39m
                  [0mGitHub Icon[0m
                [36m</div>[39m
                [0mSign in with GitHub WDF[0m
              [36m</div>[39m
            [36m</button>[39m
          [36m</div>[39m
          [36m<div[39m
            [33mclass[39m=[32m"text-center text-sm text-muted-foreground mt-6"[39m
          [36m>[39m
            [36m<p>[39m
              [0mBy signing in, you agree to our terms of service and privacy policy.[0m
            [36m</p>[39m
          [36m</div>[39m
        [36m</div>[39m
      [36m</div>[39m
    [36m</div>[39m
  [36m</div>[39m
[36m</body>[39m
   × LoginPage > Login Flow > should hide loading text after login completes 4ms
     → Found multiple elements by: [data-testid="login-button"]

Here are the matching elements:

Ignored nodes: comments, script, style
[36m<button[39m
  [33mclass[39m=[32m"w-full h-12 text-base"[39m
  [33mdata-testid[39m=[32m"login-button"[39m
  [33mdata-variant[39m=[32m"default"[39m
[36m>[39m
  [36m<div[39m
    [33mclass[39m=[32m"flex items-center gap-2"[39m
  [36m>[39m
    [36m<div[39m
      [33mdata-testid[39m=[32m"github-icon"[39m
    [36m>[39m
      [0mGitHub Icon[0m
    [36m</div>[39m
    [0mSign in with GitHub Tools[0m
  [36m</div>[39m
[36m</button>[39m

Ignored nodes: comments, script, style
[36m<button[39m
  [33mclass[39m=[32m"w-full h-12 text-base"[39m
  [33mdata-testid[39m=[32m"login-button"[39m
  [33mdata-variant[39m=[32m"default"[39m
[36m>[39m
  [36m<div[39m
    [33mclass[39m=[32m"flex items-center gap-2"[39m
  [36m>[39m
    [36m<div[39m
      [33mdata-testid[39m=[32m"github-icon"[39m
    [36m>[39m
      [0mGitHub Icon[0m
    [36m</div>[39m
    [0mSign in with GitHub WDF[0m
  [36m</div>[39m
[36m</button>[39m

(If this is intentional, then use the `*AllBy*` variant of the query (like `queryAllByText`, `getAllByText`, or `findAllByText`)).

Ignored nodes: comments, script, style
[36m<body>[39m
  [36m<div>[39m
    [36m<div[39m
      [33mclass[39m=[32m"min-h-screen flex items-center justify-center bg-background p-4"[39m
    [36m>[39m
      [36m<div[39m
        [33mclass[39m=[32m"w-full max-w-md"[39m
        [33mdata-testid[39m=[32m"card"[39m
      [36m>[39m
        [36m<div[39m
          [33mclass[39m=[32m"text-center"[39m
          [33mdata-testid[39m=[32m"card-header"[39m
        [36m>[39m
          [36m<div[39m
            [33mclass[39m=[32m"text-2xl font-bold"[39m
            [33mdata-testid[39m=[32m"card-title"[39m
          [36m>[39m
            [0mWelcome to Developer Portal[0m
          [36m</div>[39m
          [36m<div[39m
            [33mdata-testid[39m=[32m"card-description"[39m
          [36m>[39m
            [0mComplete both authentications to access the portal[0m
          [36m</div>[39m
        [36m</div>[39m
        [36m<div[39m
          [33mclass[39m=[32m"space-y-4"[39m
          [33mdata-testid[39m=[32m"card-content"[39m
        [36m>[39m
          [36m<div[39m
            [33mclass[39m=[32m"space-y-2"[39m
          [36m>[39m
            [36m<button[39m
              [33mclass[39m=[32m"w-full h-12 text-base"[39m
              [33mdata-testid[39m=[32m"login-button"[39m
              [33mdata-variant[39m=[32m"default"[39m
            [36m>[39m
              [36m<div[39m
                [33mclass[39m=[32m"flex items-center gap-2"[39m
              [36m>[39m
                [36m<div[39m
                  [33mdata-testid[39m=[32m"github-icon"[39m
                [36m>[39m
                  [0mGitHub Icon[0m
                [36m</div>[39m
                [0mSign in with GitHub Tools[0m
              [36m</div>[39m
            [36m</button>[39m
          [36m</div>[39m
          [36m<div[39m
            [33mclass[39m=[32m"space-y-2"[39m
          [36m>[39m
            [36m<button[39m
              [33mclass[39m=[32m"w-full h-12 text-base"[39m
              [33mdata-testid[39m=[32m"login-button"[39m
              [33mdata-variant[39m=[32m"default"[39m
            [36m>[39m
              [36m<div[39m
                [33mclass[39m=[32m"flex items-center gap-2"[39m
              [36m>[39m
                [36m<div[39m
                  [33mdata-testid[39m=[32m"github-icon"[39m
                [36m>[39m
                  [0mGitHub Icon[0m
                [36m</div>[39m
                [0mSign in with GitHub WDF[0m
              [36m</div>[39m
            [36m</button>[39m
          [36m</div>[39m
          [36m<div[39m
            [33mclass[39m=[32m"text-center text-sm text-muted-foreground mt-6"[39m
          [36m>[39m
            [36m<p>[39m
              [0mBy signing in, you agree to our terms of service and privacy policy.[0m
            [36m</p>[39m
          [36m</div>[39m
        [36m</div>[39m
      [36m</div>[39m
    [36m</div>[39m
  [36m</div>[39m
[36m</body>[39m
   × LoginPage > Error Handling > should log error when login fails 3ms
     → Found multiple elements by: [data-testid="login-button"]

Here are the matching elements:

Ignored nodes: comments, script, style
[36m<button[39m
  [33mclass[39m=[32m"w-full h-12 text-base"[39m
  [33mdata-testid[39m=[32m"login-button"[39m
  [33mdata-variant[39m=[32m"default"[39m
[36m>[39m
  [36m<div[39m
    [33mclass[39m=[32m"flex items-center gap-2"[39m
  [36m>[39m
    [36m<div[39m
      [33mdata-testid[39m=[32m"github-icon"[39m
    [36m>[39m
      [0mGitHub Icon[0m
    [36m</div>[39m
    [0mSign in with GitHub Tools[0m
  [36m</div>[39m
[36m</button>[39m

Ignored nodes: comments, script, style
[36m<button[39m
  [33mclass[39m=[32m"w-full h-12 text-base"[39m
  [33mdata-testid[39m=[32m"login-button"[39m
  [33mdata-variant[39m=[32m"default"[39m
[36m>[39m
  [36m<div[39m
    [33mclass[39m=[32m"flex items-center gap-2"[39m
  [36m>[39m
    [36m<div[39m
      [33mdata-testid[39m=[32m"github-icon"[39m
    [36m>[39m
      [0mGitHub Icon[0m
    [36m</div>[39m
    [0mSign in with GitHub WDF[0m
  [36m</div>[39m
[36m</button>[39m

(If this is intentional, then use the `*AllBy*` variant of the query (like `queryAllByText`, `getAllByText`, or `findAllByText`)).

Ignored nodes: comments, script, style
[36m<body>[39m
  [36m<div>[39m
    [36m<div[39m
      [33mclass[39m=[32m"min-h-screen flex items-center justify-center bg-background p-4"[39m
    [36m>[39m
      [36m<div[39m
        [33mclass[39m=[32m"w-full max-w-md"[39m
        [33mdata-testid[39m=[32m"card"[39m
      [36m>[39m
        [36m<div[39m
          [33mclass[39m=[32m"text-center"[39m
          [33mdata-testid[39m=[32m"card-header"[39m
        [36m>[39m
          [36m<div[39m
            [33mclass[39m=[32m"text-2xl font-bold"[39m
            [33mdata-testid[39m=[32m"card-title"[39m
          [36m>[39m
            [0mWelcome to Developer Portal[0m
          [36m</div>[39m
          [36m<div[39m
            [33mdata-testid[39m=[32m"card-description"[39m
          [36m>[39m
            [0mComplete both authentications to access the portal[0m
          [36m</div>[39m
        [36m</div>[39m
        [36m<div[39m
          [33mclass[39m=[32m"space-y-4"[39m
          [33mdata-testid[39m=[32m"card-content"[39m
        [36m>[39m
          [36m<div[39m
            [33mclass[39m=[32m"space-y-2"[39m
          [36m>[39m
            [36m<button[39m
              [33mclass[39m=[32m"w-full h-12 text-base"[39m
              [33mdata-testid[39m=[32m"login-button"[39m
              [33mdata-variant[39m=[32m"default"[39m
            [36m>[39m
              [36m<div[39m
                [33mclass[39m=[32m"flex items-center gap-2"[39m
              [36m>[39m
                [36m<div[39m
                  [33mdata-testid[39m=[32m"github-icon"[39m
                [36m>[39m
                  [0mGitHub Icon[0m
                [36m</div>[39m
                [0mSign in with GitHub Tools[0m
              [36m</div>[39m
            [36m</button>[39m
          [36m</div>[39m
          [36m<div[39m
            [33mclass[39m=[32m"space-y-2"[39m
          [36m>[39m
            [36m<button[39m
              [33mclass[39m=[32m"w-full h-12 text-base"[39m
              [33mdata-testid[39m=[32m"login-button"[39m
              [33mdata-variant[39m=[32m"default"[39m
            [36m>[39m
              [36m<div[39m
                [33mclass[39m=[32m"flex items-center gap-2"[39m
              [36m>[39m
                [36m<div[39m
                  [33mdata-testid[39m=[32m"github-icon"[39m
                [36m>[39m
                  [0mGitHub Icon[0m
                [36m</div>[39m
                [0mSign in with GitHub WDF[0m
              [36m</div>[39m
            [36m</button>[39m
          [36m</div>[39m
          [36m<div[39m
            [33mclass[39m=[32m"text-center text-sm text-muted-foreground mt-6"[39m
          [36m>[39m
            [36m<p>[39m
              [0mBy signing in, you agree to our terms of service and privacy policy.[0m
            [36m</p>[39m
          [36m</div>[39m
        [36m</div>[39m
      [36m</div>[39m
    [36m</div>[39m
  [36m</div>[39m
[36m</body>[39m
   × LoginPage > Error Handling > should re-enable button after login fails 3ms
     → Found multiple elements by: [data-testid="login-button"]

Here are the matching elements:

Ignored nodes: comments, script, style
[36m<button[39m
  [33mclass[39m=[32m"w-full h-12 text-base"[39m
  [33mdata-testid[39m=[32m"login-button"[39m
  [33mdata-variant[39m=[32m"default"[39m
[36m>[39m
  [36m<div[39m
    [33mclass[39m=[32m"flex items-center gap-2"[39m
  [36m>[39m
    [36m<div[39m
      [33mdata-testid[39m=[32m"github-icon"[39m
    [36m>[39m
      [0mGitHub Icon[0m
    [36m</div>[39m
    [0mSign in with GitHub Tools[0m
  [36m</div>[39m
[36m</button>[39m

Ignored nodes: comments, script, style
[36m<button[39m
  [33mclass[39m=[32m"w-full h-12 text-base"[39m
  [33mdata-testid[39m=[32m"login-button"[39m
  [33mdata-variant[39m=[32m"default"[39m
[36m>[39m
  [36m<div[39m
    [33mclass[39m=[32m"flex items-center gap-2"[39m
  [36m>[39m
    [36m<div[39m
      [33mdata-testid[39m=[32m"github-icon"[39m
    [36m>[39m
      [0mGitHub Icon[0m
    [36m</div>[39m
    [0mSign in with GitHub WDF[0m
  [36m</div>[39m
[36m</button>[39m

(If this is intentional, then use the `*AllBy*` variant of the query (like `queryAllByText`, `getAllByText`, or `findAllByText`)).

Ignored nodes: comments, script, style
[36m<body>[39m
  [36m<div>[39m
    [36m<div[39m
      [33mclass[39m=[32m"min-h-screen flex items-center justify-center bg-background p-4"[39m
    [36m>[39m
      [36m<div[39m
        [33mclass[39m=[32m"w-full max-w-md"[39m
        [33mdata-testid[39m=[32m"card"[39m
      [36m>[39m
        [36m<div[39m
          [33mclass[39m=[32m"text-center"[39m
          [33mdata-testid[39m=[32m"card-header"[39m
        [36m>[39m
          [36m<div[39m
            [33mclass[39m=[32m"text-2xl font-bold"[39m
            [33mdata-testid[39m=[32m"card-title"[39m
          [36m>[39m
            [0mWelcome to Developer Portal[0m
          [36m</div>[39m
          [36m<div[39m
            [33mdata-testid[39m=[32m"card-description"[39m
          [36m>[39m
            [0mComplete both authentications to access the portal[0m
          [36m</div>[39m
        [36m</div>[39m
        [36m<div[39m
          [33mclass[39m=[32m"space-y-4"[39m
          [33mdata-testid[39m=[32m"card-content"[39m
        [36m>[39m
          [36m<div[39m
            [33mclass[39m=[32m"space-y-2"[39m
          [36m>[39m
            [36m<button[39m
              [33mclass[39m=[32m"w-full h-12 text-base"[39m
              [33mdata-testid[39m=[32m"login-button"[39m
              [33mdata-variant[39m=[32m"default"[39m
            [36m>[39m
              [36m<div[39m
                [33mclass[39m=[32m"flex items-center gap-2"[39m
              [36m>[39m
                [36m<div[39m
                  [33mdata-testid[39m=[32m"github-icon"[39m
                [36m>[39m
                  [0mGitHub Icon[0m
                [36m</div>[39m
                [0mSign in with GitHub Tools[0m
              [36m</div>[39m
            [36m</button>[39m
          [36m</div>[39m
          [36m<div[39m
            [33mclass[39m=[32m"space-y-2"[39m
          [36m>[39m
            [36m<button[39m
              [33mclass[39m=[32m"w-full h-12 text-base"[39m
              [33mdata-testid[39m=[32m"login-button"[39m
              [33mdata-variant[39m=[32m"default"[39m
            [36m>[39m
              [36m<div[39m
                [33mclass[39m=[32m"flex items-center gap-2"[39m
              [36m>[39m
                [36m<div[39m
                  [33mdata-testid[39m=[32m"github-icon"[39m
                [36m>[39m
                  [0mGitHub Icon[0m
                [36m</div>[39m
                [0mSign in with GitHub WDF[0m
              [36m</div>[39m
            [36m</button>[39m
          [36m</div>[39m
          [36m<div[39m
            [33mclass[39m=[32m"text-center text-sm text-muted-foreground mt-6"[39m
          [36m>[39m
            [36m<p>[39m
              [0mBy signing in, you agree to our terms of service and privacy policy.[0m
            [36m</p>[39m
          [36m</div>[39m
        [36m</div>[39m
      [36m</div>[39m
    [36m</div>[39m
  [36m</div>[39m
[36m</body>[39m
   × LoginPage > Error Handling > should handle multiple failed login attempts 3ms
     → Found multiple elements by: [data-testid="login-button"]

Here are the matching elements:

Ignored nodes: comments, script, style
[36m<button[39m
  [33mclass[39m=[32m"w-full h-12 text-base"[39m
  [33mdata-testid[39m=[32m"login-button"[39m
  [33mdata-variant[39m=[32m"default"[39m
[36m>[39m
  [36m<div[39m
    [33mclass[39m=[32m"flex items-center gap-2"[39m
  [36m>[39m
    [36m<div[39m
      [33mdata-testid[39m=[32m"github-icon"[39m
    [36m>[39m
      [0mGitHub Icon[0m
    [36m</div>[39m
    [0mSign in with GitHub Tools[0m
  [36m</div>[39m
[36m</button>[39m

Ignored nodes: comments, script, style
[36m<button[39m
  [33mclass[39m=[32m"w-full h-12 text-base"[39m
  [33mdata-testid[39m=[32m"login-button"[39m
  [33mdata-variant[39m=[32m"default"[39m
[36m>[39m
  [36m<div[39m
    [33mclass[39m=[32m"flex items-center gap-2"[39m
  [36m>[39m
    [36m<div[39m
      [33mdata-testid[39m=[32m"github-icon"[39m
    [36m>[39m
      [0mGitHub Icon[0m
    [36m</div>[39m
    [0mSign in with GitHub WDF[0m
  [36m</div>[39m
[36m</button>[39m

(If this is intentional, then use the `*AllBy*` variant of the query (like `queryAllByText`, `getAllByText`, or `findAllByText`)).

Ignored nodes: comments, script, style
[36m<body>[39m
  [36m<div>[39m
    [36m<div[39m
      [33mclass[39m=[32m"min-h-screen flex items-center justify-center bg-background p-4"[39m
    [36m>[39m
      [36m<div[39m
        [33mclass[39m=[32m"w-full max-w-md"[39m
        [33mdata-testid[39m=[32m"card"[39m
      [36m>[39m
        [36m<div[39m
          [33mclass[39m=[32m"text-center"[39m
          [33mdata-testid[39m=[32m"card-header"[39m
        [36m>[39m
          [36m<div[39m
            [33mclass[39m=[32m"text-2xl font-bold"[39m
            [33mdata-testid[39m=[32m"card-title"[39m
          [36m>[39m
            [0mWelcome to Developer Portal[0m
          [36m</div>[39m
          [36m<div[39m
            [33mdata-testid[39m=[32m"card-description"[39m
          [36m>[39m
            [0mComplete both authentications to access the portal[0m
          [36m</div>[39m
        [36m</div>[39m
        [36m<div[39m
          [33mclass[39m=[32m"space-y-4"[39m
          [33mdata-testid[39m=[32m"card-content"[39m
        [36m>[39m
          [36m<div[39m
            [33mclass[39m=[32m"space-y-2"[39m
          [36m>[39m
            [36m<button[39m
              [33mclass[39m=[32m"w-full h-12 text-base"[39m
              [33mdata-testid[39m=[32m"login-button"[39m
              [33mdata-variant[39m=[32m"default"[39m
            [36m>[39m
              [36m<div[39m
                [33mclass[39m=[32m"flex items-center gap-2"[39m
              [36m>[39m
                [36m<div[39m
                  [33mdata-testid[39m=[32m"github-icon"[39m
                [36m>[39m
                  [0mGitHub Icon[0m
                [36m</div>[39m
                [0mSign in with GitHub Tools[0m
              [36m</div>[39m
            [36m</button>[39m
          [36m</div>[39m
          [36m<div[39m
            [33mclass[39m=[32m"space-y-2"[39m
          [36m>[39m
            [36m<button[39m
              [33mclass[39m=[32m"w-full h-12 text-base"[39m
              [33mdata-testid[39m=[32m"login-button"[39m
              [33mdata-variant[39m=[32m"default"[39m
            [36m>[39m
              [36m<div[39m
                [33mclass[39m=[32m"flex items-center gap-2"[39m
              [36m>[39m
                [36m<div[39m
                  [33mdata-testid[39m=[32m"github-icon"[39m
                [36m>[39m
                  [0mGitHub Icon[0m
                [36m</div>[39m
                [0mSign in with GitHub WDF[0m
              [36m</div>[39m
            [36m</button>[39m
          [36m</div>[39m
          [36m<div[39m
            [33mclass[39m=[32m"text-center text-sm text-muted-foreground mt-6"[39m
          [36m>[39m
            [36m<p>[39m
              [0mBy signing in, you agree to our terms of service and privacy policy.[0m
            [36m</p>[39m
          [36m</div>[39m
        [36m</div>[39m
      [36m</div>[39m
    [36m</div>[39m
  [36m</div>[39m
[36m</body>[39m
   × LoginPage > Button States > should render button with default variant 2ms
     → Found multiple elements by: [data-testid="login-button"]

Here are the matching elements:

Ignored nodes: comments, script, style
[36m<button[39m
  [33mclass[39m=[32m"w-full h-12 text-base"[39m
  [33mdata-testid[39m=[32m"login-button"[39m
  [33mdata-variant[39m=[32m"default"[39m
[36m>[39m
  [36m<div[39m
    [33mclass[39m=[32m"flex items-center gap-2"[39m
  [36m>[39m
    [36m<div[39m
      [33mdata-testid[39m=[32m"github-icon"[39m
    [36m>[39m
      [0mGitHub Icon[0m
    [36m</div>[39m
    [0mSign in with GitHub Tools[0m
  [36m</div>[39m
[36m</button>[39m

Ignored nodes: comments, script, style
[36m<button[39m
  [33mclass[39m=[32m"w-full h-12 text-base"[39m
  [33mdata-testid[39m=[32m"login-button"[39m
  [33mdata-variant[39m=[32m"default"[39m
[36m>[39m
  [36m<div[39m
    [33mclass[39m=[32m"flex items-center gap-2"[39m
  [36m>[39m
    [36m<div[39m
      [33mdata-testid[39m=[32m"github-icon"[39m
    [36m>[39m
      [0mGitHub Icon[0m
    [36m</div>[39m
    [0mSign in with GitHub WDF[0m
  [36m</div>[39m
[36m</button>[39m

(If this is intentional, then use the `*AllBy*` variant of the query (like `queryAllByText`, `getAllByText`, or `findAllByText`)).

Ignored nodes: comments, script, style
[36m<body>[39m
  [36m<div>[39m
    [36m<div[39m
      [33mclass[39m=[32m"min-h-screen flex items-center justify-center bg-background p-4"[39m
    [36m>[39m
      [36m<div[39m
        [33mclass[39m=[32m"w-full max-w-md"[39m
        [33mdata-testid[39m=[32m"card"[39m
      [36m>[39m
        [36m<div[39m
          [33mclass[39m=[32m"text-center"[39m
          [33mdata-testid[39m=[32m"card-header"[39m
        [36m>[39m
          [36m<div[39m
            [33mclass[39m=[32m"text-2xl font-bold"[39m
            [33mdata-testid[39m=[32m"card-title"[39m
          [36m>[39m
            [0mWelcome to Developer Portal[0m
          [36m</div>[39m
          [36m<div[39m
            [33mdata-testid[39m=[32m"card-description"[39m
          [36m>[39m
            [0mComplete both authentications to access the portal[0m
          [36m</div>[39m
        [36m</div>[39m
        [36m<div[39m
          [33mclass[39m=[32m"space-y-4"[39m
          [33mdata-testid[39m=[32m"card-content"[39m
        [36m>[39m
          [36m<div[39m
            [33mclass[39m=[32m"space-y-2"[39m
          [36m>[39m
            [36m<button[39m
              [33mclass[39m=[32m"w-full h-12 text-base"[39m
              [33mdata-testid[39m=[32m"login-button"[39m
              [33mdata-variant[39m=[32m"default"[39m
            [36m>[39m
              [36m<div[39m
                [33mclass[39m=[32m"flex items-center gap-2"[39m
              [36m>[39m
                [36m<div[39m
                  [33mdata-testid[39m=[32m"github-icon"[39m
                [36m>[39m
                  [0mGitHub Icon[0m
                [36m</div>[39m
                [0mSign in with GitHub Tools[0m
              [36m</div>[39m
            [36m</button>[39m
          [36m</div>[39m
          [36m<div[39m
            [33mclass[39m=[32m"space-y-2"[39m
          [36m>[39m
            [36m<button[39m
              [33mclass[39m=[32m"w-full h-12 text-base"[39m
              [33mdata-testid[39m=[32m"login-button"[39m
              [33mdata-variant[39m=[32m"default"[39m
            [36m>[39m
              [36m<div[39m
                [33mclass[39m=[32m"flex items-center gap-2"[39m
              [36m>[39m
                [36m<div[39m
                  [33mdata-testid[39m=[32m"github-icon"[39m
                [36m>[39m
                  [0mGitHub Icon[0m
                [36m</div>[39m
                [0mSign in with GitHub WDF[0m
              [36m</div>[39m
            [36m</button>[39m
          [36m</div>[39m
          [36m<div[39m
            [33mclass[39m=[32m"text-center text-sm text-muted-foreground mt-6"[39m
          [36m>[39m
            [36m<p>[39m
              [0mBy signing in, you agree to our terms of service and privacy policy.[0m
            [36m</p>[39m
          [36m</div>[39m
        [36m</div>[39m
      [36m</div>[39m
    [36m</div>[39m
  [36m</div>[39m
[36m</body>[39m
   × LoginPage > Button States > should render button with full width class 5ms
     → Found multiple elements by: [data-testid="login-button"]

Here are the matching elements:

Ignored nodes: comments, script, style
[36m<button[39m
  [33mclass[39m=[32m"w-full h-12 text-base"[39m
  [33mdata-testid[39m=[32m"login-button"[39m
  [33mdata-variant[39m=[32m"default"[39m
[36m>[39m
  [36m<div[39m
    [33mclass[39m=[32m"flex items-center gap-2"[39m
  [36m>[39m
    [36m<div[39m
      [33mdata-testid[39m=[32m"github-icon"[39m
    [36m>[39m
      [0mGitHub Icon[0m
    [36m</div>[39m
    [0mSign in with GitHub Tools[0m
  [36m</div>[39m
[36m</button>[39m

Ignored nodes: comments, script, style
[36m<button[39m
  [33mclass[39m=[32m"w-full h-12 text-base"[39m
  [33mdata-testid[39m=[32m"login-button"[39m
  [33mdata-variant[39m=[32m"default"[39m
[36m>[39m
  [36m<div[39m
    [33mclass[39m=[32m"flex items-center gap-2"[39m
  [36m>[39m
    [36m<div[39m
      [33mdata-testid[39m=[32m"github-icon"[39m
    [36m>[39m
      [0mGitHub Icon[0m
    [36m</div>[39m
    [0mSign in with GitHub WDF[0m
  [36m</div>[39m
[36m</button>[39m

(If this is intentional, then use the `*AllBy*` variant of the query (like `queryAllByText`, `getAllByText`, or `findAllByText`)).

Ignored nodes: comments, script, style
[36m<body>[39m
  [36m<div>[39m
    [36m<div[39m
      [33mclass[39m=[32m"min-h-screen flex items-center justify-center bg-background p-4"[39m
    [36m>[39m
      [36m<div[39m
        [33mclass[39m=[32m"w-full max-w-md"[39m
        [33mdata-testid[39m=[32m"card"[39m
      [36m>[39m
        [36m<div[39m
          [33mclass[39m=[32m"text-center"[39m
          [33mdata-testid[39m=[32m"card-header"[39m
        [36m>[39m
          [36m<div[39m
            [33mclass[39m=[32m"text-2xl font-bold"[39m
            [33mdata-testid[39m=[32m"card-title"[39m
          [36m>[39m
            [0mWelcome to Developer Portal[0m
          [36m</div>[39m
          [36m<div[39m
            [33mdata-testid[39m=[32m"card-description"[39m
          [36m>[39m
            [0mComplete both authentications to access the portal[0m
          [36m</div>[39m
        [36m</div>[39m
        [36m<div[39m
          [33mclass[39m=[32m"space-y-4"[39m
          [33mdata-testid[39m=[32m"card-content"[39m
        [36m>[39m
          [36m<div[39m
            [33mclass[39m=[32m"space-y-2"[39m
          [36m>[39m
            [36m<button[39m
              [33mclass[39m=[32m"w-full h-12 text-base"[39m
              [33mdata-testid[39m=[32m"login-button"[39m
              [33mdata-variant[39m=[32m"default"[39m
            [36m>[39m
              [36m<div[39m
                [33mclass[39m=[32m"flex items-center gap-2"[39m
              [36m>[39m
                [36m<div[39m
                  [33mdata-testid[39m=[32m"github-icon"[39m
                [36m>[39m
                  [0mGitHub Icon[0m
                [36m</div>[39m
                [0mSign in with GitHub Tools[0m
              [36m</div>[39m
            [36m</button>[39m
          [36m</div>[39m
          [36m<div[39m
            [33mclass[39m=[32m"space-y-2"[39m
          [36m>[39m
            [36m<button[39m
              [33mclass[39m=[32m"w-full h-12 text-base"[39m
              [33mdata-testid[39m=[32m"login-button"[39m
              [33mdata-variant[39m=[32m"default"[39m
            [36m>[39m
              [36m<div[39m
                [33mclass[39m=[32m"flex items-center gap-2"[39m
              [36m>[39m
                [36m<div[39m
                  [33mdata-testid[39m=[32m"github-icon"[39m
                [36m>[39m
                  [0mGitHub Icon[0m
                [36m</div>[39m
                [0mSign in with GitHub WDF[0m
              [36m</div>[39m
            [36m</button>[39m
          [36m</div>[39m
          [36m<div[39m
            [33mclass[39m=[32m"text-center text-sm text-muted-foreground mt-6"[39m
          [36m>[39m
            [36m<p>[39m
              [0mBy signing in, you agree to our terms of service and privacy policy.[0m
            [36m</p>[39m
          [36m</div>[39m
        [36m</div>[39m
      [36m</div>[39m
    [36m</div>[39m
  [36m</div>[39m
[36m</body>[39m
   × LoginPage > Button States > should not be disabled initially 1ms
     → Found multiple elements by: [data-testid="login-button"]

Here are the matching elements:

Ignored nodes: comments, script, style
[36m<button[39m
  [33mclass[39m=[32m"w-full h-12 text-base"[39m
  [33mdata-testid[39m=[32m"login-button"[39m
  [33mdata-variant[39m=[32m"default"[39m
[36m>[39m
  [36m<div[39m
    [33mclass[39m=[32m"flex items-center gap-2"[39m
  [36m>[39m
    [36m<div[39m
      [33mdata-testid[39m=[32m"github-icon"[39m
    [36m>[39m
      [0mGitHub Icon[0m
    [36m</div>[39m
    [0mSign in with GitHub Tools[0m
  [36m</div>[39m
[36m</button>[39m

Ignored nodes: comments, script, style
[36m<button[39m
  [33mclass[39m=[32m"w-full h-12 text-base"[39m
  [33mdata-testid[39m=[32m"login-button"[39m
  [33mdata-variant[39m=[32m"default"[39m
[36m>[39m
  [36m<div[39m
    [33mclass[39m=[32m"flex items-center gap-2"[39m
  [36m>[39m
    [36m<div[39m
      [33mdata-testid[39m=[32m"github-icon"[39m
    [36m>[39m
      [0mGitHub Icon[0m
    [36m</div>[39m
    [0mSign in with GitHub WDF[0m
  [36m</div>[39m
[36m</button>[39m

(If this is intentional, then use the `*AllBy*` variant of the query (like `queryAllByText`, `getAllByText`, or `findAllByText`)).

Ignored nodes: comments, script, style
[36m<body>[39m
  [36m<div>[39m
    [36m<div[39m
      [33mclass[39m=[32m"min-h-screen flex items-center justify-center bg-background p-4"[39m
    [36m>[39m
      [36m<div[39m
        [33mclass[39m=[32m"w-full max-w-md"[39m
        [33mdata-testid[39m=[32m"card"[39m
      [36m>[39m
        [36m<div[39m
          [33mclass[39m=[32m"text-center"[39m
          [33mdata-testid[39m=[32m"card-header"[39m
        [36m>[39m
          [36m<div[39m
            [33mclass[39m=[32m"text-2xl font-bold"[39m
            [33mdata-testid[39m=[32m"card-title"[39m
          [36m>[39m
            [0mWelcome to Developer Portal[0m
          [36m</div>[39m
          [36m<div[39m
            [33mdata-testid[39m=[32m"card-description"[39m
          [36m>[39m
            [0mComplete both authentications to access the portal[0m
          [36m</div>[39m
        [36m</div>[39m
        [36m<div[39m
          [33mclass[39m=[32m"space-y-4"[39m
          [33mdata-testid[39m=[32m"card-content"[39m
        [36m>[39m
          [36m<div[39m
            [33mclass[39m=[32m"space-y-2"[39m
          [36m>[39m
            [36m<button[39m
              [33mclass[39m=[32m"w-full h-12 text-base"[39m
              [33mdata-testid[39m=[32m"login-button"[39m
              [33mdata-variant[39m=[32m"default"[39m
            [36m>[39m
              [36m<div[39m
                [33mclass[39m=[32m"flex items-center gap-2"[39m
              [36m>[39m
                [36m<div[39m
                  [33mdata-testid[39m=[32m"github-icon"[39m
                [36m>[39m
                  [0mGitHub Icon[0m
                [36m</div>[39m
                [0mSign in with GitHub Tools[0m
              [36m</div>[39m
            [36m</button>[39m
          [36m</div>[39m
          [36m<div[39m
            [33mclass[39m=[32m"space-y-2"[39m
          [36m>[39m
            [36m<button[39m
              [33mclass[39m=[32m"w-full h-12 text-base"[39m
              [33mdata-testid[39m=[32m"login-button"[39m
              [33mdata-variant[39m=[32m"default"[39m
            [36m>[39m
              [36m<div[39m
                [33mclass[39m=[32m"flex items-center gap-2"[39m
              [36m>[39m
                [36m<div[39m
                  [33mdata-testid[39m=[32m"github-icon"[39m
                [36m>[39m
                  [0mGitHub Icon[0m
                [36m</div>[39m
                [0mSign in with GitHub WDF[0m
              [36m</div>[39m
            [36m</button>[39m
          [36m</div>[39m
          [36m<div[39m
            [33mclass[39m=[32m"text-center text-sm text-muted-foreground mt-6"[39m
          [36m>[39m
            [36m<p>[39m
              [0mBy signing in, you agree to our terms of service and privacy policy.[0m
            [36m</p>[39m
          [36m</div>[39m
        [36m</div>[39m
      [36m</div>[39m
    [36m</div>[39m
  [36m</div>[39m
[36m</body>[39m
   ✓ LoginPage > UI Styling > should apply correct container styling 1ms
   ✓ LoginPage > UI Styling > should apply correct card styling 2ms
   ✓ LoginPage > UI Styling > should apply text-center to header 2ms
   ✓ LoginPage > UI Styling > should apply correct title styling 1ms
   ✓ LoginPage > UI Styling > should apply space-y-4 to card content 1ms
   ✓ LoginPage > Integration > should call useAuth hook 1ms
   × LoginPage > Integration > should use login function from useAuth 1ms
     → Found multiple elements by: [data-testid="login-button"]

Here are the matching elements:

Ignored nodes: comments, script, style
[36m<button[39m
  [33mclass[39m=[32m"w-full h-12 text-base"[39m
  [33mdata-testid[39m=[32m"login-button"[39m
  [33mdata-variant[39m=[32m"default"[39m
[36m>[39m
  [36m<div[39m
    [33mclass[39m=[32m"flex items-center gap-2"[39m
  [36m>[39m
    [36m<div[39m
      [33mdata-testid[39m=[32m"github-icon"[39m
    [36m>[39m
      [0mGitHub Icon[0m
    [36m</div>[39m
    [0mSign in with GitHub Tools[0m
  [36m</div>[39m
[36m</button>[39m

Ignored nodes: comments, script, style
[36m<button[39m
  [33mclass[39m=[32m"w-full h-12 text-base"[39m
  [33mdata-testid[39m=[32m"login-button"[39m
  [33mdata-variant[39m=[32m"default"[39m
[36m>[39m
  [36m<div[39m
    [33mclass[39m=[32m"flex items-center gap-2"[39m
  [36m>[39m
    [36m<div[39m
      [33mdata-testid[39m=[32m"github-icon"[39m
    [36m>[39m
      [0mGitHub Icon[0m
    [36m</div>[39m
    [0mSign in with GitHub WDF[0m
  [36m</div>[39m
[36m</button>[39m

(If this is intentional, then use the `*AllBy*` variant of the query (like `queryAllByText`, `getAllByText`, or `findAllByText`)).

Ignored nodes: comments, script, style
[36m<body>[39m
  [36m<div>[39m
    [36m<div[39m
      [33mclass[39m=[32m"min-h-screen flex items-center justify-center bg-background p-4"[39m
    [36m>[39m
      [36m<div[39m
        [33mclass[39m=[32m"w-full max-w-md"[39m
        [33mdata-testid[39m=[32m"card"[39m
      [36m>[39m
        [36m<div[39m
          [33mclass[39m=[32m"text-center"[39m
          [33mdata-testid[39m=[32m"card-header"[39m
        [36m>[39m
          [36m<div[39m
            [33mclass[39m=[32m"text-2xl font-bold"[39m
            [33mdata-testid[39m=[32m"card-title"[39m
          [36m>[39m
            [0mWelcome to Developer Portal[0m
          [36m</div>[39m
          [36m<div[39m
            [33mdata-testid[39m=[32m"card-description"[39m
          [36m>[39m
            [0mComplete both authentications to access the portal[0m
          [36m</div>[39m
        [36m</div>[39m
        [36m<div[39m
          [33mclass[39m=[32m"space-y-4"[39m
          [33mdata-testid[39m=[32m"card-content"[39m
        [36m>[39m
          [36m<div[39m
            [33mclass[39m=[32m"space-y-2"[39m
          [36m>[39m
            [36m<button[39m
              [33mclass[39m=[32m"w-full h-12 text-base"[39m
              [33mdata-testid[39m=[32m"login-button"[39m
              [33mdata-variant[39m=[32m"default"[39m
            [36m>[39m
              [36m<div[39m
                [33mclass[39m=[32m"flex items-center gap-2"[39m
              [36m>[39m
                [36m<div[39m
                  [33mdata-testid[39m=[32m"github-icon"[39m
                [36m>[39m
                  [0mGitHub Icon[0m
                [36m</div>[39m
                [0mSign in with GitHub Tools[0m
              [36m</div>[39m
            [36m</button>[39m
          [36m</div>[39m
          [36m<div[39m
            [33mclass[39m=[32m"space-y-2"[39m
          [36m>[39m
            [36m<button[39m
              [33mclass[39m=[32m"w-full h-12 text-base"[39m
              [33mdata-testid[39m=[32m"login-button"[39m
              [33mdata-variant[39m=[32m"default"[39m
            [36m>[39m
              [36m<div[39m
                [33mclass[39m=[32m"flex items-center gap-2"[39m
              [36m>[39m
                [36m<div[39m
                  [33mdata-testid[39m=[32m"github-icon"[39m
                [36m>[39m
                  [0mGitHub Icon[0m
                [36m</div>[39m
                [0mSign in with GitHub WDF[0m
              [36m</div>[39m
            [36m</button>[39m
          [36m</div>[39m
          [36m<div[39m
            [33mclass[39m=[32m"text-center text-sm text-muted-foreground mt-6"[39m
          [36m>[39m
            [36m<p>[39m
              [0mBy signing in, you agree to our terms of service and privacy policy.[0m
            [36m</p>[39m
          [36m</div>[39m
        [36m</div>[39m
      [36m</div>[39m
    [36m</div>[39m
  [36m</div>[39m
[36m</body>[39m
   × LoginPage > Edge Cases > should handle rapid button clicks 1ms
     → Found multiple elements by: [data-testid="login-button"]

Here are the matching elements:

Ignored nodes: comments, script, style
[36m<button[39m
  [33mclass[39m=[32m"w-full h-12 text-base"[39m
  [33mdata-testid[39m=[32m"login-button"[39m
  [33mdata-variant[39m=[32m"default"[39m
[36m>[39m
  [36m<div[39m
    [33mclass[39m=[32m"flex items-center gap-2"[39m
  [36m>[39m
    [36m<div[39m
      [33mdata-testid[39m=[32m"github-icon"[39m
    [36m>[39m
      [0mGitHub Icon[0m
    [36m</div>[39m
    [0mSign in with GitHub Tools[0m
  [36m</div>[39m
[36m</button>[39m

Ignored nodes: comments, script, style
[36m<button[39m
  [33mclass[39m=[32m"w-full h-12 text-base"[39m
  [33mdata-testid[39m=[32m"login-button"[39m
  [33mdata-variant[39m=[32m"default"[39m
[36m>[39m
  [36m<div[39m
    [33mclass[39m=[32m"flex items-center gap-2"[39m
  [36m>[39m
    [36m<div[39m
      [33mdata-testid[39m=[32m"github-icon"[39m
    [36m>[39m
      [0mGitHub Icon[0m
    [36m</div>[39m
    [0mSign in with GitHub WDF[0m
  [36m</div>[39m
[36m</button>[39m

(If this is intentional, then use the `*AllBy*` variant of the query (like `queryAllByText`, `getAllByText`, or `findAllByText`)).

Ignored nodes: comments, script, style
[36m<body>[39m
  [36m<div>[39m
    [36m<div[39m
      [33mclass[39m=[32m"min-h-screen flex items-center justify-center bg-background p-4"[39m
    [36m>[39m
      [36m<div[39m
        [33mclass[39m=[32m"w-full max-w-md"[39m
        [33mdata-testid[39m=[32m"card"[39m
      [36m>[39m
        [36m<div[39m
          [33mclass[39m=[32m"text-center"[39m
          [33mdata-testid[39m=[32m"card-header"[39m
        [36m>[39m
          [36m<div[39m
            [33mclass[39m=[32m"text-2xl font-bold"[39m
            [33mdata-testid[39m=[32m"card-title"[39m
          [36m>[39m
            [0mWelcome to Developer Portal[0m
          [36m</div>[39m
          [36m<div[39m
            [33mdata-testid[39m=[32m"card-description"[39m
          [36m>[39m
            [0mComplete both authentications to access the portal[0m
          [36m</div>[39m
        [36m</div>[39m
        [36m<div[39m
          [33mclass[39m=[32m"space-y-4"[39m
          [33mdata-testid[39m=[32m"card-content"[39m
        [36m>[39m
          [36m<div[39m
            [33mclass[39m=[32m"space-y-2"[39m
          [36m>[39m
            [36m<button[39m
              [33mclass[39m=[32m"w-full h-12 text-base"[39m
              [33mdata-testid[39m=[32m"login-button"[39m
              [33mdata-variant[39m=[32m"default"[39m
            [36m>[39m
              [36m<div[39m
                [33mclass[39m=[32m"flex items-center gap-2"[39m
              [36m>[39m
                [36m<div[39m
                  [33mdata-testid[39m=[32m"github-icon"[39m
                [36m>[39m
                  [0mGitHub Icon[0m
                [36m</div>[39m
                [0mSign in with GitHub Tools[0m
              [36m</div>[39m
            [36m</button>[39m
          [36m</div>[39m
          [36m<div[39m
            [33mclass[39m=[32m"space-y-2"[39m
          [36m>[39m
            [36m<button[39m
              [33mclass[39m=[32m"w-full h-12 text-base"[39m
              [33mdata-testid[39m=[32m"login-button"[39m
              [33mdata-variant[39m=[32m"default"[39m
            [36m>[39m
              [36m<div[39m
                [33mclass[39m=[32m"flex items-center gap-2"[39m
              [36m>[39m
                [36m<div[39m
                  [33mdata-testid[39m=[32m"github-icon"[39m
                [36m>[39m
                  [0mGitHub Icon[0m
                [36m</div>[39m
                [0mSign in with GitHub WDF[0m
              [36m</div>[39m
            [36m</button>[39m
          [36m</div>[39m
          [36m<div[39m
            [33mclass[39m=[32m"text-center text-sm text-muted-foreground mt-6"[39m
          [36m>[39m
            [36m<p>[39m
              [0mBy signing in, you agree to our terms of service and privacy policy.[0m
            [36m</p>[39m
          [36m</div>[39m
        [36m</div>[39m
      [36m</div>[39m
    [36m</div>[39m
  [36m</div>[39m
[36m</body>[39m
   × LoginPage > Edge Cases > should handle login promise that never resolves 3ms
     → Found multiple elements by: [data-testid="login-button"]

Here are the matching elements:

Ignored nodes: comments, script, style
[36m<button[39m
  [33mclass[39m=[32m"w-full h-12 text-base"[39m
  [33mdata-testid[39m=[32m"login-button"[39m
  [33mdata-variant[39m=[32m"default"[39m
[36m>[39m
  [36m<div[39m
    [33mclass[39m=[32m"flex items-center gap-2"[39m
  [36m>[39m
    [36m<div[39m
      [33mdata-testid[39m=[32m"github-icon"[39m
    [36m>[39m
      [0mGitHub Icon[0m
    [36m</div>[39m
    [0mSign in with GitHub Tools[0m
  [36m</div>[39m
[36m</button>[39m

Ignored nodes: comments, script, style
[36m<button[39m
  [33mclass[39m=[32m"w-full h-12 text-base"[39m
  [33mdata-testid[39m=[32m"login-button"[39m
  [33mdata-variant[39m=[32m"default"[39m
[36m>[39m
  [36m<div[39m
    [33mclass[39m=[32m"flex items-center gap-2"[39m
  [36m>[39m
    [36m<div[39m
      [33mdata-testid[39m=[32m"github-icon"[39m
    [36m>[39m
      [0mGitHub Icon[0m
    [36m</div>[39m
    [0mSign in with GitHub WDF[0m
  [36m</div>[39m
[36m</button>[39m

(If this is intentional, then use the `*AllBy*` variant of the query (like `queryAllByText`, `getAllByText`, or `findAllByText`)).

Ignored nodes: comments, script, style
[36m<body>[39m
  [36m<div>[39m
    [36m<div[39m
      [33mclass[39m=[32m"min-h-screen flex items-center justify-center bg-background p-4"[39m
    [36m>[39m
      [36m<div[39m
        [33mclass[39m=[32m"w-full max-w-md"[39m
        [33mdata-testid[39m=[32m"card"[39m
      [36m>[39m
        [36m<div[39m
          [33mclass[39m=[32m"text-center"[39m
          [33mdata-testid[39m=[32m"card-header"[39m
        [36m>[39m
          [36m<div[39m
            [33mclass[39m=[32m"text-2xl font-bold"[39m
            [33mdata-testid[39m=[32m"card-title"[39m
          [36m>[39m
            [0mWelcome to Developer Portal[0m
          [36m</div>[39m
          [36m<div[39m
            [33mdata-testid[39m=[32m"card-description"[39m
          [36m>[39m
            [0mComplete both authentications to access the portal[0m
          [36m</div>[39m
        [36m</div>[39m
        [36m<div[39m
          [33mclass[39m=[32m"space-y-4"[39m
          [33mdata-testid[39m=[32m"card-content"[39m
        [36m>[39m
          [36m<div[39m
            [33mclass[39m=[32m"space-y-2"[39m
          [36m>[39m
            [36m<button[39m
              [33mclass[39m=[32m"w-full h-12 text-base"[39m
              [33mdata-testid[39m=[32m"login-button"[39m
              [33mdata-variant[39m=[32m"default"[39m
            [36m>[39m
              [36m<div[39m
                [33mclass[39m=[32m"flex items-center gap-2"[39m
              [36m>[39m
                [36m<div[39m
                  [33mdata-testid[39m=[32m"github-icon"[39m
                [36m>[39m
                  [0mGitHub Icon[0m
                [36m</div>[39m
                [0mSign in with GitHub Tools[0m
              [36m</div>[39m
            [36m</button>[39m
          [36m</div>[39m
          [36m<div[39m
            [33mclass[39m=[32m"space-y-2"[39m
          [36m>[39m
            [36m<button[39m
              [33mclass[39m=[32m"w-full h-12 text-base"[39m
              [33mdata-testid[39m=[32m"login-button"[39m
              [33mdata-variant[39m=[32m"default"[39m
            [36m>[39m
              [36m<div[39m
                [33mclass[39m=[32m"flex items-center gap-2"[39m
              [36m>[39m
                [36m<div[39m
                  [33mdata-testid[39m=[32m"github-icon"[39m
                [36m>[39m
                  [0mGitHub Icon[0m
                [36m</div>[39m
                [0mSign in with GitHub WDF[0m
              [36m</div>[39m
            [36m</button>[39m
          [36m</div>[39m
          [36m<div[39m
            [33mclass[39m=[32m"text-center text-sm text-muted-foreground mt-6"[39m
          [36m>[39m
            [36m<p>[39m
              [0mBy signing in, you agree to our terms of service and privacy policy.[0m
            [36m</p>[39m
          [36m</div>[39m
        [36m</div>[39m
      [36m</div>[39m
    [36m</div>[39m
  [36m</div>[39m
[36m</body>[39m
   × LoginPage > Edge Cases > should handle switching from loading to authenticated 17ms
     → Unable to find an element by: [data-testid="navigate"]

Ignored nodes: comments, script, style
[36m<body>[39m
  [36m<div>[39m
    [36m<div[39m
      [33mclass[39m=[32m"min-h-screen flex items-center justify-center bg-background p-4"[39m
    [36m>[39m
      [36m<div[39m
        [33mclass[39m=[32m"w-full max-w-md"[39m
        [33mdata-testid[39m=[32m"card"[39m
      [36m>[39m
        [36m<div[39m
          [33mclass[39m=[32m"text-center"[39m
          [33mdata-testid[39m=[32m"card-header"[39m
        [36m>[39m
          [36m<div[39m
            [33mclass[39m=[32m"text-2xl font-bold"[39m
            [33mdata-testid[39m=[32m"card-title"[39m
          [36m>[39m
            [0mWelcome to Developer Portal[0m
          [36m</div>[39m
          [36m<div[39m
            [33mdata-testid[39m=[32m"card-description"[39m
          [36m>[39m
            [0mComplete both authentications to access the portal[0m
          [36m</div>[39m
        [36m</div>[39m
        [36m<div[39m
          [33mclass[39m=[32m"space-y-4"[39m
          [33mdata-testid[39m=[32m"card-content"[39m
        [36m>[39m
          [36m<div[39m
            [33mclass[39m=[32m"space-y-2"[39m
          [36m>[39m
            [36m<button[39m
              [33mclass[39m=[32m"w-full h-12 text-base"[39m
              [33mdata-testid[39m=[32m"login-button"[39m
              [33mdata-variant[39m=[32m"default"[39m
            [36m>[39m
              [36m<div[39m
                [33mclass[39m=[32m"flex items-center gap-2"[39m
              [36m>[39m
                [36m<div[39m
                  [33mdata-testid[39m=[32m"github-icon"[39m
                [36m>[39m
                  [0mGitHub Icon[0m
                [36m</div>[39m
                [0mSign in with GitHub Tools[0m
              [36m</div>[39m
            [36m</button>[39m
          [36m</div>[39m
          [36m<div[39m
            [33mclass[39m=[32m"space-y-2"[39m
          [36m>[39m
            [36m<button[39m
              [33mclass[39m=[32m"w-full h-12 text-base"[39m
              [33mdata-testid[39m=[32m"login-button"[39m
              [33mdata-variant[39m=[32m"default"[39m
            [36m>[39m
              [36m<div[39m
                [33mclass[39m=[32m"flex items-center gap-2"[39m
              [36m>[39m
                [36m<div[39m
                  [33mdata-testid[39m=[32m"github-icon"[39m
                [36m>[39m
                  [0mGitHub Icon[0m
                [36m</div>[39m
                [0mSign in with GitHub WDF[0m
              [36m</div>[39m
            [36m</button>[39m
          [36m</div>[39m
          [36m<div[39m
            [33mclass[39m=[32m"text-center text-sm text-muted-foreground mt-6"[39m
          [36m>[39m
            [36m<p>[39m
              [0mBy signing in, you agree to our terms of service and privacy policy.[0m
            [36m</p>[39m
          [36m</div>[39m
        [36m</div>[39m
      [36m</div>[39m
    [36m</div>[39m
  [36m</div>[39m
[36m</body>[39m
stderr | tests/hooks/useOnDutyData.test.ts > useOnDutyData > Undo Functionality > should undo onDuty changes
Warning: An update to TestComponent inside a test was not wrapped in act(...).

When testing, code that causes React state updates should be wrapped into act(...):

act(() => {
  /* fire events that update state */
});
/* assert on the output */

This ensures that you're testing the behavior the user would see in the browser. Learn more at https://reactjs.org/link/wrap-tests-with-act
    at TestComponent (/Users/C5406081/developer-portal-frontend/node_modules/@testing-library/react/dist/pure.js:329:5)

stdout | tests/contexts/AuthContext.test.tsx > AuthContext > Edge Cases > should handle pathname with trailing slash
🔍 AuthContext: isAuthenticated calculation { hasUser: [33mfalse[39m, bothAuth: [33mfalse[39m, isAuthenticated: [33mfalse[39m }
🔍 AuthContext: Initial useEffect { isLoginPage: [33mfalse[39m, pathname: [32m'/login/'[39m }
🔍 AuthContext: Not on login page, checking auth status...
🔍 AuthContext: checkAuthStatusAndSetUser started
🔍 AuthContext: checkAuthStatusAndSetUser completed
🔍 AuthContext: isAuthenticated calculation { hasUser: [33mfalse[39m, bothAuth: [33mfalse[39m, isAuthenticated: [33mfalse[39m }
🔍 AuthContext: isAuthenticated calculation { hasUser: [33mfalse[39m, bothAuth: [33mfalse[39m, isAuthenticated: [33mfalse[39m }

stdout | tests/contexts/AuthContext.test.tsx > AuthContext > Edge Cases > should handle pathname case sensitivity
🔍 AuthContext: isAuthenticated calculation { hasUser: [33mfalse[39m, bothAuth: [33mfalse[39m, isAuthenticated: [33mfalse[39m }
🔍 AuthContext: Initial useEffect { isLoginPage: [33mfalse[39m, pathname: [32m'/Login'[39m }
🔍 AuthContext: Not on login page, checking auth status...
🔍 AuthContext: checkAuthStatusAndSetUser started
🔍 AuthContext: checkAuthStatusAndSetUser completed
🔍 AuthContext: isAuthenticated calculation { hasUser: [33mfalse[39m, bothAuth: [33mfalse[39m, isAuthenticated: [33mfalse[39m }
🔍 AuthContext: isAuthenticated calculation { hasUser: [33mfalse[39m, bothAuth: [33mfalse[39m, isAuthenticated: [33mfalse[39m }

 ❯ tests/contexts/AuthContext.test.tsx (31 tests | 21 failed | 1 skipped) 15216ms
   × AuthContext > AuthProvider Initialization > should check auth status on mount when not on login page 1081ms
     → expected "spy" to be called 1 times, but got 0 times

Ignored nodes: comments, script, style
[36m<html>[39m
  [36m<head />[39m
  [36m<body>[39m
    [36m<div>[39m
      [36m<div>[39m
        [36m<div[39m
          [33mdata-testid[39m=[32m"user"[39m
        [36m>[39m
          [0mnull[0m
        [36m</div>[39m
        [36m<div[39m
          [33mdata-testid[39m=[32m"isAuthenticated"[39m
        [36m>[39m
          [0mfalse[0m
        [36m</div>[39m
        [36m<div[39m
          [33mdata-testid[39m=[32m"isLoading"[39m
        [36m>[39m
          [0mfalse[0m
        [36m</div>[39m
        [36m<button[39m
          [33mdata-testid[39m=[32m"login-btn"[39m
        [36m>[39m
          [0mLogin[0m
        [36m</button>[39m
        [36m<button[39m
          [33mdata-testid[39m=[32m"logout-btn"[39m
        [36m>[39m
          [0mLogout[0m
        [36m</button>[39m
        [36m<button[39m
          [33mdata-testid[39m=[32m"refresh-btn"[39m
        [36m>[39m
          [0mRefresh[0m
        [36m</button>[39m
      [36m</div>[39m
    [36m</div>[39m
  [36m</body>[39m
[36m</html>[39m
   ✓ AuthContext > AuthProvider Initialization > should not check auth status when on login page 6ms
   ✓ AuthContext > AuthProvider Initialization > should start with loading state true 2ms
   ✓ AuthContext > AuthProvider Initialization > should set user to null when auth check fails 4ms
   ✓ AuthContext > AuthProvider Initialization > should set user to null when fetchCurrentUser returns null 6ms
   × AuthContext > AuthProvider Initialization > should handle errors during auth check gracefully 9ms
     → expected "error" to be called with arguments: [ 'Error checking auth status:', …(1) ][90m

Received: 

[1m  1st error call:

[22m[2m  [[22m
[32m-   "Error checking auth status:",[90m
[32m-   Any<Error>,[90m
[31m+   "❌ AuthContext: Error checking auth status:",[90m
[31m+   Error {[90m
[31m+     "message": "[vitest] No \"checkDualAuthStatus\" export is defined on the \"@/services/authService\" mock. Did you forget to return it from \"vi.mock\"?[90m
[31m+ If you need to partially mock a module, you can use \"importOriginal\" helper inside:[90m
[31m+ ",[90m
[31m+     "codeFrame": "vi[33m.[31m[34mmock[31m([35mimport[31m([32m\"@/services/authService\"[31m)[33m,[31m [35masync[31m (importOriginal) [33m=>[31m {[90m
[31m+   [35mconst[31m actual [33m=[31m [35mawait[31m [34mimportOriginal[31m()[90m
[31m+   [35mreturn[31m {[90m
[31m+     [33m...[31mactual[33m,[31m[90m
[31m+     [90m// your mocked methods[31m[90m
[31m+   }[90m
[31m+ })",[90m
[31m+   },[90m
[2m  ][22m
[39m[90m

Number of calls: [1m1[22m
[39m
   × AuthContext > login function > should call authService with correct parameters 1011ms
     → expected "spy" to be called with arguments: [ { returnUrl: '/', …(1) } ][90m

Number of calls: [1m0[22m
[39m

Ignored nodes: comments, script, style
[36m<html>[39m
  [36m<head />[39m
  [36m<body>[39m
    [36m<div>[39m
      [36m<div>[39m
        [36m<div[39m
          [33mdata-testid[39m=[32m"user"[39m
        [36m>[39m
          [0mnull[0m
        [36m</div>[39m
        [36m<div[39m
          [33mdata-testid[39m=[32m"isAuthenticated"[39m
        [36m>[39m
          [0mfalse[0m
        [36m</div>[39m
        [36m<div[39m
          [33mdata-testid[39m=[32m"isLoading"[39m
        [36m>[39m
          [0mfalse[0m
        [36m</div>[39m
        [36m<button[39m
          [33mdata-testid[39m=[32m"login-btn"[39m
        [36m>[39m
          [0mLogin[0m
        [36m</button>[39m
        [36m<button[39m
          [33mdata-testid[39m=[32m"logout-btn"[39m
        [36m>[39m
          [0mLogout[0m
        [36m</button>[39m
        [36m<button[39m
          [33mdata-testid[39m=[32m"refresh-btn"[39m
        [36m>[39m
          [0mRefresh[0m
        [36m</button>[39m
      [36m</div>[39m
    [36m</div>[39m
  [36m</body>[39m
[36m</html>[39m
   × AuthContext > login function > should refresh auth after successful login 1006ms
     → expected "spy" to be called at least once

Ignored nodes: comments, script, style
[36m<html>[39m
  [36m<head />[39m
  [36m<body>[39m
    [36m<div>[39m
      [36m<div>[39m
        [36m<div[39m
          [33mdata-testid[39m=[32m"user"[39m
        [36m>[39m
          [0mnull[0m
        [36m</div>[39m
        [36m<div[39m
          [33mdata-testid[39m=[32m"isAuthenticated"[39m
        [36m>[39m
          [0mfalse[0m
        [36m</div>[39m
        [36m<div[39m
          [33mdata-testid[39m=[32m"isLoading"[39m
        [36m>[39m
          [0mfalse[0m
        [36m</div>[39m
        [36m<button[39m
          [33mdata-testid[39m=[32m"login-btn"[39m
        [36m>[39m
          [0mLogin[0m
        [36m</button>[39m
        [36m<button[39m
          [33mdata-testid[39m=[32m"logout-btn"[39m
        [36m>[39m
          [0mLogout[0m
        [36m</button>[39m
        [36m<button[39m
          [33mdata-testid[39m=[32m"refresh-btn"[39m
        [36m>[39m
          [0mRefresh[0m
        [36m</button>[39m
      [36m</div>[39m
    [36m</div>[39m
  [36m</body>[39m
[36m</html>[39m
   × AuthContext > login function > should set loading state during login 1008ms
     → [2mexpect([22m[31melement[39m[2m).toHaveTextContent()[22m

Expected element to have text content:
[32m  true[39m
Received:
[31m  false[39m

Ignored nodes: comments, script, style
[36m<html>[39m
  [36m<head />[39m
  [36m<body>[39m
    [36m<div>[39m
      [36m<div>[39m
        [36m<div[39m
          [33mdata-testid[39m=[32m"user"[39m
        [36m>[39m
          [0mnull[0m
        [36m</div>[39m
        [36m<div[39m
          [33mdata-testid[39m=[32m"isAuthenticated"[39m
        [36m>[39m
          [0mfalse[0m
        [36m</div>[39m
        [36m<div[39m
          [33mdata-testid[39m=[32m"isLoading"[39m
        [36m>[39m
          [0mfalse[0m
        [36m</div>[39m
        [36m<button[39m
          [33mdata-testid[39m=[32m"login-btn"[39m
        [36m>[39m
          [0mLogin[0m
        [36m</button>[39m
        [36m<button[39m
          [33mdata-testid[39m=[32m"logout-btn"[39m
        [36m>[39m
          [0mLogout[0m
        [36m</button>[39m
        [36m<button[39m
          [33mdata-testid[39m=[32m"refresh-btn"[39m
        [36m>[39m
          [0mRefresh[0m
        [36m</button>[39m
      [36m</div>[39m
    [36m</div>[39m
  [36m</body>[39m
[36m</html>[39m
   ↓ AuthContext > login function > should handle login errors and log them
   × AuthContext > logout function > should call logoutUser service 1004ms
     → [2mexpect([22m[31melement[39m[2m).toHaveTextContent()[22m

Expected element to have text content:
[32m  Test User[39m
Received:
[31m  null[39m

Ignored nodes: comments, script, style
[36m<html>[39m
  [36m<head />[39m
  [36m<body>[39m
    [36m<div>[39m
      [36m<div>[39m
        [36m<div[39m
          [33mdata-testid[39m=[32m"user"[39m
        [36m>[39m
          [0mnull[0m
        [36m</div>[39m
        [36m<div[39m
          [33mdata-testid[39m=[32m"isAuthenticated"[39m
        [36m>[39m
          [0mfalse[0m
        [36m</div>[39m
        [36m<div[39m
          [33mdata-testid[39m=[32m"isLoading"[39m
        [36m>[39m
          [0mfalse[0m
        [36m</div>[39m
        [36m<button[39m
          [33mdata-testid[39m=[32m"login-btn"[39m
        [36m>[39m
          [0mLogin[0m
        [36m</button>[39m
        [36m<button[39m
          [33mdata-testid[39m=[32m"logout-btn"[39m
        [36m>[39m
          [0mLogout[0m
        [36m</button>[39m
        [36m<button[39m
          [33mdata-testid[39m=[32m"refresh-btn"[39m
        [36m>[39m
          [0mRefresh[0m
        [36m</button>[39m
      [36m</div>[39m
    [36m</div>[39m
  [36m</body>[39m
[36m</html>[39m
   × AuthContext > logout function > should clear user state after logout 1004ms
     → [2mexpect([22m[31melement[39m[2m).toHaveTextContent()[22m

Expected element to have text content:
[32m  Test User[39m
Received:
[31m  null[39m

Ignored nodes: comments, script, style
[36m<html>[39m
  [36m<head />[39m
  [36m<body>[39m
    [36m<div>[39m
      [36m<div>[39m
        [36m<div[39m
          [33mdata-testid[39m=[32m"user"[39m
        [36m>[39m
          [0mnull[0m
        [36m</div>[39m
        [36m<div[39m
          [33mdata-testid[39m=[32m"isAuthenticated"[39m
        [36m>[39m
          [0mfalse[0m
        [36m</div>[39m
        [36m<div[39m
          [33mdata-testid[39m=[32m"isLoading"[39m
        [36m>[39m
          [0mfalse[0m
        [36m</div>[39m
        [36m<button[39m
          [33mdata-testid[39m=[32m"login-btn"[39m
        [36m>[39m
          [0mLogin[0m
        [36m</button>[39m
        [36m<button[39m
          [33mdata-testid[39m=[32m"logout-btn"[39m
        [36m>[39m
          [0mLogout[0m
        [36m</button>[39m
        [36m<button[39m
          [33mdata-testid[39m=[32m"refresh-btn"[39m
        [36m>[39m
          [0mRefresh[0m
        [36m</button>[39m
      [36m</div>[39m
    [36m</div>[39m
  [36m</body>[39m
[36m</html>[39m
   × AuthContext > logout function > should set loading state during logout 1005ms
     → [2mexpect([22m[31melement[39m[2m).toHaveTextContent()[22m

Expected element to have text content:
[32m  Test User[39m
Received:
[31m  null[39m

Ignored nodes: comments, script, style
[36m<html>[39m
  [36m<head />[39m
  [36m<body>[39m
    [36m<div>[39m
      [36m<div>[39m
        [36m<div[39m
          [33mdata-testid[39m=[32m"user"[39m
        [36m>[39m
          [0mnull[0m
        [36m</div>[39m
        [36m<div[39m
          [33mdata-testid[39m=[32m"isAuthenticated"[39m
        [36m>[39m
          [0mfalse[0m
        [36m</div>[39m
        [36m<div[39m
          [33mdata-testid[39m=[32m"isLoading"[39m
        [36m>[39m
          [0mfalse[0m
        [36m</div>[39m
        [36m<button[39m
          [33mdata-testid[39m=[32m"login-btn"[39m
        [36m>[39m
          [0mLogin[0m
        [36m</button>[39m
        [36m<button[39m
          [33mdata-testid[39m=[32m"logout-btn"[39m
        [36m>[39m
          [0mLogout[0m
        [36m</button>[39m
        [36m<button[39m
          [33mdata-testid[39m=[32m"refresh-btn"[39m
        [36m>[39m
          [0mRefresh[0m
        [36m</button>[39m
      [36m</div>[39m
    [36m</div>[39m
  [36m</body>[39m
[36m</html>[39m
   × AuthContext > logout function > should handle logout errors gracefully 1006ms
     → [2mexpect([22m[31melement[39m[2m).toHaveTextContent()[22m

Expected element to have text content:
[32m  Test User[39m
Received:
[31m  null[39m

Ignored nodes: comments, script, style
[36m<html>[39m
  [36m<head />[39m
  [36m<body>[39m
    [36m<div>[39m
      [36m<div>[39m
        [36m<div[39m
          [33mdata-testid[39m=[32m"user"[39m
        [36m>[39m
          [0mnull[0m
        [36m</div>[39m
        [36m<div[39m
          [33mdata-testid[39m=[32m"isAuthenticated"[39m
        [36m>[39m
          [0mfalse[0m
        [36m</div>[39m
        [36m<div[39m
          [33mdata-testid[39m=[32m"isLoading"[39m
        [36m>[39m
          [0mfalse[0m
        [36m</div>[39m
        [36m<button[39m
          [33mdata-testid[39m=[32m"login-btn"[39m
        [36m>[39m
          [0mLogin[0m
        [36m</button>[39m
        [36m<button[39m
          [33mdata-testid[39m=[32m"logout-btn"[39m
        [36m>[39m
          [0mLogout[0m
        [36m</button>[39m
        [36m<button[39m
          [33mdata-testid[39m=[32m"refresh-btn"[39m
        [36m>[39m
          [0mRefresh[0m
        [36m</button>[39m
      [36m</div>[39m
    [36m</div>[39m
  [36m</body>[39m
[36m</html>[39m
   × AuthContext > logout function > should handle logout service failure and keep user state 1005ms
     → [2mexpect([22m[31melement[39m[2m).toHaveTextContent()[22m

Expected element to have text content:
[32m  Test User[39m
Received:
[31m  null[39m

Ignored nodes: comments, script, style
[36m<html>[39m
  [36m<head />[39m
  [36m<body>[39m
    [36m<div>[39m
      [36m<div>[39m
        [36m<div[39m
          [33mdata-testid[39m=[32m"user"[39m
        [36m>[39m
          [0mnull[0m
        [36m</div>[39m
        [36m<div[39m
          [33mdata-testid[39m=[32m"isAuthenticated"[39m
        [36m>[39m
          [0mfalse[0m
        [36m</div>[39m
        [36m<div[39m
          [33mdata-testid[39m=[32m"isLoading"[39m
        [36m>[39m
          [0mfalse[0m
        [36m</div>[39m
        [36m<button[39m
          [33mdata-testid[39m=[32m"login-btn"[39m
        [36m>[39m
          [0mLogin[0m
        [36m</button>[39m
        [36m<button[39m
          [33mdata-testid[39m=[32m"logout-btn"[39m
        [36m>[39m
          [0mLogout[0m
        [36m</button>[39m
        [36m<button[39m
          [33mdata-testid[39m=[32m"refresh-btn"[39m
        [36m>[39m
          [0mRefresh[0m
        [36m</button>[39m
      [36m</div>[39m
    [36m</div>[39m
  [36m</body>[39m
[36m</html>[39m
   × AuthContext > refreshAuth function > should refresh user data successfully 1006ms
     → expected "spy" to be called at least once

Ignored nodes: comments, script, style
[36m<html>[39m
  [36m<head />[39m
  [36m<body>[39m
    [36m<div>[39m
      [36m<div>[39m
        [36m<div[39m
          [33mdata-testid[39m=[32m"user"[39m
        [36m>[39m
          [0mnull[0m
        [36m</div>[39m
        [36m<div[39m
          [33mdata-testid[39m=[32m"isAuthenticated"[39m
        [36m>[39m
          [0mfalse[0m
        [36m</div>[39m
        [36m<div[39m
          [33mdata-testid[39m=[32m"isLoading"[39m
        [36m>[39m
          [0mfalse[0m
        [36m</div>[39m
        [36m<button[39m
          [33mdata-testid[39m=[32m"login-btn"[39m
        [36m>[39m
          [0mLogin[0m
        [36m</button>[39m
        [36m<button[39m
          [33mdata-testid[39m=[32m"logout-btn"[39m
        [36m>[39m
          [0mLogout[0m
        [36m</button>[39m
        [36m<button[39m
          [33mdata-testid[39m=[32m"refresh-btn"[39m
        [36m>[39m
          [0mRefresh[0m
        [36m</button>[39m
      [36m</div>[39m
    [36m</div>[39m
  [36m</body>[39m
[36m</html>[39m
   × AuthContext > refreshAuth function > should clear quick-links from localStorage on successful refresh 1007ms
     → expected "spy" to be called with arguments: [ 'quick-links' ][90m

Number of calls: [1m0[22m
[39m

Ignored nodes: comments, script, style
[36m<html>[39m
  [36m<head />[39m
  [36m<body>[39m
    [36m<div>[39m
      [36m<div>[39m
        [36m<div[39m
          [33mdata-testid[39m=[32m"user"[39m
        [36m>[39m
          [0mnull[0m
        [36m</div>[39m
        [36m<div[39m
          [33mdata-testid[39m=[32m"isAuthenticated"[39m
        [36m>[39m
          [0mfalse[0m
        [36m</div>[39m
        [36m<div[39m
          [33mdata-testid[39m=[32m"isLoading"[39m
        [36m>[39m
          [0mfalse[0m
        [36m</div>[39m
        [36m<button[39m
          [33mdata-testid[39m=[32m"login-btn"[39m
        [36m>[39m
          [0mLogin[0m
        [36m</button>[39m
        [36m<button[39m
          [33mdata-testid[39m=[32m"logout-btn"[39m
        [36m>[39m
          [0mLogout[0m
        [36m</button>[39m
        [36m<button[39m
          [33mdata-testid[39m=[32m"refresh-btn"[39m
        [36m>[39m
          [0mRefresh[0m
        [36m</button>[39m
      [36m</div>[39m
    [36m</div>[39m
  [36m</body>[39m
[36m</html>[39m
   × AuthContext > refreshAuth function > should handle localStorage errors gracefully 1005ms
     → expected "error" to be called with arguments: [ …(2) ][90m

Received: 

[1m  1st error call:

[22m[2m  [[22m
[32m-   "Failed to clear quick-links from localStorage:",[90m
[32m-   Any<Error>,[90m
[31m+   "Refresh auth error:",[90m
[31m+   Error {[90m
[31m+     "message": "[vitest] No \"checkDualAuthStatus\" export is defined on the \"@/services/authService\" mock. Did you forget to return it from \"vi.mock\"?[90m
[31m+ If you need to partially mock a module, you can use \"importOriginal\" helper inside:[90m
[31m+ ",[90m
[31m+     "codeFrame": "vi[33m.[31m[34mmock[31m([35mimport[31m([32m\"@/services/authService\"[31m)[33m,[31m [35masync[31m (importOriginal) [33m=>[31m {[90m
[31m+   [35mconst[31m actual [33m=[31m [35mawait[31m [34mimportOriginal[31m()[90m
[31m+   [35mreturn[31m {[90m
[31m+     [33m...[31mactual[33m,[31m[90m
[31m+     [90m// your mocked methods[31m[90m
[31m+   }[90m
[31m+ })",[90m
[31m+   },[90m
[2m  ][22m

[1m  2nd error call:

[22m[2m  [[22m
[32m-   "Failed to clear quick-links from localStorage:",[90m
[32m-   Any<Error>,[90m
[31m+   "Warning: An update to %s inside a test was not wrapped in act(...).[90m
[31m+[90m
[31m+ When testing, code that causes React state updates should be wrapped into act(...):[90m
[31m+[90m
[31m+ act(() => {[90m
[31m+   /* fire events that update state */[90m
[31m+ });[90m
[31m+ /* assert on the output */[90m
[31m+[90m
[31m+ This ensures that you're testing the behavior the user would see in the browser. Learn more at https://reactjs.org/link/wrap-tests-with-act%s",[90m
[31m+   "AuthProvider",[90m
[31m+   "[90m
[31m+     at AuthProvider (/Users/C5406081/developer-portal-frontend/src/contexts/AuthContext.tsx:14:25)",[90m
[2m  ][22m
[39m[90m

Number of calls: [1m2[22m
[39m

Ignored nodes: comments, script, style
[36m<html>[39m
  [36m<head />[39m
  [36m<body>[39m
    [36m<div>[39m
      [36m<div>[39m
        [36m<div[39m
          [33mdata-testid[39m=[32m"user"[39m
        [36m>[39m
          [0mnull[0m
        [36m</div>[39m
        [36m<div[39m
          [33mdata-testid[39m=[32m"isAuthenticated"[39m
        [36m>[39m
          [0mfalse[0m
        [36m</div>[39m
        [36m<div[39m
          [33mdata-testid[39m=[32m"isLoading"[39m
        [36m>[39m
          [0mfalse[0m
        [36m</div>[39m
        [36m<button[39m
          [33mdata-testid[39m=[32m"login-btn"[39m
        [36m>[39m
          [0mLogin[0m
        [36m</button>[39m
        [36m<button[39m
          [33mdata-testid[39m=[32m"logout-btn"[39m
        [36m>[39m
          [0mLogout[0m
        [36m</button>[39m
        [36m<button[39m
          [33mdata-testid[39m=[32m"refresh-btn"[39m
        [36m>[39m
          [0mRefresh[0m
        [36m</button>[39m
      [36m</div>[39m
    [36m</div>[39m
  [36m</body>[39m
[36m</html>[39m
   × AuthContext > refreshAuth function > should throw error when auth check fails 4ms
     → expected [Function] to throw error including 'Authentication failed' but got '[vitest] No "checkDualAuthStatus" exp…'
   × AuthContext > refreshAuth function > should throw error when fetchCurrentUser returns null 3ms
     → expected [Function] to throw error including 'Failed to fetch current user' but got '[vitest] No "checkDualAuthStatus" exp…'
   × AuthContext > refreshAuth function > should throw error when fetchCurrentUser fails 3ms
     → expected [Function] to throw error including 'Network error' but got '[vitest] No "checkDualAuthStatus" exp…'
   × AuthContext > refreshAuth function > should clear user state when refresh fails 1002ms
     → expected null to deeply equal { id: 'user-123', …(4) }

Ignored nodes: comments, script, style
[36m<html>[39m
  [36m<head />[39m
  [36m<body>[39m
    [36m<div />[39m
  [36m</body>[39m
[36m</html>[39m
   ✓ AuthContext > useAuth hook > should throw error when used outside AuthProvider 6ms
   ✓ AuthContext > useAuth hook > should return auth context when used inside AuthProvider 1ms
   ✓ AuthContext > useAuth hook > should have correct function types 1ms
   × AuthContext > Context Value > should have isAuthenticated true when user exists 1004ms
     → [2mexpect([22m[31melement[39m[2m).toHaveTextContent()[22m

Expected element to have text content:
[32m  true[39m
Received:
[31m  false[39m

Ignored nodes: comments, script, style
[36m<html>[39m
  [36m<head />[39m
  [36m<body>[39m
    [36m<div>[39m
      [36m<div>[39m
        [36m<div[39m
          [33mdata-testid[39m=[32m"user"[39m
        [36m>[39m
          [0mnull[0m
        [36m</div>[39m
        [36m<div[39m
          [33mdata-testid[39m=[32m"isAuthenticated"[39m
        [36m>[39m
          [0mfalse[0m
        [36m</div>[39m
        [36m<div[39m
          [33mdata-testid[39m=[32m"isLoading"[39m
        [36m>[39m
          [0mfalse[0m
        [36m</div>[39m
        [36m<button[39m
          [33mdata-testid[39m=[32m"login-btn"[39m
        [36m>[39m
          [0mLogin[0m
        [36m</button>[39m
        [36m<button[39m
          [33mdata-testid[39m=[32m"logout-btn"[39m
        [36m>[39m
          [0mLogout[0m
        [36m</button>[39m
        [36m<button[39m
          [33mdata-testid[39m=[32m"refresh-btn"[39m
        [36m>[39m
          [0mRefresh[0m
        [36m</button>[39m
      [36m</div>[39m
    [36m</div>[39m
  [36m</body>[39m
[36m</html>[39m
   ✓ AuthContext > Context Value > should have isAuthenticated false when user is null 3ms
   ✓ AuthContext > Edge Cases > should handle multiple children 2ms
   × AuthContext > Edge Cases > should handle buildUserFromMe returning different user data 1003ms
     → [2mexpect([22m[31melement[39m[2m).toHaveTextContent()[22m

Expected element to have text content:
[32m  Different User[39m
Received:
[31m  null[39m

Ignored nodes: comments, script, style
[36m<html>[39m
  [36m<head />[39m
  [36m<body>[39m
    [36m<div>[39m
      [36m<div>[39m
        [36m<div[39m
          [33mdata-testid[39m=[32m"user"[39m
        [36m>[39m
          [0mnull[0m
        [36m</div>[39m
        [36m<div[39m
          [33mdata-testid[39m=[32m"isAuthenticated"[39m
        [36m>[39m
          [0mfalse[0m
        [36m</div>[39m
        [36m<div[39m
          [33mdata-testid[39m=[32m"isLoading"[39m
        [36m>[39m
          [0mfalse[0m
        [36m</div>[39m
        [36m<button[39m
          [33mdata-testid[39m=[32m"login-btn"[39m
        [36m>[39m
          [0mLogin[0m
        [36m</button>[39m
        [36m<button[39m
          [33mdata-testid[39m=[32m"logout-btn"[39m
        [36m>[39m
          [0mLogout[0m
        [36m</button>[39m
        [36m<button[39m
          [33mdata-testid[39m=[32m"refresh-btn"[39m
        [36m>[39m
          [0mRefresh[0m
        [36m</button>[39m
      [36m</div>[39m
    [36m</div>[39m
  [36m</body>[39m
[36m</html>[39m
   × AuthContext > Edge Cases > should handle pathname with trailing slash 4ms
     → expected "spy" to be called at least once
   × AuthContext > Edge Cases > should handle pathname case sensitivity 4ms
     → expected "spy" to be called at least once
 ✓ tests/hooks/useScheduleData.test.ts (23 tests) 33ms
stderr | tests/hooks/useOnDutyData.test.ts > useOnDutyData > Undo Functionality > should undo onDuty changes
Warning: An update to TestComponent inside a test was not wrapped in act(...).

When testing, code that causes React state updates should be wrapped into act(...):

act(() => {
  /* fire events that update state */
});
/* assert on the output */

This ensures that you're testing the behavior the user would see in the browser. Learn more at https://reactjs.org/link/wrap-tests-with-act
    at TestComponent (/Users/C5406081/developer-portal-frontend/node_modules/@testing-library/react/dist/pure.js:329:5)

 ✓ tests/hooks/useOnDutyData.test.ts (28 tests) 1438ms
   ✓ useOnDutyData > Undo Functionality > should undo onCall changes  704ms
   ✓ useOnDutyData > Undo Functionality > should undo onDuty changes  704ms
 ✓ tests/components/SelfServiceComponents/SelfServiceWizard.test.tsx (8 tests) 141ms
 ✓ tests/components/dialogs/TeamMemberDialog.test.tsx (31 tests) 906ms
 ✓ tests/services/ComponentsApi.test.ts (30 tests) 7ms
 ✓ tests/components/Team/DutySchedule/ScheduleHeader.test.tsx (23 tests) 499ms
 ✓ tests/services/SonarApi.test.ts (32 tests) 8ms
stderr | tests/components/dialogs/EditDocumentationDialog.test.tsx > EditDocumentationDialog Component > Form Submission > should show error toast on submission failure
Failed to update documentation: Error: Update failed
    at [90m/Users/C5406081/developer-portal-frontend/[39mtests/components/dialogs/EditDocumentationDialog.test.tsx:291:21
    at [90mfile:///Users/C5406081/developer-portal-frontend/[39mnode_modules/[4m@vitest[24m/runner/dist/chunk-hooks.js:155:11
    at [90mfile:///Users/C5406081/developer-portal-frontend/[39mnode_modules/[4m@vitest[24m/runner/dist/chunk-hooks.js:752:26
    at [90mfile:///Users/C5406081/developer-portal-frontend/[39mnode_modules/[4m@vitest[24m/runner/dist/chunk-hooks.js:1897:20
    at new Promise (<anonymous>)
    at runWithTimeout [90m(file:///Users/C5406081/developer-portal-frontend/[39mnode_modules/[4m@vitest[24m/runner/dist/chunk-hooks.js:1863:10[90m)[39m
    at runTest [90m(file:///Users/C5406081/developer-portal-frontend/[39mnode_modules/[4m@vitest[24m/runner/dist/chunk-hooks.js:1574:12[90m)[39m
    at runSuite [90m(file:///Users/C5406081/developer-portal-frontend/[39mnode_modules/[4m@vitest[24m/runner/dist/chunk-hooks.js:1729:8[90m)[39m
    at runSuite [90m(file:///Users/C5406081/developer-portal-frontend/[39mnode_modules/[4m@vitest[24m/runner/dist/chunk-hooks.js:1729:8[90m)[39m
    at runSuite [90m(file:///Users/C5406081/developer-portal-frontend/[39mnode_modules/[4m@vitest[24m/runner/dist/chunk-hooks.js:1729:8[90m)[39m

 ✓ tests/components/TriggeredAlerts/TriggeredAlertsTable.test.tsx (12 tests) 226ms
 ✓ tests/components/Team/TeamColorPicker.test.tsx (16 tests) 987ms
 ✓ tests/components/dialogs/EditDocumentationDialog.test.tsx (21 tests) 779ms
stderr | tests/components/navigation/HeaderDropdown.test.tsx > HeaderDropdown Component > Rendering > should render the dropdown with default label
⚠️ React Router Future Flag Warning: React Router will begin wrapping state updates in `React.startTransition` in v7. You can use the `v7_startTransition` future flag to opt-in early. For more information, see https://reactrouter.com/v6/upgrading/future#v7_starttransition.
⚠️ React Router Future Flag Warning: Relative route resolution within Splat routes is changing in v7. You can use the `v7_relativeSplatPath` future flag to opt-in early. For more information, see https://reactrouter.com/v6/upgrading/future#v7_relativesplatpath.

stderr | tests/components/navigation/HeaderTabsList.test.tsx > HeaderTabsList > Rendering > should render all tabs
⚠️ React Router Future Flag Warning: React Router will begin wrapping state updates in `React.startTransition` in v7. You can use the `v7_startTransition` future flag to opt-in early. For more information, see https://reactrouter.com/v6/upgrading/future#v7_starttransition.
⚠️ React Router Future Flag Warning: Relative route resolution within Splat routes is changing in v7. You can use the `v7_relativeSplatPath` future flag to opt-in early. For more information, see https://reactrouter.com/v6/upgrading/future#v7_relativesplatpath.

 ✓ tests/features/docs/components/CreateItemDialog.test.tsx (23 tests) 3284ms
   ✓ CreateItemDialog > Folder Creation > should validate invalid characters in folder name  909ms
 ✓ tests/components/navigation/HeaderTabsList.test.tsx (35 tests) 218ms
stderr | tests/components/Team/DutySchedule/OnCall.test.tsx > OnCall Component > Basic Rendering > should render the ScheduleTable with correct props
Warning: validateDOMNesting(...): <td> cannot appear as a child of <div>.
    at td
    at TableCell (/Users/C5406081/developer-portal-frontend/tests/components/Team/DutySchedule/OnCall.test.tsx:45:17)
    at div
    at div
    at div
    at spy (file:///Users/C5406081/developer-portal-frontend/node_modules/tinyspy/dist/index.js:47:80)
    at OnCall (/Users/C5406081/developer-portal-frontend/src/components/Team/DutySchedule/OnCall.tsx:11:19)

 ✓ tests/components/Team/DutySchedule/OnCall.test.tsx (15 tests) 64ms
 ✓ tests/components/navigation/HeaderDropdown.test.tsx (26 tests) 673ms
 ✓ tests/components/ai-arena/InputBar.test.tsx (22 tests) 608ms
stderr | tests/hooks/use-mobile.test.tsx > useIsMobile > Window Resize Behavior > should update to mobile when window is resized below breakpoint
Warning: An update to TestComponent inside a test was not wrapped in act(...).

When testing, code that causes React state updates should be wrapped into act(...):

act(() => {
  /* fire events that update state */
});
/* assert on the output */

This ensures that you're testing the behavior the user would see in the browser. Learn more at https://reactjs.org/link/wrap-tests-with-act
    at TestComponent (/Users/C5406081/developer-portal-frontend/node_modules/@testing-library/react/dist/pure.js:329:5)

 ✓ tests/components/DeploymentLoadingSkeleton.test.tsx (44 tests) 57ms
stderr | tests/hooks/use-mobile.test.tsx > useIsMobile > Window Resize Behavior > should update to desktop when window is resized above breakpoint
Warning: An update to TestComponent inside a test was not wrapped in act(...).

When testing, code that causes React state updates should be wrapped into act(...):

act(() => {
  /* fire events that update state */
});
/* assert on the output */

This ensures that you're testing the behavior the user would see in the browser. Learn more at https://reactjs.org/link/wrap-tests-with-act
    at TestComponent (/Users/C5406081/developer-portal-frontend/node_modules/@testing-library/react/dist/pure.js:329:5)

stderr | tests/hooks/use-mobile.test.tsx > useIsMobile > Window Resize Behavior > should handle multiple resize events
Warning: An update to TestComponent inside a test was not wrapped in act(...).

When testing, code that causes React state updates should be wrapped into act(...):

act(() => {
  /* fire events that update state */
});
/* assert on the output */

This ensures that you're testing the behavior the user would see in the browser. Learn more at https://reactjs.org/link/wrap-tests-with-act
    at TestComponent (/Users/C5406081/developer-portal-frontend/node_modules/@testing-library/react/dist/pure.js:329:5)

 ✓ tests/components/DeveloperRankCard.test.tsx (37 tests) 72ms
stderr | tests/hooks/use-mobile.test.tsx > useIsMobile > Window Resize Behavior > should handle multiple resize events
Warning: An update to TestComponent inside a test was not wrapped in act(...).

When testing, code that causes React state updates should be wrapped into act(...):

act(() => {
  /* fire events that update state */
});
/* assert on the output */

This ensures that you're testing the behavior the user would see in the browser. Learn more at https://reactjs.org/link/wrap-tests-with-act
    at TestComponent (/Users/C5406081/developer-portal-frontend/node_modules/@testing-library/react/dist/pure.js:329:5)

stderr | tests/hooks/use-mobile.test.tsx > useIsMobile > Window Resize Behavior > should handle multiple resize events
Warning: An update to TestComponent inside a test was not wrapped in act(...).

When testing, code that causes React state updates should be wrapped into act(...):

act(() => {
  /* fire events that update state */
});
/* assert on the output */

This ensures that you're testing the behavior the user would see in the browser. Learn more at https://reactjs.org/link/wrap-tests-with-act
    at TestComponent (/Users/C5406081/developer-portal-frontend/node_modules/@testing-library/react/dist/pure.js:329:5)

stderr | tests/hooks/use-mobile.test.tsx > useIsMobile > Concurrent Hooks > should independently update multiple hook instances on resize
Warning: An update to TestComponent inside a test was not wrapped in act(...).

When testing, code that causes React state updates should be wrapped into act(...):

act(() => {
  /* fire events that update state */
});
/* assert on the output */

This ensures that you're testing the behavior the user would see in the browser. Learn more at https://reactjs.org/link/wrap-tests-with-act
    at TestComponent (/Users/C5406081/developer-portal-frontend/node_modules/@testing-library/react/dist/pure.js:329:5)
Warning: An update to TestComponent inside a test was not wrapped in act(...).

When testing, code that causes React state updates should be wrapped into act(...):

act(() => {
  /* fire events that update state */
});
/* assert on the output */

This ensures that you're testing the behavior the user would see in the browser. Learn more at https://reactjs.org/link/wrap-tests-with-act
    at TestComponent (/Users/C5406081/developer-portal-frontend/node_modules/@testing-library/react/dist/pure.js:329:5)

 ✓ tests/components/Links/UnifiedLinksGrid.test.tsx (18 tests) 276ms
 ✓ tests/hooks/use-mobile.test.tsx (37 tests) 358ms
 ✓ tests/components/DateRangeCalendar.test.tsx (17 tests) 638ms
 ✓ tests/components/AuthErrorHandler.test.tsx (21 tests) 876ms
stderr | tests/pages/MonitoringPage.test.tsx > MonitoringPage > Basic Rendering > should render the monitoring page with required props
⚠️ React Router Future Flag Warning: React Router will begin wrapping state updates in `React.startTransition` in v7. You can use the `v7_startTransition` future flag to opt-in early. For more information, see https://reactrouter.com/v6/upgrading/future#v7_starttransition.
⚠️ React Router Future Flag Warning: Relative route resolution within Splat routes is changing in v7. You can use the `v7_relativeSplatPath` future flag to opt-in early. For more information, see https://reactrouter.com/v6/upgrading/future#v7_relativesplatpath.

 ✓ tests/components/Links/CompactLinkCard.test.tsx (18 tests) 384ms
 ✓ tests/components/OnDutyPage.test.tsx (19 tests) 124ms
 ✓ tests/pages/MonitoringPage.test.tsx (23 tests) 140ms
 ✓ tests/hooks/api/useTriggeredAlerts.test.tsx (20 tests) 824ms
 ✓ tests/components/Health/HealthRow.test.tsx (12 tests) 168ms
 ✓ tests/hooks/useQuickLinksDelete.test.ts (19 tests) 23ms
 ✓ tests/components/multi-select.test.tsx (21 tests) 244ms
 ✓ tests/components/Team/TeamContainer.test.tsx (12 tests) 35ms
 ✓ tests/components/TriggeredAlerts/AlertExpandedView.test.tsx (20 tests) 81ms
 ✓ tests/components/dialogs/ApprovalDialog.test.tsx (25 tests) 635ms
 ✓ tests/hooks/usePersistedState.test.ts (30 tests) 52ms
stderr | tests/components/Team/TeamJiraTable.test.tsx > TeamJiraTable > Props Validation > handles undefined filteredIssues gracefully
TypeError: Cannot read properties of undefined (reading 'map')
    at JiraIssuesTable (/Users/C5406081/developer-portal-frontend/src/components/Homepage/JiraIssuesTable.tsx:25:17)
    at renderWithHooks (/Users/C5406081/developer-portal-frontend/node_modules/react-dom/cjs/react-dom.development.js:15486:18)
    at mountIndeterminateComponent (/Users/C5406081/developer-portal-frontend/node_modules/react-dom/cjs/react-dom.development.js:20103:13)
    at beginWork (/Users/C5406081/developer-portal-frontend/node_modules/react-dom/cjs/react-dom.development.js:21626:16)
    at HTMLUnknownElement.callCallback (/Users/C5406081/developer-portal-frontend/node_modules/react-dom/cjs/react-dom.development.js:4164:14)
    at HTMLUnknownElement.callTheUserObjectsOperation (/Users/C5406081/developer-portal-frontend/node_modules/jsdom/lib/jsdom/living/generated/EventListener.js:26:30)
    at innerInvokeEventListeners (/Users/C5406081/developer-portal-frontend/node_modules/jsdom/lib/jsdom/living/events/EventTarget-impl.js:360:16)
    at invokeEventListeners (/Users/C5406081/developer-portal-frontend/node_modules/jsdom/lib/jsdom/living/events/EventTarget-impl.js:296:3)
    at HTMLUnknownElementImpl._dispatch (/Users/C5406081/developer-portal-frontend/node_modules/jsdom/lib/jsdom/living/events/EventTarget-impl.js:243:9)
    at HTMLUnknownElementImpl.dispatchEvent (/Users/C5406081/developer-portal-frontend/node_modules/jsdom/lib/jsdom/living/events/EventTarget-impl.js:114:17)
TypeError: Cannot read properties of undefined (reading 'map')
    at JiraIssuesTable (/Users/C5406081/developer-portal-frontend/src/components/Homepage/JiraIssuesTable.tsx:25:17)
    at renderWithHooks (/Users/C5406081/developer-portal-frontend/node_modules/react-dom/cjs/react-dom.development.js:15486:18)
    at mountIndeterminateComponent (/Users/C5406081/developer-portal-frontend/node_modules/react-dom/cjs/react-dom.development.js:20103:13)
    at beginWork (/Users/C5406081/developer-portal-frontend/node_modules/react-dom/cjs/react-dom.development.js:21626:16)
    at HTMLUnknownElement.callCallback (/Users/C5406081/developer-portal-frontend/node_modules/react-dom/cjs/react-dom.development.js:4164:14)
    at HTMLUnknownElement.callTheUserObjectsOperation (/Users/C5406081/developer-portal-frontend/node_modules/jsdom/lib/jsdom/living/generated/EventListener.js:26:30)
    at innerInvokeEventListeners (/Users/C5406081/developer-portal-frontend/node_modules/jsdom/lib/jsdom/living/events/EventTarget-impl.js:360:16)
    at invokeEventListeners (/Users/C5406081/developer-portal-frontend/node_modules/jsdom/lib/jsdom/living/events/EventTarget-impl.js:296:3)
    at HTMLUnknownElementImpl._dispatch (/Users/C5406081/developer-portal-frontend/node_modules/jsdom/lib/jsdom/living/events/EventTarget-impl.js:243:9)
    at HTMLUnknownElementImpl.dispatchEvent (/Users/C5406081/developer-portal-frontend/node_modules/jsdom/lib/jsdom/living/events/EventTarget-impl.js:114:17)
The above error occurred in the <JiraIssuesTable> component:

    at JiraIssuesTable (/Users/C5406081/developer-portal-frontend/src/components/Homepage/JiraIssuesTable.tsx:7:28)
    at TeamJiraTable (/Users/C5406081/developer-portal-frontend/src/components/Team/TeamJiraTable.tsx:6:3)

Consider adding an error boundary to your tree to customize error handling behavior.
Visit https://reactjs.org/link/error-boundaries to learn more about error boundaries.

 ✓ tests/components/Team/TeamJiraTable.test.tsx (12 tests) 195ms
 ✓ tests/components/SettingsDialog/SettingsDialog.test.tsx (11 tests) 522ms
 ✓ tests/services/healthApi.test.ts (15 tests) 6ms
stderr | tests/components/ai-arena/AIChatPane.test.tsx > AIChatPane > Edge Cases and Error Handling > handles context provider errors gracefully
Error: Context not found
    at Proxy.<anonymous> (/Users/C5406081/developer-portal-frontend/tests/components/ai-arena/AIChatPane.test.tsx:387:15)
    at Proxy.mockCall (file:///Users/C5406081/developer-portal-frontend/node_modules/@vitest/spy/dist/index.js:96:15)
    at Proxy.spy (file:///Users/C5406081/developer-portal-frontend/node_modules/tinyspy/dist/index.js:47:80)
    at AIChatPane (/Users/C5406081/developer-portal-frontend/src/features/ai-arena/AIChatPane.tsx:11:81)
    at renderWithHooks (/Users/C5406081/developer-portal-frontend/node_modules/react-dom/cjs/react-dom.development.js:15486:18)
    at mountIndeterminateComponent (/Users/C5406081/developer-portal-frontend/node_modules/react-dom/cjs/react-dom.development.js:20103:13)
    at beginWork (/Users/C5406081/developer-portal-frontend/node_modules/react-dom/cjs/react-dom.development.js:21626:16)
    at HTMLUnknownElement.callCallback (/Users/C5406081/developer-portal-frontend/node_modules/react-dom/cjs/react-dom.development.js:4164:14)
    at HTMLUnknownElement.callTheUserObjectsOperation (/Users/C5406081/developer-portal-frontend/node_modules/jsdom/lib/jsdom/living/generated/EventListener.js:26:30)
    at innerInvokeEventListeners (/Users/C5406081/developer-portal-frontend/node_modules/jsdom/lib/jsdom/living/events/EventTarget-impl.js:360:16)
Error: Context not found
    at Proxy.<anonymous> (/Users/C5406081/developer-portal-frontend/tests/components/ai-arena/AIChatPane.test.tsx:387:15)
    at Proxy.mockCall (file:///Users/C5406081/developer-portal-frontend/node_modules/@vitest/spy/dist/index.js:96:15)
    at Proxy.spy (file:///Users/C5406081/developer-portal-frontend/node_modules/tinyspy/dist/index.js:47:80)
    at AIChatPane (/Users/C5406081/developer-portal-frontend/src/features/ai-arena/AIChatPane.tsx:11:81)
    at renderWithHooks (/Users/C5406081/developer-portal-frontend/node_modules/react-dom/cjs/react-dom.development.js:15486:18)
    at mountIndeterminateComponent (/Users/C5406081/developer-portal-frontend/node_modules/react-dom/cjs/react-dom.development.js:20103:13)
    at beginWork (/Users/C5406081/developer-portal-frontend/node_modules/react-dom/cjs/react-dom.development.js:21626:16)
    at HTMLUnknownElement.callCallback (/Users/C5406081/developer-portal-frontend/node_modules/react-dom/cjs/react-dom.development.js:4164:14)
    at HTMLUnknownElement.callTheUserObjectsOperation (/Users/C5406081/developer-portal-frontend/node_modules/jsdom/lib/jsdom/living/generated/EventListener.js:26:30)
    at innerInvokeEventListeners (/Users/C5406081/developer-portal-frontend/node_modules/jsdom/lib/jsdom/living/events/EventTarget-impl.js:360:16)
The above error occurred in the <AIChatPane> component:

    at AIChatPane (/Users/C5406081/developer-portal-frontend/src/features/ai-arena/AIChatPane.tsx:16:103)

Consider adding an error boundary to your tree to customize error handling behavior.
Visit https://reactjs.org/link/error-boundaries to learn more about error boundaries.

 ✓ tests/components/ai-arena/AIChatPane.test.tsx (14 tests) 331ms
stderr | tests/components/Breadcrumbs.test.tsx > Breadcrumbs Component > Component Rendering > should not render breadcrumbs on home page
⚠️ React Router Future Flag Warning: React Router will begin wrapping state updates in `React.startTransition` in v7. You can use the `v7_startTransition` future flag to opt-in early. For more information, see https://reactrouter.com/v6/upgrading/future#v7_starttransition.
⚠️ React Router Future Flag Warning: Relative route resolution within Splat routes is changing in v7. You can use the `v7_relativeSplatPath` future flag to opt-in early. For more information, see https://reactrouter.com/v6/upgrading/future#v7_relativesplatpath.

 ✓ tests/components/ComponentsTab.test.tsx (9 tests) 71ms
 ✓ tests/components/Breadcrumbs.test.tsx (21 tests) 123ms
 ✓ tests/components/TriggeredAlerts/TriggeredAlertsFilters.test.tsx (14 tests) 700ms
 ✓ tests/hooks/api/useTriggeredAlertsMutations.test.tsx (11 tests) 606ms
 ✓ tests/integration-tests/ProjectLayout.integration.test.tsx (32 tests) 148ms
 ✓ tests/components/navigation/HeaderNavigation.test.tsx (32 tests) 152ms
 ✓ tests/components/homepage/QuickLinksGrid.test.tsx (19 tests) 46ms
 ✓ tests/components/Links/UnifiedLinkCard.test.tsx (24 tests) 342ms
stderr | tests/components/ai-launchpad/CreateDeploymentDialog.test.tsx > CreateDeploymentDialog > should handle deployment flow and cancel action
Warning: An update to CreateDeploymentDialog inside a test was not wrapped in act(...).

When testing, code that causes React state updates should be wrapped into act(...):

act(() => {
  /* fire events that update state */
});
/* assert on the output */

This ensures that you're testing the behavior the user would see in the browser. Learn more at https://reactjs.org/link/wrap-tests-with-act
    at CreateDeploymentDialog (/Users/C5406081/developer-portal-frontend/src/components/AILaunchpad/CreateDeploymentDialog.tsx:24:3)
Warning: An update to CreateDeploymentDialog inside a test was not wrapped in act(...).

When testing, code that causes React state updates should be wrapped into act(...):

act(() => {
  /* fire events that update state */
});
/* assert on the output */

This ensures that you're testing the behavior the user would see in the browser. Learn more at https://reactjs.org/link/wrap-tests-with-act
    at CreateDeploymentDialog (/Users/C5406081/developer-portal-frontend/src/components/AILaunchpad/CreateDeploymentDialog.tsx:24:3)
Warning: An update to CreateDeploymentDialog inside a test was not wrapped in act(...).

When testing, code that causes React state updates should be wrapped into act(...):

act(() => {
  /* fire events that update state */
});
/* assert on the output */

This ensures that you're testing the behavior the user would see in the browser. Learn more at https://reactjs.org/link/wrap-tests-with-act
    at CreateDeploymentDialog (/Users/C5406081/developer-portal-frontend/src/components/AILaunchpad/CreateDeploymentDialog.tsx:24:3)
Warning: An update to CreateDeploymentDialog inside a test was not wrapped in act(...).

When testing, code that causes React state updates should be wrapped into act(...):

act(() => {
  /* fire events that update state */
});
/* assert on the output */

This ensures that you're testing the behavior the user would see in the browser. Learn more at https://reactjs.org/link/wrap-tests-with-act
    at CreateDeploymentDialog (/Users/C5406081/developer-portal-frontend/src/components/AILaunchpad/CreateDeploymentDialog.tsx:24:3)
Warning: An update to Presence inside a test was not wrapped in act(...).

When testing, code that causes React state updates should be wrapped into act(...):

act(() => {
  /* fire events that update state */
});
/* assert on the output */

This ensures that you're testing the behavior the user would see in the browser. Learn more at https://reactjs.org/link/wrap-tests-with-act
    at Presence (file:///Users/C5406081/developer-portal-frontend/node_modules/@radix-ui/react-presence/dist/index.mjs:19:11)
    at file:///Users/C5406081/developer-portal-frontend/node_modules/@radix-ui/react-dialog/dist/index.mjs:93:64
    at /Users/C5406081/developer-portal-frontend/src/components/ui/dialog.tsx:15:59
    at file:///Users/C5406081/developer-portal-frontend/node_modules/@radix-ui/react-primitive/node_modules/@radix-ui/react-slot/dist/index.mjs:33:13
    at file:///Users/C5406081/developer-portal-frontend/node_modules/@radix-ui/react-primitive/node_modules/@radix-ui/react-slot/dist/index.mjs:9:13
    at file:///Users/C5406081/developer-portal-frontend/node_modules/@radix-ui/react-primitive/dist/index.mjs:28:13
    at file:///Users/C5406081/developer-portal-frontend/node_modules/@radix-ui/react-portal/dist/index.mjs:11:22
    at Presence (file:///Users/C5406081/developer-portal-frontend/node_modules/@radix-ui/react-presence/dist/index.mjs:19:11)
    at Provider (file:///Users/C5406081/developer-portal-frontend/node_modules/@radix-ui/react-context/dist/index.mjs:27:15)
    at DialogPortal (file:///Users/C5406081/developer-portal-frontend/node_modules/@radix-ui/react-dialog/dist/index.mjs:85:11)
    at /Users/C5406081/developer-portal-frontend/src/components/ui/dialog.tsx:35:59
    at Provider (file:///Users/C5406081/developer-portal-frontend/node_modules/@radix-ui/react-context/dist/index.mjs:27:15)
    at Dialog (file:///Users/C5406081/developer-portal-frontend/node_modules/@radix-ui/react-dialog/dist/index.mjs:25:5)
    at CreateDeploymentDialog (/Users/C5406081/developer-portal-frontend/src/components/AILaunchpad/CreateDeploymentDialog.tsx:24:3)
Warning: An update to Presence inside a test was not wrapped in act(...).

When testing, code that causes React state updates should be wrapped into act(...):

act(() => {
  /* fire events that update state */
});
/* assert on the output */

This ensures that you're testing the behavior the user would see in the browser. Learn more at https://reactjs.org/link/wrap-tests-with-act
    at Presence (file:///Users/C5406081/developer-portal-frontend/node_modules/@radix-ui/react-presence/dist/index.mjs:19:11)
    at Provider (file:///Users/C5406081/developer-portal-frontend/node_modules/@radix-ui/react-context/dist/index.mjs:27:15)
    at DialogPortal (file:///Users/C5406081/developer-portal-frontend/node_modules/@radix-ui/react-dialog/dist/index.mjs:85:11)
    at /Users/C5406081/developer-portal-frontend/src/components/ui/dialog.tsx:35:59
    at Provider (file:///Users/C5406081/developer-portal-frontend/node_modules/@radix-ui/react-context/dist/index.mjs:27:15)
    at Dialog (file:///Users/C5406081/developer-portal-frontend/node_modules/@radix-ui/react-dialog/dist/index.mjs:25:5)
    at CreateDeploymentDialog (/Users/C5406081/developer-portal-frontend/src/components/AILaunchpad/CreateDeploymentDialog.tsx:24:3)
Warning: An update to FocusScope inside a test was not wrapped in act(...).

When testing, code that causes React state updates should be wrapped into act(...):

act(() => {
  /* fire events that update state */
});
/* assert on the output */

This ensures that you're testing the behavior the user would see in the browser. Learn more at https://reactjs.org/link/wrap-tests-with-act
    at file:///Users/C5406081/developer-portal-frontend/node_modules/@radix-ui/react-focus-scope/dist/index.mjs:15:5
    at file:///Users/C5406081/developer-portal-frontend/node_modules/@radix-ui/react-dialog/dist/index.mjs:206:13
    at file:///Users/C5406081/developer-portal-frontend/node_modules/@radix-ui/react-dialog/dist/index.mjs:132:58
    at Presence (file:///Users/C5406081/developer-portal-frontend/node_modules/@radix-ui/react-presence/dist/index.mjs:19:11)
    at file:///Users/C5406081/developer-portal-frontend/node_modules/@radix-ui/react-dialog/dist/index.mjs:123:64
    at file:///Users/C5406081/developer-portal-frontend/node_modules/@radix-ui/react-primitive/node_modules/@radix-ui/react-slot/dist/index.mjs:33:13
    at file:///Users/C5406081/developer-portal-frontend/node_modules/@radix-ui/react-primitive/node_modules/@radix-ui/react-slot/dist/index.mjs:9:13
    at file:///Users/C5406081/developer-portal-frontend/node_modules/@radix-ui/react-primitive/dist/index.mjs:28:13
    at file:///Users/C5406081/developer-portal-frontend/node_modules/@radix-ui/react-portal/dist/index.mjs:11:22
    at Presence (file:///Users/C5406081/developer-portal-frontend/node_modules/@radix-ui/react-presence/dist/index.mjs:19:11)
    at Provider (file:///Users/C5406081/developer-portal-frontend/node_modules/@radix-ui/react-context/dist/index.mjs:27:15)
    at DialogPortal (file:///Users/C5406081/developer-portal-frontend/node_modules/@radix-ui/react-dialog/dist/index.mjs:85:11)
    at /Users/C5406081/developer-portal-frontend/src/components/ui/dialog.tsx:35:59
    at Provider (file:///Users/C5406081/developer-portal-frontend/node_modules/@radix-ui/react-context/dist/index.mjs:27:15)
    at Dialog (file:///Users/C5406081/developer-portal-frontend/node_modules/@radix-ui/react-dialog/dist/index.mjs:25:5)
    at CreateDeploymentDialog (/Users/C5406081/developer-portal-frontend/src/components/AILaunchpad/CreateDeploymentDialog.tsx:24:3)
Warning: An update to Presence inside a test was not wrapped in act(...).

When testing, code that causes React state updates should be wrapped into act(...):

act(() => {
  /* fire events that update state */
});
/* assert on the output */

This ensures that you're testing the behavior the user would see in the browser. Learn more at https://reactjs.org/link/wrap-tests-with-act
    at Presence (file:///Users/C5406081/developer-portal-frontend/node_modules/@radix-ui/react-presence/dist/index.mjs:19:11)
    at file:///Users/C5406081/developer-portal-frontend/node_modules/@radix-ui/react-dialog/dist/index.mjs:123:64
    at file:///Users/C5406081/developer-portal-frontend/node_modules/@radix-ui/react-primitive/node_modules/@radix-ui/react-slot/dist/index.mjs:33:13
    at file:///Users/C5406081/developer-portal-frontend/node_modules/@radix-ui/react-primitive/node_modules/@radix-ui/react-slot/dist/index.mjs:9:13
    at file:///Users/C5406081/developer-portal-frontend/node_modules/@radix-ui/react-primitive/dist/index.mjs:28:13
    at file:///Users/C5406081/developer-portal-frontend/node_modules/@radix-ui/react-portal/dist/index.mjs:11:22
    at Presence (file:///Users/C5406081/developer-portal-frontend/node_modules/@radix-ui/react-presence/dist/index.mjs:19:11)
    at Provider (file:///Users/C5406081/developer-portal-frontend/node_modules/@radix-ui/react-context/dist/index.mjs:27:15)
    at DialogPortal (file:///Users/C5406081/developer-portal-frontend/node_modules/@radix-ui/react-dialog/dist/index.mjs:85:11)
    at /Users/C5406081/developer-portal-frontend/src/components/ui/dialog.tsx:35:59
    at Provider (file:///Users/C5406081/developer-portal-frontend/node_modules/@radix-ui/react-context/dist/index.mjs:27:15)
    at Dialog (file:///Users/C5406081/developer-portal-frontend/node_modules/@radix-ui/react-dialog/dist/index.mjs:25:5)
    at CreateDeploymentDialog (/Users/C5406081/developer-portal-frontend/src/components/AILaunchpad/CreateDeploymentDialog.tsx:24:3)
Warning: An update to Presence inside a test was not wrapped in act(...).

When testing, code that causes React state updates should be wrapped into act(...):

act(() => {
  /* fire events that update state */
});
/* assert on the output */

This ensures that you're testing the behavior the user would see in the browser. Learn more at https://reactjs.org/link/wrap-tests-with-act
    at Presence (file:///Users/C5406081/developer-portal-frontend/node_modules/@radix-ui/react-presence/dist/index.mjs:19:11)
    at Provider (file:///Users/C5406081/developer-portal-frontend/node_modules/@radix-ui/react-context/dist/index.mjs:27:15)
    at DialogPortal (file:///Users/C5406081/developer-portal-frontend/node_modules/@radix-ui/react-dialog/dist/index.mjs:85:11)
    at /Users/C5406081/developer-portal-frontend/src/components/ui/dialog.tsx:35:59
    at Provider (file:///Users/C5406081/developer-portal-frontend/node_modules/@radix-ui/react-context/dist/index.mjs:27:15)
    at Dialog (file:///Users/C5406081/developer-portal-frontend/node_modules/@radix-ui/react-dialog/dist/index.mjs:25:5)
    at CreateDeploymentDialog (/Users/C5406081/developer-portal-frontend/src/components/AILaunchpad/CreateDeploymentDialog.tsx:24:3)
Warning: An update to DismissableLayer inside a test was not wrapped in act(...).

When testing, code that causes React state updates should be wrapped into act(...):

act(() => {
  /* fire events that update state */
});
/* assert on the output */

This ensures that you're testing the behavior the user would see in the browser. Learn more at https://reactjs.org/link/wrap-tests-with-act
    at file:///Users/C5406081/developer-portal-frontend/node_modules/@radix-ui/react-dismissable-layer/dist/index.mjs:24:7
    at file:///Users/C5406081/developer-portal-frontend/node_modules/@radix-ui/react-primitive/node_modules/@radix-ui/react-slot/dist/index.mjs:33:13
    at file:///Users/C5406081/developer-portal-frontend/node_modules/@radix-ui/react-primitive/node_modules/@radix-ui/react-slot/dist/index.mjs:9:13
    at file:///Users/C5406081/developer-portal-frontend/node_modules/@radix-ui/react-primitive/dist/index.mjs:28:13
    at file:///Users/C5406081/developer-portal-frontend/node_modules/@radix-ui/react-focus-scope/dist/index.mjs:15:5
    at file:///Users/C5406081/developer-portal-frontend/node_modules/@radix-ui/react-dialog/dist/index.mjs:206:13
    at file:///Users/C5406081/developer-portal-frontend/node_modules/@radix-ui/react-dialog/dist/index.mjs:132:58
    at Presence (file:///Users/C5406081/developer-portal-frontend/node_modules/@radix-ui/react-presence/dist/index.mjs:19:11)
    at file:///Users/C5406081/developer-portal-frontend/node_modules/@radix-ui/react-dialog/dist/index.mjs:123:64
    at file:///Users/C5406081/developer-portal-frontend/node_modules/@radix-ui/react-primitive/node_modules/@radix-ui/react-slot/dist/index.mjs:33:13
    at file:///Users/C5406081/developer-portal-frontend/node_modules/@radix-ui/react-primitive/node_modules/@radix-ui/react-slot/dist/index.mjs:9:13
    at file:///Users/C5406081/developer-portal-frontend/node_modules/@radix-ui/react-primitive/dist/index.mjs:28:13
    at file:///Users/C5406081/developer-portal-frontend/node_modules/@radix-ui/react-portal/dist/index.mjs:11:22
    at Presence (file:///Users/C5406081/developer-portal-frontend/node_modules/@radix-ui/react-presence/dist/index.mjs:19:11)
    at Provider (file:///Users/C5406081/developer-portal-frontend/node_modules/@radix-ui/react-context/dist/index.mjs:27:15)
    at DialogPortal (file:///Users/C5406081/developer-portal-frontend/node_modules/@radix-ui/react-dialog/dist/index.mjs:85:11)
    at /Users/C5406081/developer-portal-frontend/src/components/ui/dialog.tsx:35:59
    at Provider (file:///Users/C5406081/developer-portal-frontend/node_modules/@radix-ui/react-context/dist/index.mjs:27:15)
    at Dialog (file:///Users/C5406081/developer-portal-frontend/node_modules/@radix-ui/react-dialog/dist/index.mjs:25:5)
    at CreateDeploymentDialog (/Users/C5406081/developer-portal-frontend/src/components/AILaunchpad/CreateDeploymentDialog.tsx:24:3)
Warning: An update to Presence inside a test was not wrapped in act(...).

When testing, code that causes React state updates should be wrapped into act(...):

act(() => {
  /* fire events that update state */
});
/* assert on the output */

This ensures that you're testing the behavior the user would see in the browser. Learn more at https://reactjs.org/link/wrap-tests-with-act
    at Presence (file:///Users/C5406081/developer-portal-frontend/node_modules/@radix-ui/react-presence/dist/index.mjs:19:11)
    at file:///Users/C5406081/developer-portal-frontend/node_modules/@radix-ui/react-dialog/dist/index.mjs:93:64
    at /Users/C5406081/developer-portal-frontend/src/components/ui/dialog.tsx:15:59
    at file:///Users/C5406081/developer-portal-frontend/node_modules/@radix-ui/react-primitive/node_modules/@radix-ui/react-slot/dist/index.mjs:33:13
    at file:///Users/C5406081/developer-portal-frontend/node_modules/@radix-ui/react-primitive/node_modules/@radix-ui/react-slot/dist/index.mjs:9:13
    at file:///Users/C5406081/developer-portal-frontend/node_modules/@radix-ui/react-primitive/dist/index.mjs:28:13
    at file:///Users/C5406081/developer-portal-frontend/node_modules/@radix-ui/react-portal/dist/index.mjs:11:22
    at Presence (file:///Users/C5406081/developer-portal-frontend/node_modules/@radix-ui/react-presence/dist/index.mjs:19:11)
    at Provider (file:///Users/C5406081/developer-portal-frontend/node_modules/@radix-ui/react-context/dist/index.mjs:27:15)
    at DialogPortal (file:///Users/C5406081/developer-portal-frontend/node_modules/@radix-ui/react-dialog/dist/index.mjs:85:11)
    at /Users/C5406081/developer-portal-frontend/src/components/ui/dialog.tsx:35:59
    at Provider (file:///Users/C5406081/developer-portal-frontend/node_modules/@radix-ui/react-context/dist/index.mjs:27:15)
    at Dialog (file:///Users/C5406081/developer-portal-frontend/node_modules/@radix-ui/react-dialog/dist/index.mjs:25:5)
    at CreateDeploymentDialog (/Users/C5406081/developer-portal-frontend/src/components/AILaunchpad/CreateDeploymentDialog.tsx:24:3)
Warning: An update to Presence inside a test was not wrapped in act(...).

When testing, code that causes React state updates should be wrapped into act(...):

act(() => {
  /* fire events that update state */
});
/* assert on the output */

This ensures that you're testing the behavior the user would see in the browser. Learn more at https://reactjs.org/link/wrap-tests-with-act
    at Presence (file:///Users/C5406081/developer-portal-frontend/node_modules/@radix-ui/react-presence/dist/index.mjs:19:11)
    at Provider (file:///Users/C5406081/developer-portal-frontend/node_modules/@radix-ui/react-context/dist/index.mjs:27:15)
    at DialogPortal (file:///Users/C5406081/developer-portal-frontend/node_modules/@radix-ui/react-dialog/dist/index.mjs:85:11)
    at /Users/C5406081/developer-portal-frontend/src/components/ui/dialog.tsx:35:59
    at Provider (file:///Users/C5406081/developer-portal-frontend/node_modules/@radix-ui/react-context/dist/index.mjs:27:15)
    at Dialog (file:///Users/C5406081/developer-portal-frontend/node_modules/@radix-ui/react-dialog/dist/index.mjs:25:5)
    at CreateDeploymentDialog (/Users/C5406081/developer-portal-frontend/src/components/AILaunchpad/CreateDeploymentDialog.tsx:24:3)
Warning: An update to FocusScope inside a test was not wrapped in act(...).

When testing, code that causes React state updates should be wrapped into act(...):

act(() => {
  /* fire events that update state */
});
/* assert on the output */

This ensures that you're testing the behavior the user would see in the browser. Learn more at https://reactjs.org/link/wrap-tests-with-act
    at file:///Users/C5406081/developer-portal-frontend/node_modules/@radix-ui/react-focus-scope/dist/index.mjs:15:5
    at file:///Users/C5406081/developer-portal-frontend/node_modules/@radix-ui/react-dialog/dist/index.mjs:206:13
    at file:///Users/C5406081/developer-portal-frontend/node_modules/@radix-ui/react-dialog/dist/index.mjs:132:58
    at Presence (file:///Users/C5406081/developer-portal-frontend/node_modules/@radix-ui/react-presence/dist/index.mjs:19:11)
    at file:///Users/C5406081/developer-portal-frontend/node_modules/@radix-ui/react-dialog/dist/index.mjs:123:64
    at file:///Users/C5406081/developer-portal-frontend/node_modules/@radix-ui/react-primitive/node_modules/@radix-ui/react-slot/dist/index.mjs:33:13
    at file:///Users/C5406081/developer-portal-frontend/node_modules/@radix-ui/react-primitive/node_modules/@radix-ui/react-slot/dist/index.mjs:9:13
    at file:///Users/C5406081/developer-portal-frontend/node_modules/@radix-ui/react-primitive/dist/index.mjs:28:13
    at file:///Users/C5406081/developer-portal-frontend/node_modules/@radix-ui/react-portal/dist/index.mjs:11:22
    at Presence (file:///Users/C5406081/developer-portal-frontend/node_modules/@radix-ui/react-presence/dist/index.mjs:19:11)
    at Provider (file:///Users/C5406081/developer-portal-frontend/node_modules/@radix-ui/react-context/dist/index.mjs:27:15)
    at DialogPortal (file:///Users/C5406081/developer-portal-frontend/node_modules/@radix-ui/react-dialog/dist/index.mjs:85:11)
    at /Users/C5406081/developer-portal-frontend/src/components/ui/dialog.tsx:35:59
    at Provider (file:///Users/C5406081/developer-portal-frontend/node_modules/@radix-ui/react-context/dist/index.mjs:27:15)
    at Dialog (file:///Users/C5406081/developer-portal-frontend/node_modules/@radix-ui/react-dialog/dist/index.mjs:25:5)
    at CreateDeploymentDialog (/Users/C5406081/developer-portal-frontend/src/components/AILaunchpad/CreateDeploymentDialog.tsx:24:3)
Warning: An update to Presence inside a test was not wrapped in act(...).

When testing, code that causes React state updates should be wrapped into act(...):

act(() => {
  /* fire events that update state */
});
/* assert on the output */

This ensures that you're testing the behavior the user would see in the browser. Learn more at https://reactjs.org/link/wrap-tests-with-act
    at Presence (file:///Users/C5406081/developer-portal-frontend/node_modules/@radix-ui/react-presence/dist/index.mjs:19:11)
    at file:///Users/C5406081/developer-portal-frontend/node_modules/@radix-ui/react-dialog/dist/index.mjs:123:64
    at file:///Users/C5406081/developer-portal-frontend/node_modules/@radix-ui/react-primitive/node_modules/@radix-ui/react-slot/dist/index.mjs:33:13
    at file:///Users/C5406081/developer-portal-frontend/node_modules/@radix-ui/react-primitive/node_modules/@radix-ui/react-slot/dist/index.mjs:9:13
    at file:///Users/C5406081/developer-portal-frontend/node_modules/@radix-ui/react-primitive/dist/index.mjs:28:13
    at file:///Users/C5406081/developer-portal-frontend/node_modules/@radix-ui/react-portal/dist/index.mjs:11:22
    at Presence (file:///Users/C5406081/developer-portal-frontend/node_modules/@radix-ui/react-presence/dist/index.mjs:19:11)
    at Provider (file:///Users/C5406081/developer-portal-frontend/node_modules/@radix-ui/react-context/dist/index.mjs:27:15)
    at DialogPortal (file:///Users/C5406081/developer-portal-frontend/node_modules/@radix-ui/react-dialog/dist/index.mjs:85:11)
    at /Users/C5406081/developer-portal-frontend/src/components/ui/dialog.tsx:35:59
    at Provider (file:///Users/C5406081/developer-portal-frontend/node_modules/@radix-ui/react-context/dist/index.mjs:27:15)
    at Dialog (file:///Users/C5406081/developer-portal-frontend/node_modules/@radix-ui/react-dialog/dist/index.mjs:25:5)
    at CreateDeploymentDialog (/Users/C5406081/developer-portal-frontend/src/components/AILaunchpad/CreateDeploymentDialog.tsx:24:3)
Warning: An update to Presence inside a test was not wrapped in act(...).

When testing, code that causes React state updates should be wrapped into act(...):

act(() => {
  /* fire events that update state */
});
/* assert on the output */

This ensures that you're testing the behavior the user would see in the browser. Learn more at https://reactjs.org/link/wrap-tests-with-act
    at Presence (file:///Users/C5406081/developer-portal-frontend/node_modules/@radix-ui/react-presence/dist/index.mjs:19:11)
    at Provider (file:///Users/C5406081/developer-portal-frontend/node_modules/@radix-ui/react-context/dist/index.mjs:27:15)
    at DialogPortal (file:///Users/C5406081/developer-portal-frontend/node_modules/@radix-ui/react-dialog/dist/index.mjs:85:11)
    at /Users/C5406081/developer-portal-frontend/src/components/ui/dialog.tsx:35:59
    at Provider (file:///Users/C5406081/developer-portal-frontend/node_modules/@radix-ui/react-context/dist/index.mjs:27:15)
    at Dialog (file:///Users/C5406081/developer-portal-frontend/node_modules/@radix-ui/react-dialog/dist/index.mjs:25:5)
    at CreateDeploymentDialog (/Users/C5406081/developer-portal-frontend/src/components/AILaunchpad/CreateDeploymentDialog.tsx:24:3)
Warning: An update to DismissableLayer inside a test was not wrapped in act(...).

When testing, code that causes React state updates should be wrapped into act(...):

act(() => {
  /* fire events that update state */
});
/* assert on the output */

This ensures that you're testing the behavior the user would see in the browser. Learn more at https://reactjs.org/link/wrap-tests-with-act
    at file:///Users/C5406081/developer-portal-frontend/node_modules/@radix-ui/react-dismissable-layer/dist/index.mjs:24:7
    at file:///Users/C5406081/developer-portal-frontend/node_modules/@radix-ui/react-primitive/node_modules/@radix-ui/react-slot/dist/index.mjs:33:13
    at file:///Users/C5406081/developer-portal-frontend/node_modules/@radix-ui/react-primitive/node_modules/@radix-ui/react-slot/dist/index.mjs:9:13
    at file:///Users/C5406081/developer-portal-frontend/node_modules/@radix-ui/react-primitive/dist/index.mjs:28:13
    at file:///Users/C5406081/developer-portal-frontend/node_modules/@radix-ui/react-focus-scope/dist/index.mjs:15:5
    at file:///Users/C5406081/developer-portal-frontend/node_modules/@radix-ui/react-dialog/dist/index.mjs:206:13
    at file:///Users/C5406081/developer-portal-frontend/node_modules/@radix-ui/react-dialog/dist/index.mjs:132:58
    at Presence (file:///Users/C5406081/developer-portal-frontend/node_modules/@radix-ui/react-presence/dist/index.mjs:19:11)
    at file:///Users/C5406081/developer-portal-frontend/node_modules/@radix-ui/react-dialog/dist/index.mjs:123:64
    at file:///Users/C5406081/developer-portal-frontend/node_modules/@radix-ui/react-primitive/node_modules/@radix-ui/react-slot/dist/index.mjs:33:13
    at file:///Users/C5406081/developer-portal-frontend/node_modules/@radix-ui/react-primitive/node_modules/@radix-ui/react-slot/dist/index.mjs:9:13
    at file:///Users/C5406081/developer-portal-frontend/node_modules/@radix-ui/react-primitive/dist/index.mjs:28:13
    at file:///Users/C5406081/developer-portal-frontend/node_modules/@radix-ui/react-portal/dist/index.mjs:11:22
    at Presence (file:///Users/C5406081/developer-portal-frontend/node_modules/@radix-ui/react-presence/dist/index.mjs:19:11)
    at Provider (file:///Users/C5406081/developer-portal-frontend/node_modules/@radix-ui/react-context/dist/index.mjs:27:15)
    at DialogPortal (file:///Users/C5406081/developer-portal-frontend/node_modules/@radix-ui/react-dialog/dist/index.mjs:85:11)
    at /Users/C5406081/developer-portal-frontend/src/components/ui/dialog.tsx:35:59
    at Provider (file:///Users/C5406081/developer-portal-frontend/node_modules/@radix-ui/react-context/dist/index.mjs:27:15)
    at Dialog (file:///Users/C5406081/developer-portal-frontend/node_modules/@radix-ui/react-dialog/dist/index.mjs:25:5)
    at CreateDeploymentDialog (/Users/C5406081/developer-portal-frontend/src/components/AILaunchpad/CreateDeploymentDialog.tsx:24:3)

stderr | tests/pages/NotFound.test.tsx > NotFound > Rendering > should render 404 heading
⚠️ React Router Future Flag Warning: React Router will begin wrapping state updates in `React.startTransition` in v7. You can use the `v7_startTransition` future flag to opt-in early. For more information, see https://reactrouter.com/v6/upgrading/future#v7_starttransition.
⚠️ React Router Future Flag Warning: Relative route resolution within Splat routes is changing in v7. You can use the `v7_relativeSplatPath` future flag to opt-in early. For more information, see https://reactrouter.com/v6/upgrading/future#v7_relativesplatpath.

 ✓ tests/components/Team/MemberCard.test.tsx (11 tests) 438ms
 ✓ tests/hooks/useProjectVisibility.test.ts (24 tests) 24ms
 ✓ tests/pages/NotFound.test.tsx (30 tests) 140ms
stderr | tests/components/ai-launchpad/CreateDeploymentDialog.test.tsx > CreateDeploymentDialog > should allow deployment when teams are available and one is selected
Warning: An update to CreateDeploymentDialog inside a test was not wrapped in act(...).

When testing, code that causes React state updates should be wrapped into act(...):

act(() => {
  /* fire events that update state */
});
/* assert on the output */

This ensures that you're testing the behavior the user would see in the browser. Learn more at https://reactjs.org/link/wrap-tests-with-act
    at CreateDeploymentDialog (/Users/C5406081/developer-portal-frontend/src/components/AILaunchpad/CreateDeploymentDialog.tsx:24:3)
Warning: An update to CreateDeploymentDialog inside a test was not wrapped in act(...).

When testing, code that causes React state updates should be wrapped into act(...):

act(() => {
  /* fire events that update state */
});
/* assert on the output */

This ensures that you're testing the behavior the user would see in the browser. Learn more at https://reactjs.org/link/wrap-tests-with-act
    at CreateDeploymentDialog (/Users/C5406081/developer-portal-frontend/src/components/AILaunchpad/CreateDeploymentDialog.tsx:24:3)
Warning: An update to CreateDeploymentDialog inside a test was not wrapped in act(...).

When testing, code that causes React state updates should be wrapped into act(...):

act(() => {
  /* fire events that update state */
});
/* assert on the output */

This ensures that you're testing the behavior the user would see in the browser. Learn more at https://reactjs.org/link/wrap-tests-with-act
    at CreateDeploymentDialog (/Users/C5406081/developer-portal-frontend/src/components/AILaunchpad/CreateDeploymentDialog.tsx:24:3)
Warning: An update to CreateDeploymentDialog inside a test was not wrapped in act(...).

When testing, code that causes React state updates should be wrapped into act(...):

act(() => {
  /* fire events that update state */
});
/* assert on the output */

This ensures that you're testing the behavior the user would see in the browser. Learn more at https://reactjs.org/link/wrap-tests-with-act
    at CreateDeploymentDialog (/Users/C5406081/developer-portal-frontend/src/components/AILaunchpad/CreateDeploymentDialog.tsx:24:3)
Warning: An update to Presence inside a test was not wrapped in act(...).

When testing, code that causes React state updates should be wrapped into act(...):

act(() => {
  /* fire events that update state */
});
/* assert on the output */

This ensures that you're testing the behavior the user would see in the browser. Learn more at https://reactjs.org/link/wrap-tests-with-act
    at Presence (file:///Users/C5406081/developer-portal-frontend/node_modules/@radix-ui/react-presence/dist/index.mjs:19:11)
    at file:///Users/C5406081/developer-portal-frontend/node_modules/@radix-ui/react-dialog/dist/index.mjs:93:64
    at /Users/C5406081/developer-portal-frontend/src/components/ui/dialog.tsx:15:59
    at file:///Users/C5406081/developer-portal-frontend/node_modules/@radix-ui/react-primitive/node_modules/@radix-ui/react-slot/dist/index.mjs:33:13
    at file:///Users/C5406081/developer-portal-frontend/node_modules/@radix-ui/react-primitive/node_modules/@radix-ui/react-slot/dist/index.mjs:9:13
    at file:///Users/C5406081/developer-portal-frontend/node_modules/@radix-ui/react-primitive/dist/index.mjs:28:13
    at file:///Users/C5406081/developer-portal-frontend/node_modules/@radix-ui/react-portal/dist/index.mjs:11:22
    at Presence (file:///Users/C5406081/developer-portal-frontend/node_modules/@radix-ui/react-presence/dist/index.mjs:19:11)
    at Provider (file:///Users/C5406081/developer-portal-frontend/node_modules/@radix-ui/react-context/dist/index.mjs:27:15)
    at DialogPortal (file:///Users/C5406081/developer-portal-frontend/node_modules/@radix-ui/react-dialog/dist/index.mjs:85:11)
    at /Users/C5406081/developer-portal-frontend/src/components/ui/dialog.tsx:35:59
    at Provider (file:///Users/C5406081/developer-portal-frontend/node_modules/@radix-ui/react-context/dist/index.mjs:27:15)
    at Dialog (file:///Users/C5406081/developer-portal-frontend/node_modules/@radix-ui/react-dialog/dist/index.mjs:25:5)
    at CreateDeploymentDialog (/Users/C5406081/developer-portal-frontend/src/components/AILaunchpad/CreateDeploymentDialog.tsx:24:3)
Warning: An update to Presence inside a test was not wrapped in act(...).

When testing, code that causes React state updates should be wrapped into act(...):

act(() => {
  /* fire events that update state */
});
/* assert on the output */

This ensures that you're testing the behavior the user would see in the browser. Learn more at https://reactjs.org/link/wrap-tests-with-act
    at Presence (file:///Users/C5406081/developer-portal-frontend/node_modules/@radix-ui/react-presence/dist/index.mjs:19:11)
    at Provider (file:///Users/C5406081/developer-portal-frontend/node_modules/@radix-ui/react-context/dist/index.mjs:27:15)
    at DialogPortal (file:///Users/C5406081/developer-portal-frontend/node_modules/@radix-ui/react-dialog/dist/index.mjs:85:11)
    at /Users/C5406081/developer-portal-frontend/src/components/ui/dialog.tsx:35:59
    at Provider (file:///Users/C5406081/developer-portal-frontend/node_modules/@radix-ui/react-context/dist/index.mjs:27:15)
    at Dialog (file:///Users/C5406081/developer-portal-frontend/node_modules/@radix-ui/react-dialog/dist/index.mjs:25:5)
    at CreateDeploymentDialog (/Users/C5406081/developer-portal-frontend/src/components/AILaunchpad/CreateDeploymentDialog.tsx:24:3)
Warning: An update to Select inside a test was not wrapped in act(...).

When testing, code that causes React state updates should be wrapped into act(...):

act(() => {
  /* fire events that update state */
});
/* assert on the output */

This ensures that you're testing the behavior the user would see in the browser. Learn more at https://reactjs.org/link/wrap-tests-with-act
    at Select (file:///Users/C5406081/developer-portal-frontend/node_modules/@radix-ui/react-select/dist/index.mjs:42:5)
    at div
    at div
    at file:///Users/C5406081/developer-portal-frontend/node_modules/@radix-ui/react-primitive/dist/index.mjs:28:13
    at file:///Users/C5406081/developer-portal-frontend/node_modules/@radix-ui/react-dismissable-layer/dist/index.mjs:24:7
    at file:///Users/C5406081/developer-portal-frontend/node_modules/@radix-ui/react-primitive/node_modules/@radix-ui/react-slot/dist/index.mjs:33:13
    at file:///Users/C5406081/developer-portal-frontend/node_modules/@radix-ui/react-primitive/node_modules/@radix-ui/react-slot/dist/index.mjs:9:13
    at file:///Users/C5406081/developer-portal-frontend/node_modules/@radix-ui/react-primitive/dist/index.mjs:28:13
    at file:///Users/C5406081/developer-portal-frontend/node_modules/@radix-ui/react-focus-scope/dist/index.mjs:15:5
    at file:///Users/C5406081/developer-portal-frontend/node_modules/@radix-ui/react-dialog/dist/index.mjs:206:13
    at file:///Users/C5406081/developer-portal-frontend/node_modules/@radix-ui/react-dialog/dist/index.mjs:132:58
    at Presence (file:///Users/C5406081/developer-portal-frontend/node_modules/@radix-ui/react-presence/dist/index.mjs:19:11)
    at file:///Users/C5406081/developer-portal-frontend/node_modules/@radix-ui/react-dialog/dist/index.mjs:123:64
    at file:///Users/C5406081/developer-portal-frontend/node_modules/@radix-ui/react-primitive/node_modules/@radix-ui/react-slot/dist/index.mjs:33:13
    at file:///Users/C5406081/developer-portal-frontend/node_modules/@radix-ui/react-primitive/node_modules/@radix-ui/react-slot/dist/index.mjs:9:13
    at file:///Users/C5406081/developer-portal-frontend/node_modules/@radix-ui/react-primitive/dist/index.mjs:28:13
    at file:///Users/C5406081/developer-portal-frontend/node_modules/@radix-ui/react-portal/dist/index.mjs:11:22
    at Presence (file:///Users/C5406081/developer-portal-frontend/node_modules/@radix-ui/react-presence/dist/index.mjs:19:11)
    at Provider (file:///Users/C5406081/developer-portal-frontend/node_modules/@radix-ui/react-context/dist/index.mjs:27:15)
    at DialogPortal (file:///Users/C5406081/developer-portal-frontend/node_modules/@radix-ui/react-dialog/dist/index.mjs:85:11)
    at /Users/C5406081/developer-portal-frontend/src/components/ui/dialog.tsx:35:59
    at Provider (file:///Users/C5406081/developer-portal-frontend/node_modules/@radix-ui/react-context/dist/index.mjs:27:15)
    at Dialog (file:///Users/C5406081/developer-portal-frontend/node_modules/@radix-ui/react-dialog/dist/index.mjs:25:5)
    at CreateDeploymentDialog (/Users/C5406081/developer-portal-frontend/src/components/AILaunchpad/CreateDeploymentDialog.tsx:24:3)
Warning: An update to SelectItemText inside a test was not wrapped in act(...).

When testing, code that causes React state updates should be wrapped into act(...):

act(() => {
  /* fire events that update state */
});
/* assert on the output */

This ensures that you're testing the behavior the user would see in the browser. Learn more at https://reactjs.org/link/wrap-tests-with-act
    at file:///Users/C5406081/developer-portal-frontend/node_modules/@radix-ui/react-select/dist/index.mjs:901:13
    at div
    at file:///Users/C5406081/developer-portal-frontend/node_modules/@radix-ui/react-primitive/dist/index.mjs:28:13
    at file:///Users/C5406081/developer-portal-frontend/node_modules/@radix-ui/react-collection/node_modules/@radix-ui/react-slot/dist/index.mjs:33:13
    at file:///Users/C5406081/developer-portal-frontend/node_modules/@radix-ui/react-collection/node_modules/@radix-ui/react-slot/dist/index.mjs:9:13
    at file:///Users/C5406081/developer-portal-frontend/node_modules/@radix-ui/react-collection/dist/index.mjs:39:15
    at Provider (file:///Users/C5406081/developer-portal-frontend/node_modules/@radix-ui/react-context/dist/index.mjs:27:15)
    at file:///Users/C5406081/developer-portal-frontend/node_modules/@radix-ui/react-select/dist/index.mjs:800:7
    at /Users/C5406081/developer-portal-frontend/src/components/ui/select.tsx:169:56
    at div
    at file:///Users/C5406081/developer-portal-frontend/node_modules/@radix-ui/react-primitive/dist/index.mjs:28:13
    at file:///Users/C5406081/developer-portal-frontend/node_modules/@radix-ui/react-collection/node_modules/@radix-ui/react-slot/dist/index.mjs:33:13
    at file:///Users/C5406081/developer-portal-frontend/node_modules/@radix-ui/react-collection/node_modules/@radix-ui/react-slot/dist/index.mjs:9:13
    at file:///Users/C5406081/developer-portal-frontend/node_modules/@radix-ui/react-collection/dist/index.mjs:27:15
    at file:///Users/C5406081/developer-portal-frontend/node_modules/@radix-ui/react-select/dist/index.mjs:711:13
    at div
    at file:///Users/C5406081/developer-portal-frontend/node_modules/@radix-ui/react-collection/node_modules/@radix-ui/react-slot/dist/index.mjs:33:13
    at file:///Users/C5406081/developer-portal-frontend/node_modules/@radix-ui/react-collection/node_modules/@radix-ui/react-slot/dist/index.mjs:9:13
    at file:///Users/C5406081/developer-portal-frontend/node_modules/@radix-ui/react-collection/dist/index.mjs:27:15
    at Provider (file:///Users/C5406081/developer-portal-frontend/node_modules/@radix-ui/react-context/dist/index.mjs:27:15)
    at file:///Users/C5406081/developer-portal-frontend/node_modules/@radix-ui/react-select/dist/index.mjs:256:58
    at file:///Users/C5406081/developer-portal-frontend/node_modules/@radix-ui/react-primitive/node_modules/@radix-ui/react-slot/dist/index.mjs:33:13
    at file:///Users/C5406081/developer-portal-frontend/node_modules/@radix-ui/react-primitive/node_modules/@radix-ui/react-slot/dist/index.mjs:9:13
    at file:///Users/C5406081/developer-portal-frontend/node_modules/@radix-ui/react-primitive/dist/index.mjs:28:13
    at file:///Users/C5406081/developer-portal-frontend/node_modules/@radix-ui/react-portal/dist/index.mjs:11:22
    at SelectPortal
    at /Users/C5406081/developer-portal-frontend/src/components/ui/select.tsx:96:59
    at Provider (file:///Users/C5406081/developer-portal-frontend/node_modules/@radix-ui/react-context/dist/index.mjs:27:15)
    at Provider (file:///Users/C5406081/developer-portal-frontend/node_modules/@radix-ui/react-context/dist/index.mjs:27:15)
    at CollectionProvider (file:///Users/C5406081/developer-portal-frontend/node_modules/@radix-ui/react-collection/dist/index.mjs:17:13)
    at Provider (file:///Users/C5406081/developer-portal-frontend/node_modules/@radix-ui/react-context/dist/index.mjs:27:15)
    at Provider (file:///Users/C5406081/developer-portal-frontend/node_modules/@radix-ui/react-context/dist/index.mjs:27:15)
    at Popper (file:///Users/C5406081/developer-portal-frontend/node_modules/@radix-ui/react-popper/dist/index.mjs:30:11)
    at Select (file:///Users/C5406081/developer-portal-frontend/node_modules/@radix-ui/react-select/dist/index.mjs:42:5)
    at div
    at div
    at file:///Users/C5406081/developer-portal-frontend/node_modules/@radix-ui/react-primitive/dist/index.mjs:28:13
    at file:///Users/C5406081/developer-portal-frontend/node_modules/@radix-ui/react-dismissable-layer/dist/index.mjs:24:7
    at file:///Users/C5406081/developer-portal-frontend/node_modules/@radix-ui/react-primitive/node_modules/@radix-ui/react-slot/dist/index.mjs:33:13
    at file:///Users/C5406081/developer-portal-frontend/node_modules/@radix-ui/react-primitive/node_modules/@radix-ui/react-slot/dist/index.mjs:9:13
    at file:///Users/C5406081/developer-portal-frontend/node_modules/@radix-ui/react-primitive/dist/index.mjs:28:13
    at file:///Users/C5406081/developer-portal-frontend/node_modules/@radix-ui/react-focus-scope/dist/index.mjs:15:5
    at file:///Users/C5406081/developer-portal-frontend/node_modules/@radix-ui/react-dialog/dist/index.mjs:206:13
    at file:///Users/C5406081/developer-portal-frontend/node_modules/@radix-ui/react-dialog/dist/index.mjs:132:58
    at Presence (file:///Users/C5406081/developer-portal-frontend/node_modules/@radix-ui/react-presence/dist/index.mjs:19:11)
    at file:///Users/C5406081/developer-portal-frontend/node_modules/@radix-ui/react-dialog/dist/index.mjs:123:64
    at file:///Users/C5406081/developer-portal-frontend/node_modules/@radix-ui/react-primitive/node_modules/@radix-ui/react-slot/dist/index.mjs:33:13
    at file:///Users/C5406081/developer-portal-frontend/node_modules/@radix-ui/react-primitive/node_modules/@radix-ui/react-slot/dist/index.mjs:9:13
    at file:///Users/C5406081/developer-portal-frontend/node_modules/@radix-ui/react-primitive/dist/index.mjs:28:13
    at file:///Users/C5406081/developer-portal-frontend/node_modules/@radix-ui/react-portal/dist/index.mjs:11:22
    at Presence (file:///Users/C5406081/developer-portal-frontend/node_modules/@radix-ui/react-presence/dist/index.mjs:19:11)
    at Provider (file:///Users/C5406081/developer-portal-frontend/node_modules/@radix-ui/react-context/dist/index.mjs:27:15)
    at DialogPortal (file:///Users/C5406081/developer-portal-frontend/node_modules/@radix-ui/react-dialog/dist/index.mjs:85:11)
    at /Users/C5406081/developer-portal-frontend/src/components/ui/dialog.tsx:35:59
    at Provider (file:///Users/C5406081/developer-portal-frontend/node_modules/@radix-ui/react-context/dist/index.mjs:27:15)
    at Dialog (file:///Users/C5406081/developer-portal-frontend/node_modules/@radix-ui/react-dialog/dist/index.mjs:25:5)
    at CreateDeploymentDialog (/Users/C5406081/developer-portal-frontend/src/components/AILaunchpad/CreateDeploymentDialog.tsx:24:3)
Warning: An update to SelectItemText inside a test was not wrapped in act(...).

When testing, code that causes React state updates should be wrapped into act(...):

act(() => {
  /* fire events that update state */
});
/* assert on the output */

This ensures that you're testing the behavior the user would see in the browser. Learn more at https://reactjs.org/link/wrap-tests-with-act
    at file:///Users/C5406081/developer-portal-frontend/node_modules/@radix-ui/react-select/dist/index.mjs:901:13
    at div
    at file:///Users/C5406081/developer-portal-frontend/node_modules/@radix-ui/react-primitive/dist/index.mjs:28:13
    at file:///Users/C5406081/developer-portal-frontend/node_modules/@radix-ui/react-collection/node_modules/@radix-ui/react-slot/dist/index.mjs:33:13
    at file:///Users/C5406081/developer-portal-frontend/node_modules/@radix-ui/react-collection/node_modules/@radix-ui/react-slot/dist/index.mjs:9:13
    at file:///Users/C5406081/developer-portal-frontend/node_modules/@radix-ui/react-collection/dist/index.mjs:39:15
    at Provider (file:///Users/C5406081/developer-portal-frontend/node_modules/@radix-ui/react-context/dist/index.mjs:27:15)
    at file:///Users/C5406081/developer-portal-frontend/node_modules/@radix-ui/react-select/dist/index.mjs:800:7
    at /Users/C5406081/developer-portal-frontend/src/components/ui/select.tsx:169:56
    at div
    at file:///Users/C5406081/developer-portal-frontend/node_modules/@radix-ui/react-primitive/dist/index.mjs:28:13
    at file:///Users/C5406081/developer-portal-frontend/node_modules/@radix-ui/react-collection/node_modules/@radix-ui/react-slot/dist/index.mjs:33:13
    at file:///Users/C5406081/developer-portal-frontend/node_modules/@radix-ui/react-collection/node_modules/@radix-ui/react-slot/dist/index.mjs:9:13
    at file:///Users/C5406081/developer-portal-frontend/node_modules/@radix-ui/react-collection/dist/index.mjs:27:15
    at file:///Users/C5406081/developer-portal-frontend/node_modules/@radix-ui/react-select/dist/index.mjs:711:13
    at div
    at file:///Users/C5406081/developer-portal-frontend/node_modules/@radix-ui/react-collection/node_modules/@radix-ui/react-slot/dist/index.mjs:33:13
    at file:///Users/C5406081/developer-portal-frontend/node_modules/@radix-ui/react-collection/node_modules/@radix-ui/react-slot/dist/index.mjs:9:13
    at file:///Users/C5406081/developer-portal-frontend/node_modules/@radix-ui/react-collection/dist/index.mjs:27:15
    at Provider (file:///Users/C5406081/developer-portal-frontend/node_modules/@radix-ui/react-context/dist/index.mjs:27:15)
    at file:///Users/C5406081/developer-portal-frontend/node_modules/@radix-ui/react-select/dist/index.mjs:256:58
    at file:///Users/C5406081/developer-portal-frontend/node_modules/@radix-ui/react-primitive/node_modules/@radix-ui/react-slot/dist/index.mjs:33:13
    at file:///Users/C5406081/developer-portal-frontend/node_modules/@radix-ui/react-primitive/node_modules/@radix-ui/react-slot/dist/index.mjs:9:13
    at file:///Users/C5406081/developer-portal-frontend/node_modules/@radix-ui/react-primitive/dist/index.mjs:28:13
    at file:///Users/C5406081/developer-portal-frontend/node_modules/@radix-ui/react-portal/dist/index.mjs:11:22
    at SelectPortal
    at /Users/C5406081/developer-portal-frontend/src/components/ui/select.tsx:96:59
    at Provider (file:///Users/C5406081/developer-portal-frontend/node_modules/@radix-ui/react-context/dist/index.mjs:27:15)
    at Provider (file:///Users/C5406081/developer-portal-frontend/node_modules/@radix-ui/react-context/dist/index.mjs:27:15)
    at CollectionProvider (file:///Users/C5406081/developer-portal-frontend/node_modules/@radix-ui/react-collection/dist/index.mjs:17:13)
    at Provider (file:///Users/C5406081/developer-portal-frontend/node_modules/@radix-ui/react-context/dist/index.mjs:27:15)
    at Provider (file:///Users/C5406081/developer-portal-frontend/node_modules/@radix-ui/react-context/dist/index.mjs:27:15)
    at Popper (file:///Users/C5406081/developer-portal-frontend/node_modules/@radix-ui/react-popper/dist/index.mjs:30:11)
    at Select (file:///Users/C5406081/developer-portal-frontend/node_modules/@radix-ui/react-select/dist/index.mjs:42:5)
    at div
    at div
    at file:///Users/C5406081/developer-portal-frontend/node_modules/@radix-ui/react-primitive/dist/index.mjs:28:13
    at file:///Users/C5406081/developer-portal-frontend/node_modules/@radix-ui/react-dismissable-layer/dist/index.mjs:24:7
    at file:///Users/C5406081/developer-portal-frontend/node_modules/@radix-ui/react-primitive/node_modules/@radix-ui/react-slot/dist/index.mjs:33:13
    at file:///Users/C5406081/developer-portal-frontend/node_modules/@radix-ui/react-primitive/node_modules/@radix-ui/react-slot/dist/index.mjs:9:13
    at file:///Users/C5406081/developer-portal-frontend/node_modules/@radix-ui/react-primitive/dist/index.mjs:28:13
    at file:///Users/C5406081/developer-portal-frontend/node_modules/@radix-ui/react-focus-scope/dist/index.mjs:15:5
    at file:///Users/C5406081/developer-portal-frontend/node_modules/@radix-ui/react-dialog/dist/index.mjs:206:13
    at file:///Users/C5406081/developer-portal-frontend/node_modules/@radix-ui/react-dialog/dist/index.mjs:132:58
    at Presence (file:///Users/C5406081/developer-portal-frontend/node_modules/@radix-ui/react-presence/dist/index.mjs:19:11)
    at file:///Users/C5406081/developer-portal-frontend/node_modules/@radix-ui/react-dialog/dist/index.mjs:123:64
    at file:///Users/C5406081/developer-portal-frontend/node_modules/@radix-ui/react-primitive/node_modules/@radix-ui/react-slot/dist/index.mjs:33:13
    at file:///Users/C5406081/developer-portal-frontend/node_modules/@radix-ui/react-primitive/node_modules/@radix-ui/react-slot/dist/index.mjs:9:13
    at file:///Users/C5406081/developer-portal-frontend/node_modules/@radix-ui/react-primitive/dist/index.mjs:28:13
    at file:///Users/C5406081/developer-portal-frontend/node_modules/@radix-ui/react-portal/dist/index.mjs:11:22
    at Presence (file:///Users/C5406081/developer-portal-frontend/node_modules/@radix-ui/react-presence/dist/index.mjs:19:11)
    at Provider (file:///Users/C5406081/developer-portal-frontend/node_modules/@radix-ui/react-context/dist/index.mjs:27:15)
    at DialogPortal (file:///Users/C5406081/developer-portal-frontend/node_modules/@radix-ui/react-dialog/dist/index.mjs:85:11)
    at /Users/C5406081/developer-portal-frontend/src/components/ui/dialog.tsx:35:59
    at Provider (file:///Users/C5406081/developer-portal-frontend/node_modules/@radix-ui/react-context/dist/index.mjs:27:15)
    at Dialog (file:///Users/C5406081/developer-portal-frontend/node_modules/@radix-ui/react-dialog/dist/index.mjs:25:5)
    at CreateDeploymentDialog (/Users/C5406081/developer-portal-frontend/src/components/AILaunchpad/CreateDeploymentDialog.tsx:24:3)
Warning: An update to FocusScope inside a test was not wrapped in act(...).

When testing, code that causes React state updates should be wrapped into act(...):

act(() => {
  /* fire events that update state */
});
/* assert on the output */

This ensures that you're testing the behavior the user would see in the browser. Learn more at https://reactjs.org/link/wrap-tests-with-act
    at file:///Users/C5406081/developer-portal-frontend/node_modules/@radix-ui/react-focus-scope/dist/index.mjs:15:5
    at file:///Users/C5406081/developer-portal-frontend/node_modules/@radix-ui/react-dialog/dist/index.mjs:206:13
    at file:///Users/C5406081/developer-portal-frontend/node_modules/@radix-ui/react-dialog/dist/index.mjs:132:58
    at Presence (file:///Users/C5406081/developer-portal-frontend/node_modules/@radix-ui/react-presence/dist/index.mjs:19:11)
    at file:///Users/C5406081/developer-portal-frontend/node_modules/@radix-ui/react-dialog/dist/index.mjs:123:64
    at file:///Users/C5406081/developer-portal-frontend/node_modules/@radix-ui/react-primitive/node_modules/@radix-ui/react-slot/dist/index.mjs:33:13
    at file:///Users/C5406081/developer-portal-frontend/node_modules/@radix-ui/react-primitive/node_modules/@radix-ui/react-slot/dist/index.mjs:9:13
    at file:///Users/C5406081/developer-portal-frontend/node_modules/@radix-ui/react-primitive/dist/index.mjs:28:13
    at file:///Users/C5406081/developer-portal-frontend/node_modules/@radix-ui/react-portal/dist/index.mjs:11:22
    at Presence (file:///Users/C5406081/developer-portal-frontend/node_modules/@radix-ui/react-presence/dist/index.mjs:19:11)
    at Provider (file:///Users/C5406081/developer-portal-frontend/node_modules/@radix-ui/react-context/dist/index.mjs:27:15)
    at DialogPortal (file:///Users/C5406081/developer-portal-frontend/node_modules/@radix-ui/react-dialog/dist/index.mjs:85:11)
    at /Users/C5406081/developer-portal-frontend/src/components/ui/dialog.tsx:35:59
    at Provider (file:///Users/C5406081/developer-portal-frontend/node_modules/@radix-ui/react-context/dist/index.mjs:27:15)
    at Dialog (file:///Users/C5406081/developer-portal-frontend/node_modules/@radix-ui/react-dialog/dist/index.mjs:25:5)
    at CreateDeploymentDialog (/Users/C5406081/developer-portal-frontend/src/components/AILaunchpad/CreateDeploymentDialog.tsx:24:3)
Warning: An update to Presence inside a test was not wrapped in act(...).

When testing, code that causes React state updates should be wrapped into act(...):

act(() => {
  /* fire events that update state */
});
/* assert on the output */

This ensures that you're testing the behavior the user would see in the browser. Learn more at https://reactjs.org/link/wrap-tests-with-act
    at Presence (file:///Users/C5406081/developer-portal-frontend/node_modules/@radix-ui/react-presence/dist/index.mjs:19:11)
    at file:///Users/C5406081/developer-portal-frontend/node_modules/@radix-ui/react-dialog/dist/index.mjs:123:64
    at file:///Users/C5406081/developer-portal-frontend/node_modules/@radix-ui/react-primitive/node_modules/@radix-ui/react-slot/dist/index.mjs:33:13
    at file:///Users/C5406081/developer-portal-frontend/node_modules/@radix-ui/react-primitive/node_modules/@radix-ui/react-slot/dist/index.mjs:9:13
    at file:///Users/C5406081/developer-portal-frontend/node_modules/@radix-ui/react-primitive/dist/index.mjs:28:13
    at file:///Users/C5406081/developer-portal-frontend/node_modules/@radix-ui/react-portal/dist/index.mjs:11:22
    at Presence (file:///Users/C5406081/developer-portal-frontend/node_modules/@radix-ui/react-presence/dist/index.mjs:19:11)
    at Provider (file:///Users/C5406081/developer-portal-frontend/node_modules/@radix-ui/react-context/dist/index.mjs:27:15)
    at DialogPortal (file:///Users/C5406081/developer-portal-frontend/node_modules/@radix-ui/react-dialog/dist/index.mjs:85:11)
    at /Users/C5406081/developer-portal-frontend/src/components/ui/dialog.tsx:35:59
    at Provider (file:///Users/C5406081/developer-portal-frontend/node_modules/@radix-ui/react-context/dist/index.mjs:27:15)
    at Dialog (file:///Users/C5406081/developer-portal-frontend/node_modules/@radix-ui/react-dialog/dist/index.mjs:25:5)
    at CreateDeploymentDialog (/Users/C5406081/developer-portal-frontend/src/components/AILaunchpad/CreateDeploymentDialog.tsx:24:3)
Warning: An update to Presence inside a test was not wrapped in act(...).

When testing, code that causes React state updates should be wrapped into act(...):

act(() => {
  /* fire events that update state */
});
/* assert on the output */

This ensures that you're testing the behavior the user would see in the browser. Learn more at https://reactjs.org/link/wrap-tests-with-act
    at Presence (file:///Users/C5406081/developer-portal-frontend/node_modules/@radix-ui/react-presence/dist/index.mjs:19:11)
    at Provider (file:///Users/C5406081/developer-portal-frontend/node_modules/@radix-ui/react-context/dist/index.mjs:27:15)
    at DialogPortal (file:///Users/C5406081/developer-portal-frontend/node_modules/@radix-ui/react-dialog/dist/index.mjs:85:11)
    at /Users/C5406081/developer-portal-frontend/src/components/ui/dialog.tsx:35:59
    at Provider (file:///Users/C5406081/developer-portal-frontend/node_modules/@radix-ui/react-context/dist/index.mjs:27:15)
    at Dialog (file:///Users/C5406081/developer-portal-frontend/node_modules/@radix-ui/react-dialog/dist/index.mjs:25:5)
    at CreateDeploymentDialog (/Users/C5406081/developer-portal-frontend/src/components/AILaunchpad/CreateDeploymentDialog.tsx:24:3)
Warning: An update to DismissableLayer inside a test was not wrapped in act(...).

When testing, code that causes React state updates should be wrapped into act(...):

act(() => {
  /* fire events that update state */
});
/* assert on the output */

This ensures that you're testing the behavior the user would see in the browser. Learn more at https://reactjs.org/link/wrap-tests-with-act
    at file:///Users/C5406081/developer-portal-frontend/node_modules/@radix-ui/react-dismissable-layer/dist/index.mjs:24:7
    at file:///Users/C5406081/developer-portal-frontend/node_modules/@radix-ui/react-primitive/node_modules/@radix-ui/react-slot/dist/index.mjs:33:13
    at file:///Users/C5406081/developer-portal-frontend/node_modules/@radix-ui/react-primitive/node_modules/@radix-ui/react-slot/dist/index.mjs:9:13
    at file:///Users/C5406081/developer-portal-frontend/node_modules/@radix-ui/react-primitive/dist/index.mjs:28:13
    at file:///Users/C5406081/developer-portal-frontend/node_modules/@radix-ui/react-focus-scope/dist/index.mjs:15:5
    at file:///Users/C5406081/developer-portal-frontend/node_modules/@radix-ui/react-dialog/dist/index.mjs:206:13
    at file:///Users/C5406081/developer-portal-frontend/node_modules/@radix-ui/react-dialog/dist/index.mjs:132:58
    at Presence (file:///Users/C5406081/developer-portal-frontend/node_modules/@radix-ui/react-presence/dist/index.mjs:19:11)
    at file:///Users/C5406081/developer-portal-frontend/node_modules/@radix-ui/react-dialog/dist/index.mjs:123:64
    at file:///Users/C5406081/developer-portal-frontend/node_modules/@radix-ui/react-primitive/node_modules/@radix-ui/react-slot/dist/index.mjs:33:13
    at file:///Users/C5406081/developer-portal-frontend/node_modules/@radix-ui/react-primitive/node_modules/@radix-ui/react-slot/dist/index.mjs:9:13
    at file:///Users/C5406081/developer-portal-frontend/node_modules/@radix-ui/react-primitive/dist/index.mjs:28:13
    at file:///Users/C5406081/developer-portal-frontend/node_modules/@radix-ui/react-portal/dist/index.mjs:11:22
    at Presence (file:///Users/C5406081/developer-portal-frontend/node_modules/@radix-ui/react-presence/dist/index.mjs:19:11)
    at Provider (file:///Users/C5406081/developer-portal-frontend/node_modules/@radix-ui/react-context/dist/index.mjs:27:15)
    at DialogPortal (file:///Users/C5406081/developer-portal-frontend/node_modules/@radix-ui/react-dialog/dist/index.mjs:85:11)
    at /Users/C5406081/developer-portal-frontend/src/components/ui/dialog.tsx:35:59
    at Provider (file:///Users/C5406081/developer-portal-frontend/node_modules/@radix-ui/react-context/dist/index.mjs:27:15)
    at Dialog (file:///Users/C5406081/developer-portal-frontend/node_modules/@radix-ui/react-dialog/dist/index.mjs:25:5)
    at CreateDeploymentDialog (/Users/C5406081/developer-portal-frontend/src/components/AILaunchpad/CreateDeploymentDialog.tsx:24:3)
Warning: An update to Presence inside a test was not wrapped in act(...).

When testing, code that causes React state updates should be wrapped into act(...):

act(() => {
  /* fire events that update state */
});
/* assert on the output */

This ensures that you're testing the behavior the user would see in the browser. Learn more at https://reactjs.org/link/wrap-tests-with-act
    at Presence (file:///Users/C5406081/developer-portal-frontend/node_modules/@radix-ui/react-presence/dist/index.mjs:19:11)
    at file:///Users/C5406081/developer-portal-frontend/node_modules/@radix-ui/react-dialog/dist/index.mjs:93:64
    at /Users/C5406081/developer-portal-frontend/src/components/ui/dialog.tsx:15:59
    at file:///Users/C5406081/developer-portal-frontend/node_modules/@radix-ui/react-primitive/node_modules/@radix-ui/react-slot/dist/index.mjs:33:13
    at file:///Users/C5406081/developer-portal-frontend/node_modules/@radix-ui/react-primitive/node_modules/@radix-ui/react-slot/dist/index.mjs:9:13
    at file:///Users/C5406081/developer-portal-frontend/node_modules/@radix-ui/react-primitive/dist/index.mjs:28:13
    at file:///Users/C5406081/developer-portal-frontend/node_modules/@radix-ui/react-portal/dist/index.mjs:11:22
    at Presence (file:///Users/C5406081/developer-portal-frontend/node_modules/@radix-ui/react-presence/dist/index.mjs:19:11)
    at Provider (file:///Users/C5406081/developer-portal-frontend/node_modules/@radix-ui/react-context/dist/index.mjs:27:15)
    at DialogPortal (file:///Users/C5406081/developer-portal-frontend/node_modules/@radix-ui/react-dialog/dist/index.mjs:85:11)
    at /Users/C5406081/developer-portal-frontend/src/components/ui/dialog.tsx:35:59
    at Provider (file:///Users/C5406081/developer-portal-frontend/node_modules/@radix-ui/react-context/dist/index.mjs:27:15)
    at Dialog (file:///Users/C5406081/developer-portal-frontend/node_modules/@radix-ui/react-dialog/dist/index.mjs:25:5)
    at CreateDeploymentDialog (/Users/C5406081/developer-portal-frontend/src/components/AILaunchpad/CreateDeploymentDialog.tsx:24:3)
Warning: An update to Presence inside a test was not wrapped in act(...).

When testing, code that causes React state updates should be wrapped into act(...):

act(() => {
  /* fire events that update state */
});
/* assert on the output */

This ensures that you're testing the behavior the user would see in the browser. Learn more at https://reactjs.org/link/wrap-tests-with-act
    at Presence (file:///Users/C5406081/developer-portal-frontend/node_modules/@radix-ui/react-presence/dist/index.mjs:19:11)
    at Provider (file:///Users/C5406081/developer-portal-frontend/node_modules/@radix-ui/react-context/dist/index.mjs:27:15)
    at DialogPortal (file:///Users/C5406081/developer-portal-frontend/node_modules/@radix-ui/react-dialog/dist/index.mjs:85:11)
    at /Users/C5406081/developer-portal-frontend/src/components/ui/dialog.tsx:35:59
    at Provider (file:///Users/C5406081/developer-portal-frontend/node_modules/@radix-ui/react-context/dist/index.mjs:27:15)
    at Dialog (file:///Users/C5406081/developer-portal-frontend/node_modules/@radix-ui/react-dialog/dist/index.mjs:25:5)
    at CreateDeploymentDialog (/Users/C5406081/developer-portal-frontend/src/components/AILaunchpad/CreateDeploymentDialog.tsx:24:3)
Warning: An update to Select inside a test was not wrapped in act(...).

When testing, code that causes React state updates should be wrapped into act(...):

act(() => {
  /* fire events that update state */
});
/* assert on the output */

This ensures that you're testing the behavior the user would see in the browser. Learn more at https://reactjs.org/link/wrap-tests-with-act
    at Select (file:///Users/C5406081/developer-portal-frontend/node_modules/@radix-ui/react-select/dist/index.mjs:42:5)
    at div
    at div
    at file:///Users/C5406081/developer-portal-frontend/node_modules/@radix-ui/react-primitive/dist/index.mjs:28:13
    at file:///Users/C5406081/developer-portal-frontend/node_modules/@radix-ui/react-dismissable-layer/dist/index.mjs:24:7
    at file:///Users/C5406081/developer-portal-frontend/node_modules/@radix-ui/react-primitive/node_modules/@radix-ui/react-slot/dist/index.mjs:33:13
    at file:///Users/C5406081/developer-portal-frontend/node_modules/@radix-ui/react-primitive/node_modules/@radix-ui/react-slot/dist/index.mjs:9:13
    at file:///Users/C5406081/developer-portal-frontend/node_modules/@radix-ui/react-primitive/dist/index.mjs:28:13
    at file:///Users/C5406081/developer-portal-frontend/node_modules/@radix-ui/react-focus-scope/dist/index.mjs:15:5
    at file:///Users/C5406081/developer-portal-frontend/node_modules/@radix-ui/react-dialog/dist/index.mjs:206:13
    at file:///Users/C5406081/developer-portal-frontend/node_modules/@radix-ui/react-dialog/dist/index.mjs:132:58
    at Presence (file:///Users/C5406081/developer-portal-frontend/node_modules/@radix-ui/react-presence/dist/index.mjs:19:11)
    at file:///Users/C5406081/developer-portal-frontend/node_modules/@radix-ui/react-dialog/dist/index.mjs:123:64
    at file:///Users/C5406081/developer-portal-frontend/node_modules/@radix-ui/react-primitive/node_modules/@radix-ui/react-slot/dist/index.mjs:33:13
    at file:///Users/C5406081/developer-portal-frontend/node_modules/@radix-ui/react-primitive/node_modules/@radix-ui/react-slot/dist/index.mjs:9:13
    at file:///Users/C5406081/developer-portal-frontend/node_modules/@radix-ui/react-primitive/dist/index.mjs:28:13
    at file:///Users/C5406081/developer-portal-frontend/node_modules/@radix-ui/react-portal/dist/index.mjs:11:22
    at Presence (file:///Users/C5406081/developer-portal-frontend/node_modules/@radix-ui/react-presence/dist/index.mjs:19:11)
    at Provider (file:///Users/C5406081/developer-portal-frontend/node_modules/@radix-ui/react-context/dist/index.mjs:27:15)
    at DialogPortal (file:///Users/C5406081/developer-portal-frontend/node_modules/@radix-ui/react-dialog/dist/index.mjs:85:11)
    at /Users/C5406081/developer-portal-frontend/src/components/ui/dialog.tsx:35:59
    at Provider (file:///Users/C5406081/developer-portal-frontend/node_modules/@radix-ui/react-context/dist/index.mjs:27:15)
    at Dialog (file:///Users/C5406081/developer-portal-frontend/node_modules/@radix-ui/react-dialog/dist/index.mjs:25:5)
    at CreateDeploymentDialog (/Users/C5406081/developer-portal-frontend/src/components/AILaunchpad/CreateDeploymentDialog.tsx:24:3)
Warning: An update to SelectItemText inside a test was not wrapped in act(...).

When testing, code that causes React state updates should be wrapped into act(...):

act(() => {
  /* fire events that update state */
});
/* assert on the output */

This ensures that you're testing the behavior the user would see in the browser. Learn more at https://reactjs.org/link/wrap-tests-with-act
    at file:///Users/C5406081/developer-portal-frontend/node_modules/@radix-ui/react-select/dist/index.mjs:901:13
    at div
    at file:///Users/C5406081/developer-portal-frontend/node_modules/@radix-ui/react-primitive/dist/index.mjs:28:13
    at file:///Users/C5406081/developer-portal-frontend/node_modules/@radix-ui/react-collection/node_modules/@radix-ui/react-slot/dist/index.mjs:33:13
    at file:///Users/C5406081/developer-portal-frontend/node_modules/@radix-ui/react-collection/node_modules/@radix-ui/react-slot/dist/index.mjs:9:13
    at file:///Users/C5406081/developer-portal-frontend/node_modules/@radix-ui/react-collection/dist/index.mjs:39:15
    at Provider (file:///Users/C5406081/developer-portal-frontend/node_modules/@radix-ui/react-context/dist/index.mjs:27:15)
    at file:///Users/C5406081/developer-portal-frontend/node_modules/@radix-ui/react-select/dist/index.mjs:800:7
    at /Users/C5406081/developer-portal-frontend/src/components/ui/select.tsx:169:56
    at div
    at file:///Users/C5406081/developer-portal-frontend/node_modules/@radix-ui/react-primitive/dist/index.mjs:28:13
    at file:///Users/C5406081/developer-portal-frontend/node_modules/@radix-ui/react-collection/node_modules/@radix-ui/react-slot/dist/index.mjs:33:13
    at file:///Users/C5406081/developer-portal-frontend/node_modules/@radix-ui/react-collection/node_modules/@radix-ui/react-slot/dist/index.mjs:9:13
    at file:///Users/C5406081/developer-portal-frontend/node_modules/@radix-ui/react-collection/dist/index.mjs:27:15
    at file:///Users/C5406081/developer-portal-frontend/node_modules/@radix-ui/react-select/dist/index.mjs:711:13
    at div
    at file:///Users/C5406081/developer-portal-frontend/node_modules/@radix-ui/react-collection/node_modules/@radix-ui/react-slot/dist/index.mjs:33:13
    at file:///Users/C5406081/developer-portal-frontend/node_modules/@radix-ui/react-collection/node_modules/@radix-ui/react-slot/dist/index.mjs:9:13
    at file:///Users/C5406081/developer-portal-frontend/node_modules/@radix-ui/react-collection/dist/index.mjs:27:15
    at Provider (file:///Users/C5406081/developer-portal-frontend/node_modules/@radix-ui/react-context/dist/index.mjs:27:15)
    at file:///Users/C5406081/developer-portal-frontend/node_modules/@radix-ui/react-select/dist/index.mjs:256:58
    at file:///Users/C5406081/developer-portal-frontend/node_modules/@radix-ui/react-primitive/node_modules/@radix-ui/react-slot/dist/index.mjs:33:13
    at file:///Users/C5406081/developer-portal-frontend/node_modules/@radix-ui/react-primitive/node_modules/@radix-ui/react-slot/dist/index.mjs:9:13
    at file:///Users/C5406081/developer-portal-frontend/node_modules/@radix-ui/react-primitive/dist/index.mjs:28:13
    at file:///Users/C5406081/developer-portal-frontend/node_modules/@radix-ui/react-portal/dist/index.mjs:11:22
    at SelectPortal
    at /Users/C5406081/developer-portal-frontend/src/components/ui/select.tsx:96:59
    at Provider (file:///Users/C5406081/developer-portal-frontend/node_modules/@radix-ui/react-context/dist/index.mjs:27:15)
    at Provider (file:///Users/C5406081/developer-portal-frontend/node_modules/@radix-ui/react-context/dist/index.mjs:27:15)
    at CollectionProvider (file:///Users/C5406081/developer-portal-frontend/node_modules/@radix-ui/react-collection/dist/index.mjs:17:13)
    at Provider (file:///Users/C5406081/developer-portal-frontend/node_modules/@radix-ui/react-context/dist/index.mjs:27:15)
    at Provider (file:///Users/C5406081/developer-portal-frontend/node_modules/@radix-ui/react-context/dist/index.mjs:27:15)
    at Popper (file:///Users/C5406081/developer-portal-frontend/node_modules/@radix-ui/react-popper/dist/index.mjs:30:11)
    at Select (file:///Users/C5406081/developer-portal-frontend/node_modules/@radix-ui/react-select/dist/index.mjs:42:5)
    at div
    at div
    at file:///Users/C5406081/developer-portal-frontend/node_modules/@radix-ui/react-primitive/dist/index.mjs:28:13
    at file:///Users/C5406081/developer-portal-frontend/node_modules/@radix-ui/react-dismissable-layer/dist/index.mjs:24:7
    at file:///Users/C5406081/developer-portal-frontend/node_modules/@radix-ui/react-primitive/node_modules/@radix-ui/react-slot/dist/index.mjs:33:13
    at file:///Users/C5406081/developer-portal-frontend/node_modules/@radix-ui/react-primitive/node_modules/@radix-ui/react-slot/dist/index.mjs:9:13
    at file:///Users/C5406081/developer-portal-frontend/node_modules/@radix-ui/react-primitive/dist/index.mjs:28:13
    at file:///Users/C5406081/developer-portal-frontend/node_modules/@radix-ui/react-focus-scope/dist/index.mjs:15:5
    at file:///Users/C5406081/developer-portal-frontend/node_modules/@radix-ui/react-dialog/dist/index.mjs:206:13
    at file:///Users/C5406081/developer-portal-frontend/node_modules/@radix-ui/react-dialog/dist/index.mjs:132:58
    at Presence (file:///Users/C5406081/developer-portal-frontend/node_modules/@radix-ui/react-presence/dist/index.mjs:19:11)
    at file:///Users/C5406081/developer-portal-frontend/node_modules/@radix-ui/react-dialog/dist/index.mjs:123:64
    at file:///Users/C5406081/developer-portal-frontend/node_modules/@radix-ui/react-primitive/node_modules/@radix-ui/react-slot/dist/index.mjs:33:13
    at file:///Users/C5406081/developer-portal-frontend/node_modules/@radix-ui/react-primitive/node_modules/@radix-ui/react-slot/dist/index.mjs:9:13
    at file:///Users/C5406081/developer-portal-frontend/node_modules/@radix-ui/react-primitive/dist/index.mjs:28:13
    at file:///Users/C5406081/developer-portal-frontend/node_modules/@radix-ui/react-portal/dist/index.mjs:11:22
    at Presence (file:///Users/C5406081/developer-portal-frontend/node_modules/@radix-ui/react-presence/dist/index.mjs:19:11)
    at Provider (file:///Users/C5406081/developer-portal-frontend/node_modules/@radix-ui/react-context/dist/index.mjs:27:15)
    at DialogPortal (file:///Users/C5406081/developer-portal-frontend/node_modules/@radix-ui/react-dialog/dist/index.mjs:85:11)
    at /Users/C5406081/developer-portal-frontend/src/components/ui/dialog.tsx:35:59
    at Provider (file:///Users/C5406081/developer-portal-frontend/node_modules/@radix-ui/react-context/dist/index.mjs:27:15)
    at Dialog (file:///Users/C5406081/developer-portal-frontend/node_modules/@radix-ui/react-dialog/dist/index.mjs:25:5)
    at CreateDeploymentDialog (/Users/C5406081/developer-portal-frontend/src/components/AILaunchpad/CreateDeploymentDialog.tsx:24:3)
Warning: An update to SelectItemText inside a test was not wrapped in act(...).

When testing, code that causes React state updates should be wrapped into act(...):

act(() => {
  /* fire events that update state */
});
/* assert on the output */

This ensures that you're testing the behavior the user would see in the browser. Learn more at https://reactjs.org/link/wrap-tests-with-act
    at file:///Users/C5406081/developer-portal-frontend/node_modules/@radix-ui/react-select/dist/index.mjs:901:13
    at div
    at file:///Users/C5406081/developer-portal-frontend/node_modules/@radix-ui/react-primitive/dist/index.mjs:28:13
    at file:///Users/C5406081/developer-portal-frontend/node_modules/@radix-ui/react-collection/node_modules/@radix-ui/react-slot/dist/index.mjs:33:13
    at file:///Users/C5406081/developer-portal-frontend/node_modules/@radix-ui/react-collection/node_modules/@radix-ui/react-slot/dist/index.mjs:9:13
    at file:///Users/C5406081/developer-portal-frontend/node_modules/@radix-ui/react-collection/dist/index.mjs:39:15
    at Provider (file:///Users/C5406081/developer-portal-frontend/node_modules/@radix-ui/react-context/dist/index.mjs:27:15)
    at file:///Users/C5406081/developer-portal-frontend/node_modules/@radix-ui/react-select/dist/index.mjs:800:7
    at /Users/C5406081/developer-portal-frontend/src/components/ui/select.tsx:169:56
    at div
    at file:///Users/C5406081/developer-portal-frontend/node_modules/@radix-ui/react-primitive/dist/index.mjs:28:13
    at file:///Users/C5406081/developer-portal-frontend/node_modules/@radix-ui/react-collection/node_modules/@radix-ui/react-slot/dist/index.mjs:33:13
    at file:///Users/C5406081/developer-portal-frontend/node_modules/@radix-ui/react-collection/node_modules/@radix-ui/react-slot/dist/index.mjs:9:13
    at file:///Users/C5406081/developer-portal-frontend/node_modules/@radix-ui/react-collection/dist/index.mjs:27:15
    at file:///Users/C5406081/developer-portal-frontend/node_modules/@radix-ui/react-select/dist/index.mjs:711:13
    at div
    at file:///Users/C5406081/developer-portal-frontend/node_modules/@radix-ui/react-collection/node_modules/@radix-ui/react-slot/dist/index.mjs:33:13
    at file:///Users/C5406081/developer-portal-frontend/node_modules/@radix-ui/react-collection/node_modules/@radix-ui/react-slot/dist/index.mjs:9:13
    at file:///Users/C5406081/developer-portal-frontend/node_modules/@radix-ui/react-collection/dist/index.mjs:27:15
    at Provider (file:///Users/C5406081/developer-portal-frontend/node_modules/@radix-ui/react-context/dist/index.mjs:27:15)
    at file:///Users/C5406081/developer-portal-frontend/node_modules/@radix-ui/react-select/dist/index.mjs:256:58
    at file:///Users/C5406081/developer-portal-frontend/node_modules/@radix-ui/react-primitive/node_modules/@radix-ui/react-slot/dist/index.mjs:33:13
    at file:///Users/C5406081/developer-portal-frontend/node_modules/@radix-ui/react-primitive/node_modules/@radix-ui/react-slot/dist/index.mjs:9:13
    at file:///Users/C5406081/developer-portal-frontend/node_modules/@radix-ui/react-primitive/dist/index.mjs:28:13
    at file:///Users/C5406081/developer-portal-frontend/node_modules/@radix-ui/react-portal/dist/index.mjs:11:22
    at SelectPortal
    at /Users/C5406081/developer-portal-frontend/src/components/ui/select.tsx:96:59
    at Provider (file:///Users/C5406081/developer-portal-frontend/node_modules/@radix-ui/react-context/dist/index.mjs:27:15)
    at Provider (file:///Users/C5406081/developer-portal-frontend/node_modules/@radix-ui/react-context/dist/index.mjs:27:15)
    at CollectionProvider (file:///Users/C5406081/developer-portal-frontend/node_modules/@radix-ui/react-collection/dist/index.mjs:17:13)
    at Provider (file:///Users/C5406081/developer-portal-frontend/node_modules/@radix-ui/react-context/dist/index.mjs:27:15)
    at Provider (file:///Users/C5406081/developer-portal-frontend/node_modules/@radix-ui/react-context/dist/index.mjs:27:15)
    at Popper (file:///Users/C5406081/developer-portal-frontend/node_modules/@radix-ui/react-popper/dist/index.mjs:30:11)
    at Select (file:///Users/C5406081/developer-portal-frontend/node_modules/@radix-ui/react-select/dist/index.mjs:42:5)
    at div
    at div
    at file:///Users/C5406081/developer-portal-frontend/node_modules/@radix-ui/react-primitive/dist/index.mjs:28:13
    at file:///Users/C5406081/developer-portal-frontend/node_modules/@radix-ui/react-dismissable-layer/dist/index.mjs:24:7
    at file:///Users/C5406081/developer-portal-frontend/node_modules/@radix-ui/react-primitive/node_modules/@radix-ui/react-slot/dist/index.mjs:33:13
    at file:///Users/C5406081/developer-portal-frontend/node_modules/@radix-ui/react-primitive/node_modules/@radix-ui/react-slot/dist/index.mjs:9:13
    at file:///Users/C5406081/developer-portal-frontend/node_modules/@radix-ui/react-primitive/dist/index.mjs:28:13
    at file:///Users/C5406081/developer-portal-frontend/node_modules/@radix-ui/react-focus-scope/dist/index.mjs:15:5
    at file:///Users/C5406081/developer-portal-frontend/node_modules/@radix-ui/react-dialog/dist/index.mjs:206:13
    at file:///Users/C5406081/developer-portal-frontend/node_modules/@radix-ui/react-dialog/dist/index.mjs:132:58
    at Presence (file:///Users/C5406081/developer-portal-frontend/node_modules/@radix-ui/react-presence/dist/index.mjs:19:11)
    at file:///Users/C5406081/developer-portal-frontend/node_modules/@radix-ui/react-dialog/dist/index.mjs:123:64
    at file:///Users/C5406081/developer-portal-frontend/node_modules/@radix-ui/react-primitive/node_modules/@radix-ui/react-slot/dist/index.mjs:33:13
    at file:///Users/C5406081/developer-portal-frontend/node_modules/@radix-ui/react-primitive/node_modules/@radix-ui/react-slot/dist/index.mjs:9:13
    at file:///Users/C5406081/developer-portal-frontend/node_modules/@radix-ui/react-primitive/dist/index.mjs:28:13
    at file:///Users/C5406081/developer-portal-frontend/node_modules/@radix-ui/react-portal/dist/index.mjs:11:22
    at Presence (file:///Users/C5406081/developer-portal-frontend/node_modules/@radix-ui/react-presence/dist/index.mjs:19:11)
    at Provider (file:///Users/C5406081/developer-portal-frontend/node_modules/@radix-ui/react-context/dist/index.mjs:27:15)
    at DialogPortal (file:///Users/C5406081/developer-portal-frontend/node_modules/@radix-ui/react-dialog/dist/index.mjs:85:11)
    at /Users/C5406081/developer-portal-frontend/src/components/ui/dialog.tsx:35:59
    at Provider (file:///Users/C5406081/developer-portal-frontend/node_modules/@radix-ui/react-context/dist/index.mjs:27:15)
    at Dialog (file:///Users/C5406081/developer-portal-frontend/node_modules/@radix-ui/react-dialog/dist/index.mjs:25:5)
    at CreateDeploymentDialog (/Users/C5406081/developer-portal-frontend/src/components/AILaunchpad/CreateDeploymentDialog.tsx:24:3)
Warning: An update to FocusScope inside a test was not wrapped in act(...).

When testing, code that causes React state updates should be wrapped into act(...):

act(() => {
  /* fire events that update state */
});
/* assert on the output */

This ensures that you're testing the behavior the user would see in the browser. Learn more at https://reactjs.org/link/wrap-tests-with-act
    at file:///Users/C5406081/developer-portal-frontend/node_modules/@radix-ui/react-focus-scope/dist/index.mjs:15:5
    at file:///Users/C5406081/developer-portal-frontend/node_modules/@radix-ui/react-dialog/dist/index.mjs:206:13
    at file:///Users/C5406081/developer-portal-frontend/node_modules/@radix-ui/react-dialog/dist/index.mjs:132:58
    at Presence (file:///Users/C5406081/developer-portal-frontend/node_modules/@radix-ui/react-presence/dist/index.mjs:19:11)
    at file:///Users/C5406081/developer-portal-frontend/node_modules/@radix-ui/react-dialog/dist/index.mjs:123:64
    at file:///Users/C5406081/developer-portal-frontend/node_modules/@radix-ui/react-primitive/node_modules/@radix-ui/react-slot/dist/index.mjs:33:13
    at file:///Users/C5406081/developer-portal-frontend/node_modules/@radix-ui/react-primitive/node_modules/@radix-ui/react-slot/dist/index.mjs:9:13
    at file:///Users/C5406081/developer-portal-frontend/node_modules/@radix-ui/react-primitive/dist/index.mjs:28:13
    at file:///Users/C5406081/developer-portal-frontend/node_modules/@radix-ui/react-portal/dist/index.mjs:11:22
    at Presence (file:///Users/C5406081/developer-portal-frontend/node_modules/@radix-ui/react-presence/dist/index.mjs:19:11)
    at Provider (file:///Users/C5406081/developer-portal-frontend/node_modules/@radix-ui/react-context/dist/index.mjs:27:15)
    at DialogPortal (file:///Users/C5406081/developer-portal-frontend/node_modules/@radix-ui/react-dialog/dist/index.mjs:85:11)
    at /Users/C5406081/developer-portal-frontend/src/components/ui/dialog.tsx:35:59
    at Provider (file:///Users/C5406081/developer-portal-frontend/node_modules/@radix-ui/react-context/dist/index.mjs:27:15)
    at Dialog (file:///Users/C5406081/developer-portal-frontend/node_modules/@radix-ui/react-dialog/dist/index.mjs:25:5)
    at CreateDeploymentDialog (/Users/C5406081/developer-portal-frontend/src/components/AILaunchpad/CreateDeploymentDialog.tsx:24:3)
Warning: An update to Presence inside a test was not wrapped in act(...).

When testing, code that causes React state updates should be wrapped into act(...):

act(() => {
  /* fire events that update state */
});
/* assert on the output */

This ensures that you're testing the behavior the user would see in the browser. Learn more at https://reactjs.org/link/wrap-tests-with-act
    at Presence (file:///Users/C5406081/developer-portal-frontend/node_modules/@radix-ui/react-presence/dist/index.mjs:19:11)
    at file:///Users/C5406081/developer-portal-frontend/node_modules/@radix-ui/react-dialog/dist/index.mjs:123:64
    at file:///Users/C5406081/developer-portal-frontend/node_modules/@radix-ui/react-primitive/node_modules/@radix-ui/react-slot/dist/index.mjs:33:13
    at file:///Users/C5406081/developer-portal-frontend/node_modules/@radix-ui/react-primitive/node_modules/@radix-ui/react-slot/dist/index.mjs:9:13
    at file:///Users/C5406081/developer-portal-frontend/node_modules/@radix-ui/react-primitive/dist/index.mjs:28:13
    at file:///Users/C5406081/developer-portal-frontend/node_modules/@radix-ui/react-portal/dist/index.mjs:11:22
    at Presence (file:///Users/C5406081/developer-portal-frontend/node_modules/@radix-ui/react-presence/dist/index.mjs:19:11)
    at Provider (file:///Users/C5406081/developer-portal-frontend/node_modules/@radix-ui/react-context/dist/index.mjs:27:15)
    at DialogPortal (file:///Users/C5406081/developer-portal-frontend/node_modules/@radix-ui/react-dialog/dist/index.mjs:85:11)
    at /Users/C5406081/developer-portal-frontend/src/components/ui/dialog.tsx:35:59
    at Provider (file:///Users/C5406081/developer-portal-frontend/node_modules/@radix-ui/react-context/dist/index.mjs:27:15)
    at Dialog (file:///Users/C5406081/developer-portal-frontend/node_modules/@radix-ui/react-dialog/dist/index.mjs:25:5)
    at CreateDeploymentDialog (/Users/C5406081/developer-portal-frontend/src/components/AILaunchpad/CreateDeploymentDialog.tsx:24:3)
Warning: An update to Presence inside a test was not wrapped in act(...).

When testing, code that causes React state updates should be wrapped into act(...):

act(() => {
  /* fire events that update state */
});
/* assert on the output */

This ensures that you're testing the behavior the user would see in the browser. Learn more at https://reactjs.org/link/wrap-tests-with-act
    at Presence (file:///Users/C5406081/developer-portal-frontend/node_modules/@radix-ui/react-presence/dist/index.mjs:19:11)
    at Provider (file:///Users/C5406081/developer-portal-frontend/node_modules/@radix-ui/react-context/dist/index.mjs:27:15)
    at DialogPortal (file:///Users/C5406081/developer-portal-frontend/node_modules/@radix-ui/react-dialog/dist/index.mjs:85:11)
    at /Users/C5406081/developer-portal-frontend/src/components/ui/dialog.tsx:35:59
    at Provider (file:///Users/C5406081/developer-portal-frontend/node_modules/@radix-ui/react-context/dist/index.mjs:27:15)
    at Dialog (file:///Users/C5406081/developer-portal-frontend/node_modules/@radix-ui/react-dialog/dist/index.mjs:25:5)
    at CreateDeploymentDialog (/Users/C5406081/developer-portal-frontend/src/components/AILaunchpad/CreateDeploymentDialog.tsx:24:3)
Warning: An update to DismissableLayer inside a test was not wrapped in act(...).

When testing, code that causes React state updates should be wrapped into act(...):

act(() => {
  /* fire events that update state */
});
/* assert on the output */

This ensures that you're testing the behavior the user would see in the browser. Learn more at https://reactjs.org/link/wrap-tests-with-act
    at file:///Users/C5406081/developer-portal-frontend/node_modules/@radix-ui/react-dismissable-layer/dist/index.mjs:24:7
    at file:///Users/C5406081/developer-portal-frontend/node_modules/@radix-ui/react-primitive/node_modules/@radix-ui/react-slot/dist/index.mjs:33:13
    at file:///Users/C5406081/developer-portal-frontend/node_modules/@radix-ui/react-primitive/node_modules/@radix-ui/react-slot/dist/index.mjs:9:13
    at file:///Users/C5406081/developer-portal-frontend/node_modules/@radix-ui/react-primitive/dist/index.mjs:28:13
    at file:///Users/C5406081/developer-portal-frontend/node_modules/@radix-ui/react-focus-scope/dist/index.mjs:15:5
    at file:///Users/C5406081/developer-portal-frontend/node_modules/@radix-ui/react-dialog/dist/index.mjs:206:13
    at file:///Users/C5406081/developer-portal-frontend/node_modules/@radix-ui/react-dialog/dist/index.mjs:132:58
    at Presence (file:///Users/C5406081/developer-portal-frontend/node_modules/@radix-ui/react-presence/dist/index.mjs:19:11)
    at file:///Users/C5406081/developer-portal-frontend/node_modules/@radix-ui/react-dialog/dist/index.mjs:123:64
    at file:///Users/C5406081/developer-portal-frontend/node_modules/@radix-ui/react-primitive/node_modules/@radix-ui/react-slot/dist/index.mjs:33:13
    at file:///Users/C5406081/developer-portal-frontend/node_modules/@radix-ui/react-primitive/node_modules/@radix-ui/react-slot/dist/index.mjs:9:13
    at file:///Users/C5406081/developer-portal-frontend/node_modules/@radix-ui/react-primitive/dist/index.mjs:28:13
    at file:///Users/C5406081/developer-portal-frontend/node_modules/@radix-ui/react-portal/dist/index.mjs:11:22
    at Presence (file:///Users/C5406081/developer-portal-frontend/node_modules/@radix-ui/react-presence/dist/index.mjs:19:11)
    at Provider (file:///Users/C5406081/developer-portal-frontend/node_modules/@radix-ui/react-context/dist/index.mjs:27:15)
    at DialogPortal (file:///Users/C5406081/developer-portal-frontend/node_modules/@radix-ui/react-dialog/dist/index.mjs:85:11)
    at /Users/C5406081/developer-portal-frontend/src/components/ui/dialog.tsx:35:59
    at Provider (file:///Users/C5406081/developer-portal-frontend/node_modules/@radix-ui/react-context/dist/index.mjs:27:15)
    at Dialog (file:///Users/C5406081/developer-portal-frontend/node_modules/@radix-ui/react-dialog/dist/index.mjs:25:5)
    at CreateDeploymentDialog (/Users/C5406081/developer-portal-frontend/src/components/AILaunchpad/CreateDeploymentDialog.tsx:24:3)

 ✓ tests/components/ai-launchpad/CreateDeploymentDialog.test.tsx (16 tests) 788ms
 ✓ tests/components/ComponentCard/ComponentHeader.test.tsx (13 tests) 132ms
 ✓ tests/components/ComponentViewApi.test.tsx (13 tests) 55ms
stderr | tests/components/HealthStatusFilter.test.tsx > HealthStatusFilter > Accessibility > should support Space key activation
Warning: An update to Tooltip inside a test was not wrapped in act(...).

When testing, code that causes React state updates should be wrapped into act(...):

act(() => {
  /* fire events that update state */
});
/* assert on the output */

This ensures that you're testing the behavior the user would see in the browser. Learn more at https://reactjs.org/link/wrap-tests-with-act
    at Tooltip (file:///Users/C5406081/developer-portal-frontend/node_modules/@radix-ui/react-tooltip/dist/index.mjs:73:5)
    at Provider (file:///Users/C5406081/developer-portal-frontend/node_modules/@radix-ui/react-context/dist/index.mjs:27:15)
    at TooltipProvider (file:///Users/C5406081/developer-portal-frontend/node_modules/@radix-ui/react-tooltip/dist/index.mjs:29:5)
    at HealthStatusFilter (/Users/C5406081/developer-portal-frontend/src/components/HealthStatusFilter.tsx:9:31)

 ✓ tests/components/homepage/QuickLinkFormDialog.test.tsx (16 tests) 165ms
stdout | tests/components/HealthStatusFilter.test.tsx > HealthStatusFilter > Edge Cases > should work with different onToggle implementations
Toggling to: [33mtrue[39m

 ✓ tests/components/HealthStatusFilter.test.tsx (20 tests) 455ms
stderr | tests/components/dialogs/MoveMemberDialog.test.tsx > MoveMemberDialog Component > Rendering > should render dialog with all essential elements
Warning: Missing `Description` or `aria-describedby={undefined}` for {DialogContent}.

stderr | tests/components/dialogs/MoveMemberDialog.test.tsx > MoveMemberDialog Component > Rendering > should render member avatar or initials
Warning: Missing `Description` or `aria-describedby={undefined}` for {DialogContent}.

stderr | tests/components/dialogs/MoveMemberDialog.test.tsx > MoveMemberDialog Component > Rendering > should control dialog visibility based on open prop
Warning: Missing `Description` or `aria-describedby={undefined}` for {DialogContent}.

stderr | tests/components/dialogs/MoveMemberDialog.test.tsx > MoveMemberDialog Component > Team Selection > should show available teams excluding current team
Warning: Missing `Description` or `aria-describedby={undefined}` for {DialogContent}.

stderr | tests/components/dialogs/MoveMemberDialog.test.tsx > MoveMemberDialog Component > Team Selection > should handle no available teams
Warning: Missing `Description` or `aria-describedby={undefined}` for {DialogContent}.

stderr | tests/components/dialogs/MoveMemberDialog.test.tsx > MoveMemberDialog Component > Team Selection > should update selected team and enable move button
Warning: Missing `Description` or `aria-describedby={undefined}` for {DialogContent}.

stderr | tests/components/dialogs/MoveMemberDialog.test.tsx > MoveMemberDialog Component > User Interactions > should call onOpenChange when cancel button is clicked
Warning: Missing `Description` or `aria-describedby={undefined}` for {DialogContent}.

stderr | tests/components/dialogs/MoveMemberDialog.test.tsx > MoveMemberDialog Component > User Interactions > should call onMove with correct parameters when move button is clicked
Warning: Missing `Description` or `aria-describedby={undefined}` for {DialogContent}.

stderr | tests/components/dialogs/MoveMemberDialog.test.tsx > MoveMemberDialog Component > User Interactions > should reset selection when dialog is closed and reopened
Warning: Missing `Description` or `aria-describedby={undefined}` for {DialogContent}.

stderr | tests/components/dialogs/MoveMemberDialog.test.tsx > MoveMemberDialog Component > User Interactions > should reset selection when dialog is closed and reopened
Warning: Missing `Description` or `aria-describedby={undefined}` for {DialogContent}.

 ❯ tests/services/authService.test.ts (16 tests | 1 failed) 14ms
   ✓ authService > authService > should store return URL in sessionStorage by default 2ms
   ✓ authService > authService > should not store return URL when storeReturnUrl is false 0ms
   ✓ authService > authService > should use current URL when returnUrl is not provided 0ms
   × authService > authService > should open popup with correct URL and parameters 6ms
     → expected "spy" to be called with arguments: [ …(3) ][90m

Received: 

[1m  1st spy call:

[22m[2m  [[22m
[2m    "http://localhost:7008/api/auth/githubtools/start",[22m
[32m-   "auth-popup",[90m
[31m+   "auth-popup-githubtools",[90m
[2m    "width=500,height=600,scrollbars=yes,resizable=yes,menubar=no,toolbar=no,location=no,status=no",[22m
[2m  ][22m
[39m[90m

Number of calls: [1m1[22m
[39m
   ✓ authService > authService > should redirect to auth URL when popup is blocked 0ms
   ✓ authService > authService > should handle message event from popup with success 1ms
   ✓ authService > authService > should handle message event from popup with failure 1ms
   ✓ authService > authService > should ignore messages from wrong origin 0ms
   ✓ authService > checkAuthStatus > should return user data when authenticated 1ms
   ✓ authService > checkAuthStatus > should return null when not authenticated 0ms
   ✓ authService > checkAuthStatus > should return null and log error on network failure 0ms
   ✓ authService > checkAuthStatus > should include correct headers in the request 0ms
   ✓ authService > logoutUser > should call logout endpoint with correct parameters 0ms
   ✓ authService > logoutUser > should handle successful logout 0ms
   ✓ authService > logoutUser > should handle network failure gracefully and still clear storage 0ms
   ✓ authService > logoutUser > should include correct headers in the request 0ms
stderr | tests/components/dialogs/MoveMemberDialog.test.tsx > MoveMemberDialog Component > Loading State > should show loading state and disable buttons when isLoading is true
Warning: Missing `Description` or `aria-describedby={undefined}` for {DialogContent}.

stderr | tests/components/dialogs/MoveMemberDialog.test.tsx > MoveMemberDialog Component > Edge Cases > should handle null member gracefully
Warning: Missing `Description` or `aria-describedby={undefined}` for {DialogContent}.

stderr | tests/components/dialogs/MoveMemberDialog.test.tsx > MoveMemberDialog Component > Edge Cases > should generate correct initials for different name formats
Warning: Missing `Description` or `aria-describedby={undefined}` for {DialogContent}.
Warning: Missing `Description` or `aria-describedby={undefined}` for {DialogContent}.
Warning: Missing `Description` or `aria-describedby={undefined}` for {DialogContent}.

 ✓ tests/components/AppliedFilters.test.tsx (20 tests) 203ms
stderr | tests/components/dialogs/MoveMemberDialog.test.tsx > MoveMemberDialog Component > Edge Cases > should handle special characters in team names
Warning: Missing `Description` or `aria-describedby={undefined}` for {DialogContent}.

 ✓ tests/components/homepage/JiraIssuesTab.test.tsx (13 tests) 85ms
stderr | tests/components/dialogs/MoveMemberDialog.test.tsx > MoveMemberDialog Component > Accessibility > should have proper accessibility attributes
Warning: Missing `Description` or `aria-describedby={undefined}` for {DialogContent}.

 ✓ tests/components/dialogs/MoveMemberDialog.test.tsx (14 tests) 829ms
 ✓ tests/hooks/useProjectSync.test.ts (17 tests) 18ms
stderr | tests/pages/TeamsPage/TeamsPage.test.tsx > TeamsPage > Loading States > displays loading spinner when teams are loading
⚠️ React Router Future Flag Warning: React Router will begin wrapping state updates in `React.startTransition` in v7. You can use the `v7_startTransition` future flag to opt-in early. For more information, see https://reactrouter.com/v6/upgrading/future#v7_starttransition.
⚠️ React Router Future Flag Warning: Relative route resolution within Splat routes is changing in v7. You can use the `v7_relativeSplatPath` future flag to opt-in early. For more information, see https://reactrouter.com/v6/upgrading/future#v7_relativesplatpath.

 ✓ tests/pages/TeamsPage/TeamsPage.test.tsx (8 tests) 34ms
 ✓ tests/components/TriggeredAlerts/FilterButtons.test.tsx (13 tests) 134ms
 ✓ tests/components/Alerts/AlertViewDialog.test.tsx (9 tests) 325ms
 ✓ tests/components/dialogs/UploadDialog.test.tsx (16 tests) 494ms
 ✓ tests/components/CircuitBreakerSection.test.tsx (12 tests) 66ms
 ✓ tests/components/ComponentView/ComponentHeader.test.tsx (7 tests) 118ms
stderr | tests/components/docs/DocsRawEditor.test.tsx > DocsRawEditor > should handle save errors gracefully
Failed to save file: Error: Save failed
    at [90m/Users/C5406081/developer-portal-frontend/[39mtests/components/docs/DocsRawEditor.test.tsx:98:19
    at [90mfile:///Users/C5406081/developer-portal-frontend/[39mnode_modules/[4m@vitest[24m/runner/dist/chunk-hooks.js:155:11
    at [90mfile:///Users/C5406081/developer-portal-frontend/[39mnode_modules/[4m@vitest[24m/runner/dist/chunk-hooks.js:752:26
    at [90mfile:///Users/C5406081/developer-portal-frontend/[39mnode_modules/[4m@vitest[24m/runner/dist/chunk-hooks.js:1897:20
    at new Promise (<anonymous>)
    at runWithTimeout [90m(file:///Users/C5406081/developer-portal-frontend/[39mnode_modules/[4m@vitest[24m/runner/dist/chunk-hooks.js:1863:10[90m)[39m
    at runTest [90m(file:///Users/C5406081/developer-portal-frontend/[39mnode_modules/[4m@vitest[24m/runner/dist/chunk-hooks.js:1574:12[90m)[39m
    at runSuite [90m(file:///Users/C5406081/developer-portal-frontend/[39mnode_modules/[4m@vitest[24m/runner/dist/chunk-hooks.js:1729:8[90m)[39m
    at runSuite [90m(file:///Users/C5406081/developer-portal-frontend/[39mnode_modules/[4m@vitest[24m/runner/dist/chunk-hooks.js:1729:8[90m)[39m
    at runFiles [90m(file:///Users/C5406081/developer-portal-frontend/[39mnode_modules/[4m@vitest[24m/runner/dist/chunk-hooks.js:1787:3[90m)[39m

 ✓ tests/components/ComponentViewOverview.test.tsx (7 tests) 28ms
 ✓ tests/components/docs/DocsRawEditor.test.tsx (12 tests) 424ms
 ✓ tests/utils/member-utils.test.ts (14 tests) 15ms
 ✓ tests/components/SettingsDialog/CustomizationAppearanceSettings.test.tsx (9 tests) 41ms
 ✓ tests/components/ai-arena/AILeftPane.test.tsx (6 tests) 402ms
 ✓ tests/components/ComponentCard/QualityMetricsGrid.test.tsx (9 tests) 37ms
 ✓ tests/services/LandscapesApi.test.ts (10 tests) 4ms
 ✓ tests/components/ComponentsTabContent.test.tsx (14 tests) 147ms
 ✓ tests/components/ai-arena/DeploymentSelector.test.tsx (6 tests) 170ms
 ✓ tests/utils/schedule-utils.test.ts (19 tests) 3ms
 ✓ tests/components/DeveloperPortalHeader/UserProfileDropdown.test.tsx (9 tests) 39ms
 ✓ tests/components/docs/DocsTableOfContents.test.tsx (11 tests) 228ms
 ✓ tests/components/ComponentCard/SystemInfoBadges.test.tsx (11 tests) 28ms
 ✓ tests/components/ComponentCard/HealthStatusBadge.test.tsx (9 tests) 31ms
 ✓ tests/components/ComponentView/InfrastructureCard.test.tsx (7 tests) 39ms
 ✓ tests/pages/plugins/PageSkeleton.test.tsx (21 tests) 52ms
 ✓ tests/features/docs/components/DeleteConfirmDialog.test.tsx (15 tests) 450ms
stderr | tests/components/homepage/GithubPrsTab.test.tsx
❌ Failed to refresh token: Error: Token refresh failed: 401 Unauthorized
    at [90m/Users/C5406081/developer-portal-frontend/[39msrc/services/ApiClient.ts:180:17
[90m    at processTicksAndRejections (node:internal/process/task_queues:95:5)[39m

 ❯ tests/components/homepage/GithubPrsTab.test.tsx (14 tests | 10 failed) 384ms
   ✓ GithubPrsTab > renders status filter and quick filter buttons 69ms
   × GithubPrsTab > displays pull requests in table 24ms
     → Unable to find an element with the text: Fix authentication bug. This could be because the text is broken up by multiple elements. In this case, you can provide a function for your text matcher to make your matcher more flexible.

Ignored nodes: comments, script, style
[36m<body>[39m
  [36m<div>[39m
    [36m<div[39m
      [33mclass[39m=[32m"flex flex-col px-6 pt-4 pb-6 space-y-3 h-full"[39m
    [36m>[39m
      [36m<div[39m
        [33mclass[39m=[32m"flex items-center gap-4"[39m
      [36m>[39m
        [36m<div[39m
          [33mclass[39m=[32m"flex items-center gap-2"[39m
        [36m>[39m
          [36m<div[39m
            [33mclass[39m=[32m"text-sm"[39m
          [36m>[39m
            [0mStatus[0m
          [36m</div>[39m
          [36m<button[39m
            [33maria-autocomplete[39m=[32m"none"[39m
            [33maria-controls[39m=[32m"radix-:r4:"[39m
            [33maria-expanded[39m=[32m"false"[39m
            [33mclass[39m=[32m"flex h-10 items-center justify-between rounded-md border border-input bg-background px-3 py-2 text-sm ring-offset-background placeholder:text-muted-foreground focus:outline-none focus:ring-2 focus:ring-ring focus:ring-offset-2 disabled:cursor-not-allowed disabled:opacity-50 [&>span]:line-clamp-1 w-[160px]"[39m
            [33mdata-state[39m=[32m"closed"[39m
            [33mdir[39m=[32m"ltr"[39m
            [33mrole[39m=[32m"combobox"[39m
            [33mtype[39m=[32m"button"[39m
          [36m>[39m
            [36m<span[39m
              [33mstyle[39m=[32m"pointer-events: none;"[39m
            [36m>[39m
              [0mOpen[0m
            [36m</span>[39m
            [36m<div[39m
              [33mdata-testid[39m=[32m"chevron-down-icon"[39m
            [36m/>[39m
          [36m</button>[39m
        [36m</div>[39m
        [36m<div[39m
          [33mdata-testid[39m=[32m"quick-filter-buttons"[39m
        [36m>[39m
          [36m<button[39m
            [33mclass[39m=[32m"active"[39m
            [33mdata-testid[39m=[32m"filter-tools"[39m
          [36m>[39m
            [0mTools[0m
          [36m</button>[39m
          [36m<button[39m
            [33mclass[39m=[32m""[39m
            [33mdata-testid[39m=[32m"filter-wdf"[39m
          [36m>[39m
            [0mWDF[0m
          [36m</button>[39m
          [36m<button[39m
            [33mclass[39m=[32m""[39m
            [33mdata-testid[39m=[32m"filter-both"[39m
          [36m>[39m
            [0mBoth[0m
          [36m</button>[39m
        [36m</div>[39m
      [36m</div>[39m
      [36m<div[39m
        [33mclass[39m=[32m"rounded-md border overflow-hidden flex-1 overflow-y-auto"[39m
      [36m>[39m
        [36m<div[39m
          [33mclass[39m=[32m"relative w-full overflow-auto"[39m
        [36m>[39m
          [36m<table[39m
            [33mclass[39m=[32m"w-full caption-bottom text-sm"[39m
          [36m>[39m
            [36m<thead[39m
              [33mclass[39m=[32m"[&_tr]:border-b"[39m
            [36m>[39m
              [36m<tr[39m
                [33mclass[39m=[32m"border-b transition-colors hover:bg-muted/50 data-[state=selected]:bg-muted"[39m
              [36m>[39m
                [36m<th[39m
                  [33mclass[39m=[32m"h-12 px-4 text-left align-middle font-medium text-muted-foreground [&:has([role=checkbox])]:pr-0"[39m
                [36m>[39m
                  [0mRepository[0m
                [36m</th>[39m
                [36m<th[39m
                  [33mclass[39m=[32m"h-12 px-4 text-left align-middle font-medium text-muted-foreground [&:has([role=checkbox])]:pr-0"[39m
                [36m>[39m
                  [0mTitle[0m
                [36m</th>[39m
                [36m<th[39m
                  [33mclass[39m=[32m"h-12 px-4 text-left align-middle font-medium text-muted-foreground [&:has([role=checkbox])]:pr-0"[39m
                [36m>[39m
                  [0mStatus[0m
                [36m</th>[39m
                [36m<th[39m
                  [33mclass[39m=[32m"h-12 px-4 text-left align-middle font-medium text-muted-foreground [&:has([role=checkbox])]:pr-0"[39m
                [36m>[39m
                  [0mUpdated[0m
                [36m</th>[39m
                [36m<th[39m
                  [33mclass[39m=[32m"h-12 px-4 align-middle font-medium text-muted-foreground [&:has([role=checkbox])]:pr-0 text-right"[39m
                [36m>[39m
                  [0mActions[0m
                [36m</th>[39m
              [36m</tr>[39m
            [36m</thead>[39m
            [36m<tbody[39m
              [33mclass[39m=[32m"[&_tr:last-child]:border-0"[39m
            [36m>[39m
              [36m<tr[39m
                [33mclass[39m=[32m"border-b transition-colors hover:bg-muted/50 data-[state=selected]:bg-muted"[39m
              [36m>[39m
                [36m<td[39m
                  [33mclass[39m=[32m"p-4 align-middle [&:has([role=checkbox])]:pr-0 text-center py-8"[39m
                  [33mcolspan[39m=[32m"5"[39m
                [36m>[39m
                  [36m<div[39m
                    [33mdata-testid[39m=[32m"loader-icon"[39m
                  [36m/>[39m
                [36m</td>[39m
              [36m</tr>[39m
            [36m</tbody>[39m
          [36m</table>[39m
        [36m</div>[39m
      [36m</div>[39m
      [36m<div[39m
        [33mclass[39m=[32m"flex items-center justify-between"[39m
      [36m>[39m
        [36m<div[39m
          [33mclass[39m=[32m"text-sm text-muted-foreground"[39m
        [36m>[39m
          [0mPage [0m
          [0m1[0m
          [0m / [0m
          [0m1[0m
          [0m [0m
        [36m</div>[39m
        [36m<div[39m
          [33mclass[39m=[32m"flex gap-2"[39m
        [36m>[39m
          [36m<button[39m
            [33mclass[39m=[32m"inline-flex items-center justify-center gap-2 whitespace-nowrap text-sm font-medium ring-offset-background transition-colors focus-visible:outline-none focus-visible:ring-2 focus-visible:ring-ring focus-visible:ring-offset-2 disabled:pointer-events-none disabled:opacity-50 [&_svg]:pointer-events-none [&_svg]:size-4 [&_svg]:shrink-0 border border-input bg-background hover:bg-accent hover:text-accent-foreground h-9 rounded-md px-3"[39m
            [33mdisabled[39m=[32m""[39m
          [36m>[39m
            [0mPrev[0m
          [36m</button>[39m
          [36m<button[39m
            [33mclass[39m=[32m"inline-flex items-center justify-center gap-2 whitespace-nowrap text-sm font-medium ring-offset-background transition-colors focus-visible:outline-none focus-visible:ring-2 focus-visible:ring-ring focus-visible:ring-offset-2 disabled:pointer-events-none disabled:opacity-50 [&_svg]:pointer-events-none [&_svg]:size-4 [&_svg]:shrink-0 border border-input bg-background hover:bg-accent hover:text-accent-foreground h-9 rounded-md px-3"[39m
            [33mdisabled[39m=[32m""[39m
          [36m>[39m
            [0mNext[0m
          [36m</button>[39m
        [36m</div>[39m
      [36m</div>[39m
    [36m</div>[39m
  [36m</div>[39m
[36m</body>[39m
   ✓ GithubPrsTab > shows loading state 12ms
   × GithubPrsTab > shows error state 17ms
     → Unable to find an element with the text: Error loading pull requests: Failed to load PRs. This could be because the text is broken up by multiple elements. In this case, you can provide a function for your text matcher to make your matcher more flexible.

Ignored nodes: comments, script, style
[36m<body>[39m
  [36m<div>[39m
    [36m<div[39m
      [33mclass[39m=[32m"flex flex-col px-6 pt-4 pb-6 space-y-3 h-full"[39m
    [36m>[39m
      [36m<div[39m
        [33mclass[39m=[32m"flex items-center gap-4"[39m
      [36m>[39m
        [36m<div[39m
          [33mclass[39m=[32m"flex items-center gap-2"[39m
        [36m>[39m
          [36m<div[39m
            [33mclass[39m=[32m"text-sm"[39m
          [36m>[39m
            [0mStatus[0m
          [36m</div>[39m
          [36m<button[39m
            [33maria-autocomplete[39m=[32m"none"[39m
            [33maria-controls[39m=[32m"radix-:rc:"[39m
            [33maria-expanded[39m=[32m"false"[39m
            [33mclass[39m=[32m"flex h-10 items-center justify-between rounded-md border border-input bg-background px-3 py-2 text-sm ring-offset-background placeholder:text-muted-foreground focus:outline-none focus:ring-2 focus:ring-ring focus:ring-offset-2 disabled:cursor-not-allowed disabled:opacity-50 [&>span]:line-clamp-1 w-[160px]"[39m
            [33mdata-state[39m=[32m"closed"[39m
            [33mdir[39m=[32m"ltr"[39m
            [33mrole[39m=[32m"combobox"[39m
            [33mtype[39m=[32m"button"[39m
          [36m>[39m
            [36m<span[39m
              [33mstyle[39m=[32m"pointer-events: none;"[39m
            [36m>[39m
              [0mOpen[0m
            [36m</span>[39m
            [36m<div[39m
              [33mdata-testid[39m=[32m"chevron-down-icon"[39m
            [36m/>[39m
          [36m</button>[39m
        [36m</div>[39m
        [36m<div[39m
          [33mdata-testid[39m=[32m"quick-filter-buttons"[39m
        [36m>[39m
          [36m<button[39m
            [33mclass[39m=[32m"active"[39m
            [33mdata-testid[39m=[32m"filter-tools"[39m
          [36m>[39m
            [0mTools[0m
          [36m</button>[39m
          [36m<button[39m
            [33mclass[39m=[32m""[39m
            [33mdata-testid[39m=[32m"filter-wdf"[39m
          [36m>[39m
            [0mWDF[0m
          [36m</button>[39m
          [36m<button[39m
            [33mclass[39m=[32m""[39m
            [33mdata-testid[39m=[32m"filter-both"[39m
          [36m>[39m
            [0mBoth[0m
          [36m</button>[39m
        [36m</div>[39m
      [36m</div>[39m
      [36m<div[39m
        [33mclass[39m=[32m"rounded-md border overflow-hidden flex-1 overflow-y-auto"[39m
      [36m>[39m
        [36m<div[39m
          [33mclass[39m=[32m"relative w-full overflow-auto"[39m
        [36m>[39m
          [36m<table[39m
            [33mclass[39m=[32m"w-full caption-bottom text-sm"[39m
          [36m>[39m
            [36m<thead[39m
              [33mclass[39m=[32m"[&_tr]:border-b"[39m
            [36m>[39m
              [36m<tr[39m
                [33mclass[39m=[32m"border-b transition-colors hover:bg-muted/50 data-[state=selected]:bg-muted"[39m
              [36m>[39m
                [36m<th[39m
                  [33mclass[39m=[32m"h-12 px-4 text-left align-middle font-medium text-muted-foreground [&:has([role=checkbox])]:pr-0"[39m
                [36m>[39m
                  [0mRepository[0m
                [36m</th>[39m
                [36m<th[39m
                  [33mclass[39m=[32m"h-12 px-4 text-left align-middle font-medium text-muted-foreground [&:has([role=checkbox])]:pr-0"[39m
                [36m>[39m
                  [0mTitle[0m
                [36m</th>[39m
                [36m<th[39m
                  [33mclass[39m=[32m"h-12 px-4 text-left align-middle font-medium text-muted-foreground [&:has([role=checkbox])]:pr-0"[39m
                [36m>[39m
                  [0mStatus[0m
                [36m</th>[39m
                [36m<th[39m
                  [33mclass[39m=[32m"h-12 px-4 text-left align-middle font-medium text-muted-foreground [&:has([role=checkbox])]:pr-0"[39m
                [36m>[39m
                  [0mUpdated[0m
                [36m</th>[39m
                [36m<th[39m
                  [33mclass[39m=[32m"h-12 px-4 align-middle font-medium text-muted-foreground [&:has([role=checkbox])]:pr-0 text-right"[39m
                [36m>[39m
                  [0mActions[0m
                [36m</th>[39m
              [36m</tr>[39m
            [36m</thead>[39m
            [36m<tbody[39m
              [33mclass[39m=[32m"[&_tr:last-child]:border-0"[39m
            [36m>[39m
              [36m<tr[39m
                [33mclass[39m=[32m"border-b transition-colors hover:bg-muted/50 data-[state=selected]:bg-muted"[39m
              [36m>[39m
                [36m<td[39m
                  [33mclass[39m=[32m"p-4 align-middle [&:has([role=checkbox])]:pr-0 text-center py-8"[39m
                  [33mcolspan[39m=[32m"5"[39m
                [36m>[39m
                  [36m<div[39m
                    [33mdata-testid[39m=[32m"loader-icon"[39m
                  [36m/>[39m
                [36m</td>[39m
              [36m</tr>[39m
            [36m</tbody>[39m
          [36m</table>[39m
        [36m</div>[39m
      [36m</div>[39m
      [36m<div[39m
        [33mclass[39m=[32m"flex items-center justify-between"[39m
      [36m>[39m
        [36m<div[39m
          [33mclass[39m=[32m"text-sm text-muted-foreground"[39m
        [36m>[39m
          [0mPage [0m
          [0m1[0m
          [0m / [0m
          [0m1[0m
          [0m [0m
        [36m</div>[39m
        [36m<div[39m
          [33mclass[39m=[32m"flex gap-2"[39m
        [36m>[39m
          [36m<button[39m
            [33mclass[39m=[32m"inline-flex items-center justify-center gap-2 whitespace-nowrap text-sm font-medium ring-offset-background transition-colors focus-visible:outline-none focus-visible:ring-2 focus-visible:ring-ring focus-visible:ring-offset-2 disabled:pointer-events-none disabled:opacity-50 [&_svg]:pointer-events-none [&_svg]:size-4 [&_svg]:shrink-0 border border-input bg-background hover:bg-accent hover:text-accent-foreground h-9 rounded-md px-3"[39m
            [33mdisabled[39m=[32m""[39m
          [36m>[39m
            [0mPrev[0m
          [36m</button>[39m
          [36m<button[39m
            [33mclass[39m=[32m"inline-flex items-center justify-center gap-2 whitespace-nowrap text-sm font-medium ring-offset-background transition-colors focus-visible:outline-none focus-visible:ring-2 focus-visible:ring-ring focus-visible:ring-offset-2 disabled:pointer-events-none disabled:opacity-50 [&_svg]:pointer-events-none [&_svg]:size-4 [&_svg]:shrink-0 border border-input bg-background hover:bg-accent hover:text-accent-foreground h-9 rounded-md px-3"[39m
            [33mdisabled[39m=[32m""[39m
          [36m>[39m
            [0mNext[0m
          [36m</button>[39m
        [36m</div>[39m
      [36m</div>[39m
    [36m</div>[39m
  [36m</div>[39m
[36m</body>[39m
   ✓ GithubPrsTab > handles status filter change 120ms
   × GithubPrsTab > displays correct status badges 20ms
     → Unable to find an element with the text: Draft. This could be because the text is broken up by multiple elements. In this case, you can provide a function for your text matcher to make your matcher more flexible.

Ignored nodes: comments, script, style
[36m<body[39m
  [33mstyle[39m=[32m""[39m
[36m>[39m
  [36m<div>[39m
    [36m<div[39m
      [33mclass[39m=[32m"flex flex-col px-6 pt-4 pb-6 space-y-3 h-full"[39m
    [36m>[39m
      [36m<div[39m
        [33mclass[39m=[32m"flex items-center gap-4"[39m
      [36m>[39m
        [36m<div[39m
          [33mclass[39m=[32m"flex items-center gap-2"[39m
        [36m>[39m
          [36m<div[39m
            [33mclass[39m=[32m"text-sm"[39m
          [36m>[39m
            [0mStatus[0m
          [36m</div>[39m
          [36m<button[39m
            [33maria-autocomplete[39m=[32m"none"[39m
            [33maria-controls[39m=[32m"radix-:rn:"[39m
            [33maria-expanded[39m=[32m"false"[39m
            [33mclass[39m=[32m"flex h-10 items-center justify-between rounded-md border border-input bg-background px-3 py-2 text-sm ring-offset-background placeholder:text-muted-foreground focus:outline-none focus:ring-2 focus:ring-ring focus:ring-offset-2 disabled:cursor-not-allowed disabled:opacity-50 [&>span]:line-clamp-1 w-[160px]"[39m
            [33mdata-state[39m=[32m"closed"[39m
            [33mdir[39m=[32m"ltr"[39m
            [33mrole[39m=[32m"combobox"[39m
            [33mtype[39m=[32m"button"[39m
          [36m>[39m
            [36m<span[39m
              [33mstyle[39m=[32m"pointer-events: none;"[39m
            [36m>[39m
              [0mOpen[0m
            [36m</span>[39m
            [36m<div[39m
              [33mdata-testid[39m=[32m"chevron-down-icon"[39m
            [36m/>[39m
          [36m</button>[39m
        [36m</div>[39m
        [36m<div[39m
          [33mdata-testid[39m=[32m"quick-filter-buttons"[39m
        [36m>[39m
          [36m<button[39m
            [33mclass[39m=[32m"active"[39m
            [33mdata-testid[39m=[32m"filter-tools"[39m
          [36m>[39m
            [0mTools[0m
          [36m</button>[39m
          [36m<button[39m
            [33mclass[39m=[32m""[39m
            [33mdata-testid[39m=[32m"filter-wdf"[39m
          [36m>[39m
            [0mWDF[0m
          [36m</button>[39m
          [36m<button[39m
            [33mclass[39m=[32m""[39m
            [33mdata-testid[39m=[32m"filter-both"[39m
          [36m>[39m
            [0mBoth[0m
          [36m</button>[39m
        [36m</div>[39m
      [36m</div>[39m
      [36m<div[39m
        [33mclass[39m=[32m"rounded-md border overflow-hidden flex-1 overflow-y-auto"[39m
      [36m>[39m
        [36m<div[39m
          [33mclass[39m=[32m"relative w-full overflow-auto"[39m
        [36m>[39m
          [36m<table[39m
            [33mclass[39m=[32m"w-full caption-bottom text-sm"[39m
          [36m>[39m
            [36m<thead[39m
              [33mclass[39m=[32m"[&_tr]:border-b"[39m
            [36m>[39m
              [36m<tr[39m
                [33mclass[39m=[32m"border-b transition-colors hover:bg-muted/50 data-[state=selected]:bg-muted"[39m
              [36m>[39m
                [36m<th[39m
                  [33mclass[39m=[32m"h-12 px-4 text-left align-middle font-medium text-muted-foreground [&:has([role=checkbox])]:pr-0"[39m
                [36m>[39m
                  [0mRepository[0m
                [36m</th>[39m
                [36m<th[39m
                  [33mclass[39m=[32m"h-12 px-4 text-left align-middle font-medium text-muted-foreground [&:has([role=checkbox])]:pr-0"[39m
                [36m>[39m
                  [0mTitle[0m
                [36m</th>[39m
                [36m<th[39m
                  [33mclass[39m=[32m"h-12 px-4 text-left align-middle font-medium text-muted-foreground [&:has([role=checkbox])]:pr-0"[39m
                [36m>[39m
                  [0mStatus[0m
                [36m</th>[39m
                [36m<th[39m
                  [33mclass[39m=[32m"h-12 px-4 text-left align-middle font-medium text-muted-foreground [&:has([role=checkbox])]:pr-0"[39m
                [36m>[39m
                  [0mUpdated[0m
                [36m</th>[39m
                [36m<th[39m
                  [33mclass[39m=[32m"h-12 px-4 align-middle font-medium text-muted-foreground [&:has([role=checkbox])]:pr-0 text-right"[39m
                [36m>[39m
                  [0mActions[0m
                [36m</th>[39m
              [36m</tr>[39m
            [36m</thead>[39m
            [36m<tbody[39m
              [33mclass[39m=[32m"[&_tr:last-child]:border-0"[39m
            [36m>[39m
              [36m<tr[39m
                [33mclass[39m=[32m"border-b transition-colors hover:bg-muted/50 data-[state=selected]:bg-muted"[39m
              [36m>[39m
                [36m<td[39m
                  [33mclass[39m=[32m"p-4 align-middle [&:has([role=checkbox])]:pr-0 text-center py-8"[39m
                  [33mcolspan[39m=[32m"5"[39m
                [36m>[39m
                  [36m<div[39m
                    [33mdata-testid[39m=[32m"loader-icon"[39m
                  [36m/>[39m
                [36m</td>[39m
              [36m</tr>[39m
            [36m</tbody>[39m
          [36m</table>[39m
        [36m</div>[39m
      [36m</div>[39m
      [36m<div[39m
        [33mclass[39m=[32m"flex items-center justify-between"[39m
      [36m>[39m
        [36m<div[39m
          [33mclass[39m=[32m"text-sm text-muted-foreground"[39m
        [36m>[39m
          [0mPage [0m
          [0m1[0m
          [0m / [0m
          [0m1[0m
          [0m [0m
        [36m</div>[39m
        [36m<div[39m
          [33mclass[39m=[32m"flex gap-2"[39m
        [36m>[39m
          [36m<button[39m
            [33mclass[39m=[32m"inline-flex items-center justify-center gap-2 whitespace-nowrap text-sm font-medium ring-offset-background transition-colors focus-visible:outline-none focus-visible:ring-2 focus-visible:ring-ring focus-visible:ring-offset-2 disabled:pointer-events-none disabled:opacity-50 [&_svg]:pointer-events-none [&_svg]:size-4 [&_svg]:shrink-0 border border-input bg-background hover:bg-accent hover:text-accent-foreground h-9 rounded-md px-3"[39m
            [33mdisabled[39m=[32m""[39m
          [36m>[39m
            [0mPrev[0m
          [36m</button>[39m
          [36m<button[39m
            [33mclass[39m=[32m"inline-flex items-center justify-center gap-2 whitespace-nowrap text-sm font-medium ring-offset-background transition-colors focus-visible:outline-none focus-visible:ring-2 focus-visible:ring-ring focus-visible:ring-offset-2 disabled:pointer-events-none disabled:opacity-50 [&_svg]:pointer-events-none [&_svg]:size-4 [&_svg]:shrink-0 border border-input bg-background hover:bg-accent hover:text-accent-foreground h-9 rounded-md px-3"[39m
            [33mdisabled[39m=[32m""[39m
          [36m>[39m
            [0mNext[0m
          [36m</button>[39m
        [36m</div>[39m
      [36m</div>[39m
    [36m</div>[39m
  [36m</div>[39m
[36m</body>[39m
   × GithubPrsTab > displays pagination controls 24ms
     → Unable to find an element with the text: Page 1 / 1 (2 total). This could be because the text is broken up by multiple elements. In this case, you can provide a function for your text matcher to make your matcher more flexible.

Ignored nodes: comments, script, style
[36m<body[39m
  [33mstyle[39m=[32m""[39m
[36m>[39m
  [36m<div>[39m
    [36m<div[39m
      [33mclass[39m=[32m"flex flex-col px-6 pt-4 pb-6 space-y-3 h-full"[39m
    [36m>[39m
      [36m<div[39m
        [33mclass[39m=[32m"flex items-center gap-4"[39m
      [36m>[39m
        [36m<div[39m
          [33mclass[39m=[32m"flex items-center gap-2"[39m
        [36m>[39m
          [36m<div[39m
            [33mclass[39m=[32m"text-sm"[39m
          [36m>[39m
            [0mStatus[0m
          [36m</div>[39m
          [36m<button[39m
            [33maria-autocomplete[39m=[32m"none"[39m
            [33maria-controls[39m=[32m"radix-:rr:"[39m
            [33maria-expanded[39m=[32m"false"[39m
            [33mclass[39m=[32m"flex h-10 items-center justify-between rounded-md border border-input bg-background px-3 py-2 text-sm ring-offset-background placeholder:text-muted-foreground focus:outline-none focus:ring-2 focus:ring-ring focus:ring-offset-2 disabled:cursor-not-allowed disabled:opacity-50 [&>span]:line-clamp-1 w-[160px]"[39m
            [33mdata-state[39m=[32m"closed"[39m
            [33mdir[39m=[32m"ltr"[39m
            [33mrole[39m=[32m"combobox"[39m
            [33mtype[39m=[32m"button"[39m
          [36m>[39m
            [36m<span[39m
              [33mstyle[39m=[32m"pointer-events: none;"[39m
            [36m>[39m
              [0mOpen[0m
            [36m</span>[39m
            [36m<div[39m
              [33mdata-testid[39m=[32m"chevron-down-icon"[39m
            [36m/>[39m
          [36m</button>[39m
        [36m</div>[39m
        [36m<div[39m
          [33mdata-testid[39m=[32m"quick-filter-buttons"[39m
        [36m>[39m
          [36m<button[39m
            [33mclass[39m=[32m"active"[39m
            [33mdata-testid[39m=[32m"filter-tools"[39m
          [36m>[39m
            [0mTools[0m
          [36m</button>[39m
          [36m<button[39m
            [33mclass[39m=[32m""[39m
            [33mdata-testid[39m=[32m"filter-wdf"[39m
          [36m>[39m
            [0mWDF[0m
          [36m</button>[39m
          [36m<button[39m
            [33mclass[39m=[32m""[39m
            [33mdata-testid[39m=[32m"filter-both"[39m
          [36m>[39m
            [0mBoth[0m
          [36m</button>[39m
        [36m</div>[39m
      [36m</div>[39m
      [36m<div[39m
        [33mclass[39m=[32m"rounded-md border overflow-hidden flex-1 overflow-y-auto"[39m
      [36m>[39m
        [36m<div[39m
          [33mclass[39m=[32m"relative w-full overflow-auto"[39m
        [36m>[39m
          [36m<table[39m
            [33mclass[39m=[32m"w-full caption-bottom text-sm"[39m
          [36m>[39m
            [36m<thead[39m
              [33mclass[39m=[32m"[&_tr]:border-b"[39m
            [36m>[39m
              [36m<tr[39m
                [33mclass[39m=[32m"border-b transition-colors hover:bg-muted/50 data-[state=selected]:bg-muted"[39m
              [36m>[39m
                [36m<th[39m
                  [33mclass[39m=[32m"h-12 px-4 text-left align-middle font-medium text-muted-foreground [&:has([role=checkbox])]:pr-0"[39m
                [36m>[39m
                  [0mRepository[0m
                [36m</th>[39m
                [36m<th[39m
                  [33mclass[39m=[32m"h-12 px-4 text-left align-middle font-medium text-muted-foreground [&:has([role=checkbox])]:pr-0"[39m
                [36m>[39m
                  [0mTitle[0m
                [36m</th>[39m
                [36m<th[39m
                  [33mclass[39m=[32m"h-12 px-4 text-left align-middle font-medium text-muted-foreground [&:has([role=checkbox])]:pr-0"[39m
                [36m>[39m
                  [0mStatus[0m
                [36m</th>[39m
                [36m<th[39m
                  [33mclass[39m=[32m"h-12 px-4 text-left align-middle font-medium text-muted-foreground [&:has([role=checkbox])]:pr-0"[39m
                [36m>[39m
                  [0mUpdated[0m
                [36m</th>[39m
                [36m<th[39m
                  [33mclass[39m=[32m"h-12 px-4 align-middle font-medium text-muted-foreground [&:has([role=checkbox])]:pr-0 text-right"[39m
                [36m>[39m
                  [0mActions[0m
                [36m</th>[39m
              [36m</tr>[39m
            [36m</thead>[39m
            [36m<tbody[39m
              [33mclass[39m=[32m"[&_tr:last-child]:border-0"[39m
            [36m>[39m
              [36m<tr[39m
                [33mclass[39m=[32m"border-b transition-colors hover:bg-muted/50 data-[state=selected]:bg-muted"[39m
              [36m>[39m
                [36m<td[39m
                  [33mclass[39m=[32m"p-4 align-middle [&:has([role=checkbox])]:pr-0 text-center py-8"[39m
                  [33mcolspan[39m=[32m"5"[39m
                [36m>[39m
                  [36m<div[39m
                    [33mdata-testid[39m=[32m"loader-icon"[39m
                  [36m/>[39m
                [36m</td>[39m
              [36m</tr>[39m
            [36m</tbody>[39m
          [36m</table>[39m
        [36m</div>[39m
      [36m</div>[39m
      [36m<div[39m
        [33mclass[39m=[32m"flex items-center justify-between"[39m
      [36m>[39m
        [36m<div[39m
          [33mclass[39m=[32m"text-sm text-muted-foreground"[39m
        [36m>[39m
          [0mPage [0m
          [0m1[0m
          [0m / [0m
          [0m1[0m
          [0m [0m
        [36m</div>[39m
        [36m<div[39m
          [33mclass[39m=[32m"flex gap-2"[39m
        [36m>[39m
          [36m<button[39m
            [33mclass[39m=[32m"inline-flex items-center justify-center gap-2 whitespace-nowrap text-sm font-medium ring-offset-background transition-colors focus-visible:outline-none focus-visible:ring-2 focus-visible:ring-ring focus-visible:ring-offset-2 disabled:pointer-events-none disabled:opacity-50 [&_svg]:pointer-events-none [&_svg]:size-4 [&_svg]:shrink-0 border border-input bg-background hover:bg-accent hover:text-accent-foreground h-9 rounded-md px-3"[39m
            [33mdisabled[39m=[32m""[39m
          [36m>[39m
            [0mPrev[0m
          [36m</button>[39m
          [36m<button[39m
            [33mclass[39m=[32m"inline-flex items-center justify-center gap-2 whitespace-nowrap text-sm font-medium ring-offset-background transition-colors focus-visible:outline-none focus-visible:ring-2 focus-visible:ring-ring focus-visible:ring-offset-2 disabled:pointer-events-none disabled:opacity-50 [&_svg]:pointer-events-none [&_svg]:size-4 [&_svg]:shrink-0 border border-input bg-background hover:bg-accent hover:text-accent-foreground h-9 rounded-md px-3"[39m
            [33mdisabled[39m=[32m""[39m
          [36m>[39m
            [0mNext[0m
          [36m</button>[39m
        [36m</div>[39m
      [36m</div>[39m
    [36m</div>[39m
  [36m</div>[39m
[36m</body>[39m
   × GithubPrsTab > handles pagination clicks 23ms
     → expected "spy" to be called with arguments: [ Any<Function> ][90m

Received: 

[1m  1st spy call:

[22m[2m  [[22m
[32m-   Any<Function>,[90m
[31m+   1,[90m
[2m  ][22m
[39m[90m

Number of calls: [1m1[22m
[39m
   × GithubPrsTab > renders PR links correctly 10ms
     → Unable to find an element with the text: Fix authentication bug. This could be because the text is broken up by multiple elements. In this case, you can provide a function for your text matcher to make your matcher more flexible.

Ignored nodes: comments, script, style
[36m<body[39m
  [33mstyle[39m=[32m""[39m
[36m>[39m
  [36m<div>[39m
    [36m<div[39m
      [33mclass[39m=[32m"flex flex-col px-6 pt-4 pb-6 space-y-3 h-full"[39m
    [36m>[39m
      [36m<div[39m
        [33mclass[39m=[32m"flex items-center gap-4"[39m
      [36m>[39m
        [36m<div[39m
          [33mclass[39m=[32m"flex items-center gap-2"[39m
        [36m>[39m
          [36m<div[39m
            [33mclass[39m=[32m"text-sm"[39m
          [36m>[39m
            [0mStatus[0m
          [36m</div>[39m
          [36m<button[39m
            [33maria-autocomplete[39m=[32m"none"[39m
            [33maria-controls[39m=[32m"radix-:r13:"[39m
            [33maria-expanded[39m=[32m"false"[39m
            [33mclass[39m=[32m"flex h-10 items-center justify-between rounded-md border border-input bg-background px-3 py-2 text-sm ring-offset-background placeholder:text-muted-foreground focus:outline-none focus:ring-2 focus:ring-ring focus:ring-offset-2 disabled:cursor-not-allowed disabled:opacity-50 [&>span]:line-clamp-1 w-[160px]"[39m
            [33mdata-state[39m=[32m"closed"[39m
            [33mdir[39m=[32m"ltr"[39m
            [33mrole[39m=[32m"combobox"[39m
            [33mtype[39m=[32m"button"[39m
          [36m>[39m
            [36m<span[39m
              [33mstyle[39m=[32m"pointer-events: none;"[39m
            [36m>[39m
              [0mOpen[0m
            [36m</span>[39m
            [36m<div[39m
              [33mdata-testid[39m=[32m"chevron-down-icon"[39m
            [36m/>[39m
          [36m</button>[39m
        [36m</div>[39m
        [36m<div[39m
          [33mdata-testid[39m=[32m"quick-filter-buttons"[39m
        [36m>[39m
          [36m<button[39m
            [33mclass[39m=[32m"active"[39m
            [33mdata-testid[39m=[32m"filter-tools"[39m
          [36m>[39m
            [0mTools[0m
          [36m</button>[39m
          [36m<button[39m
            [33mclass[39m=[32m""[39m
            [33mdata-testid[39m=[32m"filter-wdf"[39m
          [36m>[39m
            [0mWDF[0m
          [36m</button>[39m
          [36m<button[39m
            [33mclass[39m=[32m""[39m
            [33mdata-testid[39m=[32m"filter-both"[39m
          [36m>[39m
            [0mBoth[0m
          [36m</button>[39m
        [36m</div>[39m
      [36m</div>[39m
      [36m<div[39m
        [33mclass[39m=[32m"rounded-md border overflow-hidden flex-1 overflow-y-auto"[39m
      [36m>[39m
        [36m<div[39m
          [33mclass[39m=[32m"relative w-full overflow-auto"[39m
        [36m>[39m
          [36m<table[39m
            [33mclass[39m=[32m"w-full caption-bottom text-sm"[39m
          [36m>[39m
            [36m<thead[39m
              [33mclass[39m=[32m"[&_tr]:border-b"[39m
            [36m>[39m
              [36m<tr[39m
                [33mclass[39m=[32m"border-b transition-colors hover:bg-muted/50 data-[state=selected]:bg-muted"[39m
              [36m>[39m
                [36m<th[39m
                  [33mclass[39m=[32m"h-12 px-4 text-left align-middle font-medium text-muted-foreground [&:has([role=checkbox])]:pr-0"[39m
                [36m>[39m
                  [0mRepository[0m
                [36m</th>[39m
                [36m<th[39m
                  [33mclass[39m=[32m"h-12 px-4 text-left align-middle font-medium text-muted-foreground [&:has([role=checkbox])]:pr-0"[39m
                [36m>[39m
                  [0mTitle[0m
                [36m</th>[39m
                [36m<th[39m
                  [33mclass[39m=[32m"h-12 px-4 text-left align-middle font-medium text-muted-foreground [&:has([role=checkbox])]:pr-0"[39m
                [36m>[39m
                  [0mStatus[0m
                [36m</th>[39m
                [36m<th[39m
                  [33mclass[39m=[32m"h-12 px-4 text-left align-middle font-medium text-muted-foreground [&:has([role=checkbox])]:pr-0"[39m
                [36m>[39m
                  [0mUpdated[0m
                [36m</th>[39m
                [36m<th[39m
                  [33mclass[39m=[32m"h-12 px-4 align-middle font-medium text-muted-foreground [&:has([role=checkbox])]:pr-0 text-right"[39m
                [36m>[39m
                  [0mActions[0m
                [36m</th>[39m
              [36m</tr>[39m
            [36m</thead>[39m
            [36m<tbody[39m
              [33mclass[39m=[32m"[&_tr:last-child]:border-0"[39m
            [36m>[39m
              [36m<tr[39m
                [33mclass[39m=[32m"border-b transition-colors hover:bg-muted/50 data-[state=selected]:bg-muted"[39m
              [36m>[39m
                [36m<td[39m
                  [33mclass[39m=[32m"p-4 align-middle [&:has([role=checkbox])]:pr-0 text-center py-8"[39m
                  [33mcolspan[39m=[32m"5"[39m
                [36m>[39m
                  [36m<div[39m
                    [33mdata-testid[39m=[32m"loader-icon"[39m
                  [36m/>[39m
                [36m</td>[39m
              [36m</tr>[39m
            [36m</tbody>[39m
          [36m</table>[39m
        [36m</div>[39m
      [36m</div>[39m
      [36m<div[39m
        [33mclass[39m=[32m"flex items-center justify-between"[39m
      [36m>[39m
        [36m<div[39m
          [33mclass[39m=[32m"text-sm text-muted-foreground"[39m
        [36m>[39m
          [0mPage [0m
          [0m1[0m
          [0m / [0m
          [0m1[0m
          [0m [0m
        [36m</div>[39m
        [36m<div[39m
          [33mclass[39m=[32m"flex gap-2"[39m
        [36m>[39m
          [36m<button[39m
            [33mclass[39m=[32m"inline-flex items-center justify-center gap-2 whitespace-nowrap text-sm font-medium ring-offset-background transition-colors focus-visible:outline-none focus-visible:ring-2 focus-visible:ring-ring focus-visible:ring-offset-2 disabled:pointer-events-none disabled:opacity-50 [&_svg]:pointer-events-none [&_svg]:size-4 [&_svg]:shrink-0 border border-input bg-background hover:bg-accent hover:text-accent-foreground h-9 rounded-md px-3"[39m
            [33mdisabled[39m=[32m""[39m
          [36m>[39m
            [0mPrev[0m
          [36m</button>[39m
          [36m<button[39m
            [33mclass[39m=[32m"inline-flex items-center justify-center gap-2 whitespace-nowrap text-sm font-medium ring-offset-background transition-colors focus-visible:outline-none focus-visible:ring-2 focus-visible:ring-ring focus-visible:ring-offset-2 disabled:pointer-events-none disabled:opacity-50 [&_svg]:pointer-events-none [&_svg]:size-4 [&_svg]:shrink-0 border border-input bg-background hover:bg-accent hover:text-accent-foreground h-9 rounded-md px-3"[39m
            [33mdisabled[39m=[32m""[39m
          [36m>[39m
            [0mNext[0m
          [36m</button>[39m
        [36m</div>[39m
      [36m</div>[39m
    [36m</div>[39m
  [36m</div>[39m
[36m</body>[39m
   × GithubPrsTab > displays formatted update dates 13ms
     → Unable to find an element with the text: /(12[.\/]0?1[.\/]2023|0?1[.\/]12[.\/]2023)/. This could be because the text is broken up by multiple elements. In this case, you can provide a function for your text matcher to make your matcher more flexible.

Ignored nodes: comments, script, style
[36m<body[39m
  [33mstyle[39m=[32m""[39m
[36m>[39m
  [36m<div>[39m
    [36m<div[39m
      [33mclass[39m=[32m"flex flex-col px-6 pt-4 pb-6 space-y-3 h-full"[39m
    [36m>[39m
      [36m<div[39m
        [33mclass[39m=[32m"flex items-center gap-4"[39m
      [36m>[39m
        [36m<div[39m
          [33mclass[39m=[32m"flex items-center gap-2"[39m
        [36m>[39m
          [36m<div[39m
            [33mclass[39m=[32m"text-sm"[39m
          [36m>[39m
            [0mStatus[0m
          [36m</div>[39m
          [36m<button[39m
            [33maria-autocomplete[39m=[32m"none"[39m
            [33maria-controls[39m=[32m"radix-:r17:"[39m
            [33maria-expanded[39m=[32m"false"[39m
            [33mclass[39m=[32m"flex h-10 items-center justify-between rounded-md border border-input bg-background px-3 py-2 text-sm ring-offset-background placeholder:text-muted-foreground focus:outline-none focus:ring-2 focus:ring-ring focus:ring-offset-2 disabled:cursor-not-allowed disabled:opacity-50 [&>span]:line-clamp-1 w-[160px]"[39m
            [33mdata-state[39m=[32m"closed"[39m
            [33mdir[39m=[32m"ltr"[39m
            [33mrole[39m=[32m"combobox"[39m
            [33mtype[39m=[32m"button"[39m
          [36m>[39m
            [36m<span[39m
              [33mstyle[39m=[32m"pointer-events: none;"[39m
            [36m>[39m
              [0mOpen[0m
            [36m</span>[39m
            [36m<div[39m
              [33mdata-testid[39m=[32m"chevron-down-icon"[39m
            [36m/>[39m
          [36m</button>[39m
        [36m</div>[39m
        [36m<div[39m
          [33mdata-testid[39m=[32m"quick-filter-buttons"[39m
        [36m>[39m
          [36m<button[39m
            [33mclass[39m=[32m"active"[39m
            [33mdata-testid[39m=[32m"filter-tools"[39m
          [36m>[39m
            [0mTools[0m
          [36m</button>[39m
          [36m<button[39m
            [33mclass[39m=[32m""[39m
            [33mdata-testid[39m=[32m"filter-wdf"[39m
          [36m>[39m
            [0mWDF[0m
          [36m</button>[39m
          [36m<button[39m
            [33mclass[39m=[32m""[39m
            [33mdata-testid[39m=[32m"filter-both"[39m
          [36m>[39m
            [0mBoth[0m
          [36m</button>[39m
        [36m</div>[39m
      [36m</div>[39m
      [36m<div[39m
        [33mclass[39m=[32m"rounded-md border overflow-hidden flex-1 overflow-y-auto"[39m
      [36m>[39m
        [36m<div[39m
          [33mclass[39m=[32m"relative w-full overflow-auto"[39m
        [36m>[39m
          [36m<table[39m
            [33mclass[39m=[32m"w-full caption-bottom text-sm"[39m
          [36m>[39m
            [36m<thead[39m
              [33mclass[39m=[32m"[&_tr]:border-b"[39m
            [36m>[39m
              [36m<tr[39m
                [33mclass[39m=[32m"border-b transition-colors hover:bg-muted/50 data-[state=selected]:bg-muted"[39m
              [36m>[39m
                [36m<th[39m
                  [33mclass[39m=[32m"h-12 px-4 text-left align-middle font-medium text-muted-foreground [&:has([role=checkbox])]:pr-0"[39m
                [36m>[39m
                  [0mRepository[0m
                [36m</th>[39m
                [36m<th[39m
                  [33mclass[39m=[32m"h-12 px-4 text-left align-middle font-medium text-muted-foreground [&:has([role=checkbox])]:pr-0"[39m
                [36m>[39m
                  [0mTitle[0m
                [36m</th>[39m
                [36m<th[39m
                  [33mclass[39m=[32m"h-12 px-4 text-left align-middle font-medium text-muted-foreground [&:has([role=checkbox])]:pr-0"[39m
                [36m>[39m
                  [0mStatus[0m
                [36m</th>[39m
                [36m<th[39m
                  [33mclass[39m=[32m"h-12 px-4 text-left align-middle font-medium text-muted-foreground [&:has([role=checkbox])]:pr-0"[39m
                [36m>[39m
                  [0mUpdated[0m
                [36m</th>[39m
                [36m<th[39m
                  [33mclass[39m=[32m"h-12 px-4 align-middle font-medium text-muted-foreground [&:has([role=checkbox])]:pr-0 text-right"[39m
                [36m>[39m
                  [0mActions[0m
                [36m</th>[39m
              [36m</tr>[39m
            [36m</thead>[39m
            [36m<tbody[39m
              [33mclass[39m=[32m"[&_tr:last-child]:border-0"[39m
            [36m>[39m
              [36m<tr[39m
                [33mclass[39m=[32m"border-b transition-colors hover:bg-muted/50 data-[state=selected]:bg-muted"[39m
              [36m>[39m
                [36m<td[39m
                  [33mclass[39m=[32m"p-4 align-middle [&:has([role=checkbox])]:pr-0 text-center py-8"[39m
                  [33mcolspan[39m=[32m"5"[39m
                [36m>[39m
                  [36m<div[39m
                    [33mdata-testid[39m=[32m"loader-icon"[39m
                  [36m/>[39m
                [36m</td>[39m
              [36m</tr>[39m
            [36m</tbody>[39m
          [36m</table>[39m
        [36m</div>[39m
      [36m</div>[39m
      [36m<div[39m
        [33mclass[39m=[32m"flex items-center justify-between"[39m
      [36m>[39m
        [36m<div[39m
          [33mclass[39m=[32m"text-sm text-muted-foreground"[39m
        [36m>[39m
          [0mPage [0m
          [0m1[0m
          [0m / [0m
          [0m1[0m
          [0m [0m
        [36m</div>[39m
        [36m<div[39m
          [33mclass[39m=[32m"flex gap-2"[39m
        [36m>[39m
          [36m<button[39m
            [33mclass[39m=[32m"inline-flex items-center justify-center gap-2 whitespace-nowrap text-sm font-medium ring-offset-background transition-colors focus-visible:outline-none focus-visible:ring-2 focus-visible:ring-ring focus-visible:ring-offset-2 disabled:pointer-events-none disabled:opacity-50 [&_svg]:pointer-events-none [&_svg]:size-4 [&_svg]:shrink-0 border border-input bg-background hover:bg-accent hover:text-accent-foreground h-9 rounded-md px-3"[39m
            [33mdisabled[39m=[32m""[39m
          [36m>[39m
            [0mPrev[0m
          [36m</button>[39m
          [36m<button[39m
            [33mclass[39m=[32m"inline-flex items-center justify-center gap-2 whitespace-nowrap text-sm font-medium ring-offset-background transition-colors focus-visible:outline-none focus-visible:ring-2 focus-visible:ring-ring focus-visible:ring-offset-2 disabled:pointer-events-none disabled:opacity-50 [&_svg]:pointer-events-none [&_svg]:size-4 [&_svg]:shrink-0 border border-input bg-background hover:bg-accent hover:text-accent-foreground h-9 rounded-md px-3"[39m
            [33mdisabled[39m=[32m""[39m
          [36m>[39m
            [0mNext[0m
          [36m</button>[39m
        [36m</div>[39m
      [36m</div>[39m
    [36m</div>[39m
  [36m</div>[39m
[36m</body>[39m
   ✓ GithubPrsTab > shows repository filter options 11ms
   × GithubPrsTab > disables WDF and Both filters 9ms
     → [2mexpect([22m[31melement[39m[2m).toBeDisabled()[22m

Received element is not disabled:
  [31m<button
  class=""
  data-testid="filter-wdf"
/>[39m
   × GithubPrsTab > handles undefined data gracefully 7ms
     → Unable to find an element with the text: No pull requests found. This could be because the text is broken up by multiple elements. In this case, you can provide a function for your text matcher to make your matcher more flexible.

Ignored nodes: comments, script, style
[36m<body[39m
  [33mstyle[39m=[32m""[39m
[36m>[39m
  [36m<div>[39m
    [36m<div[39m
      [33mclass[39m=[32m"flex flex-col px-6 pt-4 pb-6 space-y-3 h-full"[39m
    [36m>[39m
      [36m<div[39m
        [33mclass[39m=[32m"flex items-center gap-4"[39m
      [36m>[39m
        [36m<div[39m
          [33mclass[39m=[32m"flex items-center gap-2"[39m
        [36m>[39m
          [36m<div[39m
            [33mclass[39m=[32m"text-sm"[39m
          [36m>[39m
            [0mStatus[0m
          [36m</div>[39m
          [36m<button[39m
            [33maria-autocomplete[39m=[32m"none"[39m
            [33maria-controls[39m=[32m"radix-:r1j:"[39m
            [33maria-expanded[39m=[32m"false"[39m
            [33mclass[39m=[32m"flex h-10 items-center justify-between rounded-md border border-input bg-background px-3 py-2 text-sm ring-offset-background placeholder:text-muted-foreground focus:outline-none focus:ring-2 focus:ring-ring focus:ring-offset-2 disabled:cursor-not-allowed disabled:opacity-50 [&>span]:line-clamp-1 w-[160px]"[39m
            [33mdata-state[39m=[32m"closed"[39m
            [33mdir[39m=[32m"ltr"[39m
            [33mrole[39m=[32m"combobox"[39m
            [33mtype[39m=[32m"button"[39m
          [36m>[39m
            [36m<span[39m
              [33mstyle[39m=[32m"pointer-events: none;"[39m
            [36m>[39m
              [0mOpen[0m
            [36m</span>[39m
            [36m<div[39m
              [33mdata-testid[39m=[32m"chevron-down-icon"[39m
            [36m/>[39m
          [36m</button>[39m
        [36m</div>[39m
        [36m<div[39m
          [33mdata-testid[39m=[32m"quick-filter-buttons"[39m
        [36m>[39m
          [36m<button[39m
            [33mclass[39m=[32m"active"[39m
            [33mdata-testid[39m=[32m"filter-tools"[39m
          [36m>[39m
            [0mTools[0m
          [36m</button>[39m
          [36m<button[39m
            [33mclass[39m=[32m""[39m
            [33mdata-testid[39m=[32m"filter-wdf"[39m
          [36m>[39m
            [0mWDF[0m
          [36m</button>[39m
          [36m<button[39m
            [33mclass[39m=[32m""[39m
            [33mdata-testid[39m=[32m"filter-both"[39m
          [36m>[39m
            [0mBoth[0m
          [36m</button>[39m
        [36m</div>[39m
      [36m</div>[39m
      [36m<div[39m
        [33mclass[39m=[32m"rounded-md border overflow-hidden flex-1 overflow-y-auto"[39m
      [36m>[39m
        [36m<div[39m
          [33mclass[39m=[32m"relative w-full overflow-auto"[39m
        [36m>[39m
          [36m<table[39m
            [33mclass[39m=[32m"w-full caption-bottom text-sm"[39m
          [36m>[39m
            [36m<thead[39m
              [33mclass[39m=[32m"[&_tr]:border-b"[39m
            [36m>[39m
              [36m<tr[39m
                [33mclass[39m=[32m"border-b transition-colors hover:bg-muted/50 data-[state=selected]:bg-muted"[39m
              [36m>[39m
                [36m<th[39m
                  [33mclass[39m=[32m"h-12 px-4 text-left align-middle font-medium text-muted-foreground [&:has([role=checkbox])]:pr-0"[39m
                [36m>[39m
                  [0mRepository[0m
                [36m</th>[39m
                [36m<th[39m
                  [33mclass[39m=[32m"h-12 px-4 text-left align-middle font-medium text-muted-foreground [&:has([role=checkbox])]:pr-0"[39m
                [36m>[39m
                  [0mTitle[0m
                [36m</th>[39m
                [36m<th[39m
                  [33mclass[39m=[32m"h-12 px-4 text-left align-middle font-medium text-muted-foreground [&:has([role=checkbox])]:pr-0"[39m
                [36m>[39m
                  [0mStatus[0m
                [36m</th>[39m
                [36m<th[39m
                  [33mclass[39m=[32m"h-12 px-4 text-left align-middle font-medium text-muted-foreground [&:has([role=checkbox])]:pr-0"[39m
                [36m>[39m
                  [0mUpdated[0m
                [36m</th>[39m
                [36m<th[39m
                  [33mclass[39m=[32m"h-12 px-4 align-middle font-medium text-muted-foreground [&:has([role=checkbox])]:pr-0 text-right"[39m
                [36m>[39m
                  [0mActions[0m
                [36m</th>[39m
              [36m</tr>[39m
            [36m</thead>[39m
            [36m<tbody[39m
              [33mclass[39m=[32m"[&_tr:last-child]:border-0"[39m
            [36m>[39m
              [36m<tr[39m
                [33mclass[39m=[32m"border-b transition-colors hover:bg-muted/50 data-[state=selected]:bg-muted"[39m
              [36m>[39m
                [36m<td[39m
                  [33mclass[39m=[32m"p-4 align-middle [&:has([role=checkbox])]:pr-0 text-center py-8"[39m
                  [33mcolspan[39m=[32m"5"[39m
                [36m>[39m
                  [36m<div[39m
                    [33mdata-testid[39m=[32m"loader-icon"[39m
                  [36m/>[39m
                [36m</td>[39m
              [36m</tr>[39m
            [36m</tbody>[39m
          [36m</table>[39m
        [36m</div>[39m
      [36m</div>[39m
      [36m<div[39m
        [33mclass[39m=[32m"flex items-center justify-between"[39m
      [36m>[39m
        [36m<div[39m
          [33mclass[39m=[32m"text-sm text-muted-foreground"[39m
        [36m>[39m
          [0mPage [0m
          [0m1[0m
          [0m / [0m
          [0m1[0m
          [0m [0m
        [36m</div>[39m
        [36m<div[39m
          [33mclass[39m=[32m"flex gap-2"[39m
        [36m>[39m
          [36m<button[39m
            [33mclass[39m=[32m"inline-flex items-center justify-center gap-2 whitespace-nowrap text-sm font-medium ring-offset-background transition-colors focus-visible:outline-none focus-visible:ring-2 focus-visible:ring-ring focus-visible:ring-offset-2 disabled:pointer-events-none disabled:opacity-50 [&_svg]:pointer-events-none [&_svg]:size-4 [&_svg]:shrink-0 border border-input bg-background hover:bg-accent hover:text-accent-foreground h-9 rounded-md px-3"[39m
            [33mdisabled[39m=[32m""[39m
          [36m>[39m
            [0mPrev[0m
          [36m</button>[39m
          [36m<button[39m
            [33mclass[39m=[32m"inline-flex items-center justify-center gap-2 whitespace-nowrap text-sm font-medium ring-offset-background transition-colors focus-visible:outline-none focus-visible:ring-2 focus-visible:ring-ring focus-visible:ring-offset-2 disabled:pointer-events-none disabled:opacity-50 [&_svg]:pointer-events-none [&_svg]:size-4 [&_svg]:shrink-0 border border-input bg-background hover:bg-accent hover:text-accent-foreground h-9 rounded-md px-3"[39m
            [33mdisabled[39m=[32m""[39m
          [36m>[39m
            [0mNext[0m
          [36m</button>[39m
        [36m</div>[39m
      [36m</div>[39m
    [36m</div>[39m
  [36m</div>[39m
[36m</body>[39m
   × GithubPrsTab > calculates total pages correctly 12ms
     → Unable to find an element with the text: Page 1 / 3 (25 total). This could be because the text is broken up by multiple elements. In this case, you can provide a function for your text matcher to make your matcher more flexible.

Ignored nodes: comments, script, style
[36m<body[39m
  [33mstyle[39m=[32m""[39m
[36m>[39m
  [36m<div>[39m
    [36m<div[39m
      [33mclass[39m=[32m"flex flex-col px-6 pt-4 pb-6 space-y-3 h-full"[39m
    [36m>[39m
      [36m<div[39m
        [33mclass[39m=[32m"flex items-center gap-4"[39m
      [36m>[39m
        [36m<div[39m
          [33mclass[39m=[32m"flex items-center gap-2"[39m
        [36m>[39m
          [36m<div[39m
            [33mclass[39m=[32m"text-sm"[39m
          [36m>[39m
            [0mStatus[0m
          [36m</div>[39m
          [36m<button[39m
            [33maria-autocomplete[39m=[32m"none"[39m
            [33maria-controls[39m=[32m"radix-:r1n:"[39m
            [33maria-expanded[39m=[32m"false"[39m
            [33mclass[39m=[32m"flex h-10 items-center justify-between rounded-md border border-input bg-background px-3 py-2 text-sm ring-offset-background placeholder:text-muted-foreground focus:outline-none focus:ring-2 focus:ring-ring focus:ring-offset-2 disabled:cursor-not-allowed disabled:opacity-50 [&>span]:line-clamp-1 w-[160px]"[39m
            [33mdata-state[39m=[32m"closed"[39m
            [33mdir[39m=[32m"ltr"[39m
            [33mrole[39m=[32m"combobox"[39m
            [33mtype[39m=[32m"button"[39m
          [36m>[39m
            [36m<span[39m
              [33mstyle[39m=[32m"pointer-events: none;"[39m
            [36m>[39m
              [0mOpen[0m
            [36m</span>[39m
            [36m<div[39m
              [33mdata-testid[39m=[32m"chevron-down-icon"[39m
            [36m/>[39m
          [36m</button>[39m
        [36m</div>[39m
        [36m<div[39m
          [33mdata-testid[39m=[32m"quick-filter-buttons"[39m
        [36m>[39m
          [36m<button[39m
            [33mclass[39m=[32m"active"[39m
            [33mdata-testid[39m=[32m"filter-tools"[39m
          [36m>[39m
            [0mTools[0m
          [36m</button>[39m
          [36m<button[39m
            [33mclass[39m=[32m""[39m
            [33mdata-testid[39m=[32m"filter-wdf"[39m
          [36m>[39m
            [0mWDF[0m
          [36m</button>[39m
          [36m<button[39m
            [33mclass[39m=[32m""[39m
            [33mdata-testid[39m=[32m"filter-both"[39m
          [36m>[39m
            [0mBoth[0m
          [36m</button>[39m
        [36m</div>[39m
      [36m</div>[39m
      [36m<div[39m
        [33mclass[39m=[32m"rounded-md border overflow-hidden flex-1 overflow-y-auto"[39m
      [36m>[39m
        [36m<div[39m
          [33mclass[39m=[32m"relative w-full overflow-auto"[39m
        [36m>[39m
          [36m<table[39m
            [33mclass[39m=[32m"w-full caption-bottom text-sm"[39m
          [36m>[39m
            [36m<thead[39m
              [33mclass[39m=[32m"[&_tr]:border-b"[39m
            [36m>[39m
              [36m<tr[39m
                [33mclass[39m=[32m"border-b transition-colors hover:bg-muted/50 data-[state=selected]:bg-muted"[39m
              [36m>[39m
                [36m<th[39m
                  [33mclass[39m=[32m"h-12 px-4 text-left align-middle font-medium text-muted-foreground [&:has([role=checkbox])]:pr-0"[39m
                [36m>[39m
                  [0mRepository[0m
                [36m</th>[39m
                [36m<th[39m
                  [33mclass[39m=[32m"h-12 px-4 text-left align-middle font-medium text-muted-foreground [&:has([role=checkbox])]:pr-0"[39m
                [36m>[39m
                  [0mTitle[0m
                [36m</th>[39m
                [36m<th[39m
                  [33mclass[39m=[32m"h-12 px-4 text-left align-middle font-medium text-muted-foreground [&:has([role=checkbox])]:pr-0"[39m
                [36m>[39m
                  [0mStatus[0m
                [36m</th>[39m
                [36m<th[39m
                  [33mclass[39m=[32m"h-12 px-4 text-left align-middle font-medium text-muted-foreground [&:has([role=checkbox])]:pr-0"[39m
                [36m>[39m
                  [0mUpdated[0m
                [36m</th>[39m
                [36m<th[39m
                  [33mclass[39m=[32m"h-12 px-4 align-middle font-medium text-muted-foreground [&:has([role=checkbox])]:pr-0 text-right"[39m
                [36m>[39m
                  [0mActions[0m
                [36m</th>[39m
              [36m</tr>[39m
            [36m</thead>[39m
            [36m<tbody[39m
              [33mclass[39m=[32m"[&_tr:last-child]:border-0"[39m
            [36m>[39m
              [36m<tr[39m
                [33mclass[39m=[32m"border-b transition-colors hover:bg-muted/50 data-[state=selected]:bg-muted"[39m
              [36m>[39m
                [36m<td[39m
                  [33mclass[39m=[32m"p-4 align-middle [&:has([role=checkbox])]:pr-0 text-center py-8"[39m
                  [33mcolspan[39m=[32m"5"[39m
                [36m>[39m
                  [36m<div[39m
                    [33mdata-testid[39m=[32m"loader-icon"[39m
                  [36m/>[39m
                [36m</td>[39m
              [36m</tr>[39m
            [36m</tbody>[39m
          [36m</table>[39m
        [36m</div>[39m
      [36m</div>[39m
      [36m<div[39m
        [33mclass[39m=[32m"flex items-center justify-between"[39m
      [36m>[39m
        [36m<div[39m
          [33mclass[39m=[32m"text-sm text-muted-foreground"[39m
        [36m>[39m
          [0mPage [0m
          [0m1[0m
          [0m / [0m
          [0m1[0m
          [0m [0m
        [36m</div>[39m
        [36m<div[39m
          [33mclass[39m=[32m"flex gap-2"[39m
        [36m>[39m
          [36m<button[39m
            [33mclass[39m=[32m"inline-flex items-center justify-center gap-2 whitespace-nowrap text-sm font-medium ring-offset-background transition-colors focus-visible:outline-none focus-visible:ring-2 focus-visible:ring-ring focus-visible:ring-offset-2 disabled:pointer-events-none disabled:opacity-50 [&_svg]:pointer-events-none [&_svg]:size-4 [&_svg]:shrink-0 border border-input bg-background hover:bg-accent hover:text-accent-foreground h-9 rounded-md px-3"[39m
            [33mdisabled[39m=[32m""[39m
          [36m>[39m
            [0mPrev[0m
          [36m</button>[39m
          [36m<button[39m
            [33mclass[39m=[32m"inline-flex items-center justify-center gap-2 whitespace-nowrap text-sm font-medium ring-offset-background transition-colors focus-visible:outline-none focus-visible:ring-2 focus-visible:ring-ring focus-visible:ring-offset-2 disabled:pointer-events-none disabled:opacity-50 [&_svg]:pointer-events-none [&_svg]:size-4 [&_svg]:shrink-0 border border-input bg-background hover:bg-accent hover:text-accent-foreground h-9 rounded-md px-3"[39m
            [33mdisabled[39m=[32m""[39m
          [36m>[39m
            [0mNext[0m
          [36m</button>[39m
        [36m</div>[39m
      [36m</div>[39m
    [36m</div>[39m
  [36m</div>[39m
[36m</body>[39m
 ✓ tests/components/homepage/DeleteConfirmationDialog.test.tsx (12 tests) 408ms
 ✓ tests/components/SelfServiceComponents/SelfServiceBlockDialog.test.tsx (4 tests) 135ms
stderr | tests/pages/PluginMarketplacePage/PluginMarketplacePage.test.tsx > PluginMarketplacePage > renders plugins
⚠️ React Router Future Flag Warning: React Router will begin wrapping state updates in `React.startTransition` in v7. You can use the `v7_startTransition` future flag to opt-in early. For more information, see https://reactrouter.com/v6/upgrading/future#v7_starttransition.
⚠️ React Router Future Flag Warning: Relative route resolution within Splat routes is changing in v7. You can use the `v7_relativeSplatPath` future flag to opt-in early. For more information, see https://reactrouter.com/v6/upgrading/future#v7_relativesplatpath.

 ✓ tests/components/NotificationPopup.test.tsx (13 tests) 80ms
 ✓ tests/hooks/useNotifications.test.ts (14 tests) 23ms
 ✓ tests/services/AuthRefreshService.test.ts (14 tests) 5ms
 ✓ tests/components/ComponentView/ComponentHealthCard.test.tsx (5 tests) 31ms
 ✓ tests/components/DeveloperPortalHeader/TopBarDateTime.test.tsx (8 tests) 148ms
 ✓ tests/pages/PluginMarketplacePage/PluginMarketplacePage.test.tsx (9 tests) 745ms
   ✓ PluginMarketplacePage > filters plugins by search query (debounced)  397ms
 ✓ tests/components/docs/DocsSidebar.test.tsx (11 tests) 402ms
 ✓ tests/components/SettingsDialog/UserInformationSettings.test.tsx (8 tests) 106ms
 ✓ tests/components/ai-arena/SettingsDrawer.test.tsx (8 tests) 129ms
 ✓ tests/components/ai-arena/AIPage.test.tsx (8 tests) 45ms
 ✓ tests/components/ComponentView/NestedHealthComponent.test.tsx (7 tests) 90ms
 ✓ tests/components/SelfServiceComponents/FormElement.test.tsx (7 tests) 216ms
stderr | tests/components/docs/MermaidDiagram.test.tsx > MermaidDiagram > should have proper styling for error state
Mermaid rendering error: Error: Test error
    at [90m/Users/C5406081/developer-portal-frontend/[39mtests/components/docs/MermaidDiagram.test.tsx:98:42
    at [90mfile:///Users/C5406081/developer-portal-frontend/[39mnode_modules/[4m@vitest[24m/runner/dist/chunk-hooks.js:155:11
    at [90mfile:///Users/C5406081/developer-portal-frontend/[39mnode_modules/[4m@vitest[24m/runner/dist/chunk-hooks.js:752:26
    at [90mfile:///Users/C5406081/developer-portal-frontend/[39mnode_modules/[4m@vitest[24m/runner/dist/chunk-hooks.js:1897:20
    at new Promise (<anonymous>)
    at runWithTimeout [90m(file:///Users/C5406081/developer-portal-frontend/[39mnode_modules/[4m@vitest[24m/runner/dist/chunk-hooks.js:1863:10[90m)[39m
    at runTest [90m(file:///Users/C5406081/developer-portal-frontend/[39mnode_modules/[4m@vitest[24m/runner/dist/chunk-hooks.js:1574:12[90m)[39m
    at runSuite [90m(file:///Users/C5406081/developer-portal-frontend/[39mnode_modules/[4m@vitest[24m/runner/dist/chunk-hooks.js:1729:8[90m)[39m
    at runSuite [90m(file:///Users/C5406081/developer-portal-frontend/[39mnode_modules/[4m@vitest[24m/runner/dist/chunk-hooks.js:1729:8[90m)[39m
    at runFiles [90m(file:///Users/C5406081/developer-portal-frontend/[39mnode_modules/[4m@vitest[24m/runner/dist/chunk-hooks.js:1787:3[90m)[39m

stderr | tests/components/docs/MermaidDiagram.test.tsx > MermaidDiagram > should handle empty chart gracefully
Mermaid rendering error: Error: Empty chart
    at [90m/Users/C5406081/developer-portal-frontend/[39mtests/components/docs/MermaidDiagram.test.tsx:123:19
    at [90mfile:///Users/C5406081/developer-portal-frontend/[39mnode_modules/[4m@vitest[24m/runner/dist/chunk-hooks.js:155:11
    at [90mfile:///Users/C5406081/developer-portal-frontend/[39mnode_modules/[4m@vitest[24m/runner/dist/chunk-hooks.js:752:26
    at [90mfile:///Users/C5406081/developer-portal-frontend/[39mnode_modules/[4m@vitest[24m/runner/dist/chunk-hooks.js:1897:20
    at new Promise (<anonymous>)
    at runWithTimeout [90m(file:///Users/C5406081/developer-portal-frontend/[39mnode_modules/[4m@vitest[24m/runner/dist/chunk-hooks.js:1863:10[90m)[39m
    at runTest [90m(file:///Users/C5406081/developer-portal-frontend/[39mnode_modules/[4m@vitest[24m/runner/dist/chunk-hooks.js:1574:12[90m)[39m
    at runSuite [90m(file:///Users/C5406081/developer-portal-frontend/[39mnode_modules/[4m@vitest[24m/runner/dist/chunk-hooks.js:1729:8[90m)[39m
    at runSuite [90m(file:///Users/C5406081/developer-portal-frontend/[39mnode_modules/[4m@vitest[24m/runner/dist/chunk-hooks.js:1729:8[90m)[39m
    at runFiles [90m(file:///Users/C5406081/developer-portal-frontend/[39mnode_modules/[4m@vitest[24m/runner/dist/chunk-hooks.js:1787:3[90m)[39m

stderr | tests/components/docs/MermaidDiagram.test.tsx > MermaidDiagram > should support dark mode styling for error state
Mermaid rendering error: Error: Test error
    at [90m/Users/C5406081/developer-portal-frontend/[39mtests/components/docs/MermaidDiagram.test.tsx:155:42
    at [90mfile:///Users/C5406081/developer-portal-frontend/[39mnode_modules/[4m@vitest[24m/runner/dist/chunk-hooks.js:155:11
    at [90mfile:///Users/C5406081/developer-portal-frontend/[39mnode_modules/[4m@vitest[24m/runner/dist/chunk-hooks.js:752:26
    at [90mfile:///Users/C5406081/developer-portal-frontend/[39mnode_modules/[4m@vitest[24m/runner/dist/chunk-hooks.js:1897:20
    at new Promise (<anonymous>)
    at runWithTimeout [90m(file:///Users/C5406081/developer-portal-frontend/[39mnode_modules/[4m@vitest[24m/runner/dist/chunk-hooks.js:1863:10[90m)[39m
    at runTest [90m(file:///Users/C5406081/developer-portal-frontend/[39mnode_modules/[4m@vitest[24m/runner/dist/chunk-hooks.js:1574:12[90m)[39m
    at runSuite [90m(file:///Users/C5406081/developer-portal-frontend/[39mnode_modules/[4m@vitest[24m/runner/dist/chunk-hooks.js:1729:8[90m)[39m
    at runSuite [90m(file:///Users/C5406081/developer-portal-frontend/[39mnode_modules/[4m@vitest[24m/runner/dist/chunk-hooks.js:1729:8[90m)[39m
    at runFiles [90m(file:///Users/C5406081/developer-portal-frontend/[39mnode_modules/[4m@vitest[24m/runner/dist/chunk-hooks.js:1787:3[90m)[39m

 ✓ tests/components/docs/MermaidDiagram.test.tsx (8 tests) 69ms
 ✓ tests/components/QuickFilterButtons.test.tsx (6 tests) 309ms
stderr | tests/pages/HomePage/HomePage.test.tsx > HomePage > Header Navigation > clears header tabs on mount
⚠️ React Router Future Flag Warning: React Router will begin wrapping state updates in `React.startTransition` in v7. You can use the `v7_startTransition` future flag to opt-in early. For more information, see https://reactrouter.com/v6/upgrading/future#v7_starttransition.
⚠️ React Router Future Flag Warning: Relative route resolution within Splat routes is changing in v7. You can use the `v7_relativeSplatPath` future flag to opt-in early. For more information, see https://reactrouter.com/v6/upgrading/future#v7_relativesplatpath.
The width(0) and height(0) of chart should be greater than 0,
       please check the style of container, or the props width(100%) and height(100%),
       or add a minWidth(0) or minHeight(undefined) or use aspect(undefined) to control the
       height and width.

stdout | tests/integration-tests/HomePage.integration.test.tsx > HomePage Integration Tests > Core Integration Tests > should render HomePage with all main sections and API data
🔍 AuthContext: isAuthenticated calculation { hasUser: [33mfalse[39m, bothAuth: [33mfalse[39m, isAuthenticated: [33mfalse[39m }
🔍 AuthContext: Initial useEffect { isLoginPage: [33mfalse[39m, pathname: [32m'/'[39m }
🔍 AuthContext: Not on login page, checking auth status...
🔍 AuthContext: checkAuthStatusAndSetUser started
🔍 checkDualAuthStatus: Just logged out, returning false for both
🔍 AuthContext: Auth statuses received: { githubtools: [33mfalse[39m, githubwdf: [33mfalse[39m }
🔍 AuthContext: Updated Zustand store with auth statuses
❌ AuthContext: Not fully authenticated { githubtools: [33mfalse[39m, githubwdf: [33mfalse[39m }
🔍 AuthContext: checkAuthStatusAndSetUser completed
🔍 AuthContext: isAuthenticated calculation { hasUser: [33mfalse[39m, bothAuth: [33mfalse[39m, isAuthenticated: [33mfalse[39m }

stderr | tests/integration-tests/HomePage.integration.test.tsx > HomePage Integration Tests > Core Integration Tests > should render HomePage with all main sections and API data
⚠️ React Router Future Flag Warning: React Router will begin wrapping state updates in `React.startTransition` in v7. You can use the `v7_startTransition` future flag to opt-in early. For more information, see https://reactrouter.com/v6/upgrading/future#v7_starttransition.
⚠️ React Router Future Flag Warning: Relative route resolution within Splat routes is changing in v7. You can use the `v7_relativeSplatPath` future flag to opt-in early. For more information, see https://reactrouter.com/v6/upgrading/future#v7_relativesplatpath.

stderr | tests/pages/HomePage/HomePage.test.tsx > HomePage > Statistics Cards > displays Average PR time stat with correct value including "min" suffix
The width(0) and height(0) of chart should be greater than 0,
       please check the style of container, or the props width(100%) and height(100%),
       or add a minWidth(0) or minHeight(undefined) or use aspect(undefined) to control the
       height and width.

stdout | tests/integration-tests/HomePage.integration.test.tsx > HomePage Integration Tests > Core Integration Tests > should render HomePage with all main sections and API data
🔍 AuthContext: isAuthenticated calculation { hasUser: [33mfalse[39m, bothAuth: [33mfalse[39m, isAuthenticated: [33mfalse[39m }

stderr | tests/integration-tests/HomePage.integration.test.tsx > HomePage Integration Tests > Core Integration Tests > should render HomePage with all main sections and API data
The width(0) and height(0) of chart should be greater than 0,
       please check the style of container, or the props width(100%) and height(100%),
       or add a minWidth(0) or minHeight(undefined) or use aspect(undefined) to control the
       height and width.
The width(0) and height(0) of chart should be greater than 0,
       please check the style of container, or the props width(100%) and height(100%),
       or add a minWidth(0) or minHeight(undefined) or use aspect(undefined) to control the
       height and width.

stderr | tests/integration-tests/HomePage.integration.test.tsx > HomePage Integration Tests > Core Integration Tests > should render HomePage with all main sections and API data
The width(0) and height(0) of chart should be greater than 0,
       please check the style of container, or the props width(100%) and height(100%),
       or add a minWidth(0) or minHeight(undefined) or use aspect(undefined) to control the
       height and width.

stderr | tests/pages/HomePage/HomePage.test.tsx > HomePage > Average PR Time > displays correct PR count with "min" suffix from API response
The width(0) and height(0) of chart should be greater than 0,
       please check the style of container, or the props width(100%) and height(100%),
       or add a minWidth(0) or minHeight(undefined) or use aspect(undefined) to control the
       height and width.

stdout | tests/integration-tests/HomePage.integration.test.tsx > HomePage Integration Tests > Core Integration Tests > should render all tab options
🔍 AuthContext: isAuthenticated calculation { hasUser: [33mfalse[39m, bothAuth: [33mfalse[39m, isAuthenticated: [33mfalse[39m }
🔍 AuthContext: Initial useEffect { isLoginPage: [33mfalse[39m, pathname: [32m'/'[39m }
🔍 AuthContext: Not on login page, checking auth status...
🔍 AuthContext: checkAuthStatusAndSetUser started
🔍 checkDualAuthStatus: Just logged out, returning false for both

stderr | tests/pages/HomePage/HomePage.test.tsx > HomePage > Average PR Time > handles zero PR count with "min" suffix
The width(0) and height(0) of chart should be greater than 0,
       please check the style of container, or the props width(100%) and height(100%),
       or add a minWidth(0) or minHeight(undefined) or use aspect(undefined) to control the
       height and width.

stdout | tests/integration-tests/HomePage.integration.test.tsx > HomePage Integration Tests > Core Integration Tests > should render all tab options
🔍 AuthContext: Auth statuses received: { githubtools: [33mfalse[39m, githubwdf: [33mfalse[39m }
🔍 AuthContext: Updated Zustand store with auth statuses
❌ AuthContext: Not fully authenticated { githubtools: [33mfalse[39m, githubwdf: [33mfalse[39m }
🔍 AuthContext: checkAuthStatusAndSetUser completed
🔍 AuthContext: isAuthenticated calculation { hasUser: [33mfalse[39m, bothAuth: [33mfalse[39m, isAuthenticated: [33mfalse[39m }

 ✓ tests/components/ComponentCard/ActionButtons.test.tsx (8 tests) 39ms
stderr | tests/integration-tests/HomePage.integration.test.tsx > HomePage Integration Tests > Core Integration Tests > should render all tab options
The width(0) and height(0) of chart should be greater than 0,
       please check the style of container, or the props width(100%) and height(100%),
       or add a minWidth(0) or minHeight(undefined) or use aspect(undefined) to control the
       height and width.
The width(0) and height(0) of chart should be greater than 0,
       please check the style of container, or the props width(100%) and height(100%),
       or add a minWidth(0) or minHeight(undefined) or use aspect(undefined) to control the
       height and width.

stdout | tests/integration-tests/HomePage.integration.test.tsx > HomePage Integration Tests > Core Integration Tests > should render all tab options
🔍 AuthContext: isAuthenticated calculation { hasUser: [33mfalse[39m, bothAuth: [33mfalse[39m, isAuthenticated: [33mfalse[39m }

stderr | tests/pages/HomePage/HomePage.test.tsx > HomePage > Average PR Time > handles large PR count with "min" suffix
The width(0) and height(0) of chart should be greater than 0,
       please check the style of container, or the props width(100%) and height(100%),
       or add a minWidth(0) or minHeight(undefined) or use aspect(undefined) to control the
       height and width.

 ✓ tests/components/ComponentView/CodeQualityCard.test.tsx (6 tests) 58ms
 ✓ tests/components/homepage/CamProfilesTab.test.tsx (8 tests) 310ms
stdout | tests/integration-tests/HomePage.integration.test.tsx > HomePage Integration Tests > Core Integration Tests > should handle API loading states
🔍 AuthContext: isAuthenticated calculation { hasUser: [33mfalse[39m, bothAuth: [33mfalse[39m, isAuthenticated: [33mfalse[39m }
🔍 AuthContext: Initial useEffect { isLoginPage: [33mfalse[39m, pathname: [32m'/'[39m }
🔍 AuthContext: Not on login page, checking auth status...
🔍 AuthContext: checkAuthStatusAndSetUser started
🔍 checkDualAuthStatus: Just logged out, returning false for both

stdout | tests/integration-tests/HomePage.integration.test.tsx > HomePage Integration Tests > Core Integration Tests > should handle API loading states
🔍 AuthContext: Auth statuses received: { githubtools: [33mfalse[39m, githubwdf: [33mfalse[39m }
🔍 AuthContext: Updated Zustand store with auth statuses
❌ AuthContext: Not fully authenticated { githubtools: [33mfalse[39m, githubwdf: [33mfalse[39m }
🔍 AuthContext: checkAuthStatusAndSetUser completed
🔍 AuthContext: isAuthenticated calculation { hasUser: [33mfalse[39m, bothAuth: [33mfalse[39m, isAuthenticated: [33mfalse[39m }

stderr | tests/pages/HomePage/HomePage.test.tsx > HomePage > Tab Content CSS Classes > applies tab-content-height class to all TabsContent elements
The width(0) and height(0) of chart should be greater than 0,
       please check the style of container, or the props width(100%) and height(100%),
       or add a minWidth(0) or minHeight(undefined) or use aspect(undefined) to control the
       height and width.

 ✓ tests/pages/HomePage/HomePage.test.tsx (7 tests) 310ms
stderr | tests/integration-tests/HomePage.integration.test.tsx > HomePage Integration Tests > Core Integration Tests > should handle API loading states
The width(0) and height(0) of chart should be greater than 0,
       please check the style of container, or the props width(100%) and height(100%),
       or add a minWidth(0) or minHeight(undefined) or use aspect(undefined) to control the
       height and width.
The width(0) and height(0) of chart should be greater than 0,
       please check the style of container, or the props width(100%) and height(100%),
       or add a minWidth(0) or minHeight(undefined) or use aspect(undefined) to control the
       height and width.

stdout | tests/integration-tests/HomePage.integration.test.tsx > HomePage Integration Tests > Core Integration Tests > should handle API loading states
🔍 AuthContext: isAuthenticated calculation { hasUser: [33mfalse[39m, bothAuth: [33mfalse[39m, isAuthenticated: [33mfalse[39m }

stderr | tests/integration-tests/HomePage.integration.test.tsx > HomePage Integration Tests > Core Integration Tests > should handle API loading states
The width(0) and height(0) of chart should be greater than 0,
       please check the style of container, or the props width(100%) and height(100%),
       or add a minWidth(0) or minHeight(undefined) or use aspect(undefined) to control the
       height and width.

stderr | tests/integration-tests/HomePage.integration.test.tsx > HomePage Integration Tests > Core Integration Tests > should handle API loading states
The width(0) and height(0) of chart should be greater than 0,
       please check the style of container, or the props width(100%) and height(100%),
       or add a minWidth(0) or minHeight(undefined) or use aspect(undefined) to control the
       height and width.

stdout | tests/integration-tests/HomePage.integration.test.tsx > HomePage Integration Tests > Core Integration Tests > should handle API errors gracefully
🔍 AuthContext: isAuthenticated calculation { hasUser: [33mfalse[39m, bothAuth: [33mfalse[39m, isAuthenticated: [33mfalse[39m }
🔍 AuthContext: Initial useEffect { isLoginPage: [33mfalse[39m, pathname: [32m'/'[39m }
🔍 AuthContext: Not on login page, checking auth status...
🔍 AuthContext: checkAuthStatusAndSetUser started
🔍 checkDualAuthStatus: Just logged out, returning false for both

stdout | tests/integration-tests/HomePage.integration.test.tsx > HomePage Integration Tests > Core Integration Tests > should handle API errors gracefully
🔍 AuthContext: Auth statuses received: { githubtools: [33mfalse[39m, githubwdf: [33mfalse[39m }
🔍 AuthContext: Updated Zustand store with auth statuses
❌ AuthContext: Not fully authenticated { githubtools: [33mfalse[39m, githubwdf: [33mfalse[39m }
🔍 AuthContext: checkAuthStatusAndSetUser completed
🔍 AuthContext: isAuthenticated calculation { hasUser: [33mfalse[39m, bothAuth: [33mfalse[39m, isAuthenticated: [33mfalse[39m }

stderr | tests/integration-tests/HomePage.integration.test.tsx > HomePage Integration Tests > Core Integration Tests > should handle API errors gracefully
The width(0) and height(0) of chart should be greater than 0,
       please check the style of container, or the props width(100%) and height(100%),
       or add a minWidth(0) or minHeight(undefined) or use aspect(undefined) to control the
       height and width.
The width(0) and height(0) of chart should be greater than 0,
       please check the style of container, or the props width(100%) and height(100%),
       or add a minWidth(0) or minHeight(undefined) or use aspect(undefined) to control the
       height and width.

stdout | tests/integration-tests/HomePage.integration.test.tsx > HomePage Integration Tests > Core Integration Tests > should handle API errors gracefully
🔍 AuthContext: isAuthenticated calculation { hasUser: [33mfalse[39m, bothAuth: [33mfalse[39m, isAuthenticated: [33mfalse[39m }

stderr | tests/integration-tests/HomePage.integration.test.tsx > HomePage Integration Tests > Core Integration Tests > should handle API errors gracefully
The width(0) and height(0) of chart should be greater than 0,
       please check the style of container, or the props width(100%) and height(100%),
       or add a minWidth(0) or minHeight(undefined) or use aspect(undefined) to control the
       height and width.

stdout | tests/integration-tests/HomePage.integration.test.tsx > HomePage Integration Tests > Core Integration Tests > should persist tab selection from session storage
🔍 AuthContext: isAuthenticated calculation { hasUser: [33mfalse[39m, bothAuth: [33mfalse[39m, isAuthenticated: [33mfalse[39m }
🔍 AuthContext: Initial useEffect { isLoginPage: [33mfalse[39m, pathname: [32m'/'[39m }
🔍 AuthContext: Not on login page, checking auth status...
🔍 AuthContext: checkAuthStatusAndSetUser started
🔍 checkDualAuthStatus: Just logged out, returning false for both

stdout | tests/integration-tests/HomePage.integration.test.tsx > HomePage Integration Tests > Core Integration Tests > should persist tab selection from session storage
🔍 AuthContext: Auth statuses received: { githubtools: [33mfalse[39m, githubwdf: [33mfalse[39m }
🔍 AuthContext: Updated Zustand store with auth statuses
❌ AuthContext: Not fully authenticated { githubtools: [33mfalse[39m, githubwdf: [33mfalse[39m }
🔍 AuthContext: checkAuthStatusAndSetUser completed
🔍 AuthContext: isAuthenticated calculation { hasUser: [33mfalse[39m, bothAuth: [33mfalse[39m, isAuthenticated: [33mfalse[39m }

stderr | tests/integration-tests/HomePage.integration.test.tsx > HomePage Integration Tests > Core Integration Tests > should persist tab selection from session storage
The width(0) and height(0) of chart should be greater than 0,
       please check the style of container, or the props width(100%) and height(100%),
       or add a minWidth(0) or minHeight(undefined) or use aspect(undefined) to control the
       height and width.

stdout | tests/integration-tests/HomePage.integration.test.tsx > HomePage Integration Tests > Core Integration Tests > should persist tab selection from session storage
🔍 AuthContext: isAuthenticated calculation { hasUser: [33mfalse[39m, bothAuth: [33mfalse[39m, isAuthenticated: [33mfalse[39m }

stdout | tests/integration-tests/HomePage.integration.test.tsx > HomePage Integration Tests > Core Integration Tests > should clear header tabs on mount
🔍 AuthContext: isAuthenticated calculation { hasUser: [33mfalse[39m, bothAuth: [33mfalse[39m, isAuthenticated: [33mfalse[39m }
🔍 AuthContext: Initial useEffect { isLoginPage: [33mfalse[39m, pathname: [32m'/'[39m }
🔍 AuthContext: Not on login page, checking auth status...
🔍 AuthContext: checkAuthStatusAndSetUser started
🔍 checkDualAuthStatus: Just logged out, returning false for both

stdout | tests/integration-tests/HomePage.integration.test.tsx > HomePage Integration Tests > Core Integration Tests > should clear header tabs on mount
🔍 AuthContext: Auth statuses received: { githubtools: [33mfalse[39m, githubwdf: [33mfalse[39m }
🔍 AuthContext: Updated Zustand store with auth statuses
❌ AuthContext: Not fully authenticated { githubtools: [33mfalse[39m, githubwdf: [33mfalse[39m }
🔍 AuthContext: checkAuthStatusAndSetUser completed
🔍 AuthContext: isAuthenticated calculation { hasUser: [33mfalse[39m, bothAuth: [33mfalse[39m, isAuthenticated: [33mfalse[39m }

stderr | tests/integration-tests/HomePage.integration.test.tsx > HomePage Integration Tests > Core Integration Tests > should clear header tabs on mount
The width(0) and height(0) of chart should be greater than 0,
       please check the style of container, or the props width(100%) and height(100%),
       or add a minWidth(0) or minHeight(undefined) or use aspect(undefined) to control the
       height and width.
The width(0) and height(0) of chart should be greater than 0,
       please check the style of container, or the props width(100%) and height(100%),
       or add a minWidth(0) or minHeight(undefined) or use aspect(undefined) to control the
       height and width.

stdout | tests/integration-tests/HomePage.integration.test.tsx > HomePage Integration Tests > Core Integration Tests > should clear header tabs on mount
🔍 AuthContext: isAuthenticated calculation { hasUser: [33mfalse[39m, bothAuth: [33mfalse[39m, isAuthenticated: [33mfalse[39m }

 ✓ tests/integration-tests/HomePage.integration.test.tsx (6 tests) 626ms
 ✓ tests/components/ai-launchpad/AuthDialog.test.tsx (7 tests) 1650ms
   ✓ AuthDialog > should submit form with correct data  418ms
   ✓ AuthDialog > should handle authentication success and failure  350ms
   ✓ AuthDialog > should handle authentication failure  476ms
 ✓ tests/components/ai-launchpad/ModelSearchStep.test.tsx (5 tests) 152ms
stderr | tests/pages/AIArenaPage/AIArenaPage.test.tsx > AIArenaPage Component > Basic Functionality > should render page with chat tab content by default
⚠️ React Router Future Flag Warning: React Router will begin wrapping state updates in `React.startTransition` in v7. You can use the `v7_startTransition` future flag to opt-in early. For more information, see https://reactrouter.com/v6/upgrading/future#v7_starttransition.
⚠️ React Router Future Flag Warning: Relative route resolution within Splat routes is changing in v7. You can use the `v7_relativeSplatPath` future flag to opt-in early. For more information, see https://reactrouter.com/v6/upgrading/future#v7_relativesplatpath.

 ✓ tests/pages/AIArenaPage/AIArenaPage.test.tsx (5 tests) 21ms
 ✓ tests/components/ComponentView/StatusDot.test.tsx (11 tests) 20ms
 ✓ tests/components/ComponentsSearchFilter.test.tsx (10 tests) 40ms
 ✓ tests/components/ai-launchpad/DeploymentStats.test.tsx (6 tests) 38ms
stderr | tests/components/ai-launchpad/DeploymentsManager.test.tsx > DeploymentsManager > should handle refresh and create actions
Warning: An update to DeploymentsManager inside a test was not wrapped in act(...).

When testing, code that causes React state updates should be wrapped into act(...):

act(() => {
  /* fire events that update state */
});
/* assert on the output */

This ensures that you're testing the behavior the user would see in the browser. Learn more at https://reactjs.org/link/wrap-tests-with-act
    at DeploymentsManager (/Users/C5406081/developer-portal-frontend/src/components/AILaunchpad/DeploymentsManager.tsx:28:3)

 ✓ tests/components/ai-launchpad/DeploymentsManager.test.tsx (3 tests) 56ms
 ✓ tests/components/ai-launchpad/DeploymentCard.test.tsx (3 tests) 26ms
 ✓ tests/components/ai-launchpad/DeploymentCardHeader.test.tsx (7 tests) 137ms
 ✓ tests/components/SelfServiceComponents/SelfServiceDialogButtons.test.tsx (4 tests) 294ms
 ✓ src/utils/landscapeDefaults.test.ts (9 tests) 3ms
 ✓ tests/pages/LinksPage/LinksPage.test.tsx (5 tests) 26ms
 ✓ tests/components/HealthOverview.test.tsx (10 tests) 31ms
 ✓ tests/components/SelfServiceComponents/FormPreview.test.tsx (7 tests) 27ms
 ✓ tests/components/Health/HealthDashboard.test.tsx (5 tests) 38ms
 ✓ tests/components/ai-launchpad/ModelSelectionCard.test.tsx (5 tests) 118ms
 ✓ tests/components/ai-launchpad/CreateDeploymentDialogButtons.test.tsx (5 tests) 232ms
 ✓ tests/components/ai-launchpad/DeploymentCardActions.test.tsx (4 tests) 28ms
 ✓ tests/components/docs/DocsSearch.test.tsx (10 tests) 114ms
 ✓ tests/components/Links/LinksHeader.test.tsx (5 tests) 114ms
 ✓ tests/components/ComponentCard/MetricItem.test.tsx (6 tests) 49ms
 ✓ tests/components/ai-launchpad/deploymentUtils.test.tsx (8 tests) 3ms
 ✓ tests/components/tabs/TriggeredAlertsTab.test.tsx (4 tests) 18ms
 ✓ tests/components/SelfServiceComponents/StepIndicator.test.tsx (4 tests) 28ms
 ✓ tests/components/ai-launchpad/TimelineSection.test.tsx (6 tests) 40ms
 ✓ tests/components/Health/StatusBadge.test.tsx (9 tests) 27ms
 ✓ tests/components/ai-launchpad/DeploymentConfigurationStep.test.tsx (4 tests) 116ms
 ✓ tests/components/ComponentView/HealthErrorDisplay.test.tsx (5 tests) 21ms
 ✓ tests/components/ai-launchpad/ModelSummaryCard.test.tsx (4 tests) 93ms
 ✓ tests/components/ai-launchpad/EndpointSection.test.tsx (4 tests) 127ms
 ✓ tests/components/Health/HealthDetails.test.tsx (4 tests) 37ms
 ✓ src/test/App.test.tsx (2 tests) 1ms
 ✓ tests/components/ai-launchpad/ModelConfigurationSection.test.tsx (2 tests) 85ms
 ✓ tests/components/ai-launchpad/DeploymentsHeader.test.tsx (3 tests) 159ms
 ✓ tests/components/ai-launchpad/ConfirmDialog.test.tsx (4 tests) 197ms

⎯⎯⎯⎯⎯⎯ Failed Tests 54 ⎯⎯⎯⎯⎯⎯⎯

 FAIL  tests/contexts/AuthContext.test.tsx > AuthContext > AuthProvider Initialization > should check auth status on mount when not on login page
AssertionError: expected "spy" to be called 1 times, but got 0 times

Ignored nodes: comments, script, style
[36m<html>[39m
  [36m<head />[39m
  [36m<body>[39m
    [36m<div>[39m
      [36m<div>[39m
        [36m<div[39m
          [33mdata-testid[39m=[32m"user"[39m
        [36m>[39m
          [0mnull[0m
        [36m</div>[39m
        [36m<div[39m
          [33mdata-testid[39m=[32m"isAuthenticated"[39m
        [36m>[39m
          [0mfalse[0m
        [36m</div>[39m
        [36m<div[39m
          [33mdata-testid[39m=[32m"isLoading"[39m
        [36m>[39m
          [0mfalse[0m
        [36m</div>[39m
        [36m<button[39m
          [33mdata-testid[39m=[32m"login-btn"[39m
        [36m>[39m
          [0mLogin[0m
        [36m</button>[39m
        [36m<button[39m
          [33mdata-testid[39m=[32m"logout-btn"[39m
        [36m>[39m
          [0mLogout[0m
        [36m</button>[39m
        [36m<button[39m
          [33mdata-testid[39m=[32m"refresh-btn"[39m
        [36m>[39m
          [0mRefresh[0m
        [36m</button>[39m
      [36m</div>[39m
    [36m</div>[39m
  [36m</body>[39m
[36m</html>[39m
 ❯ tests/contexts/AuthContext.test.tsx:99:45
     97| 
     98|       await waitFor(() => {
     99|         expect(authService.checkAuthStatus).toHaveBeenCalledTimes(1);
       |                                             ^
    100|         expect(useMembers.fetchCurrentUser).toHaveBeenCalledTimes(1);
    101|       });
 ❯ runWithExpensiveErrorDiagnosticsDisabled node_modules/@testing-library/dom/dist/config.js:47:12
 ❯ checkCallback node_modules/@testing-library/dom/dist/wait-for.js:124:77
 ❯ Timeout.checkRealTimersCallback node_modules/@testing-library/dom/dist/wait-for.js:118:16

⎯⎯⎯⎯⎯⎯⎯⎯⎯⎯⎯⎯⎯⎯⎯⎯⎯⎯⎯⎯⎯⎯⎯[1/54]⎯

 FAIL  tests/contexts/AuthContext.test.tsx > AuthContext > AuthProvider Initialization > should handle errors during auth check gracefully
AssertionError: expected "error" to be called with arguments: [ 'Error checking auth status:', …(1) ][90m

Received: 

[1m  1st error call:

[22m[2m  [[22m
[32m-   "Error checking auth status:",[90m
[32m-   Any<Error>,[90m
[31m+   "❌ AuthContext: Error checking auth status:",[90m
[31m+   Error {[90m
[31m+     "message": "[vitest] No \"checkDualAuthStatus\" export is defined on the \"@/services/authService\" mock. Did you forget to return it from \"vi.mock\"?[90m
[31m+ If you need to partially mock a module, you can use \"importOriginal\" helper inside:[90m
[31m+ ",[90m
[31m+     "codeFrame": "vi[33m.[31m[34mmock[31m([35mimport[31m([32m\"@/services/authService\"[31m)[33m,[31m [35masync[31m (importOriginal) [33m=>[31m {[90m
[31m+   [35mconst[31m actual [33m=[31m [35mawait[31m [34mimportOriginal[31m()[90m
[31m+   [35mreturn[31m {[90m
[31m+     [33m...[31mactual[33m,[31m[90m
[31m+     [90m// your mocked methods[31m[90m
[31m+   }[90m
[31m+ })",[90m
[31m+   },[90m
[2m  ][22m
[39m[90m

Number of calls: [1m1[22m
[39m
 ❯ tests/contexts/AuthContext.test.tsx:193:29
    191|       });
    192| 
    193|       expect(console.error).toHaveBeenCalledWith(
       |                             ^
    194|         'Error checking auth status:',
    195|         expect.any(Error)

⎯⎯⎯⎯⎯⎯⎯⎯⎯⎯⎯⎯⎯⎯⎯⎯⎯⎯⎯⎯⎯⎯⎯[2/54]⎯

 FAIL  tests/contexts/AuthContext.test.tsx > AuthContext > login function > should call authService with correct parameters
AssertionError: expected "spy" to be called with arguments: [ { returnUrl: '/', …(1) } ][90m

Number of calls: [1m0[22m
[39m

Ignored nodes: comments, script, style
[36m<html>[39m
  [36m<head />[39m
  [36m<body>[39m
    [36m<div>[39m
      [36m<div>[39m
        [36m<div[39m
          [33mdata-testid[39m=[32m"user"[39m
        [36m>[39m
          [0mnull[0m
        [36m</div>[39m
        [36m<div[39m
          [33mdata-testid[39m=[32m"isAuthenticated"[39m
        [36m>[39m
          [0mfalse[0m
        [36m</div>[39m
        [36m<div[39m
          [33mdata-testid[39m=[32m"isLoading"[39m
        [36m>[39m
          [0mfalse[0m
        [36m</div>[39m
        [36m<button[39m
          [33mdata-testid[39m=[32m"login-btn"[39m
        [36m>[39m
          [0mLogin[0m
        [36m</button>[39m
        [36m<button[39m
          [33mdata-testid[39m=[32m"logout-btn"[39m
        [36m>[39m
          [0mLogout[0m
        [36m</button>[39m
        [36m<button[39m
          [33mdata-testid[39m=[32m"refresh-btn"[39m
        [36m>[39m
          [0mRefresh[0m
        [36m</button>[39m
      [36m</div>[39m
    [36m</div>[39m
  [36m</body>[39m
[36m</html>[39m
 ❯ tests/contexts/AuthContext.test.tsx:224:41
    222| 
    223|       await waitFor(() => {
    224|         expect(authService.authService).toHaveBeenCalledWith({
       |                                         ^
    225|           returnUrl: '/',
    226|           storeReturnUrl: false,
 ❯ runWithExpensiveErrorDiagnosticsDisabled node_modules/@testing-library/dom/dist/config.js:47:12
 ❯ checkCallback node_modules/@testing-library/dom/dist/wait-for.js:124:77
 ❯ Timeout.checkRealTimersCallback node_modules/@testing-library/dom/dist/wait-for.js:118:16

⎯⎯⎯⎯⎯⎯⎯⎯⎯⎯⎯⎯⎯⎯⎯⎯⎯⎯⎯⎯⎯⎯⎯[3/54]⎯

 FAIL  tests/contexts/AuthContext.test.tsx > AuthContext > login function > should refresh auth after successful login
AssertionError: expected "spy" to be called at least once

Ignored nodes: comments, script, style
[36m<html>[39m
  [36m<head />[39m
  [36m<body>[39m
    [36m<div>[39m
      [36m<div>[39m
        [36m<div[39m
          [33mdata-testid[39m=[32m"user"[39m
        [36m>[39m
          [0mnull[0m
        [36m</div>[39m
        [36m<div[39m
          [33mdata-testid[39m=[32m"isAuthenticated"[39m
        [36m>[39m
          [0mfalse[0m
        [36m</div>[39m
        [36m<div[39m
          [33mdata-testid[39m=[32m"isLoading"[39m
        [36m>[39m
          [0mfalse[0m
        [36m</div>[39m
        [36m<button[39m
          [33mdata-testid[39m=[32m"login-btn"[39m
        [36m>[39m
          [0mLogin[0m
        [36m</button>[39m
        [36m<button[39m
          [33mdata-testid[39m=[32m"logout-btn"[39m
        [36m>[39m
          [0mLogout[0m
        [36m</button>[39m
        [36m<button[39m
          [33mdata-testid[39m=[32m"refresh-btn"[39m
        [36m>[39m
          [0mRefresh[0m
        [36m</button>[39m
      [36m</div>[39m
    [36m</div>[39m
  [36m</body>[39m
[36m</html>[39m
 ❯ tests/contexts/AuthContext.test.tsx:252:45
    250| 
    251|       await waitFor(() => {
    252|         expect(authService.checkAuthStatus).toHaveBeenCalled();
       |                                             ^
    253|         expect(useMembers.fetchCurrentUser).toHaveBeenCalled();
    254|       });
 ❯ runWithExpensiveErrorDiagnosticsDisabled node_modules/@testing-library/dom/dist/config.js:47:12
 ❯ checkCallback node_modules/@testing-library/dom/dist/wait-for.js:124:77
 ❯ Timeout.checkRealTimersCallback node_modules/@testing-library/dom/dist/wait-for.js:118:16

⎯⎯⎯⎯⎯⎯⎯⎯⎯⎯⎯⎯⎯⎯⎯⎯⎯⎯⎯⎯⎯⎯⎯[4/54]⎯

 FAIL  tests/contexts/AuthContext.test.tsx > AuthContext > login function > should set loading state during login
Error: [2mexpect([22m[31melement[39m[2m).toHaveTextContent()[22m

Expected element to have text content:
[32m  true[39m
Received:
[31m  false[39m

Ignored nodes: comments, script, style
[36m<html>[39m
  [36m<head />[39m
  [36m<body>[39m
    [36m<div>[39m
      [36m<div>[39m
        [36m<div[39m
          [33mdata-testid[39m=[32m"user"[39m
        [36m>[39m
          [0mnull[0m
        [36m</div>[39m
        [36m<div[39m
          [33mdata-testid[39m=[32m"isAuthenticated"[39m
        [36m>[39m
          [0mfalse[0m
        [36m</div>[39m
        [36m<div[39m
          [33mdata-testid[39m=[32m"isLoading"[39m
        [36m>[39m
          [0mfalse[0m
        [36m</div>[39m
        [36m<button[39m
          [33mdata-testid[39m=[32m"login-btn"[39m
        [36m>[39m
          [0mLogin[0m
        [36m</button>[39m
        [36m<button[39m
          [33mdata-testid[39m=[32m"logout-btn"[39m
        [36m>[39m
          [0mLogout[0m
        [36m</button>[39m
        [36m<button[39m
          [33mdata-testid[39m=[32m"refresh-btn"[39m
        [36m>[39m
          [0mRefresh[0m
        [36m</button>[39m
      [36m</div>[39m
    [36m</div>[39m
  [36m</body>[39m
[36m</html>[39m
 ❯ tests/contexts/AuthContext.test.tsx:288:49
    286| 
    287|       await waitFor(() => {
    288|         expect(screen.getByTestId('isLoading')).toHaveTextContent('tru…
       |                                                 ^
    289|       });
    290| 
 ❯ runWithExpensiveErrorDiagnosticsDisabled node_modules/@testing-library/dom/dist/config.js:47:12
 ❯ checkCallback node_modules/@testing-library/dom/dist/wait-for.js:124:77
 ❯ Timeout.checkRealTimersCallback node_modules/@testing-library/dom/dist/wait-for.js:118:16

⎯⎯⎯⎯⎯⎯⎯⎯⎯⎯⎯⎯⎯⎯⎯⎯⎯⎯⎯⎯⎯⎯⎯[5/54]⎯

 FAIL  tests/contexts/AuthContext.test.tsx > AuthContext > logout function > should call logoutUser service
Error: [2mexpect([22m[31melement[39m[2m).toHaveTextContent()[22m

Expected element to have text content:
[32m  Test User[39m
Received:
[31m  null[39m

Ignored nodes: comments, script, style
[36m<html>[39m
  [36m<head />[39m
  [36m<body>[39m
    [36m<div>[39m
      [36m<div>[39m
        [36m<div[39m
          [33mdata-testid[39m=[32m"user"[39m
        [36m>[39m
          [0mnull[0m
        [36m</div>[39m
        [36m<div[39m
          [33mdata-testid[39m=[32m"isAuthenticated"[39m
        [36m>[39m
          [0mfalse[0m
        [36m</div>[39m
        [36m<div[39m
          [33mdata-testid[39m=[32m"isLoading"[39m
        [36m>[39m
          [0mfalse[0m
        [36m</div>[39m
        [36m<button[39m
          [33mdata-testid[39m=[32m"login-btn"[39m
        [36m>[39m
          [0mLogin[0m
        [36m</button>[39m
        [36m<button[39m
          [33mdata-testid[39m=[32m"logout-btn"[39m
        [36m>[39m
          [0mLogout[0m
        [36m</button>[39m
        [36m<button[39m
          [33mdata-testid[39m=[32m"refresh-btn"[39m
        [36m>[39m
          [0mRefresh[0m
        [36m</button>[39m
      [36m</div>[39m
    [36m</div>[39m
  [36m</body>[39m
[36m</html>[39m
 ❯ tests/contexts/AuthContext.test.tsx:344:44
    342| 
    343|       await waitFor(() => {
    344|         expect(screen.getByTestId('user')).toHaveTextContent('Test Use…
       |                                            ^
    345|       });
    346| 
 ❯ runWithExpensiveErrorDiagnosticsDisabled node_modules/@testing-library/dom/dist/config.js:47:12
 ❯ checkCallback node_modules/@testing-library/dom/dist/wait-for.js:124:77
 ❯ Timeout.checkRealTimersCallback node_modules/@testing-library/dom/dist/wait-for.js:118:16

⎯⎯⎯⎯⎯⎯⎯⎯⎯⎯⎯⎯⎯⎯⎯⎯⎯⎯⎯⎯⎯⎯⎯[6/54]⎯

 FAIL  tests/contexts/AuthContext.test.tsx > AuthContext > logout function > should clear user state after logout
Error: [2mexpect([22m[31melement[39m[2m).toHaveTextContent()[22m

Expected element to have text content:
[32m  Test User[39m
Received:
[31m  null[39m

Ignored nodes: comments, script, style
[36m<html>[39m
  [36m<head />[39m
  [36m<body>[39m
    [36m<div>[39m
      [36m<div>[39m
        [36m<div[39m
          [33mdata-testid[39m=[32m"user"[39m
        [36m>[39m
          [0mnull[0m
        [36m</div>[39m
        [36m<div[39m
          [33mdata-testid[39m=[32m"isAuthenticated"[39m
        [36m>[39m
          [0mfalse[0m
        [36m</div>[39m
        [36m<div[39m
          [33mdata-testid[39m=[32m"isLoading"[39m
        [36m>[39m
          [0mfalse[0m
        [36m</div>[39m
        [36m<button[39m
          [33mdata-testid[39m=[32m"login-btn"[39m
        [36m>[39m
          [0mLogin[0m
        [36m</button>[39m
        [36m<button[39m
          [33mdata-testid[39m=[32m"logout-btn"[39m
        [36m>[39m
          [0mLogout[0m
        [36m</button>[39m
        [36m<button[39m
          [33mdata-testid[39m=[32m"refresh-btn"[39m
        [36m>[39m
          [0mRefresh[0m
        [36m</button>[39m
      [36m</div>[39m
    [36m</div>[39m
  [36m</body>[39m
[36m</html>[39m
 ❯ tests/contexts/AuthContext.test.tsx:367:44
    365| 
    366|       await waitFor(() => {
    367|         expect(screen.getByTestId('user')).toHaveTextContent('Test Use…
       |                                            ^
    368|       });
    369| 
 ❯ runWithExpensiveErrorDiagnosticsDisabled node_modules/@testing-library/dom/dist/config.js:47:12
 ❯ checkCallback node_modules/@testing-library/dom/dist/wait-for.js:124:77
 ❯ Timeout.checkRealTimersCallback node_modules/@testing-library/dom/dist/wait-for.js:118:16

⎯⎯⎯⎯⎯⎯⎯⎯⎯⎯⎯⎯⎯⎯⎯⎯⎯⎯⎯⎯⎯⎯⎯[7/54]⎯

 FAIL  tests/contexts/AuthContext.test.tsx > AuthContext > logout function > should set loading state during logout
Error: [2mexpect([22m[31melement[39m[2m).toHaveTextContent()[22m

Expected element to have text content:
[32m  Test User[39m
Received:
[31m  null[39m

Ignored nodes: comments, script, style
[36m<html>[39m
  [36m<head />[39m
  [36m<body>[39m
    [36m<div>[39m
      [36m<div>[39m
        [36m<div[39m
          [33mdata-testid[39m=[32m"user"[39m
        [36m>[39m
          [0mnull[0m
        [36m</div>[39m
        [36m<div[39m
          [33mdata-testid[39m=[32m"isAuthenticated"[39m
        [36m>[39m
          [0mfalse[0m
        [36m</div>[39m
        [36m<div[39m
          [33mdata-testid[39m=[32m"isLoading"[39m
        [36m>[39m
          [0mfalse[0m
        [36m</div>[39m
        [36m<button[39m
          [33mdata-testid[39m=[32m"login-btn"[39m
        [36m>[39m
          [0mLogin[0m
        [36m</button>[39m
        [36m<button[39m
          [33mdata-testid[39m=[32m"logout-btn"[39m
        [36m>[39m
          [0mLogout[0m
        [36m</button>[39m
        [36m<button[39m
          [33mdata-testid[39m=[32m"refresh-btn"[39m
        [36m>[39m
          [0mRefresh[0m
        [36m</button>[39m
      [36m</div>[39m
    [36m</div>[39m
  [36m</body>[39m
[36m</html>[39m
 ❯ tests/contexts/AuthContext.test.tsx:404:44
    402| 
    403|       await waitFor(() => {
    404|         expect(screen.getByTestId('user')).toHaveTextContent('Test Use…
       |                                            ^
    405|       });
    406| 
 ❯ runWithExpensiveErrorDiagnosticsDisabled node_modules/@testing-library/dom/dist/config.js:47:12
 ❯ checkCallback node_modules/@testing-library/dom/dist/wait-for.js:124:77
 ❯ Timeout.checkRealTimersCallback node_modules/@testing-library/dom/dist/wait-for.js:118:16

⎯⎯⎯⎯⎯⎯⎯⎯⎯⎯⎯⎯⎯⎯⎯⎯⎯⎯⎯⎯⎯⎯⎯[8/54]⎯

 FAIL  tests/contexts/AuthContext.test.tsx > AuthContext > logout function > should handle logout errors gracefully
Error: [2mexpect([22m[31melement[39m[2m).toHaveTextContent()[22m

Expected element to have text content:
[32m  Test User[39m
Received:
[31m  null[39m

Ignored nodes: comments, script, style
[36m<html>[39m
  [36m<head />[39m
  [36m<body>[39m
    [36m<div>[39m
      [36m<div>[39m
        [36m<div[39m
          [33mdata-testid[39m=[32m"user"[39m
        [36m>[39m
          [0mnull[0m
        [36m</div>[39m
        [36m<div[39m
          [33mdata-testid[39m=[32m"isAuthenticated"[39m
        [36m>[39m
          [0mfalse[0m
        [36m</div>[39m
        [36m<div[39m
          [33mdata-testid[39m=[32m"isLoading"[39m
        [36m>[39m
          [0mfalse[0m
        [36m</div>[39m
        [36m<button[39m
          [33mdata-testid[39m=[32m"login-btn"[39m
        [36m>[39m
          [0mLogin[0m
        [36m</button>[39m
        [36m<button[39m
          [33mdata-testid[39m=[32m"logout-btn"[39m
        [36m>[39m
          [0mLogout[0m
        [36m</button>[39m
        [36m<button[39m
          [33mdata-testid[39m=[32m"refresh-btn"[39m
        [36m>[39m
          [0mRefresh[0m
        [36m</button>[39m
      [36m</div>[39m
    [36m</div>[39m
  [36m</body>[39m
[36m</html>[39m
 ❯ tests/contexts/AuthContext.test.tsx:435:44
    433| 
    434|       await waitFor(() => {
    435|         expect(screen.getByTestId('user')).toHaveTextContent('Test Use…
       |                                            ^
    436|       });
    437| 
 ❯ runWithExpensiveErrorDiagnosticsDisabled node_modules/@testing-library/dom/dist/config.js:47:12
 ❯ checkCallback node_modules/@testing-library/dom/dist/wait-for.js:124:77
 ❯ Timeout.checkRealTimersCallback node_modules/@testing-library/dom/dist/wait-for.js:118:16

⎯⎯⎯⎯⎯⎯⎯⎯⎯⎯⎯⎯⎯⎯⎯⎯⎯⎯⎯⎯⎯⎯⎯[9/54]⎯

 FAIL  tests/contexts/AuthContext.test.tsx > AuthContext > logout function > should handle logout service failure and keep user state
Error: [2mexpect([22m[31melement[39m[2m).toHaveTextContent()[22m

Expected element to have text content:
[32m  Test User[39m
Received:
[31m  null[39m

Ignored nodes: comments, script, style
[36m<html>[39m
  [36m<head />[39m
  [36m<body>[39m
    [36m<div>[39m
      [36m<div>[39m
        [36m<div[39m
          [33mdata-testid[39m=[32m"user"[39m
        [36m>[39m
          [0mnull[0m
        [36m</div>[39m
        [36m<div[39m
          [33mdata-testid[39m=[32m"isAuthenticated"[39m
        [36m>[39m
          [0mfalse[0m
        [36m</div>[39m
        [36m<div[39m
          [33mdata-testid[39m=[32m"isLoading"[39m
        [36m>[39m
          [0mfalse[0m
        [36m</div>[39m
        [36m<button[39m
          [33mdata-testid[39m=[32m"login-btn"[39m
        [36m>[39m
          [0mLogin[0m
        [36m</button>[39m
        [36m<button[39m
          [33mdata-testid[39m=[32m"logout-btn"[39m
        [36m>[39m
          [0mLogout[0m
        [36m</button>[39m
        [36m<button[39m
          [33mdata-testid[39m=[32m"refresh-btn"[39m
        [36m>[39m
          [0mRefresh[0m
        [36m</button>[39m
      [36m</div>[39m
    [36m</div>[39m
  [36m</body>[39m
[36m</html>[39m
 ❯ tests/contexts/AuthContext.test.tsx:460:44
    458| 
    459|       await waitFor(() => {
    460|         expect(screen.getByTestId('user')).toHaveTextContent('Test Use…
       |                                            ^
    461|       });
    462| 
 ❯ runWithExpensiveErrorDiagnosticsDisabled node_modules/@testing-library/dom/dist/config.js:47:12
 ❯ checkCallback node_modules/@testing-library/dom/dist/wait-for.js:124:77
 ❯ Timeout.checkRealTimersCallback node_modules/@testing-library/dom/dist/wait-for.js:118:16

⎯⎯⎯⎯⎯⎯⎯⎯⎯⎯⎯⎯⎯⎯⎯⎯⎯⎯⎯⎯⎯⎯[10/54]⎯

 FAIL  tests/contexts/AuthContext.test.tsx > AuthContext > refreshAuth function > should refresh user data successfully
AssertionError: expected "spy" to be called at least once

Ignored nodes: comments, script, style
[36m<html>[39m
  [36m<head />[39m
  [36m<body>[39m
    [36m<div>[39m
      [36m<div>[39m
        [36m<div[39m
          [33mdata-testid[39m=[32m"user"[39m
        [36m>[39m
          [0mnull[0m
        [36m</div>[39m
        [36m<div[39m
          [33mdata-testid[39m=[32m"isAuthenticated"[39m
        [36m>[39m
          [0mfalse[0m
        [36m</div>[39m
        [36m<div[39m
          [33mdata-testid[39m=[32m"isLoading"[39m
        [36m>[39m
          [0mfalse[0m
        [36m</div>[39m
        [36m<button[39m
          [33mdata-testid[39m=[32m"login-btn"[39m
        [36m>[39m
          [0mLogin[0m
        [36m</button>[39m
        [36m<button[39m
          [33mdata-testid[39m=[32m"logout-btn"[39m
        [36m>[39m
          [0mLogout[0m
        [36m</button>[39m
        [36m<button[39m
          [33mdata-testid[39m=[32m"refresh-btn"[39m
        [36m>[39m
          [0mRefresh[0m
        [36m</button>[39m
      [36m</div>[39m
    [36m</div>[39m
  [36m</body>[39m
[36m</html>[39m
 ❯ tests/contexts/AuthContext.test.tsx:504:45
    502| 
    503|       await waitFor(() => {
    504|         expect(authService.checkAuthStatus).toHaveBeenCalled();
       |                                             ^
    505|         expect(useMembers.fetchCurrentUser).toHaveBeenCalled();
    506|       });
 ❯ runWithExpensiveErrorDiagnosticsDisabled node_modules/@testing-library/dom/dist/config.js:47:12
 ❯ checkCallback node_modules/@testing-library/dom/dist/wait-for.js:124:77
 ❯ Timeout.checkRealTimersCallback node_modules/@testing-library/dom/dist/wait-for.js:118:16

⎯⎯⎯⎯⎯⎯⎯⎯⎯⎯⎯⎯⎯⎯⎯⎯⎯⎯⎯⎯⎯⎯[11/54]⎯

 FAIL  tests/contexts/AuthContext.test.tsx > AuthContext > refreshAuth function > should clear quick-links from localStorage on successful refresh
AssertionError: expected "spy" to be called with arguments: [ 'quick-links' ][90m

Number of calls: [1m0[22m
[39m

Ignored nodes: comments, script, style
[36m<html>[39m
  [36m<head />[39m
  [36m<body>[39m
    [36m<div>[39m
      [36m<div>[39m
        [36m<div[39m
          [33mdata-testid[39m=[32m"user"[39m
        [36m>[39m
          [0mnull[0m
        [36m</div>[39m
        [36m<div[39m
          [33mdata-testid[39m=[32m"isAuthenticated"[39m
        [36m>[39m
          [0mfalse[0m
        [36m</div>[39m
        [36m<div[39m
          [33mdata-testid[39m=[32m"isLoading"[39m
        [36m>[39m
          [0mfalse[0m
        [36m</div>[39m
        [36m<button[39m
          [33mdata-testid[39m=[32m"login-btn"[39m
        [36m>[39m
          [0mLogin[0m
        [36m</button>[39m
        [36m<button[39m
          [33mdata-testid[39m=[32m"logout-btn"[39m
        [36m>[39m
          [0mLogout[0m
        [36m</button>[39m
        [36m<button[39m
          [33mdata-testid[39m=[32m"refresh-btn"[39m
        [36m>[39m
          [0mRefresh[0m
        [36m</button>[39m
      [36m</div>[39m
    [36m</div>[39m
  [36m</body>[39m
[36m</html>[39m
 ❯ tests/contexts/AuthContext.test.tsx:532:41
    530| 
    531|       await waitFor(() => {
    532|         expect(localStorage.removeItem).toHaveBeenCalledWith('quick-li…
       |                                         ^
    533|       });
    534|     });
 ❯ runWithExpensiveErrorDiagnosticsDisabled node_modules/@testing-library/dom/dist/config.js:47:12
 ❯ checkCallback node_modules/@testing-library/dom/dist/wait-for.js:124:77
 ❯ Timeout.checkRealTimersCallback node_modules/@testing-library/dom/dist/wait-for.js:118:16

⎯⎯⎯⎯⎯⎯⎯⎯⎯⎯⎯⎯⎯⎯⎯⎯⎯⎯⎯⎯⎯⎯[12/54]⎯

 FAIL  tests/contexts/AuthContext.test.tsx > AuthContext > refreshAuth function > should handle localStorage errors gracefully
AssertionError: expected "error" to be called with arguments: [ …(2) ][90m

Received: 

[1m  1st error call:

[22m[2m  [[22m
[32m-   "Failed to clear quick-links from localStorage:",[90m
[32m-   Any<Error>,[90m
[31m+   "Refresh auth error:",[90m
[31m+   Error {[90m
[31m+     "message": "[vitest] No \"checkDualAuthStatus\" export is defined on the \"@/services/authService\" mock. Did you forget to return it from \"vi.mock\"?[90m
[31m+ If you need to partially mock a module, you can use \"importOriginal\" helper inside:[90m
[31m+ ",[90m
[31m+     "codeFrame": "vi[33m.[31m[34mmock[31m([35mimport[31m([32m\"@/services/authService\"[31m)[33m,[31m [35masync[31m (importOriginal) [33m=>[31m {[90m
[31m+   [35mconst[31m actual [33m=[31m [35mawait[31m [34mimportOriginal[31m()[90m
[31m+   [35mreturn[31m {[90m
[31m+     [33m...[31mactual[33m,[31m[90m
[31m+     [90m// your mocked methods[31m[90m
[31m+   }[90m
[31m+ })",[90m
[31m+   },[90m
[2m  ][22m

[1m  2nd error call:

[22m[2m  [[22m
[32m-   "Failed to clear quick-links from localStorage:",[90m
[32m-   Any<Error>,[90m
[31m+   "Warning: An update to %s inside a test was not wrapped in act(...).[90m
[31m+[90m
[31m+ When testing, code that causes React state updates should be wrapped into act(...):[90m
[31m+[90m
[31m+ act(() => {[90m
[31m+   /* fire events that update state */[90m
[31m+ });[90m
[31m+ /* assert on the output */[90m
[31m+[90m
[31m+ This ensures that you're testing the behavior the user would see in the browser. Learn more at https://reactjs.org/link/wrap-tests-with-act%s",[90m
[31m+   "AuthProvider",[90m
[31m+   "[90m
[31m+     at AuthProvider (/Users/C5406081/developer-portal-frontend/src/contexts/AuthContext.tsx:14:25)",[90m
[2m  ][22m
[39m[90m

Number of calls: [1m2[22m
[39m

Ignored nodes: comments, script, style
[36m<html>[39m
  [36m<head />[39m
  [36m<body>[39m
    [36m<div>[39m
      [36m<div>[39m
        [36m<div[39m
          [33mdata-testid[39m=[32m"user"[39m
        [36m>[39m
          [0mnull[0m
        [36m</div>[39m
        [36m<div[39m
          [33mdata-testid[39m=[32m"isAuthenticated"[39m
        [36m>[39m
          [0mfalse[0m
        [36m</div>[39m
        [36m<div[39m
          [33mdata-testid[39m=[32m"isLoading"[39m
        [36m>[39m
          [0mfalse[0m
        [36m</div>[39m
        [36m<button[39m
          [33mdata-testid[39m=[32m"login-btn"[39m
        [36m>[39m
          [0mLogin[0m
        [36m</button>[39m
        [36m<button[39m
          [33mdata-testid[39m=[32m"logout-btn"[39m
        [36m>[39m
          [0mLogout[0m
        [36m</button>[39m
        [36m<button[39m
          [33mdata-testid[39m=[32m"refresh-btn"[39m
        [36m>[39m
          [0mRefresh[0m
        [36m</button>[39m
      [36m</div>[39m
    [36m</div>[39m
  [36m</body>[39m
[36m</html>[39m
 ❯ tests/contexts/AuthContext.test.tsx:559:31
    557| 
    558|       await waitFor(() => {
    559|         expect(console.error).toHaveBeenCalledWith(
       |                               ^
    560|           'Failed to clear quick-links from localStorage:',
    561|           expect.any(Error)
 ❯ runWithExpensiveErrorDiagnosticsDisabled node_modules/@testing-library/dom/dist/config.js:47:12
 ❯ checkCallback node_modules/@testing-library/dom/dist/wait-for.js:124:77
 ❯ Timeout.checkRealTimersCallback node_modules/@testing-library/dom/dist/wait-for.js:118:16

⎯⎯⎯⎯⎯⎯⎯⎯⎯⎯⎯⎯⎯⎯⎯⎯⎯⎯⎯⎯⎯⎯[13/54]⎯

 FAIL  tests/contexts/AuthContext.test.tsx > AuthContext > refreshAuth function > should throw error when auth check fails
AssertionError: expected [Function] to throw error including 'Authentication failed' but got '[vitest] No "checkDualAuthStatus" exp…'

[32m- Expected[39m
[31m+ Received[39m

[32m- Authentication failed[39m
[31m+ [vitest] No "checkDualAuthStatus" export is defined on the "@/services/authService" mock. Did you forget to return it from "vi.mock"?[39m
[31m+ If you need to partially mock a module, you can use "importOriginal" helper inside:[39m
[31m+[39m

⎯⎯⎯⎯⎯⎯⎯⎯⎯⎯⎯⎯⎯⎯⎯⎯⎯⎯⎯⎯⎯⎯[14/54]⎯

 FAIL  tests/contexts/AuthContext.test.tsx > AuthContext > refreshAuth function > should throw error when fetchCurrentUser returns null
AssertionError: expected [Function] to throw error including 'Failed to fetch current user' but got '[vitest] No "checkDualAuthStatus" exp…'

[32m- Expected[39m
[31m+ Received[39m

[32m- Failed to fetch current user[39m
[31m+ [vitest] No "checkDualAuthStatus" export is defined on the "@/services/authService" mock. Did you forget to return it from "vi.mock"?[39m
[31m+ If you need to partially mock a module, you can use "importOriginal" helper inside:[39m
[31m+[39m

⎯⎯⎯⎯⎯⎯⎯⎯⎯⎯⎯⎯⎯⎯⎯⎯⎯⎯⎯⎯⎯⎯[15/54]⎯

 FAIL  tests/contexts/AuthContext.test.tsx > AuthContext > refreshAuth function > should throw error when fetchCurrentUser fails
AssertionError: expected [Function] to throw error including 'Network error' but got '[vitest] No "checkDualAuthStatus" exp…'

[32m- Expected[39m
[31m+ Received[39m

[32m- Network error[39m
[31m+ [vitest] No "checkDualAuthStatus" export is defined on the "@/services/authService" mock. Did you forget to return it from "vi.mock"?[39m
[31m+ If you need to partially mock a module, you can use "importOriginal" helper inside:[39m
[31m+[39m

⎯⎯⎯⎯⎯⎯⎯⎯⎯⎯⎯⎯⎯⎯⎯⎯⎯⎯⎯⎯⎯⎯[16/54]⎯

 FAIL  tests/contexts/AuthContext.test.tsx > AuthContext > refreshAuth function > should clear user state when refresh fails
AssertionError: expected null to deeply equal { id: 'user-123', …(4) }

Ignored nodes: comments, script, style
[36m<html>[39m
  [36m<head />[39m
  [36m<body>[39m
    [36m<div />[39m
  [36m</body>[39m
[36m</html>[39m

[32m- Expected:[39m 
{
  "c_number": "C123456",
  "email": "test@example.com",
  "id": "user-123",
  "name": "Test User",
  "team_id": "team-1",
}

[31m+ Received:[39m 
null

 ❯ tests/contexts/AuthContext.test.tsx:644:37
    642|       // Wait for initial auth to complete
    643|       await waitFor(() => {
    644|         expect(result.current.user).toEqual(mockUser);
       |                                     ^
    645|         expect(result.current.isLoading).toBe(false);
    646|       });
 ❯ runWithExpensiveErrorDiagnosticsDisabled node_modules/@testing-library/dom/dist/config.js:47:12
 ❯ checkCallback node_modules/@testing-library/dom/dist/wait-for.js:124:77
 ❯ Timeout.checkRealTimersCallback node_modules/@testing-library/dom/dist/wait-for.js:118:16

⎯⎯⎯⎯⎯⎯⎯⎯⎯⎯⎯⎯⎯⎯⎯⎯⎯⎯⎯⎯⎯⎯[17/54]⎯

 FAIL  tests/contexts/AuthContext.test.tsx > AuthContext > Context Value > should have isAuthenticated true when user exists
Error: [2mexpect([22m[31melement[39m[2m).toHaveTextContent()[22m

Expected element to have text content:
[32m  true[39m
Received:
[31m  false[39m

Ignored nodes: comments, script, style
[36m<html>[39m
  [36m<head />[39m
  [36m<body>[39m
    [36m<div>[39m
      [36m<div>[39m
        [36m<div[39m
          [33mdata-testid[39m=[32m"user"[39m
        [36m>[39m
          [0mnull[0m
        [36m</div>[39m
        [36m<div[39m
          [33mdata-testid[39m=[32m"isAuthenticated"[39m
        [36m>[39m
          [0mfalse[0m
        [36m</div>[39m
        [36m<div[39m
          [33mdata-testid[39m=[32m"isLoading"[39m
        [36m>[39m
          [0mfalse[0m
        [36m</div>[39m
        [36m<button[39m
          [33mdata-testid[39m=[32m"login-btn"[39m
        [36m>[39m
          [0mLogin[0m
        [36m</button>[39m
        [36m<button[39m
          [33mdata-testid[39m=[32m"logout-btn"[39m
        [36m>[39m
          [0mLogout[0m
        [36m</button>[39m
        [36m<button[39m
          [33mdata-testid[39m=[32m"refresh-btn"[39m
        [36m>[39m
          [0mRefresh[0m
        [36m</button>[39m
      [36m</div>[39m
    [36m</div>[39m
  [36m</body>[39m
[36m</html>[39m
 ❯ tests/contexts/AuthContext.test.tsx:712:55
    710| 
    711|       await waitFor(() => {
    712|         expect(screen.getByTestId('isAuthenticated')).toHaveTextConten…
       |                                                       ^
    713|       });
    714| 
 ❯ runWithExpensiveErrorDiagnosticsDisabled node_modules/@testing-library/dom/dist/config.js:47:12
 ❯ checkCallback node_modules/@testing-library/dom/dist/wait-for.js:124:77
 ❯ Timeout.checkRealTimersCallback node_modules/@testing-library/dom/dist/wait-for.js:118:16

⎯⎯⎯⎯⎯⎯⎯⎯⎯⎯⎯⎯⎯⎯⎯⎯⎯⎯⎯⎯⎯⎯[18/54]⎯

 FAIL  tests/contexts/AuthContext.test.tsx > AuthContext > Edge Cases > should handle buildUserFromMe returning different user data
Error: [2mexpect([22m[31melement[39m[2m).toHaveTextContent()[22m

Expected element to have text content:
[32m  Different User[39m
Received:
[31m  null[39m

Ignored nodes: comments, script, style
[36m<html>[39m
  [36m<head />[39m
  [36m<body>[39m
    [36m<div>[39m
      [36m<div>[39m
        [36m<div[39m
          [33mdata-testid[39m=[32m"user"[39m
        [36m>[39m
          [0mnull[0m
        [36m</div>[39m
        [36m<div[39m
          [33mdata-testid[39m=[32m"isAuthenticated"[39m
        [36m>[39m
          [0mfalse[0m
        [36m</div>[39m
        [36m<div[39m
          [33mdata-testid[39m=[32m"isLoading"[39m
        [36m>[39m
          [0mfalse[0m
        [36m</div>[39m
        [36m<button[39m
          [33mdata-testid[39m=[32m"login-btn"[39m
        [36m>[39m
          [0mLogin[0m
        [36m</button>[39m
        [36m<button[39m
          [33mdata-testid[39m=[32m"logout-btn"[39m
        [36m>[39m
          [0mLogout[0m
        [36m</button>[39m
        [36m<button[39m
          [33mdata-testid[39m=[32m"refresh-btn"[39m
        [36m>[39m
          [0mRefresh[0m
        [36m</button>[39m
      [36m</div>[39m
    [36m</div>[39m
  [36m</body>[39m
[36m</html>[39m
 ❯ tests/contexts/AuthContext.test.tsx:770:44
    768| 
    769|       await waitFor(() => {
    770|         expect(screen.getByTestId('user')).toHaveTextContent('Differen…
       |                                            ^
    771|       });
    772|     });
 ❯ runWithExpensiveErrorDiagnosticsDisabled node_modules/@testing-library/dom/dist/config.js:47:12
 ❯ checkCallback node_modules/@testing-library/dom/dist/wait-for.js:124:77
 ❯ Timeout.checkRealTimersCallback node_modules/@testing-library/dom/dist/wait-for.js:118:16

⎯⎯⎯⎯⎯⎯⎯⎯⎯⎯⎯⎯⎯⎯⎯⎯⎯⎯⎯⎯⎯⎯[19/54]⎯

 FAIL  tests/contexts/AuthContext.test.tsx > AuthContext > Edge Cases > should handle pathname with trailing slash
AssertionError: expected "spy" to be called at least once
 ❯ tests/contexts/AuthContext.test.tsx:790:43
    788| 
    789|       // Should still check auth because pathname is /login/ not /login
    790|       expect(authService.checkAuthStatus).toHaveBeenCalled();
       |                                           ^
    791|     });
    792| 

⎯⎯⎯⎯⎯⎯⎯⎯⎯⎯⎯⎯⎯⎯⎯⎯⎯⎯⎯⎯⎯⎯[20/54]⎯

 FAIL  tests/contexts/AuthContext.test.tsx > AuthContext > Edge Cases > should handle pathname case sensitivity
AssertionError: expected "spy" to be called at least once
 ❯ tests/contexts/AuthContext.test.tsx:809:43
    807| 
    808|       // Should check auth because pathname is /Login not /login
    809|       expect(authService.checkAuthStatus).toHaveBeenCalled();
       |                                           ^
    810|     });
    811|   });

⎯⎯⎯⎯⎯⎯⎯⎯⎯⎯⎯⎯⎯⎯⎯⎯⎯⎯⎯⎯⎯⎯[21/54]⎯

 FAIL  tests/pages/LoginPage.test.tsx > LoginPage > Rendering > should render card description
TestingLibraryElementError: Unable to find an element with the text: Choose your preferred login method to access the portal. This could be because the text is broken up by multiple elements. In this case, you can provide a function for your text matcher to make your matcher more flexible.

Ignored nodes: comments, script, style
[36m<body>[39m
  [36m<div>[39m
    [36m<div[39m
      [33mclass[39m=[32m"min-h-screen flex items-center justify-center bg-background p-4"[39m
    [36m>[39m
      [36m<div[39m
        [33mclass[39m=[32m"w-full max-w-md"[39m
        [33mdata-testid[39m=[32m"card"[39m
      [36m>[39m
        [36m<div[39m
          [33mclass[39m=[32m"text-center"[39m
          [33mdata-testid[39m=[32m"card-header"[39m
        [36m>[39m
          [36m<div[39m
            [33mclass[39m=[32m"text-2xl font-bold"[39m
            [33mdata-testid[39m=[32m"card-title"[39m
          [36m>[39m
            [0mWelcome to Developer Portal[0m
          [36m</div>[39m
          [36m<div[39m
            [33mdata-testid[39m=[32m"card-description"[39m
          [36m>[39m
            [0mComplete both authentications to access the portal[0m
          [36m</div>[39m
        [36m</div>[39m
        [36m<div[39m
          [33mclass[39m=[32m"space-y-4"[39m
          [33mdata-testid[39m=[32m"card-content"[39m
        [36m>[39m
          [36m<div[39m
            [33mclass[39m=[32m"space-y-2"[39m
          [36m>[39m
            [36m<button[39m
              [33mclass[39m=[32m"w-full h-12 text-base"[39m
              [33mdata-testid[39m=[32m"login-button"[39m
              [33mdata-variant[39m=[32m"default"[39m
            [36m>[39m
              [36m<div[39m
                [33mclass[39m=[32m"flex items-center gap-2"[39m
              [36m>[39m
                [36m<div[39m
                  [33mdata-testid[39m=[32m"github-icon"[39m
                [36m>[39m
                  [0mGitHub Icon[0m
                [36m</div>[39m
                [0mSign in with GitHub Tools[0m
              [36m</div>[39m
            [36m</button>[39m
          [36m</div>[39m
          [36m<div[39m
            [33mclass[39m=[32m"space-y-2"[39m
          [36m>[39m
            [36m<button[39m
              [33mclass[39m=[32m"w-full h-12 text-base"[39m
              [33mdata-testid[39m=[32m"login-button"[39m
              [33mdata-variant[39m=[32m"default"[39m
            [36m>[39m
              [36m<div[39m
                [33mclass[39m=[32m"flex items-center gap-2"[39m
              [36m>[39m
                [36m<div[39m
                  [33mdata-testid[39m=[32m"github-icon"[39m
                [36m>[39m
                  [0mGitHub Icon[0m
                [36m</div>[39m
                [0mSign in with GitHub WDF[0m
              [36m</div>[39m
            [36m</button>[39m
          [36m</div>[39m
          [36m<div[39m
            [33mclass[39m=[32m"text-center text-sm text-muted-foreground mt-6"[39m
          [36m>[39m
            [36m<p>[39m
              [0mBy signing in, you agree to our terms of service and privacy policy.[0m
            [36m</p>[39m
          [36m</div>[39m
        [36m</div>[39m
      [36m</div>[39m
    [36m</div>[39m
  [36m</div>[39m
[36m</body>[39m
 ❯ Object.getElementError node_modules/@testing-library/dom/dist/config.js:37:19
 ❯ node_modules/@testing-library/dom/dist/query-helpers.js:76:38
 ❯ node_modules/@testing-library/dom/dist/query-helpers.js:52:17
 ❯ node_modules/@testing-library/dom/dist/query-helpers.js:95:19
 ❯ tests/pages/LoginPage.test.tsx:95:21
     93| 
     94|       expect(screen.getByTestId('card-description')).toBeInTheDocument…
     95|       expect(screen.getByText('Choose your preferred login method to a…
       |                     ^
     96|     });
     97| 

⎯⎯⎯⎯⎯⎯⎯⎯⎯⎯⎯⎯⎯⎯⎯⎯⎯⎯⎯⎯⎯⎯[22/54]⎯

 FAIL  tests/pages/LoginPage.test.tsx > LoginPage > Rendering > should render login button
TestingLibraryElementError: Found multiple elements by: [data-testid="login-button"]

Here are the matching elements:

Ignored nodes: comments, script, style
[36m<button[39m
  [33mclass[39m=[32m"w-full h-12 text-base"[39m
  [33mdata-testid[39m=[32m"login-button"[39m
  [33mdata-variant[39m=[32m"default"[39m
[36m>[39m
  [36m<div[39m
    [33mclass[39m=[32m"flex items-center gap-2"[39m
  [36m>[39m
    [36m<div[39m
      [33mdata-testid[39m=[32m"github-icon"[39m
    [36m>[39m
      [0mGitHub Icon[0m
    [36m</div>[39m
    [0mSign in with GitHub Tools[0m
  [36m</div>[39m
[36m</button>[39m

Ignored nodes: comments, script, style
[36m<button[39m
  [33mclass[39m=[32m"w-full h-12 text-base"[39m
  [33mdata-testid[39m=[32m"login-button"[39m
  [33mdata-variant[39m=[32m"default"[39m
[36m>[39m
  [36m<div[39m
    [33mclass[39m=[32m"flex items-center gap-2"[39m
  [36m>[39m
    [36m<div[39m
      [33mdata-testid[39m=[32m"github-icon"[39m
    [36m>[39m
      [0mGitHub Icon[0m
    [36m</div>[39m
    [0mSign in with GitHub WDF[0m
  [36m</div>[39m
[36m</button>[39m

(If this is intentional, then use the `*AllBy*` variant of the query (like `queryAllByText`, `getAllByText`, or `findAllByText`)).

Ignored nodes: comments, script, style
[36m<body>[39m
  [36m<div>[39m
    [36m<div[39m
      [33mclass[39m=[32m"min-h-screen flex items-center justify-center bg-background p-4"[39m
    [36m>[39m
      [36m<div[39m
        [33mclass[39m=[32m"w-full max-w-md"[39m
        [33mdata-testid[39m=[32m"card"[39m
      [36m>[39m
        [36m<div[39m
          [33mclass[39m=[32m"text-center"[39m
          [33mdata-testid[39m=[32m"card-header"[39m
        [36m>[39m
          [36m<div[39m
            [33mclass[39m=[32m"text-2xl font-bold"[39m
            [33mdata-testid[39m=[32m"card-title"[39m
          [36m>[39m
            [0mWelcome to Developer Portal[0m
          [36m</div>[39m
          [36m<div[39m
            [33mdata-testid[39m=[32m"card-description"[39m
          [36m>[39m
            [0mComplete both authentications to access the portal[0m
          [36m</div>[39m
        [36m</div>[39m
        [36m<div[39m
          [33mclass[39m=[32m"space-y-4"[39m
          [33mdata-testid[39m=[32m"card-content"[39m
        [36m>[39m
          [36m<div[39m
            [33mclass[39m=[32m"space-y-2"[39m
          [36m>[39m
            [36m<button[39m
              [33mclass[39m=[32m"w-full h-12 text-base"[39m
              [33mdata-testid[39m=[32m"login-button"[39m
              [33mdata-variant[39m=[32m"default"[39m
            [36m>[39m
              [36m<div[39m
                [33mclass[39m=[32m"flex items-center gap-2"[39m
              [36m>[39m
                [36m<div[39m
                  [33mdata-testid[39m=[32m"github-icon"[39m
                [36m>[39m
                  [0mGitHub Icon[0m
                [36m</div>[39m
                [0mSign in with GitHub Tools[0m
              [36m</div>[39m
            [36m</button>[39m
          [36m</div>[39m
          [36m<div[39m
            [33mclass[39m=[32m"space-y-2"[39m
          [36m>[39m
            [36m<button[39m
              [33mclass[39m=[32m"w-full h-12 text-base"[39m
              [33mdata-testid[39m=[32m"login-button"[39m
              [33mdata-variant[39m=[32m"default"[39m
            [36m>[39m
              [36m<div[39m
                [33mclass[39m=[32m"flex items-center gap-2"[39m
              [36m>[39m
                [36m<div[39m
                  [33mdata-testid[39m=[32m"github-icon"[39m
                [36m>[39m
                  [0mGitHub Icon[0m
                [36m</div>[39m
                [0mSign in with GitHub WDF[0m
              [36m</div>[39m
            [36m</button>[39m
          [36m</div>[39m
          [36m<div[39m
            [33mclass[39m=[32m"text-center text-sm text-muted-foreground mt-6"[39m
          [36m>[39m
            [36m<p>[39m
              [0mBy signing in, you agree to our terms of service and privacy policy.[0m
            [36m</p>[39m
          [36m</div>[39m
        [36m</div>[39m
      [36m</div>[39m
    [36m</div>[39m
  [36m</div>[39m
[36m</body>[39m
 ❯ Object.getElementError node_modules/@testing-library/dom/dist/config.js:37:19
 ❯ getElementError node_modules/@testing-library/dom/dist/query-helpers.js:20:35
 ❯ getMultipleElementsFoundError node_modules/@testing-library/dom/dist/query-helpers.js:23:10
 ❯ node_modules/@testing-library/dom/dist/query-helpers.js:55:13
 ❯ node_modules/@testing-library/dom/dist/query-helpers.js:95:19
 ❯ tests/pages/LoginPage.test.tsx:107:21
    105|       renderWithRouter(<LoginPage />);
    106| 
    107|       expect(screen.getByTestId('login-button')).toBeInTheDocument();
       |                     ^
    108|     });
    109| 

⎯⎯⎯⎯⎯⎯⎯⎯⎯⎯⎯⎯⎯⎯⎯⎯⎯⎯⎯⎯⎯⎯[23/54]⎯

 FAIL  tests/pages/LoginPage.test.tsx > LoginPage > Rendering > should render GitHub icon in button
TestingLibraryElementError: Found multiple elements by: [data-testid="github-icon"]

Here are the matching elements:

Ignored nodes: comments, script, style
[36m<div[39m
  [33mdata-testid[39m=[32m"github-icon"[39m
[36m>[39m
  [0mGitHub Icon[0m
[36m</div>[39m

Ignored nodes: comments, script, style
[36m<div[39m
  [33mdata-testid[39m=[32m"github-icon"[39m
[36m>[39m
  [0mGitHub Icon[0m
[36m</div>[39m

(If this is intentional, then use the `*AllBy*` variant of the query (like `queryAllByText`, `getAllByText`, or `findAllByText`)).

Ignored nodes: comments, script, style
[36m<body>[39m
  [36m<div>[39m
    [36m<div[39m
      [33mclass[39m=[32m"min-h-screen flex items-center justify-center bg-background p-4"[39m
    [36m>[39m
      [36m<div[39m
        [33mclass[39m=[32m"w-full max-w-md"[39m
        [33mdata-testid[39m=[32m"card"[39m
      [36m>[39m
        [36m<div[39m
          [33mclass[39m=[32m"text-center"[39m
          [33mdata-testid[39m=[32m"card-header"[39m
        [36m>[39m
          [36m<div[39m
            [33mclass[39m=[32m"text-2xl font-bold"[39m
            [33mdata-testid[39m=[32m"card-title"[39m
          [36m>[39m
            [0mWelcome to Developer Portal[0m
          [36m</div>[39m
          [36m<div[39m
            [33mdata-testid[39m=[32m"card-description"[39m
          [36m>[39m
            [0mComplete both authentications to access the portal[0m
          [36m</div>[39m
        [36m</div>[39m
        [36m<div[39m
          [33mclass[39m=[32m"space-y-4"[39m
          [33mdata-testid[39m=[32m"card-content"[39m
        [36m>[39m
          [36m<div[39m
            [33mclass[39m=[32m"space-y-2"[39m
          [36m>[39m
            [36m<button[39m
              [33mclass[39m=[32m"w-full h-12 text-base"[39m
              [33mdata-testid[39m=[32m"login-button"[39m
              [33mdata-variant[39m=[32m"default"[39m
            [36m>[39m
              [36m<div[39m
                [33mclass[39m=[32m"flex items-center gap-2"[39m
              [36m>[39m
                [36m<div[39m
                  [33mdata-testid[39m=[32m"github-icon"[39m
                [36m>[39m
                  [0mGitHub Icon[0m
                [36m</div>[39m
                [0mSign in with GitHub Tools[0m
              [36m</div>[39m
            [36m</button>[39m
          [36m</div>[39m
          [36m<div[39m
            [33mclass[39m=[32m"space-y-2"[39m
          [36m>[39m
            [36m<button[39m
              [33mclass[39m=[32m"w-full h-12 text-base"[39m
              [33mdata-testid[39m=[32m"login-button"[39m
              [33mdata-variant[39m=[32m"default"[39m
            [36m>[39m
              [36m<div[39m
                [33mclass[39m=[32m"flex items-center gap-2"[39m
              [36m>[39m
                [36m<div[39m
                  [33mdata-testid[39m=[32m"github-icon"[39m
                [36m>[39m
                  [0mGitHub Icon[0m
                [36m</div>[39m
                [0mSign in with GitHub WDF[0m
              [36m</div>[39m
            [36m</button>[39m
          [36m</div>[39m
          [36m<div[39m
            [33mclass[39m=[32m"text-center text-sm text-muted-foreground mt-6"[39m
          [36m>[39m
            [36m<p>[39m
              [0mBy signing in, you agree to our terms of service and privacy policy.[0m
            [36m</p>[39m
          [36m</div>[39m
        [36m</div>[39m
      [36m</div>[39m
    [36m</div>[39m
  [36m</div>[39m
[36m</body>[39m
 ❯ Object.getElementError node_modules/@testing-library/dom/dist/config.js:37:19
 ❯ getElementError node_modules/@testing-library/dom/dist/query-helpers.js:20:35
 ❯ getMultipleElementsFoundError node_modules/@testing-library/dom/dist/query-helpers.js:23:10
 ❯ node_modules/@testing-library/dom/dist/query-helpers.js:55:13
 ❯ node_modules/@testing-library/dom/dist/query-helpers.js:95:19
 ❯ tests/pages/LoginPage.test.tsx:113:21
    111|       renderWithRouter(<LoginPage />);
    112| 
    113|       expect(screen.getByTestId('github-icon')).toBeInTheDocument();
       |                     ^
    114|     });
    115| 

⎯⎯⎯⎯⎯⎯⎯⎯⎯⎯⎯⎯⎯⎯⎯⎯⎯⎯⎯⎯⎯⎯[24/54]⎯

 FAIL  tests/pages/LoginPage.test.tsx > LoginPage > Authentication State - Redirect > should redirect to home when already authenticated
TestingLibraryElementError: Unable to find an element by: [data-testid="navigate"]

Ignored nodes: comments, script, style
[36m<body>[39m
  [36m<div>[39m
    [36m<div[39m
      [33mclass[39m=[32m"min-h-screen flex items-center justify-center bg-background p-4"[39m
    [36m>[39m
      [36m<div[39m
        [33mclass[39m=[32m"w-full max-w-md"[39m
        [33mdata-testid[39m=[32m"card"[39m
      [36m>[39m
        [36m<div[39m
          [33mclass[39m=[32m"text-center"[39m
          [33mdata-testid[39m=[32m"card-header"[39m
        [36m>[39m
          [36m<div[39m
            [33mclass[39m=[32m"text-2xl font-bold"[39m
            [33mdata-testid[39m=[32m"card-title"[39m
          [36m>[39m
            [0mWelcome to Developer Portal[0m
          [36m</div>[39m
          [36m<div[39m
            [33mdata-testid[39m=[32m"card-description"[39m
          [36m>[39m
            [0mComplete both authentications to access the portal[0m
          [36m</div>[39m
        [36m</div>[39m
        [36m<div[39m
          [33mclass[39m=[32m"space-y-4"[39m
          [33mdata-testid[39m=[32m"card-content"[39m
        [36m>[39m
          [36m<div[39m
            [33mclass[39m=[32m"space-y-2"[39m
          [36m>[39m
            [36m<button[39m
              [33mclass[39m=[32m"w-full h-12 text-base"[39m
              [33mdata-testid[39m=[32m"login-button"[39m
              [33mdata-variant[39m=[32m"default"[39m
            [36m>[39m
              [36m<div[39m
                [33mclass[39m=[32m"flex items-center gap-2"[39m
              [36m>[39m
                [36m<div[39m
                  [33mdata-testid[39m=[32m"github-icon"[39m
                [36m>[39m
                  [0mGitHub Icon[0m
                [36m</div>[39m
                [0mSign in with GitHub Tools[0m
              [36m</div>[39m
            [36m</button>[39m
          [36m</div>[39m
          [36m<div[39m
            [33mclass[39m=[32m"space-y-2"[39m
          [36m>[39m
            [36m<button[39m
              [33mclass[39m=[32m"w-full h-12 text-base"[39m
              [33mdata-testid[39m=[32m"login-button"[39m
              [33mdata-variant[39m=[32m"default"[39m
            [36m>[39m
              [36m<div[39m
                [33mclass[39m=[32m"flex items-center gap-2"[39m
              [36m>[39m
                [36m<div[39m
                  [33mdata-testid[39m=[32m"github-icon"[39m
                [36m>[39m
                  [0mGitHub Icon[0m
                [36m</div>[39m
                [0mSign in with GitHub WDF[0m
              [36m</div>[39m
            [36m</button>[39m
          [36m</div>[39m
          [36m<div[39m
            [33mclass[39m=[32m"text-center text-sm text-muted-foreground mt-6"[39m
          [36m>[39m
            [36m<p>[39m
              [0mBy signing in, you agree to our terms of service and privacy policy.[0m
            [36m</p>[39m
          [36m</div>[39m
        [36m</div>[39m
      [36m</div>[39m
    [36m</div>[39m
  [36m</div>[39m
[36m</body>[39m
 ❯ Object.getElementError node_modules/@testing-library/dom/dist/config.js:37:19
 ❯ node_modules/@testing-library/dom/dist/query-helpers.js:76:38
 ❯ node_modules/@testing-library/dom/dist/query-helpers.js:52:17
 ❯ node_modules/@testing-library/dom/dist/query-helpers.js:95:19
 ❯ tests/pages/LoginPage.test.tsx:141:21
    139|       renderWithRouter(<LoginPage />);
    140| 
    141|       expect(screen.getByTestId('navigate')).toBeInTheDocument();
       |                     ^
    142|       expect(screen.getByTestId('navigate')).toHaveAttribute('data-to'…
    143|     });

⎯⎯⎯⎯⎯⎯⎯⎯⎯⎯⎯⎯⎯⎯⎯⎯⎯⎯⎯⎯⎯⎯[25/54]⎯

 FAIL  tests/pages/LoginPage.test.tsx > LoginPage > Authentication State - Redirect > should not render login card when authenticated
Error: [2mexpect([22m[31melement[39m[2m).not.toBeInTheDocument()[22m

[31mexpected document not to contain element, found <div
  class="w-full max-w-md"
  data-testid="card"
>
  <div
    class="text-center"
    data-testid="card-header"
  >
    <div
      class="text-2xl font-bold"
      data-testid="card-title"
    >
      Welcome to Developer Portal
    </div>
    <div
      data-testid="card-description"
    >
      Complete both authentications to access the portal
    </div>
  </div>
  <div
    class="space-y-4"
    data-testid="card-content"
  >
    <div
      class="space-y-2"
    >
      <button
        class="w-full h-12 text-base"
        data-testid="login-button"
        data-variant="default"
      >
        <div
          class="flex items-center gap-2"
        >
          <div
            data-testid="github-icon"
          >
            GitHub Icon
          </div>
          Sign in with GitHub Tools
        </div>
      </button>
    </div>
    <div
      class="space-y-2"
    >
      <button
        class="w-full h-12 text-base"
        data-testid="login-button"
        data-variant="default"
      >
        <div
          class="flex items-center gap-2"
        >
          <div
            data-testid="github-icon"
          >
            GitHub Icon
          </div>
          Sign in with GitHub WDF
        </div>
      </button>
    </div>
    <div
      class="text-center text-sm text-muted-foreground mt-6"
    >
      <p>
        By signing in, you agree to our terms of service and privacy policy.
      </p>
    </div>
  </div>
</div> instead[39m
 ❯ tests/pages/LoginPage.test.tsx:156:48
    154|       renderWithRouter(<LoginPage />);
    155| 
    156|       expect(screen.queryByTestId('card')).not.toBeInTheDocument();
       |                                                ^
    157|     });
    158| 

⎯⎯⎯⎯⎯⎯⎯⎯⎯⎯⎯⎯⎯⎯⎯⎯⎯⎯⎯⎯⎯⎯[26/54]⎯

 FAIL  tests/pages/LoginPage.test.tsx > LoginPage > Authentication State - Redirect > should call Navigate with replace prop
AssertionError: expected "spy" to be called with arguments: [ ObjectContaining{…}, Anything ][90m

Number of calls: [1m0[22m
[39m
 ❯ tests/pages/LoginPage.test.tsx:170:24
    168|       renderWithRouter(<LoginPage />);
    169| 
    170|       expect(Navigate).toHaveBeenCalledWith(
       |                        ^
    171|         expect.objectContaining({
    172|           to: '/',

⎯⎯⎯⎯⎯⎯⎯⎯⎯⎯⎯⎯⎯⎯⎯⎯⎯⎯⎯⎯⎯⎯[27/54]⎯

 FAIL  tests/pages/LoginPage.test.tsx > LoginPage > Login Flow > should call login when button is clicked
TestingLibraryElementError: Found multiple elements by: [data-testid="login-button"]

Here are the matching elements:

Ignored nodes: comments, script, style
[36m<button[39m
  [33mclass[39m=[32m"w-full h-12 text-base"[39m
  [33mdata-testid[39m=[32m"login-button"[39m
  [33mdata-variant[39m=[32m"default"[39m
[36m>[39m
  [36m<div[39m
    [33mclass[39m=[32m"flex items-center gap-2"[39m
  [36m>[39m
    [36m<div[39m
      [33mdata-testid[39m=[32m"github-icon"[39m
    [36m>[39m
      [0mGitHub Icon[0m
    [36m</div>[39m
    [0mSign in with GitHub Tools[0m
  [36m</div>[39m
[36m</button>[39m

Ignored nodes: comments, script, style
[36m<button[39m
  [33mclass[39m=[32m"w-full h-12 text-base"[39m
  [33mdata-testid[39m=[32m"login-button"[39m
  [33mdata-variant[39m=[32m"default"[39m
[36m>[39m
  [36m<div[39m
    [33mclass[39m=[32m"flex items-center gap-2"[39m
  [36m>[39m
    [36m<div[39m
      [33mdata-testid[39m=[32m"github-icon"[39m
    [36m>[39m
      [0mGitHub Icon[0m
    [36m</div>[39m
    [0mSign in with GitHub WDF[0m
  [36m</div>[39m
[36m</button>[39m

(If this is intentional, then use the `*AllBy*` variant of the query (like `queryAllByText`, `getAllByText`, or `findAllByText`)).

Ignored nodes: comments, script, style
[36m<body>[39m
  [36m<div>[39m
    [36m<div[39m
      [33mclass[39m=[32m"min-h-screen flex items-center justify-center bg-background p-4"[39m
    [36m>[39m
      [36m<div[39m
        [33mclass[39m=[32m"w-full max-w-md"[39m
        [33mdata-testid[39m=[32m"card"[39m
      [36m>[39m
        [36m<div[39m
          [33mclass[39m=[32m"text-center"[39m
          [33mdata-testid[39m=[32m"card-header"[39m
        [36m>[39m
          [36m<div[39m
            [33mclass[39m=[32m"text-2xl font-bold"[39m
            [33mdata-testid[39m=[32m"card-title"[39m
          [36m>[39m
            [0mWelcome to Developer Portal[0m
          [36m</div>[39m
          [36m<div[39m
            [33mdata-testid[39m=[32m"card-description"[39m
          [36m>[39m
            [0mComplete both authentications to access the portal[0m
          [36m</div>[39m
        [36m</div>[39m
        [36m<div[39m
          [33mclass[39m=[32m"space-y-4"[39m
          [33mdata-testid[39m=[32m"card-content"[39m
        [36m>[39m
          [36m<div[39m
            [33mclass[39m=[32m"space-y-2"[39m
          [36m>[39m
            [36m<button[39m
              [33mclass[39m=[32m"w-full h-12 text-base"[39m
              [33mdata-testid[39m=[32m"login-button"[39m
              [33mdata-variant[39m=[32m"default"[39m
            [36m>[39m
              [36m<div[39m
                [33mclass[39m=[32m"flex items-center gap-2"[39m
              [36m>[39m
                [36m<div[39m
                  [33mdata-testid[39m=[32m"github-icon"[39m
                [36m>[39m
                  [0mGitHub Icon[0m
                [36m</div>[39m
                [0mSign in with GitHub Tools[0m
              [36m</div>[39m
            [36m</button>[39m
          [36m</div>[39m
          [36m<div[39m
            [33mclass[39m=[32m"space-y-2"[39m
          [36m>[39m
            [36m<button[39m
              [33mclass[39m=[32m"w-full h-12 text-base"[39m
              [33mdata-testid[39m=[32m"login-button"[39m
              [33mdata-variant[39m=[32m"default"[39m
            [36m>[39m
              [36m<div[39m
                [33mclass[39m=[32m"flex items-center gap-2"[39m
              [36m>[39m
                [36m<div[39m
                  [33mdata-testid[39m=[32m"github-icon"[39m
                [36m>[39m
                  [0mGitHub Icon[0m
                [36m</div>[39m
                [0mSign in with GitHub WDF[0m
              [36m</div>[39m
            [36m</button>[39m
          [36m</div>[39m
          [36m<div[39m
            [33mclass[39m=[32m"text-center text-sm text-muted-foreground mt-6"[39m
          [36m>[39m
            [36m<p>[39m
              [0mBy signing in, you agree to our terms of service and privacy policy.[0m
            [36m</p>[39m
          [36m</div>[39m
        [36m</div>[39m
      [36m</div>[39m
    [36m</div>[39m
  [36m</div>[39m
[36m</body>[39m
 ❯ Object.getElementError node_modules/@testing-library/dom/dist/config.js:37:19
 ❯ getElementError node_modules/@testing-library/dom/dist/query-helpers.js:20:35
 ❯ getMultipleElementsFoundError node_modules/@testing-library/dom/dist/query-helpers.js:23:10
 ❯ node_modules/@testing-library/dom/dist/query-helpers.js:55:13
 ❯ node_modules/@testing-library/dom/dist/query-helpers.js:95:19
 ❯ tests/pages/LoginPage.test.tsx:247:34
    245|       renderWithRouter(<LoginPage />);
    246| 
    247|       const loginButton = screen.getByTestId('login-button');
       |                                  ^
    248|       await user.click(loginButton);
    249| 

⎯⎯⎯⎯⎯⎯⎯⎯⎯⎯⎯⎯⎯⎯⎯⎯⎯⎯⎯⎯⎯⎯[28/54]⎯

 FAIL  tests/pages/LoginPage.test.tsx > LoginPage > Login Flow > should show loading state when login is in progress
TestingLibraryElementError: Found multiple elements by: [data-testid="login-button"]

Here are the matching elements:

Ignored nodes: comments, script, style
[36m<button[39m
  [33mclass[39m=[32m"w-full h-12 text-base"[39m
  [33mdata-testid[39m=[32m"login-button"[39m
  [33mdata-variant[39m=[32m"default"[39m
[36m>[39m
  [36m<div[39m
    [33mclass[39m=[32m"flex items-center gap-2"[39m
  [36m>[39m
    [36m<div[39m
      [33mdata-testid[39m=[32m"github-icon"[39m
    [36m>[39m
      [0mGitHub Icon[0m
    [36m</div>[39m
    [0mSign in with GitHub Tools[0m
  [36m</div>[39m
[36m</button>[39m

Ignored nodes: comments, script, style
[36m<button[39m
  [33mclass[39m=[32m"w-full h-12 text-base"[39m
  [33mdata-testid[39m=[32m"login-button"[39m
  [33mdata-variant[39m=[32m"default"[39m
[36m>[39m
  [36m<div[39m
    [33mclass[39m=[32m"flex items-center gap-2"[39m
  [36m>[39m
    [36m<div[39m
      [33mdata-testid[39m=[32m"github-icon"[39m
    [36m>[39m
      [0mGitHub Icon[0m
    [36m</div>[39m
    [0mSign in with GitHub WDF[0m
  [36m</div>[39m
[36m</button>[39m

(If this is intentional, then use the `*AllBy*` variant of the query (like `queryAllByText`, `getAllByText`, or `findAllByText`)).

Ignored nodes: comments, script, style
[36m<body>[39m
  [36m<div>[39m
    [36m<div[39m
      [33mclass[39m=[32m"min-h-screen flex items-center justify-center bg-background p-4"[39m
    [36m>[39m
      [36m<div[39m
        [33mclass[39m=[32m"w-full max-w-md"[39m
        [33mdata-testid[39m=[32m"card"[39m
      [36m>[39m
        [36m<div[39m
          [33mclass[39m=[32m"text-center"[39m
          [33mdata-testid[39m=[32m"card-header"[39m
        [36m>[39m
          [36m<div[39m
            [33mclass[39m=[32m"text-2xl font-bold"[39m
            [33mdata-testid[39m=[32m"card-title"[39m
          [36m>[39m
            [0mWelcome to Developer Portal[0m
          [36m</div>[39m
          [36m<div[39m
            [33mdata-testid[39m=[32m"card-description"[39m
          [36m>[39m
            [0mComplete both authentications to access the portal[0m
          [36m</div>[39m
        [36m</div>[39m
        [36m<div[39m
          [33mclass[39m=[32m"space-y-4"[39m
          [33mdata-testid[39m=[32m"card-content"[39m
        [36m>[39m
          [36m<div[39m
            [33mclass[39m=[32m"space-y-2"[39m
          [36m>[39m
            [36m<button[39m
              [33mclass[39m=[32m"w-full h-12 text-base"[39m
              [33mdata-testid[39m=[32m"login-button"[39m
              [33mdata-variant[39m=[32m"default"[39m
            [36m>[39m
              [36m<div[39m
                [33mclass[39m=[32m"flex items-center gap-2"[39m
              [36m>[39m
                [36m<div[39m
                  [33mdata-testid[39m=[32m"github-icon"[39m
                [36m>[39m
                  [0mGitHub Icon[0m
                [36m</div>[39m
                [0mSign in with GitHub Tools[0m
              [36m</div>[39m
            [36m</button>[39m
          [36m</div>[39m
          [36m<div[39m
            [33mclass[39m=[32m"space-y-2"[39m
          [36m>[39m
            [36m<button[39m
              [33mclass[39m=[32m"w-full h-12 text-base"[39m
              [33mdata-testid[39m=[32m"login-button"[39m
              [33mdata-variant[39m=[32m"default"[39m
            [36m>[39m
              [36m<div[39m
                [33mclass[39m=[32m"flex items-center gap-2"[39m
              [36m>[39m
                [36m<div[39m
                  [33mdata-testid[39m=[32m"github-icon"[39m
                [36m>[39m
                  [0mGitHub Icon[0m
                [36m</div>[39m
                [0mSign in with GitHub WDF[0m
              [36m</div>[39m
            [36m</button>[39m
          [36m</div>[39m
          [36m<div[39m
            [33mclass[39m=[32m"text-center text-sm text-muted-foreground mt-6"[39m
          [36m>[39m
            [36m<p>[39m
              [0mBy signing in, you agree to our terms of service and privacy policy.[0m
            [36m</p>[39m
          [36m</div>[39m
        [36m</div>[39m
      [36m</div>[39m
    [36m</div>[39m
  [36m</div>[39m
[36m</body>[39m
 ❯ Object.getElementError node_modules/@testing-library/dom/dist/config.js:37:19
 ❯ getElementError node_modules/@testing-library/dom/dist/query-helpers.js:20:35
 ❯ getMultipleElementsFoundError node_modules/@testing-library/dom/dist/query-helpers.js:23:10
 ❯ node_modules/@testing-library/dom/dist/query-helpers.js:55:13
 ❯ node_modules/@testing-library/dom/dist/query-helpers.js:95:19
 ❯ tests/pages/LoginPage.test.tsx:259:34
    257|       renderWithRouter(<LoginPage />);
    258| 
    259|       const loginButton = screen.getByTestId('login-button');
       |                                  ^
    260|       await user.click(loginButton);
    261| 

⎯⎯⎯⎯⎯⎯⎯⎯⎯⎯⎯⎯⎯⎯⎯⎯⎯⎯⎯⎯⎯⎯[29/54]⎯

 FAIL  tests/pages/LoginPage.test.tsx > LoginPage > Login Flow > should disable button during login
TestingLibraryElementError: Found multiple elements by: [data-testid="login-button"]

Here are the matching elements:

Ignored nodes: comments, script, style
[36m<button[39m
  [33mclass[39m=[32m"w-full h-12 text-base"[39m
  [33mdata-testid[39m=[32m"login-button"[39m
  [33mdata-variant[39m=[32m"default"[39m
[36m>[39m
  [36m<div[39m
    [33mclass[39m=[32m"flex items-center gap-2"[39m
  [36m>[39m
    [36m<div[39m
      [33mdata-testid[39m=[32m"github-icon"[39m
    [36m>[39m
      [0mGitHub Icon[0m
    [36m</div>[39m
    [0mSign in with GitHub Tools[0m
  [36m</div>[39m
[36m</button>[39m

Ignored nodes: comments, script, style
[36m<button[39m
  [33mclass[39m=[32m"w-full h-12 text-base"[39m
  [33mdata-testid[39m=[32m"login-button"[39m
  [33mdata-variant[39m=[32m"default"[39m
[36m>[39m
  [36m<div[39m
    [33mclass[39m=[32m"flex items-center gap-2"[39m
  [36m>[39m
    [36m<div[39m
      [33mdata-testid[39m=[32m"github-icon"[39m
    [36m>[39m
      [0mGitHub Icon[0m
    [36m</div>[39m
    [0mSign in with GitHub WDF[0m
  [36m</div>[39m
[36m</button>[39m

(If this is intentional, then use the `*AllBy*` variant of the query (like `queryAllByText`, `getAllByText`, or `findAllByText`)).

Ignored nodes: comments, script, style
[36m<body>[39m
  [36m<div>[39m
    [36m<div[39m
      [33mclass[39m=[32m"min-h-screen flex items-center justify-center bg-background p-4"[39m
    [36m>[39m
      [36m<div[39m
        [33mclass[39m=[32m"w-full max-w-md"[39m
        [33mdata-testid[39m=[32m"card"[39m
      [36m>[39m
        [36m<div[39m
          [33mclass[39m=[32m"text-center"[39m
          [33mdata-testid[39m=[32m"card-header"[39m
        [36m>[39m
          [36m<div[39m
            [33mclass[39m=[32m"text-2xl font-bold"[39m
            [33mdata-testid[39m=[32m"card-title"[39m
          [36m>[39m
            [0mWelcome to Developer Portal[0m
          [36m</div>[39m
          [36m<div[39m
            [33mdata-testid[39m=[32m"card-description"[39m
          [36m>[39m
            [0mComplete both authentications to access the portal[0m
          [36m</div>[39m
        [36m</div>[39m
        [36m<div[39m
          [33mclass[39m=[32m"space-y-4"[39m
          [33mdata-testid[39m=[32m"card-content"[39m
        [36m>[39m
          [36m<div[39m
            [33mclass[39m=[32m"space-y-2"[39m
          [36m>[39m
            [36m<button[39m
              [33mclass[39m=[32m"w-full h-12 text-base"[39m
              [33mdata-testid[39m=[32m"login-button"[39m
              [33mdata-variant[39m=[32m"default"[39m
            [36m>[39m
              [36m<div[39m
                [33mclass[39m=[32m"flex items-center gap-2"[39m
              [36m>[39m
                [36m<div[39m
                  [33mdata-testid[39m=[32m"github-icon"[39m
                [36m>[39m
                  [0mGitHub Icon[0m
                [36m</div>[39m
                [0mSign in with GitHub Tools[0m
              [36m</div>[39m
            [36m</button>[39m
          [36m</div>[39m
          [36m<div[39m
            [33mclass[39m=[32m"space-y-2"[39m
          [36m>[39m
            [36m<button[39m
              [33mclass[39m=[32m"w-full h-12 text-base"[39m
              [33mdata-testid[39m=[32m"login-button"[39m
              [33mdata-variant[39m=[32m"default"[39m
            [36m>[39m
              [36m<div[39m
                [33mclass[39m=[32m"flex items-center gap-2"[39m
              [36m>[39m
                [36m<div[39m
                  [33mdata-testid[39m=[32m"github-icon"[39m
                [36m>[39m
                  [0mGitHub Icon[0m
                [36m</div>[39m
                [0mSign in with GitHub WDF[0m
              [36m</div>[39m
            [36m</button>[39m
          [36m</div>[39m
          [36m<div[39m
            [33mclass[39m=[32m"text-center text-sm text-muted-foreground mt-6"[39m
          [36m>[39m
            [36m<p>[39m
              [0mBy signing in, you agree to our terms of service and privacy policy.[0m
            [36m</p>[39m
          [36m</div>[39m
        [36m</div>[39m
      [36m</div>[39m
    [36m</div>[39m
  [36m</div>[39m
[36m</body>[39m
 ❯ Object.getElementError node_modules/@testing-library/dom/dist/config.js:37:19
 ❯ getElementError node_modules/@testing-library/dom/dist/query-helpers.js:20:35
 ❯ getMultipleElementsFoundError node_modules/@testing-library/dom/dist/query-helpers.js:23:10
 ❯ node_modules/@testing-library/dom/dist/query-helpers.js:55:13
 ❯ node_modules/@testing-library/dom/dist/query-helpers.js:95:19
 ❯ tests/pages/LoginPage.test.tsx:271:34
    269|       renderWithRouter(<LoginPage />);
    270| 
    271|       const loginButton = screen.getByTestId('login-button');
       |                                  ^
    272|       await user.click(loginButton);
    273| 

⎯⎯⎯⎯⎯⎯⎯⎯⎯⎯⎯⎯⎯⎯⎯⎯⎯⎯⎯⎯⎯⎯[30/54]⎯

 FAIL  tests/pages/LoginPage.test.tsx > LoginPage > Login Flow > should show spinner during login
TestingLibraryElementError: Found multiple elements by: [data-testid="login-button"]

Here are the matching elements:

Ignored nodes: comments, script, style
[36m<button[39m
  [33mclass[39m=[32m"w-full h-12 text-base"[39m
  [33mdata-testid[39m=[32m"login-button"[39m
  [33mdata-variant[39m=[32m"default"[39m
[36m>[39m
  [36m<div[39m
    [33mclass[39m=[32m"flex items-center gap-2"[39m
  [36m>[39m
    [36m<div[39m
      [33mdata-testid[39m=[32m"github-icon"[39m
    [36m>[39m
      [0mGitHub Icon[0m
    [36m</div>[39m
    [0mSign in with GitHub Tools[0m
  [36m</div>[39m
[36m</button>[39m

Ignored nodes: comments, script, style
[36m<button[39m
  [33mclass[39m=[32m"w-full h-12 text-base"[39m
  [33mdata-testid[39m=[32m"login-button"[39m
  [33mdata-variant[39m=[32m"default"[39m
[36m>[39m
  [36m<div[39m
    [33mclass[39m=[32m"flex items-center gap-2"[39m
  [36m>[39m
    [36m<div[39m
      [33mdata-testid[39m=[32m"github-icon"[39m
    [36m>[39m
      [0mGitHub Icon[0m
    [36m</div>[39m
    [0mSign in with GitHub WDF[0m
  [36m</div>[39m
[36m</button>[39m

(If this is intentional, then use the `*AllBy*` variant of the query (like `queryAllByText`, `getAllByText`, or `findAllByText`)).

Ignored nodes: comments, script, style
[36m<body>[39m
  [36m<div>[39m
    [36m<div[39m
      [33mclass[39m=[32m"min-h-screen flex items-center justify-center bg-background p-4"[39m
    [36m>[39m
      [36m<div[39m
        [33mclass[39m=[32m"w-full max-w-md"[39m
        [33mdata-testid[39m=[32m"card"[39m
      [36m>[39m
        [36m<div[39m
          [33mclass[39m=[32m"text-center"[39m
          [33mdata-testid[39m=[32m"card-header"[39m
        [36m>[39m
          [36m<div[39m
            [33mclass[39m=[32m"text-2xl font-bold"[39m
            [33mdata-testid[39m=[32m"card-title"[39m
          [36m>[39m
            [0mWelcome to Developer Portal[0m
          [36m</div>[39m
          [36m<div[39m
            [33mdata-testid[39m=[32m"card-description"[39m
          [36m>[39m
            [0mComplete both authentications to access the portal[0m
          [36m</div>[39m
        [36m</div>[39m
        [36m<div[39m
          [33mclass[39m=[32m"space-y-4"[39m
          [33mdata-testid[39m=[32m"card-content"[39m
        [36m>[39m
          [36m<div[39m
            [33mclass[39m=[32m"space-y-2"[39m
          [36m>[39m
            [36m<button[39m
              [33mclass[39m=[32m"w-full h-12 text-base"[39m
              [33mdata-testid[39m=[32m"login-button"[39m
              [33mdata-variant[39m=[32m"default"[39m
            [36m>[39m
              [36m<div[39m
                [33mclass[39m=[32m"flex items-center gap-2"[39m
              [36m>[39m
                [36m<div[39m
                  [33mdata-testid[39m=[32m"github-icon"[39m
                [36m>[39m
                  [0mGitHub Icon[0m
                [36m</div>[39m
                [0mSign in with GitHub Tools[0m
              [36m</div>[39m
            [36m</button>[39m
          [36m</div>[39m
          [36m<div[39m
            [33mclass[39m=[32m"space-y-2"[39m
          [36m>[39m
            [36m<button[39m
              [33mclass[39m=[32m"w-full h-12 text-base"[39m
              [33mdata-testid[39m=[32m"login-button"[39m
              [33mdata-variant[39m=[32m"default"[39m
            [36m>[39m
              [36m<div[39m
                [33mclass[39m=[32m"flex items-center gap-2"[39m
              [36m>[39m
                [36m<div[39m
                  [33mdata-testid[39m=[32m"github-icon"[39m
                [36m>[39m
                  [0mGitHub Icon[0m
                [36m</div>[39m
                [0mSign in with GitHub WDF[0m
              [36m</div>[39m
            [36m</button>[39m
          [36m</div>[39m
          [36m<div[39m
            [33mclass[39m=[32m"text-center text-sm text-muted-foreground mt-6"[39m
          [36m>[39m
            [36m<p>[39m
              [0mBy signing in, you agree to our terms of service and privacy policy.[0m
            [36m</p>[39m
          [36m</div>[39m
        [36m</div>[39m
      [36m</div>[39m
    [36m</div>[39m
  [36m</div>[39m
[36m</body>[39m
 ❯ Object.getElementError node_modules/@testing-library/dom/dist/config.js:37:19
 ❯ getElementError node_modules/@testing-library/dom/dist/query-helpers.js:20:35
 ❯ getMultipleElementsFoundError node_modules/@testing-library/dom/dist/query-helpers.js:23:10
 ❯ node_modules/@testing-library/dom/dist/query-helpers.js:55:13
 ❯ node_modules/@testing-library/dom/dist/query-helpers.js:95:19
 ❯ tests/pages/LoginPage.test.tsx:283:34
    281|       const { container } = renderWithRouter(<LoginPage />);
    282| 
    283|       const loginButton = screen.getByTestId('login-button');
       |                                  ^
    284|       await user.click(loginButton);
    285| 

⎯⎯⎯⎯⎯⎯⎯⎯⎯⎯⎯⎯⎯⎯⎯⎯⎯⎯⎯⎯⎯⎯[31/54]⎯

 FAIL  tests/pages/LoginPage.test.tsx > LoginPage > Login Flow > should re-enable button after successful login
TestingLibraryElementError: Found multiple elements by: [data-testid="login-button"]

Here are the matching elements:

Ignored nodes: comments, script, style
[36m<button[39m
  [33mclass[39m=[32m"w-full h-12 text-base"[39m
  [33mdata-testid[39m=[32m"login-button"[39m
  [33mdata-variant[39m=[32m"default"[39m
[36m>[39m
  [36m<div[39m
    [33mclass[39m=[32m"flex items-center gap-2"[39m
  [36m>[39m
    [36m<div[39m
      [33mdata-testid[39m=[32m"github-icon"[39m
    [36m>[39m
      [0mGitHub Icon[0m
    [36m</div>[39m
    [0mSign in with GitHub Tools[0m
  [36m</div>[39m
[36m</button>[39m

Ignored nodes: comments, script, style
[36m<button[39m
  [33mclass[39m=[32m"w-full h-12 text-base"[39m
  [33mdata-testid[39m=[32m"login-button"[39m
  [33mdata-variant[39m=[32m"default"[39m
[36m>[39m
  [36m<div[39m
    [33mclass[39m=[32m"flex items-center gap-2"[39m
  [36m>[39m
    [36m<div[39m
      [33mdata-testid[39m=[32m"github-icon"[39m
    [36m>[39m
      [0mGitHub Icon[0m
    [36m</div>[39m
    [0mSign in with GitHub WDF[0m
  [36m</div>[39m
[36m</button>[39m

(If this is intentional, then use the `*AllBy*` variant of the query (like `queryAllByText`, `getAllByText`, or `findAllByText`)).

Ignored nodes: comments, script, style
[36m<body>[39m
  [36m<div>[39m
    [36m<div[39m
      [33mclass[39m=[32m"min-h-screen flex items-center justify-center bg-background p-4"[39m
    [36m>[39m
      [36m<div[39m
        [33mclass[39m=[32m"w-full max-w-md"[39m
        [33mdata-testid[39m=[32m"card"[39m
      [36m>[39m
        [36m<div[39m
          [33mclass[39m=[32m"text-center"[39m
          [33mdata-testid[39m=[32m"card-header"[39m
        [36m>[39m
          [36m<div[39m
            [33mclass[39m=[32m"text-2xl font-bold"[39m
            [33mdata-testid[39m=[32m"card-title"[39m
          [36m>[39m
            [0mWelcome to Developer Portal[0m
          [36m</div>[39m
          [36m<div[39m
            [33mdata-testid[39m=[32m"card-description"[39m
          [36m>[39m
            [0mComplete both authentications to access the portal[0m
          [36m</div>[39m
        [36m</div>[39m
        [36m<div[39m
          [33mclass[39m=[32m"space-y-4"[39m
          [33mdata-testid[39m=[32m"card-content"[39m
        [36m>[39m
          [36m<div[39m
            [33mclass[39m=[32m"space-y-2"[39m
          [36m>[39m
            [36m<button[39m
              [33mclass[39m=[32m"w-full h-12 text-base"[39m
              [33mdata-testid[39m=[32m"login-button"[39m
              [33mdata-variant[39m=[32m"default"[39m
            [36m>[39m
              [36m<div[39m
                [33mclass[39m=[32m"flex items-center gap-2"[39m
              [36m>[39m
                [36m<div[39m
                  [33mdata-testid[39m=[32m"github-icon"[39m
                [36m>[39m
                  [0mGitHub Icon[0m
                [36m</div>[39m
                [0mSign in with GitHub Tools[0m
              [36m</div>[39m
            [36m</button>[39m
          [36m</div>[39m
          [36m<div[39m
            [33mclass[39m=[32m"space-y-2"[39m
          [36m>[39m
            [36m<button[39m
              [33mclass[39m=[32m"w-full h-12 text-base"[39m
              [33mdata-testid[39m=[32m"login-button"[39m
              [33mdata-variant[39m=[32m"default"[39m
            [36m>[39m
              [36m<div[39m
                [33mclass[39m=[32m"flex items-center gap-2"[39m
              [36m>[39m
                [36m<div[39m
                  [33mdata-testid[39m=[32m"github-icon"[39m
                [36m>[39m
                  [0mGitHub Icon[0m
                [36m</div>[39m
                [0mSign in with GitHub WDF[0m
              [36m</div>[39m
            [36m</button>[39m
          [36m</div>[39m
          [36m<div[39m
            [33mclass[39m=[32m"text-center text-sm text-muted-foreground mt-6"[39m
          [36m>[39m
            [36m<p>[39m
              [0mBy signing in, you agree to our terms of service and privacy policy.[0m
            [36m</p>[39m
          [36m</div>[39m
        [36m</div>[39m
      [36m</div>[39m
    [36m</div>[39m
  [36m</div>[39m
[36m</body>[39m
 ❯ Object.getElementError node_modules/@testing-library/dom/dist/config.js:37:19
 ❯ getElementError node_modules/@testing-library/dom/dist/query-helpers.js:20:35
 ❯ getMultipleElementsFoundError node_modules/@testing-library/dom/dist/query-helpers.js:23:10
 ❯ node_modules/@testing-library/dom/dist/query-helpers.js:55:13
 ❯ node_modules/@testing-library/dom/dist/query-helpers.js:95:19
 ❯ tests/pages/LoginPage.test.tsx:296:34
    294|       renderWithRouter(<LoginPage />);
    295| 
    296|       const loginButton = screen.getByTestId('login-button');
       |                                  ^
    297|       await user.click(loginButton);
    298| 

⎯⎯⎯⎯⎯⎯⎯⎯⎯⎯⎯⎯⎯⎯⎯⎯⎯⎯⎯⎯⎯⎯[32/54]⎯

 FAIL  tests/pages/LoginPage.test.tsx > LoginPage > Login Flow > should hide loading text after login completes
TestingLibraryElementError: Found multiple elements by: [data-testid="login-button"]

Here are the matching elements:

Ignored nodes: comments, script, style
[36m<button[39m
  [33mclass[39m=[32m"w-full h-12 text-base"[39m
  [33mdata-testid[39m=[32m"login-button"[39m
  [33mdata-variant[39m=[32m"default"[39m
[36m>[39m
  [36m<div[39m
    [33mclass[39m=[32m"flex items-center gap-2"[39m
  [36m>[39m
    [36m<div[39m
      [33mdata-testid[39m=[32m"github-icon"[39m
    [36m>[39m
      [0mGitHub Icon[0m
    [36m</div>[39m
    [0mSign in with GitHub Tools[0m
  [36m</div>[39m
[36m</button>[39m

Ignored nodes: comments, script, style
[36m<button[39m
  [33mclass[39m=[32m"w-full h-12 text-base"[39m
  [33mdata-testid[39m=[32m"login-button"[39m
  [33mdata-variant[39m=[32m"default"[39m
[36m>[39m
  [36m<div[39m
    [33mclass[39m=[32m"flex items-center gap-2"[39m
  [36m>[39m
    [36m<div[39m
      [33mdata-testid[39m=[32m"github-icon"[39m
    [36m>[39m
      [0mGitHub Icon[0m
    [36m</div>[39m
    [0mSign in with GitHub WDF[0m
  [36m</div>[39m
[36m</button>[39m

(If this is intentional, then use the `*AllBy*` variant of the query (like `queryAllByText`, `getAllByText`, or `findAllByText`)).

Ignored nodes: comments, script, style
[36m<body>[39m
  [36m<div>[39m
    [36m<div[39m
      [33mclass[39m=[32m"min-h-screen flex items-center justify-center bg-background p-4"[39m
    [36m>[39m
      [36m<div[39m
        [33mclass[39m=[32m"w-full max-w-md"[39m
        [33mdata-testid[39m=[32m"card"[39m
      [36m>[39m
        [36m<div[39m
          [33mclass[39m=[32m"text-center"[39m
          [33mdata-testid[39m=[32m"card-header"[39m
        [36m>[39m
          [36m<div[39m
            [33mclass[39m=[32m"text-2xl font-bold"[39m
            [33mdata-testid[39m=[32m"card-title"[39m
          [36m>[39m
            [0mWelcome to Developer Portal[0m
          [36m</div>[39m
          [36m<div[39m
            [33mdata-testid[39m=[32m"card-description"[39m
          [36m>[39m
            [0mComplete both authentications to access the portal[0m
          [36m</div>[39m
        [36m</div>[39m
        [36m<div[39m
          [33mclass[39m=[32m"space-y-4"[39m
          [33mdata-testid[39m=[32m"card-content"[39m
        [36m>[39m
          [36m<div[39m
            [33mclass[39m=[32m"space-y-2"[39m
          [36m>[39m
            [36m<button[39m
              [33mclass[39m=[32m"w-full h-12 text-base"[39m
              [33mdata-testid[39m=[32m"login-button"[39m
              [33mdata-variant[39m=[32m"default"[39m
            [36m>[39m
              [36m<div[39m
                [33mclass[39m=[32m"flex items-center gap-2"[39m
              [36m>[39m
                [36m<div[39m
                  [33mdata-testid[39m=[32m"github-icon"[39m
                [36m>[39m
                  [0mGitHub Icon[0m
                [36m</div>[39m
                [0mSign in with GitHub Tools[0m
              [36m</div>[39m
            [36m</button>[39m
          [36m</div>[39m
          [36m<div[39m
            [33mclass[39m=[32m"space-y-2"[39m
          [36m>[39m
            [36m<button[39m
              [33mclass[39m=[32m"w-full h-12 text-base"[39m
              [33mdata-testid[39m=[32m"login-button"[39m
              [33mdata-variant[39m=[32m"default"[39m
            [36m>[39m
              [36m<div[39m
                [33mclass[39m=[32m"flex items-center gap-2"[39m
              [36m>[39m
                [36m<div[39m
                  [33mdata-testid[39m=[32m"github-icon"[39m
                [36m>[39m
                  [0mGitHub Icon[0m
                [36m</div>[39m
                [0mSign in with GitHub WDF[0m
              [36m</div>[39m
            [36m</button>[39m
          [36m</div>[39m
          [36m<div[39m
            [33mclass[39m=[32m"text-center text-sm text-muted-foreground mt-6"[39m
          [36m>[39m
            [36m<p>[39m
              [0mBy signing in, you agree to our terms of service and privacy policy.[0m
            [36m</p>[39m
          [36m</div>[39m
        [36m</div>[39m
      [36m</div>[39m
    [36m</div>[39m
  [36m</div>[39m
[36m</body>[39m
 ❯ Object.getElementError node_modules/@testing-library/dom/dist/config.js:37:19
 ❯ getElementError node_modules/@testing-library/dom/dist/query-helpers.js:20:35
 ❯ getMultipleElementsFoundError node_modules/@testing-library/dom/dist/query-helpers.js:23:10
 ❯ node_modules/@testing-library/dom/dist/query-helpers.js:55:13
 ❯ node_modules/@testing-library/dom/dist/query-helpers.js:95:19
 ❯ tests/pages/LoginPage.test.tsx:310:34
    308|       renderWithRouter(<LoginPage />);
    309| 
    310|       const loginButton = screen.getByTestId('login-button');
       |                                  ^
    311|       await user.click(loginButton);
    312| 

⎯⎯⎯⎯⎯⎯⎯⎯⎯⎯⎯⎯⎯⎯⎯⎯⎯⎯⎯⎯⎯⎯[33/54]⎯

 FAIL  tests/pages/LoginPage.test.tsx > LoginPage > Error Handling > should log error when login fails
TestingLibraryElementError: Found multiple elements by: [data-testid="login-button"]

Here are the matching elements:

Ignored nodes: comments, script, style
[36m<button[39m
  [33mclass[39m=[32m"w-full h-12 text-base"[39m
  [33mdata-testid[39m=[32m"login-button"[39m
  [33mdata-variant[39m=[32m"default"[39m
[36m>[39m
  [36m<div[39m
    [33mclass[39m=[32m"flex items-center gap-2"[39m
  [36m>[39m
    [36m<div[39m
      [33mdata-testid[39m=[32m"github-icon"[39m
    [36m>[39m
      [0mGitHub Icon[0m
    [36m</div>[39m
    [0mSign in with GitHub Tools[0m
  [36m</div>[39m
[36m</button>[39m

Ignored nodes: comments, script, style
[36m<button[39m
  [33mclass[39m=[32m"w-full h-12 text-base"[39m
  [33mdata-testid[39m=[32m"login-button"[39m
  [33mdata-variant[39m=[32m"default"[39m
[36m>[39m
  [36m<div[39m
    [33mclass[39m=[32m"flex items-center gap-2"[39m
  [36m>[39m
    [36m<div[39m
      [33mdata-testid[39m=[32m"github-icon"[39m
    [36m>[39m
      [0mGitHub Icon[0m
    [36m</div>[39m
    [0mSign in with GitHub WDF[0m
  [36m</div>[39m
[36m</button>[39m

(If this is intentional, then use the `*AllBy*` variant of the query (like `queryAllByText`, `getAllByText`, or `findAllByText`)).

Ignored nodes: comments, script, style
[36m<body>[39m
  [36m<div>[39m
    [36m<div[39m
      [33mclass[39m=[32m"min-h-screen flex items-center justify-center bg-background p-4"[39m
    [36m>[39m
      [36m<div[39m
        [33mclass[39m=[32m"w-full max-w-md"[39m
        [33mdata-testid[39m=[32m"card"[39m
      [36m>[39m
        [36m<div[39m
          [33mclass[39m=[32m"text-center"[39m
          [33mdata-testid[39m=[32m"card-header"[39m
        [36m>[39m
          [36m<div[39m
            [33mclass[39m=[32m"text-2xl font-bold"[39m
            [33mdata-testid[39m=[32m"card-title"[39m
          [36m>[39m
            [0mWelcome to Developer Portal[0m
          [36m</div>[39m
          [36m<div[39m
            [33mdata-testid[39m=[32m"card-description"[39m
          [36m>[39m
            [0mComplete both authentications to access the portal[0m
          [36m</div>[39m
        [36m</div>[39m
        [36m<div[39m
          [33mclass[39m=[32m"space-y-4"[39m
          [33mdata-testid[39m=[32m"card-content"[39m
        [36m>[39m
          [36m<div[39m
            [33mclass[39m=[32m"space-y-2"[39m
          [36m>[39m
            [36m<button[39m
              [33mclass[39m=[32m"w-full h-12 text-base"[39m
              [33mdata-testid[39m=[32m"login-button"[39m
              [33mdata-variant[39m=[32m"default"[39m
            [36m>[39m
              [36m<div[39m
                [33mclass[39m=[32m"flex items-center gap-2"[39m
              [36m>[39m
                [36m<div[39m
                  [33mdata-testid[39m=[32m"github-icon"[39m
                [36m>[39m
                  [0mGitHub Icon[0m
                [36m</div>[39m
                [0mSign in with GitHub Tools[0m
              [36m</div>[39m
            [36m</button>[39m
          [36m</div>[39m
          [36m<div[39m
            [33mclass[39m=[32m"space-y-2"[39m
          [36m>[39m
            [36m<button[39m
              [33mclass[39m=[32m"w-full h-12 text-base"[39m
              [33mdata-testid[39m=[32m"login-button"[39m
              [33mdata-variant[39m=[32m"default"[39m
            [36m>[39m
              [36m<div[39m
                [33mclass[39m=[32m"flex items-center gap-2"[39m
              [36m>[39m
                [36m<div[39m
                  [33mdata-testid[39m=[32m"github-icon"[39m
                [36m>[39m
                  [0mGitHub Icon[0m
                [36m</div>[39m
                [0mSign in with GitHub WDF[0m
              [36m</div>[39m
            [36m</button>[39m
          [36m</div>[39m
          [36m<div[39m
            [33mclass[39m=[32m"text-center text-sm text-muted-foreground mt-6"[39m
          [36m>[39m
            [36m<p>[39m
              [0mBy signing in, you agree to our terms of service and privacy policy.[0m
            [36m</p>[39m
          [36m</div>[39m
        [36m</div>[39m
      [36m</div>[39m
    [36m</div>[39m
  [36m</div>[39m
[36m</body>[39m
 ❯ Object.getElementError node_modules/@testing-library/dom/dist/config.js:37:19
 ❯ getElementError node_modules/@testing-library/dom/dist/query-helpers.js:20:35
 ❯ getMultipleElementsFoundError node_modules/@testing-library/dom/dist/query-helpers.js:23:10
 ❯ node_modules/@testing-library/dom/dist/query-helpers.js:55:13
 ❯ node_modules/@testing-library/dom/dist/query-helpers.js:95:19
 ❯ tests/pages/LoginPage.test.tsx:328:34
    326|       renderWithRouter(<LoginPage />);
    327| 
    328|       const loginButton = screen.getByTestId('login-button');
       |                                  ^
    329|       await user.click(loginButton);
    330| 

⎯⎯⎯⎯⎯⎯⎯⎯⎯⎯⎯⎯⎯⎯⎯⎯⎯⎯⎯⎯⎯⎯[34/54]⎯

 FAIL  tests/pages/LoginPage.test.tsx > LoginPage > Error Handling > should re-enable button after login fails
TestingLibraryElementError: Found multiple elements by: [data-testid="login-button"]

Here are the matching elements:

Ignored nodes: comments, script, style
[36m<button[39m
  [33mclass[39m=[32m"w-full h-12 text-base"[39m
  [33mdata-testid[39m=[32m"login-button"[39m
  [33mdata-variant[39m=[32m"default"[39m
[36m>[39m
  [36m<div[39m
    [33mclass[39m=[32m"flex items-center gap-2"[39m
  [36m>[39m
    [36m<div[39m
      [33mdata-testid[39m=[32m"github-icon"[39m
    [36m>[39m
      [0mGitHub Icon[0m
    [36m</div>[39m
    [0mSign in with GitHub Tools[0m
  [36m</div>[39m
[36m</button>[39m

Ignored nodes: comments, script, style
[36m<button[39m
  [33mclass[39m=[32m"w-full h-12 text-base"[39m
  [33mdata-testid[39m=[32m"login-button"[39m
  [33mdata-variant[39m=[32m"default"[39m
[36m>[39m
  [36m<div[39m
    [33mclass[39m=[32m"flex items-center gap-2"[39m
  [36m>[39m
    [36m<div[39m
      [33mdata-testid[39m=[32m"github-icon"[39m
    [36m>[39m
      [0mGitHub Icon[0m
    [36m</div>[39m
    [0mSign in with GitHub WDF[0m
  [36m</div>[39m
[36m</button>[39m

(If this is intentional, then use the `*AllBy*` variant of the query (like `queryAllByText`, `getAllByText`, or `findAllByText`)).

Ignored nodes: comments, script, style
[36m<body>[39m
  [36m<div>[39m
    [36m<div[39m
      [33mclass[39m=[32m"min-h-screen flex items-center justify-center bg-background p-4"[39m
    [36m>[39m
      [36m<div[39m
        [33mclass[39m=[32m"w-full max-w-md"[39m
        [33mdata-testid[39m=[32m"card"[39m
      [36m>[39m
        [36m<div[39m
          [33mclass[39m=[32m"text-center"[39m
          [33mdata-testid[39m=[32m"card-header"[39m
        [36m>[39m
          [36m<div[39m
            [33mclass[39m=[32m"text-2xl font-bold"[39m
            [33mdata-testid[39m=[32m"card-title"[39m
          [36m>[39m
            [0mWelcome to Developer Portal[0m
          [36m</div>[39m
          [36m<div[39m
            [33mdata-testid[39m=[32m"card-description"[39m
          [36m>[39m
            [0mComplete both authentications to access the portal[0m
          [36m</div>[39m
        [36m</div>[39m
        [36m<div[39m
          [33mclass[39m=[32m"space-y-4"[39m
          [33mdata-testid[39m=[32m"card-content"[39m
        [36m>[39m
          [36m<div[39m
            [33mclass[39m=[32m"space-y-2"[39m
          [36m>[39m
            [36m<button[39m
              [33mclass[39m=[32m"w-full h-12 text-base"[39m
              [33mdata-testid[39m=[32m"login-button"[39m
              [33mdata-variant[39m=[32m"default"[39m
            [36m>[39m
              [36m<div[39m
                [33mclass[39m=[32m"flex items-center gap-2"[39m
              [36m>[39m
                [36m<div[39m
                  [33mdata-testid[39m=[32m"github-icon"[39m
                [36m>[39m
                  [0mGitHub Icon[0m
                [36m</div>[39m
                [0mSign in with GitHub Tools[0m
              [36m</div>[39m
            [36m</button>[39m
          [36m</div>[39m
          [36m<div[39m
            [33mclass[39m=[32m"space-y-2"[39m
          [36m>[39m
            [36m<button[39m
              [33mclass[39m=[32m"w-full h-12 text-base"[39m
              [33mdata-testid[39m=[32m"login-button"[39m
              [33mdata-variant[39m=[32m"default"[39m
            [36m>[39m
              [36m<div[39m
                [33mclass[39m=[32m"flex items-center gap-2"[39m
              [36m>[39m
                [36m<div[39m
                  [33mdata-testid[39m=[32m"github-icon"[39m
                [36m>[39m
                  [0mGitHub Icon[0m
                [36m</div>[39m
                [0mSign in with GitHub WDF[0m
              [36m</div>[39m
            [36m</button>[39m
          [36m</div>[39m
          [36m<div[39m
            [33mclass[39m=[32m"text-center text-sm text-muted-foreground mt-6"[39m
          [36m>[39m
            [36m<p>[39m
              [0mBy signing in, you agree to our terms of service and privacy policy.[0m
            [36m</p>[39m
          [36m</div>[39m
        [36m</div>[39m
      [36m</div>[39m
    [36m</div>[39m
  [36m</div>[39m
[36m</body>[39m
 ❯ Object.getElementError node_modules/@testing-library/dom/dist/config.js:37:19
 ❯ getElementError node_modules/@testing-library/dom/dist/query-helpers.js:20:35
 ❯ getMultipleElementsFoundError node_modules/@testing-library/dom/dist/query-helpers.js:23:10
 ❯ node_modules/@testing-library/dom/dist/query-helpers.js:55:13
 ❯ node_modules/@testing-library/dom/dist/query-helpers.js:95:19
 ❯ tests/pages/LoginPage.test.tsx:345:34
    343|       renderWithRouter(<LoginPage />);
    344| 
    345|       const loginButton = screen.getByTestId('login-button');
       |                                  ^
    346|       await user.click(loginButton);
    347| 

⎯⎯⎯⎯⎯⎯⎯⎯⎯⎯⎯⎯⎯⎯⎯⎯⎯⎯⎯⎯⎯⎯[35/54]⎯

 FAIL  tests/pages/LoginPage.test.tsx > LoginPage > Error Handling > should handle multiple failed login attempts
TestingLibraryElementError: Found multiple elements by: [data-testid="login-button"]

Here are the matching elements:

Ignored nodes: comments, script, style
[36m<button[39m
  [33mclass[39m=[32m"w-full h-12 text-base"[39m
  [33mdata-testid[39m=[32m"login-button"[39m
  [33mdata-variant[39m=[32m"default"[39m
[36m>[39m
  [36m<div[39m
    [33mclass[39m=[32m"flex items-center gap-2"[39m
  [36m>[39m
    [36m<div[39m
      [33mdata-testid[39m=[32m"github-icon"[39m
    [36m>[39m
      [0mGitHub Icon[0m
    [36m</div>[39m
    [0mSign in with GitHub Tools[0m
  [36m</div>[39m
[36m</button>[39m

Ignored nodes: comments, script, style
[36m<button[39m
  [33mclass[39m=[32m"w-full h-12 text-base"[39m
  [33mdata-testid[39m=[32m"login-button"[39m
  [33mdata-variant[39m=[32m"default"[39m
[36m>[39m
  [36m<div[39m
    [33mclass[39m=[32m"flex items-center gap-2"[39m
  [36m>[39m
    [36m<div[39m
      [33mdata-testid[39m=[32m"github-icon"[39m
    [36m>[39m
      [0mGitHub Icon[0m
    [36m</div>[39m
    [0mSign in with GitHub WDF[0m
  [36m</div>[39m
[36m</button>[39m

(If this is intentional, then use the `*AllBy*` variant of the query (like `queryAllByText`, `getAllByText`, or `findAllByText`)).

Ignored nodes: comments, script, style
[36m<body>[39m
  [36m<div>[39m
    [36m<div[39m
      [33mclass[39m=[32m"min-h-screen flex items-center justify-center bg-background p-4"[39m
    [36m>[39m
      [36m<div[39m
        [33mclass[39m=[32m"w-full max-w-md"[39m
        [33mdata-testid[39m=[32m"card"[39m
      [36m>[39m
        [36m<div[39m
          [33mclass[39m=[32m"text-center"[39m
          [33mdata-testid[39m=[32m"card-header"[39m
        [36m>[39m
          [36m<div[39m
            [33mclass[39m=[32m"text-2xl font-bold"[39m
            [33mdata-testid[39m=[32m"card-title"[39m
          [36m>[39m
            [0mWelcome to Developer Portal[0m
          [36m</div>[39m
          [36m<div[39m
            [33mdata-testid[39m=[32m"card-description"[39m
          [36m>[39m
            [0mComplete both authentications to access the portal[0m
          [36m</div>[39m
        [36m</div>[39m
        [36m<div[39m
          [33mclass[39m=[32m"space-y-4"[39m
          [33mdata-testid[39m=[32m"card-content"[39m
        [36m>[39m
          [36m<div[39m
            [33mclass[39m=[32m"space-y-2"[39m
          [36m>[39m
            [36m<button[39m
              [33mclass[39m=[32m"w-full h-12 text-base"[39m
              [33mdata-testid[39m=[32m"login-button"[39m
              [33mdata-variant[39m=[32m"default"[39m
            [36m>[39m
              [36m<div[39m
                [33mclass[39m=[32m"flex items-center gap-2"[39m
              [36m>[39m
                [36m<div[39m
                  [33mdata-testid[39m=[32m"github-icon"[39m
                [36m>[39m
                  [0mGitHub Icon[0m
                [36m</div>[39m
                [0mSign in with GitHub Tools[0m
              [36m</div>[39m
            [36m</button>[39m
          [36m</div>[39m
          [36m<div[39m
            [33mclass[39m=[32m"space-y-2"[39m
          [36m>[39m
            [36m<button[39m
              [33mclass[39m=[32m"w-full h-12 text-base"[39m
              [33mdata-testid[39m=[32m"login-button"[39m
              [33mdata-variant[39m=[32m"default"[39m
            [36m>[39m
              [36m<div[39m
                [33mclass[39m=[32m"flex items-center gap-2"[39m
              [36m>[39m
                [36m<div[39m
                  [33mdata-testid[39m=[32m"github-icon"[39m
                [36m>[39m
                  [0mGitHub Icon[0m
                [36m</div>[39m
                [0mSign in with GitHub WDF[0m
              [36m</div>[39m
            [36m</button>[39m
          [36m</div>[39m
          [36m<div[39m
            [33mclass[39m=[32m"text-center text-sm text-muted-foreground mt-6"[39m
          [36m>[39m
            [36m<p>[39m
              [0mBy signing in, you agree to our terms of service and privacy policy.[0m
            [36m</p>[39m
          [36m</div>[39m
        [36m</div>[39m
      [36m</div>[39m
    [36m</div>[39m
  [36m</div>[39m
[36m</body>[39m
 ❯ Object.getElementError node_modules/@testing-library/dom/dist/config.js:37:19
 ❯ getElementError node_modules/@testing-library/dom/dist/query-helpers.js:20:35
 ❯ getMultipleElementsFoundError node_modules/@testing-library/dom/dist/query-helpers.js:23:10
 ❯ node_modules/@testing-library/dom/dist/query-helpers.js:55:13
 ❯ node_modules/@testing-library/dom/dist/query-helpers.js:95:19
 ❯ tests/pages/LoginPage.test.tsx:362:34
    360|       renderWithRouter(<LoginPage />);
    361| 
    362|       const loginButton = screen.getByTestId('login-button');
       |                                  ^
    363|       
    364|       await user.click(loginButton);

⎯⎯⎯⎯⎯⎯⎯⎯⎯⎯⎯⎯⎯⎯⎯⎯⎯⎯⎯⎯⎯⎯[36/54]⎯

 FAIL  tests/pages/LoginPage.test.tsx > LoginPage > Button States > should render button with default variant
TestingLibraryElementError: Found multiple elements by: [data-testid="login-button"]

Here are the matching elements:

Ignored nodes: comments, script, style
[36m<button[39m
  [33mclass[39m=[32m"w-full h-12 text-base"[39m
  [33mdata-testid[39m=[32m"login-button"[39m
  [33mdata-variant[39m=[32m"default"[39m
[36m>[39m
  [36m<div[39m
    [33mclass[39m=[32m"flex items-center gap-2"[39m
  [36m>[39m
    [36m<div[39m
      [33mdata-testid[39m=[32m"github-icon"[39m
    [36m>[39m
      [0mGitHub Icon[0m
    [36m</div>[39m
    [0mSign in with GitHub Tools[0m
  [36m</div>[39m
[36m</button>[39m

Ignored nodes: comments, script, style
[36m<button[39m
  [33mclass[39m=[32m"w-full h-12 text-base"[39m
  [33mdata-testid[39m=[32m"login-button"[39m
  [33mdata-variant[39m=[32m"default"[39m
[36m>[39m
  [36m<div[39m
    [33mclass[39m=[32m"flex items-center gap-2"[39m
  [36m>[39m
    [36m<div[39m
      [33mdata-testid[39m=[32m"github-icon"[39m
    [36m>[39m
      [0mGitHub Icon[0m
    [36m</div>[39m
    [0mSign in with GitHub WDF[0m
  [36m</div>[39m
[36m</button>[39m

(If this is intentional, then use the `*AllBy*` variant of the query (like `queryAllByText`, `getAllByText`, or `findAllByText`)).

Ignored nodes: comments, script, style
[36m<body>[39m
  [36m<div>[39m
    [36m<div[39m
      [33mclass[39m=[32m"min-h-screen flex items-center justify-center bg-background p-4"[39m
    [36m>[39m
      [36m<div[39m
        [33mclass[39m=[32m"w-full max-w-md"[39m
        [33mdata-testid[39m=[32m"card"[39m
      [36m>[39m
        [36m<div[39m
          [33mclass[39m=[32m"text-center"[39m
          [33mdata-testid[39m=[32m"card-header"[39m
        [36m>[39m
          [36m<div[39m
            [33mclass[39m=[32m"text-2xl font-bold"[39m
            [33mdata-testid[39m=[32m"card-title"[39m
          [36m>[39m
            [0mWelcome to Developer Portal[0m
          [36m</div>[39m
          [36m<div[39m
            [33mdata-testid[39m=[32m"card-description"[39m
          [36m>[39m
            [0mComplete both authentications to access the portal[0m
          [36m</div>[39m
        [36m</div>[39m
        [36m<div[39m
          [33mclass[39m=[32m"space-y-4"[39m
          [33mdata-testid[39m=[32m"card-content"[39m
        [36m>[39m
          [36m<div[39m
            [33mclass[39m=[32m"space-y-2"[39m
          [36m>[39m
            [36m<button[39m
              [33mclass[39m=[32m"w-full h-12 text-base"[39m
              [33mdata-testid[39m=[32m"login-button"[39m
              [33mdata-variant[39m=[32m"default"[39m
            [36m>[39m
              [36m<div[39m
                [33mclass[39m=[32m"flex items-center gap-2"[39m
              [36m>[39m
                [36m<div[39m
                  [33mdata-testid[39m=[32m"github-icon"[39m
                [36m>[39m
                  [0mGitHub Icon[0m
                [36m</div>[39m
                [0mSign in with GitHub Tools[0m
              [36m</div>[39m
            [36m</button>[39m
          [36m</div>[39m
          [36m<div[39m
            [33mclass[39m=[32m"space-y-2"[39m
          [36m>[39m
            [36m<button[39m
              [33mclass[39m=[32m"w-full h-12 text-base"[39m
              [33mdata-testid[39m=[32m"login-button"[39m
              [33mdata-variant[39m=[32m"default"[39m
            [36m>[39m
              [36m<div[39m
                [33mclass[39m=[32m"flex items-center gap-2"[39m
              [36m>[39m
                [36m<div[39m
                  [33mdata-testid[39m=[32m"github-icon"[39m
                [36m>[39m
                  [0mGitHub Icon[0m
                [36m</div>[39m
                [0mSign in with GitHub WDF[0m
              [36m</div>[39m
            [36m</button>[39m
          [36m</div>[39m
          [36m<div[39m
            [33mclass[39m=[32m"text-center text-sm text-muted-foreground mt-6"[39m
          [36m>[39m
            [36m<p>[39m
              [0mBy signing in, you agree to our terms of service and privacy policy.[0m
            [36m</p>[39m
          [36m</div>[39m
        [36m</div>[39m
      [36m</div>[39m
    [36m</div>[39m
  [36m</div>[39m
[36m</body>[39m
 ❯ Object.getElementError node_modules/@testing-library/dom/dist/config.js:37:19
 ❯ getElementError node_modules/@testing-library/dom/dist/query-helpers.js:20:35
 ❯ getMultipleElementsFoundError node_modules/@testing-library/dom/dist/query-helpers.js:23:10
 ❯ node_modules/@testing-library/dom/dist/query-helpers.js:55:13
 ❯ node_modules/@testing-library/dom/dist/query-helpers.js:95:19
 ❯ tests/pages/LoginPage.test.tsx:380:34
    378|       renderWithRouter(<LoginPage />);
    379| 
    380|       const loginButton = screen.getByTestId('login-button');
       |                                  ^
    381|       expect(loginButton).toHaveAttribute('data-variant', 'default');
    382|     });

⎯⎯⎯⎯⎯⎯⎯⎯⎯⎯⎯⎯⎯⎯⎯⎯⎯⎯⎯⎯⎯⎯[37/54]⎯

 FAIL  tests/pages/LoginPage.test.tsx > LoginPage > Button States > should render button with full width class
TestingLibraryElementError: Found multiple elements by: [data-testid="login-button"]

Here are the matching elements:

Ignored nodes: comments, script, style
[36m<button[39m
  [33mclass[39m=[32m"w-full h-12 text-base"[39m
  [33mdata-testid[39m=[32m"login-button"[39m
  [33mdata-variant[39m=[32m"default"[39m
[36m>[39m
  [36m<div[39m
    [33mclass[39m=[32m"flex items-center gap-2"[39m
  [36m>[39m
    [36m<div[39m
      [33mdata-testid[39m=[32m"github-icon"[39m
    [36m>[39m
      [0mGitHub Icon[0m
    [36m</div>[39m
    [0mSign in with GitHub Tools[0m
  [36m</div>[39m
[36m</button>[39m

Ignored nodes: comments, script, style
[36m<button[39m
  [33mclass[39m=[32m"w-full h-12 text-base"[39m
  [33mdata-testid[39m=[32m"login-button"[39m
  [33mdata-variant[39m=[32m"default"[39m
[36m>[39m
  [36m<div[39m
    [33mclass[39m=[32m"flex items-center gap-2"[39m
  [36m>[39m
    [36m<div[39m
      [33mdata-testid[39m=[32m"github-icon"[39m
    [36m>[39m
      [0mGitHub Icon[0m
    [36m</div>[39m
    [0mSign in with GitHub WDF[0m
  [36m</div>[39m
[36m</button>[39m

(If this is intentional, then use the `*AllBy*` variant of the query (like `queryAllByText`, `getAllByText`, or `findAllByText`)).

Ignored nodes: comments, script, style
[36m<body>[39m
  [36m<div>[39m
    [36m<div[39m
      [33mclass[39m=[32m"min-h-screen flex items-center justify-center bg-background p-4"[39m
    [36m>[39m
      [36m<div[39m
        [33mclass[39m=[32m"w-full max-w-md"[39m
        [33mdata-testid[39m=[32m"card"[39m
      [36m>[39m
        [36m<div[39m
          [33mclass[39m=[32m"text-center"[39m
          [33mdata-testid[39m=[32m"card-header"[39m
        [36m>[39m
          [36m<div[39m
            [33mclass[39m=[32m"text-2xl font-bold"[39m
            [33mdata-testid[39m=[32m"card-title"[39m
          [36m>[39m
            [0mWelcome to Developer Portal[0m
          [36m</div>[39m
          [36m<div[39m
            [33mdata-testid[39m=[32m"card-description"[39m
          [36m>[39m
            [0mComplete both authentications to access the portal[0m
          [36m</div>[39m
        [36m</div>[39m
        [36m<div[39m
          [33mclass[39m=[32m"space-y-4"[39m
          [33mdata-testid[39m=[32m"card-content"[39m
        [36m>[39m
          [36m<div[39m
            [33mclass[39m=[32m"space-y-2"[39m
          [36m>[39m
            [36m<button[39m
              [33mclass[39m=[32m"w-full h-12 text-base"[39m
              [33mdata-testid[39m=[32m"login-button"[39m
              [33mdata-variant[39m=[32m"default"[39m
            [36m>[39m
              [36m<div[39m
                [33mclass[39m=[32m"flex items-center gap-2"[39m
              [36m>[39m
                [36m<div[39m
                  [33mdata-testid[39m=[32m"github-icon"[39m
                [36m>[39m
                  [0mGitHub Icon[0m
                [36m</div>[39m
                [0mSign in with GitHub Tools[0m
              [36m</div>[39m
            [36m</button>[39m
          [36m</div>[39m
          [36m<div[39m
            [33mclass[39m=[32m"space-y-2"[39m
          [36m>[39m
            [36m<button[39m
              [33mclass[39m=[32m"w-full h-12 text-base"[39m
              [33mdata-testid[39m=[32m"login-button"[39m
              [33mdata-variant[39m=[32m"default"[39m
            [36m>[39m
              [36m<div[39m
                [33mclass[39m=[32m"flex items-center gap-2"[39m
              [36m>[39m
                [36m<div[39m
                  [33mdata-testid[39m=[32m"github-icon"[39m
                [36m>[39m
                  [0mGitHub Icon[0m
                [36m</div>[39m
                [0mSign in with GitHub WDF[0m
              [36m</div>[39m
            [36m</button>[39m
          [36m</div>[39m
          [36m<div[39m
            [33mclass[39m=[32m"text-center text-sm text-muted-foreground mt-6"[39m
          [36m>[39m
            [36m<p>[39m
              [0mBy signing in, you agree to our terms of service and privacy policy.[0m
            [36m</p>[39m
          [36m</div>[39m
        [36m</div>[39m
      [36m</div>[39m
    [36m</div>[39m
  [36m</div>[39m
[36m</body>[39m
 ❯ Object.getElementError node_modules/@testing-library/dom/dist/config.js:37:19
 ❯ getElementError node_modules/@testing-library/dom/dist/query-helpers.js:20:35
 ❯ getMultipleElementsFoundError node_modules/@testing-library/dom/dist/query-helpers.js:23:10
 ❯ node_modules/@testing-library/dom/dist/query-helpers.js:55:13
 ❯ node_modules/@testing-library/dom/dist/query-helpers.js:95:19
 ❯ tests/pages/LoginPage.test.tsx:387:34
    385|       renderWithRouter(<LoginPage />);
    386| 
    387|       const loginButton = screen.getByTestId('login-button');
       |                                  ^
    388|       expect(loginButton).toHaveClass('w-full');
    389|     });

⎯⎯⎯⎯⎯⎯⎯⎯⎯⎯⎯⎯⎯⎯⎯⎯⎯⎯⎯⎯⎯⎯[38/54]⎯

 FAIL  tests/pages/LoginPage.test.tsx > LoginPage > Button States > should not be disabled initially
TestingLibraryElementError: Found multiple elements by: [data-testid="login-button"]

Here are the matching elements:

Ignored nodes: comments, script, style
[36m<button[39m
  [33mclass[39m=[32m"w-full h-12 text-base"[39m
  [33mdata-testid[39m=[32m"login-button"[39m
  [33mdata-variant[39m=[32m"default"[39m
[36m>[39m
  [36m<div[39m
    [33mclass[39m=[32m"flex items-center gap-2"[39m
  [36m>[39m
    [36m<div[39m
      [33mdata-testid[39m=[32m"github-icon"[39m
    [36m>[39m
      [0mGitHub Icon[0m
    [36m</div>[39m
    [0mSign in with GitHub Tools[0m
  [36m</div>[39m
[36m</button>[39m

Ignored nodes: comments, script, style
[36m<button[39m
  [33mclass[39m=[32m"w-full h-12 text-base"[39m
  [33mdata-testid[39m=[32m"login-button"[39m
  [33mdata-variant[39m=[32m"default"[39m
[36m>[39m
  [36m<div[39m
    [33mclass[39m=[32m"flex items-center gap-2"[39m
  [36m>[39m
    [36m<div[39m
      [33mdata-testid[39m=[32m"github-icon"[39m
    [36m>[39m
      [0mGitHub Icon[0m
    [36m</div>[39m
    [0mSign in with GitHub WDF[0m
  [36m</div>[39m
[36m</button>[39m

(If this is intentional, then use the `*AllBy*` variant of the query (like `queryAllByText`, `getAllByText`, or `findAllByText`)).

Ignored nodes: comments, script, style
[36m<body>[39m
  [36m<div>[39m
    [36m<div[39m
      [33mclass[39m=[32m"min-h-screen flex items-center justify-center bg-background p-4"[39m
    [36m>[39m
      [36m<div[39m
        [33mclass[39m=[32m"w-full max-w-md"[39m
        [33mdata-testid[39m=[32m"card"[39m
      [36m>[39m
        [36m<div[39m
          [33mclass[39m=[32m"text-center"[39m
          [33mdata-testid[39m=[32m"card-header"[39m
        [36m>[39m
          [36m<div[39m
            [33mclass[39m=[32m"text-2xl font-bold"[39m
            [33mdata-testid[39m=[32m"card-title"[39m
          [36m>[39m
            [0mWelcome to Developer Portal[0m
          [36m</div>[39m
          [36m<div[39m
            [33mdata-testid[39m=[32m"card-description"[39m
          [36m>[39m
            [0mComplete both authentications to access the portal[0m
          [36m</div>[39m
        [36m</div>[39m
        [36m<div[39m
          [33mclass[39m=[32m"space-y-4"[39m
          [33mdata-testid[39m=[32m"card-content"[39m
        [36m>[39m
          [36m<div[39m
            [33mclass[39m=[32m"space-y-2"[39m
          [36m>[39m
            [36m<button[39m
              [33mclass[39m=[32m"w-full h-12 text-base"[39m
              [33mdata-testid[39m=[32m"login-button"[39m
              [33mdata-variant[39m=[32m"default"[39m
            [36m>[39m
              [36m<div[39m
                [33mclass[39m=[32m"flex items-center gap-2"[39m
              [36m>[39m
                [36m<div[39m
                  [33mdata-testid[39m=[32m"github-icon"[39m
                [36m>[39m
                  [0mGitHub Icon[0m
                [36m</div>[39m
                [0mSign in with GitHub Tools[0m
              [36m</div>[39m
            [36m</button>[39m
          [36m</div>[39m
          [36m<div[39m
            [33mclass[39m=[32m"space-y-2"[39m
          [36m>[39m
            [36m<button[39m
              [33mclass[39m=[32m"w-full h-12 text-base"[39m
              [33mdata-testid[39m=[32m"login-button"[39m
              [33mdata-variant[39m=[32m"default"[39m
            [36m>[39m
              [36m<div[39m
                [33mclass[39m=[32m"flex items-center gap-2"[39m
              [36m>[39m
                [36m<div[39m
                  [33mdata-testid[39m=[32m"github-icon"[39m
                [36m>[39m
                  [0mGitHub Icon[0m
                [36m</div>[39m
                [0mSign in with GitHub WDF[0m
              [36m</div>[39m
            [36m</button>[39m
          [36m</div>[39m
          [36m<div[39m
            [33mclass[39m=[32m"text-center text-sm text-muted-foreground mt-6"[39m
          [36m>[39m
            [36m<p>[39m
              [0mBy signing in, you agree to our terms of service and privacy policy.[0m
            [36m</p>[39m
          [36m</div>[39m
        [36m</div>[39m
      [36m</div>[39m
    [36m</div>[39m
  [36m</div>[39m
[36m</body>[39m
 ❯ Object.getElementError node_modules/@testing-library/dom/dist/config.js:37:19
 ❯ getElementError node_modules/@testing-library/dom/dist/query-helpers.js:20:35
 ❯ getMultipleElementsFoundError node_modules/@testing-library/dom/dist/query-helpers.js:23:10
 ❯ node_modules/@testing-library/dom/dist/query-helpers.js:55:13
 ❯ node_modules/@testing-library/dom/dist/query-helpers.js:95:19
 ❯ tests/pages/LoginPage.test.tsx:394:34
    392|       renderWithRouter(<LoginPage />);
    393| 
    394|       const loginButton = screen.getByTestId('login-button');
       |                                  ^
    395|       expect(loginButton).not.toBeDisabled();
    396|     });

⎯⎯⎯⎯⎯⎯⎯⎯⎯⎯⎯⎯⎯⎯⎯⎯⎯⎯⎯⎯⎯⎯[39/54]⎯

 FAIL  tests/pages/LoginPage.test.tsx > LoginPage > Integration > should use login function from useAuth
TestingLibraryElementError: Found multiple elements by: [data-testid="login-button"]

Here are the matching elements:

Ignored nodes: comments, script, style
[36m<button[39m
  [33mclass[39m=[32m"w-full h-12 text-base"[39m
  [33mdata-testid[39m=[32m"login-button"[39m
  [33mdata-variant[39m=[32m"default"[39m
[36m>[39m
  [36m<div[39m
    [33mclass[39m=[32m"flex items-center gap-2"[39m
  [36m>[39m
    [36m<div[39m
      [33mdata-testid[39m=[32m"github-icon"[39m
    [36m>[39m
      [0mGitHub Icon[0m
    [36m</div>[39m
    [0mSign in with GitHub Tools[0m
  [36m</div>[39m
[36m</button>[39m

Ignored nodes: comments, script, style
[36m<button[39m
  [33mclass[39m=[32m"w-full h-12 text-base"[39m
  [33mdata-testid[39m=[32m"login-button"[39m
  [33mdata-variant[39m=[32m"default"[39m
[36m>[39m
  [36m<div[39m
    [33mclass[39m=[32m"flex items-center gap-2"[39m
  [36m>[39m
    [36m<div[39m
      [33mdata-testid[39m=[32m"github-icon"[39m
    [36m>[39m
      [0mGitHub Icon[0m
    [36m</div>[39m
    [0mSign in with GitHub WDF[0m
  [36m</div>[39m
[36m</button>[39m

(If this is intentional, then use the `*AllBy*` variant of the query (like `queryAllByText`, `getAllByText`, or `findAllByText`)).

Ignored nodes: comments, script, style
[36m<body>[39m
  [36m<div>[39m
    [36m<div[39m
      [33mclass[39m=[32m"min-h-screen flex items-center justify-center bg-background p-4"[39m
    [36m>[39m
      [36m<div[39m
        [33mclass[39m=[32m"w-full max-w-md"[39m
        [33mdata-testid[39m=[32m"card"[39m
      [36m>[39m
        [36m<div[39m
          [33mclass[39m=[32m"text-center"[39m
          [33mdata-testid[39m=[32m"card-header"[39m
        [36m>[39m
          [36m<div[39m
            [33mclass[39m=[32m"text-2xl font-bold"[39m
            [33mdata-testid[39m=[32m"card-title"[39m
          [36m>[39m
            [0mWelcome to Developer Portal[0m
          [36m</div>[39m
          [36m<div[39m
            [33mdata-testid[39m=[32m"card-description"[39m
          [36m>[39m
            [0mComplete both authentications to access the portal[0m
          [36m</div>[39m
        [36m</div>[39m
        [36m<div[39m
          [33mclass[39m=[32m"space-y-4"[39m
          [33mdata-testid[39m=[32m"card-content"[39m
        [36m>[39m
          [36m<div[39m
            [33mclass[39m=[32m"space-y-2"[39m
          [36m>[39m
            [36m<button[39m
              [33mclass[39m=[32m"w-full h-12 text-base"[39m
              [33mdata-testid[39m=[32m"login-button"[39m
              [33mdata-variant[39m=[32m"default"[39m
            [36m>[39m
              [36m<div[39m
                [33mclass[39m=[32m"flex items-center gap-2"[39m
              [36m>[39m
                [36m<div[39m
                  [33mdata-testid[39m=[32m"github-icon"[39m
                [36m>[39m
                  [0mGitHub Icon[0m
                [36m</div>[39m
                [0mSign in with GitHub Tools[0m
              [36m</div>[39m
            [36m</button>[39m
          [36m</div>[39m
          [36m<div[39m
            [33mclass[39m=[32m"space-y-2"[39m
          [36m>[39m
            [36m<button[39m
              [33mclass[39m=[32m"w-full h-12 text-base"[39m
              [33mdata-testid[39m=[32m"login-button"[39m
              [33mdata-variant[39m=[32m"default"[39m
            [36m>[39m
              [36m<div[39m
                [33mclass[39m=[32m"flex items-center gap-2"[39m
              [36m>[39m
                [36m<div[39m
                  [33mdata-testid[39m=[32m"github-icon"[39m
                [36m>[39m
                  [0mGitHub Icon[0m
                [36m</div>[39m
                [0mSign in with GitHub WDF[0m
              [36m</div>[39m
            [36m</button>[39m
          [36m</div>[39m
          [36m<div[39m
            [33mclass[39m=[32m"text-center text-sm text-muted-foreground mt-6"[39m
          [36m>[39m
            [36m<p>[39m
              [0mBy signing in, you agree to our terms of service and privacy policy.[0m
            [36m</p>[39m
          [36m</div>[39m
        [36m</div>[39m
      [36m</div>[39m
    [36m</div>[39m
  [36m</div>[39m
[36m</body>[39m
 ❯ Object.getElementError node_modules/@testing-library/dom/dist/config.js:37:19
 ❯ getElementError node_modules/@testing-library/dom/dist/query-helpers.js:20:35
 ❯ getMultipleElementsFoundError node_modules/@testing-library/dom/dist/query-helpers.js:23:10
 ❯ node_modules/@testing-library/dom/dist/query-helpers.js:55:13
 ❯ node_modules/@testing-library/dom/dist/query-helpers.js:95:19
 ❯ tests/pages/LoginPage.test.tsx:449:31
    447|       renderWithRouter(<LoginPage />);
    448| 
    449|       await user.click(screen.getByTestId('login-button'));
       |                               ^
    450| 
    451|       expect(mockLogin).toHaveBeenCalled();

⎯⎯⎯⎯⎯⎯⎯⎯⎯⎯⎯⎯⎯⎯⎯⎯⎯⎯⎯⎯⎯⎯[40/54]⎯

 FAIL  tests/pages/LoginPage.test.tsx > LoginPage > Edge Cases > should handle rapid button clicks
TestingLibraryElementError: Found multiple elements by: [data-testid="login-button"]

Here are the matching elements:

Ignored nodes: comments, script, style
[36m<button[39m
  [33mclass[39m=[32m"w-full h-12 text-base"[39m
  [33mdata-testid[39m=[32m"login-button"[39m
  [33mdata-variant[39m=[32m"default"[39m
[36m>[39m
  [36m<div[39m
    [33mclass[39m=[32m"flex items-center gap-2"[39m
  [36m>[39m
    [36m<div[39m
      [33mdata-testid[39m=[32m"github-icon"[39m
    [36m>[39m
      [0mGitHub Icon[0m
    [36m</div>[39m
    [0mSign in with GitHub Tools[0m
  [36m</div>[39m
[36m</button>[39m

Ignored nodes: comments, script, style
[36m<button[39m
  [33mclass[39m=[32m"w-full h-12 text-base"[39m
  [33mdata-testid[39m=[32m"login-button"[39m
  [33mdata-variant[39m=[32m"default"[39m
[36m>[39m
  [36m<div[39m
    [33mclass[39m=[32m"flex items-center gap-2"[39m
  [36m>[39m
    [36m<div[39m
      [33mdata-testid[39m=[32m"github-icon"[39m
    [36m>[39m
      [0mGitHub Icon[0m
    [36m</div>[39m
    [0mSign in with GitHub WDF[0m
  [36m</div>[39m
[36m</button>[39m

(If this is intentional, then use the `*AllBy*` variant of the query (like `queryAllByText`, `getAllByText`, or `findAllByText`)).

Ignored nodes: comments, script, style
[36m<body>[39m
  [36m<div>[39m
    [36m<div[39m
      [33mclass[39m=[32m"min-h-screen flex items-center justify-center bg-background p-4"[39m
    [36m>[39m
      [36m<div[39m
        [33mclass[39m=[32m"w-full max-w-md"[39m
        [33mdata-testid[39m=[32m"card"[39m
      [36m>[39m
        [36m<div[39m
          [33mclass[39m=[32m"text-center"[39m
          [33mdata-testid[39m=[32m"card-header"[39m
        [36m>[39m
          [36m<div[39m
            [33mclass[39m=[32m"text-2xl font-bold"[39m
            [33mdata-testid[39m=[32m"card-title"[39m
          [36m>[39m
            [0mWelcome to Developer Portal[0m
          [36m</div>[39m
          [36m<div[39m
            [33mdata-testid[39m=[32m"card-description"[39m
          [36m>[39m
            [0mComplete both authentications to access the portal[0m
          [36m</div>[39m
        [36m</div>[39m
        [36m<div[39m
          [33mclass[39m=[32m"space-y-4"[39m
          [33mdata-testid[39m=[32m"card-content"[39m
        [36m>[39m
          [36m<div[39m
            [33mclass[39m=[32m"space-y-2"[39m
          [36m>[39m
            [36m<button[39m
              [33mclass[39m=[32m"w-full h-12 text-base"[39m
              [33mdata-testid[39m=[32m"login-button"[39m
              [33mdata-variant[39m=[32m"default"[39m
            [36m>[39m
              [36m<div[39m
                [33mclass[39m=[32m"flex items-center gap-2"[39m
              [36m>[39m
                [36m<div[39m
                  [33mdata-testid[39m=[32m"github-icon"[39m
                [36m>[39m
                  [0mGitHub Icon[0m
                [36m</div>[39m
                [0mSign in with GitHub Tools[0m
              [36m</div>[39m
            [36m</button>[39m
          [36m</div>[39m
          [36m<div[39m
            [33mclass[39m=[32m"space-y-2"[39m
          [36m>[39m
            [36m<button[39m
              [33mclass[39m=[32m"w-full h-12 text-base"[39m
              [33mdata-testid[39m=[32m"login-button"[39m
              [33mdata-variant[39m=[32m"default"[39m
            [36m>[39m
              [36m<div[39m
                [33mclass[39m=[32m"flex items-center gap-2"[39m
              [36m>[39m
                [36m<div[39m
                  [33mdata-testid[39m=[32m"github-icon"[39m
                [36m>[39m
                  [0mGitHub Icon[0m
                [36m</div>[39m
                [0mSign in with GitHub WDF[0m
              [36m</div>[39m
            [36m</button>[39m
          [36m</div>[39m
          [36m<div[39m
            [33mclass[39m=[32m"text-center text-sm text-muted-foreground mt-6"[39m
          [36m>[39m
            [36m<p>[39m
              [0mBy signing in, you agree to our terms of service and privacy policy.[0m
            [36m</p>[39m
          [36m</div>[39m
        [36m</div>[39m
      [36m</div>[39m
    [36m</div>[39m
  [36m</div>[39m
[36m</body>[39m
 ❯ Object.getElementError node_modules/@testing-library/dom/dist/config.js:37:19
 ❯ getElementError node_modules/@testing-library/dom/dist/query-helpers.js:20:35
 ❯ getMultipleElementsFoundError node_modules/@testing-library/dom/dist/query-helpers.js:23:10
 ❯ node_modules/@testing-library/dom/dist/query-helpers.js:55:13
 ❯ node_modules/@testing-library/dom/dist/query-helpers.js:95:19
 ❯ tests/pages/LoginPage.test.tsx:462:34
    460|       renderWithRouter(<LoginPage />);
    461| 
    462|       const loginButton = screen.getByTestId('login-button');
       |                                  ^
    463|       
    464|       // Click multiple times rapidly

⎯⎯⎯⎯⎯⎯⎯⎯⎯⎯⎯⎯⎯⎯⎯⎯⎯⎯⎯⎯⎯⎯[41/54]⎯

 FAIL  tests/pages/LoginPage.test.tsx > LoginPage > Edge Cases > should handle login promise that never resolves
TestingLibraryElementError: Found multiple elements by: [data-testid="login-button"]

Here are the matching elements:

Ignored nodes: comments, script, style
[36m<button[39m
  [33mclass[39m=[32m"w-full h-12 text-base"[39m
  [33mdata-testid[39m=[32m"login-button"[39m
  [33mdata-variant[39m=[32m"default"[39m
[36m>[39m
  [36m<div[39m
    [33mclass[39m=[32m"flex items-center gap-2"[39m
  [36m>[39m
    [36m<div[39m
      [33mdata-testid[39m=[32m"github-icon"[39m
    [36m>[39m
      [0mGitHub Icon[0m
    [36m</div>[39m
    [0mSign in with GitHub Tools[0m
  [36m</div>[39m
[36m</button>[39m

Ignored nodes: comments, script, style
[36m<button[39m
  [33mclass[39m=[32m"w-full h-12 text-base"[39m
  [33mdata-testid[39m=[32m"login-button"[39m
  [33mdata-variant[39m=[32m"default"[39m
[36m>[39m
  [36m<div[39m
    [33mclass[39m=[32m"flex items-center gap-2"[39m
  [36m>[39m
    [36m<div[39m
      [33mdata-testid[39m=[32m"github-icon"[39m
    [36m>[39m
      [0mGitHub Icon[0m
    [36m</div>[39m
    [0mSign in with GitHub WDF[0m
  [36m</div>[39m
[36m</button>[39m

(If this is intentional, then use the `*AllBy*` variant of the query (like `queryAllByText`, `getAllByText`, or `findAllByText`)).

Ignored nodes: comments, script, style
[36m<body>[39m
  [36m<div>[39m
    [36m<div[39m
      [33mclass[39m=[32m"min-h-screen flex items-center justify-center bg-background p-4"[39m
    [36m>[39m
      [36m<div[39m
        [33mclass[39m=[32m"w-full max-w-md"[39m
        [33mdata-testid[39m=[32m"card"[39m
      [36m>[39m
        [36m<div[39m
          [33mclass[39m=[32m"text-center"[39m
          [33mdata-testid[39m=[32m"card-header"[39m
        [36m>[39m
          [36m<div[39m
            [33mclass[39m=[32m"text-2xl font-bold"[39m
            [33mdata-testid[39m=[32m"card-title"[39m
          [36m>[39m
            [0mWelcome to Developer Portal[0m
          [36m</div>[39m
          [36m<div[39m
            [33mdata-testid[39m=[32m"card-description"[39m
          [36m>[39m
            [0mComplete both authentications to access the portal[0m
          [36m</div>[39m
        [36m</div>[39m
        [36m<div[39m
          [33mclass[39m=[32m"space-y-4"[39m
          [33mdata-testid[39m=[32m"card-content"[39m
        [36m>[39m
          [36m<div[39m
            [33mclass[39m=[32m"space-y-2"[39m
          [36m>[39m
            [36m<button[39m
              [33mclass[39m=[32m"w-full h-12 text-base"[39m
              [33mdata-testid[39m=[32m"login-button"[39m
              [33mdata-variant[39m=[32m"default"[39m
            [36m>[39m
              [36m<div[39m
                [33mclass[39m=[32m"flex items-center gap-2"[39m
              [36m>[39m
                [36m<div[39m
                  [33mdata-testid[39m=[32m"github-icon"[39m
                [36m>[39m
                  [0mGitHub Icon[0m
                [36m</div>[39m
                [0mSign in with GitHub Tools[0m
              [36m</div>[39m
            [36m</button>[39m
          [36m</div>[39m
          [36m<div[39m
            [33mclass[39m=[32m"space-y-2"[39m
          [36m>[39m
            [36m<button[39m
              [33mclass[39m=[32m"w-full h-12 text-base"[39m
              [33mdata-testid[39m=[32m"login-button"[39m
              [33mdata-variant[39m=[32m"default"[39m
            [36m>[39m
              [36m<div[39m
                [33mclass[39m=[32m"flex items-center gap-2"[39m
              [36m>[39m
                [36m<div[39m
                  [33mdata-testid[39m=[32m"github-icon"[39m
                [36m>[39m
                  [0mGitHub Icon[0m
                [36m</div>[39m
                [0mSign in with GitHub WDF[0m
              [36m</div>[39m
            [36m</button>[39m
          [36m</div>[39m
          [36m<div[39m
            [33mclass[39m=[32m"text-center text-sm text-muted-foreground mt-6"[39m
          [36m>[39m
            [36m<p>[39m
              [0mBy signing in, you agree to our terms of service and privacy policy.[0m
            [36m</p>[39m
          [36m</div>[39m
        [36m</div>[39m
      [36m</div>[39m
    [36m</div>[39m
  [36m</div>[39m
[36m</body>[39m
 ❯ Object.getElementError node_modules/@testing-library/dom/dist/config.js:37:19
 ❯ getElementError node_modules/@testing-library/dom/dist/query-helpers.js:20:35
 ❯ getMultipleElementsFoundError node_modules/@testing-library/dom/dist/query-helpers.js:23:10
 ❯ node_modules/@testing-library/dom/dist/query-helpers.js:55:13
 ❯ node_modules/@testing-library/dom/dist/query-helpers.js:95:19
 ❯ tests/pages/LoginPage.test.tsx:481:34
    479|       renderWithRouter(<LoginPage />);
    480| 
    481|       const loginButton = screen.getByTestId('login-button');
       |                                  ^
    482|       await user.click(loginButton);
    483| 

⎯⎯⎯⎯⎯⎯⎯⎯⎯⎯⎯⎯⎯⎯⎯⎯⎯⎯⎯⎯⎯⎯[42/54]⎯

 FAIL  tests/pages/LoginPage.test.tsx > LoginPage > Edge Cases > should handle switching from loading to authenticated
TestingLibraryElementError: Unable to find an element by: [data-testid="navigate"]

Ignored nodes: comments, script, style
[36m<body>[39m
  [36m<div>[39m
    [36m<div[39m
      [33mclass[39m=[32m"min-h-screen flex items-center justify-center bg-background p-4"[39m
    [36m>[39m
      [36m<div[39m
        [33mclass[39m=[32m"w-full max-w-md"[39m
        [33mdata-testid[39m=[32m"card"[39m
      [36m>[39m
        [36m<div[39m
          [33mclass[39m=[32m"text-center"[39m
          [33mdata-testid[39m=[32m"card-header"[39m
        [36m>[39m
          [36m<div[39m
            [33mclass[39m=[32m"text-2xl font-bold"[39m
            [33mdata-testid[39m=[32m"card-title"[39m
          [36m>[39m
            [0mWelcome to Developer Portal[0m
          [36m</div>[39m
          [36m<div[39m
            [33mdata-testid[39m=[32m"card-description"[39m
          [36m>[39m
            [0mComplete both authentications to access the portal[0m
          [36m</div>[39m
        [36m</div>[39m
        [36m<div[39m
          [33mclass[39m=[32m"space-y-4"[39m
          [33mdata-testid[39m=[32m"card-content"[39m
        [36m>[39m
          [36m<div[39m
            [33mclass[39m=[32m"space-y-2"[39m
          [36m>[39m
            [36m<button[39m
              [33mclass[39m=[32m"w-full h-12 text-base"[39m
              [33mdata-testid[39m=[32m"login-button"[39m
              [33mdata-variant[39m=[32m"default"[39m
            [36m>[39m
              [36m<div[39m
                [33mclass[39m=[32m"flex items-center gap-2"[39m
              [36m>[39m
                [36m<div[39m
                  [33mdata-testid[39m=[32m"github-icon"[39m
                [36m>[39m
                  [0mGitHub Icon[0m
                [36m</div>[39m
                [0mSign in with GitHub Tools[0m
              [36m</div>[39m
            [36m</button>[39m
          [36m</div>[39m
          [36m<div[39m
            [33mclass[39m=[32m"space-y-2"[39m
          [36m>[39m
            [36m<button[39m
              [33mclass[39m=[32m"w-full h-12 text-base"[39m
              [33mdata-testid[39m=[32m"login-button"[39m
              [33mdata-variant[39m=[32m"default"[39m
            [36m>[39m
              [36m<div[39m
                [33mclass[39m=[32m"flex items-center gap-2"[39m
              [36m>[39m
                [36m<div[39m
                  [33mdata-testid[39m=[32m"github-icon"[39m
                [36m>[39m
                  [0mGitHub Icon[0m
                [36m</div>[39m
                [0mSign in with GitHub WDF[0m
              [36m</div>[39m
            [36m</button>[39m
          [36m</div>[39m
          [36m<div[39m
            [33mclass[39m=[32m"text-center text-sm text-muted-foreground mt-6"[39m
          [36m>[39m
            [36m<p>[39m
              [0mBy signing in, you agree to our terms of service and privacy policy.[0m
            [36m</p>[39m
          [36m</div>[39m
        [36m</div>[39m
      [36m</div>[39m
    [36m</div>[39m
  [36m</div>[39m
[36m</body>[39m
 ❯ Object.getElementError node_modules/@testing-library/dom/dist/config.js:37:19
 ❯ node_modules/@testing-library/dom/dist/query-helpers.js:76:38
 ❯ node_modules/@testing-library/dom/dist/query-helpers.js:52:17
 ❯ node_modules/@testing-library/dom/dist/query-helpers.js:95:19
 ❯ tests/pages/LoginPage.test.tsx:524:21
    522|       );
    523| 
    524|       expect(screen.getByTestId('navigate')).toBeInTheDocument();
       |                     ^
    525|     });
    526|   });

⎯⎯⎯⎯⎯⎯⎯⎯⎯⎯⎯⎯⎯⎯⎯⎯⎯⎯⎯⎯⎯⎯[43/54]⎯

 FAIL  tests/services/authService.test.ts > authService > authService > should open popup with correct URL and parameters
AssertionError: expected "spy" to be called with arguments: [ …(3) ][90m

Received: 

[1m  1st spy call:

[22m[2m  [[22m
[2m    "http://localhost:7008/api/auth/githubtools/start",[22m
[32m-   "auth-popup",[90m
[31m+   "auth-popup-githubtools",[90m
[2m    "width=500,height=600,scrollbars=yes,resizable=yes,menubar=no,toolbar=no,location=no,status=no",[22m
[2m  ][22m
[39m[90m

Number of calls: [1m1[22m
[39m
 ❯ tests/services/authService.test.ts:98:27
     96|       authService();
     97| 
     98|       expect(window.open).toHaveBeenCalledWith(
       |                           ^
     99|         `${NEW_BACKEND_URL}/api/auth/githubtools/start`,
    100|         'auth-popup',

⎯⎯⎯⎯⎯⎯⎯⎯⎯⎯⎯⎯⎯⎯⎯⎯⎯⎯⎯⎯⎯⎯[44/54]⎯

 FAIL  tests/components/homepage/GithubPrsTab.test.tsx > GithubPrsTab > displays pull requests in table
TestingLibraryElementError: Unable to find an element with the text: Fix authentication bug. This could be because the text is broken up by multiple elements. In this case, you can provide a function for your text matcher to make your matcher more flexible.

Ignored nodes: comments, script, style
[36m<body>[39m
  [36m<div>[39m
    [36m<div[39m
      [33mclass[39m=[32m"flex flex-col px-6 pt-4 pb-6 space-y-3 h-full"[39m
    [36m>[39m
      [36m<div[39m
        [33mclass[39m=[32m"flex items-center gap-4"[39m
      [36m>[39m
        [36m<div[39m
          [33mclass[39m=[32m"flex items-center gap-2"[39m
        [36m>[39m
          [36m<div[39m
            [33mclass[39m=[32m"text-sm"[39m
          [36m>[39m
            [0mStatus[0m
          [36m</div>[39m
          [36m<button[39m
            [33maria-autocomplete[39m=[32m"none"[39m
            [33maria-controls[39m=[32m"radix-:r4:"[39m
            [33maria-expanded[39m=[32m"false"[39m
            [33mclass[39m=[32m"flex h-10 items-center justify-between rounded-md border border-input bg-background px-3 py-2 text-sm ring-offset-background placeholder:text-muted-foreground focus:outline-none focus:ring-2 focus:ring-ring focus:ring-offset-2 disabled:cursor-not-allowed disabled:opacity-50 [&>span]:line-clamp-1 w-[160px]"[39m
            [33mdata-state[39m=[32m"closed"[39m
            [33mdir[39m=[32m"ltr"[39m
            [33mrole[39m=[32m"combobox"[39m
            [33mtype[39m=[32m"button"[39m
          [36m>[39m
            [36m<span[39m
              [33mstyle[39m=[32m"pointer-events: none;"[39m
            [36m>[39m
              [0mOpen[0m
            [36m</span>[39m
            [36m<div[39m
              [33mdata-testid[39m=[32m"chevron-down-icon"[39m
            [36m/>[39m
          [36m</button>[39m
        [36m</div>[39m
        [36m<div[39m
          [33mdata-testid[39m=[32m"quick-filter-buttons"[39m
        [36m>[39m
          [36m<button[39m
            [33mclass[39m=[32m"active"[39m
            [33mdata-testid[39m=[32m"filter-tools"[39m
          [36m>[39m
            [0mTools[0m
          [36m</button>[39m
          [36m<button[39m
            [33mclass[39m=[32m""[39m
            [33mdata-testid[39m=[32m"filter-wdf"[39m
          [36m>[39m
            [0mWDF[0m
          [36m</button>[39m
          [36m<button[39m
            [33mclass[39m=[32m""[39m
            [33mdata-testid[39m=[32m"filter-both"[39m
          [36m>[39m
            [0mBoth[0m
          [36m</button>[39m
        [36m</div>[39m
      [36m</div>[39m
      [36m<div[39m
        [33mclass[39m=[32m"rounded-md border overflow-hidden flex-1 overflow-y-auto"[39m
      [36m>[39m
        [36m<div[39m
          [33mclass[39m=[32m"relative w-full overflow-auto"[39m
        [36m>[39m
          [36m<table[39m
            [33mclass[39m=[32m"w-full caption-bottom text-sm"[39m
          [36m>[39m
            [36m<thead[39m
              [33mclass[39m=[32m"[&_tr]:border-b"[39m
            [36m>[39m
              [36m<tr[39m
                [33mclass[39m=[32m"border-b transition-colors hover:bg-muted/50 data-[state=selected]:bg-muted"[39m
              [36m>[39m
                [36m<th[39m
                  [33mclass[39m=[32m"h-12 px-4 text-left align-middle font-medium text-muted-foreground [&:has([role=checkbox])]:pr-0"[39m
                [36m>[39m
                  [0mRepository[0m
                [36m</th>[39m
                [36m<th[39m
                  [33mclass[39m=[32m"h-12 px-4 text-left align-middle font-medium text-muted-foreground [&:has([role=checkbox])]:pr-0"[39m
                [36m>[39m
                  [0mTitle[0m
                [36m</th>[39m
                [36m<th[39m
                  [33mclass[39m=[32m"h-12 px-4 text-left align-middle font-medium text-muted-foreground [&:has([role=checkbox])]:pr-0"[39m
                [36m>[39m
                  [0mStatus[0m
                [36m</th>[39m
                [36m<th[39m
                  [33mclass[39m=[32m"h-12 px-4 text-left align-middle font-medium text-muted-foreground [&:has([role=checkbox])]:pr-0"[39m
                [36m>[39m
                  [0mUpdated[0m
                [36m</th>[39m
                [36m<th[39m
                  [33mclass[39m=[32m"h-12 px-4 align-middle font-medium text-muted-foreground [&:has([role=checkbox])]:pr-0 text-right"[39m
                [36m>[39m
                  [0mActions[0m
                [36m</th>[39m
              [36m</tr>[39m
            [36m</thead>[39m
            [36m<tbody[39m
              [33mclass[39m=[32m"[&_tr:last-child]:border-0"[39m
            [36m>[39m
              [36m<tr[39m
                [33mclass[39m=[32m"border-b transition-colors hover:bg-muted/50 data-[state=selected]:bg-muted"[39m
              [36m>[39m
                [36m<td[39m
                  [33mclass[39m=[32m"p-4 align-middle [&:has([role=checkbox])]:pr-0 text-center py-8"[39m
                  [33mcolspan[39m=[32m"5"[39m
                [36m>[39m
                  [36m<div[39m
                    [33mdata-testid[39m=[32m"loader-icon"[39m
                  [36m/>[39m
                [36m</td>[39m
              [36m</tr>[39m
            [36m</tbody>[39m
          [36m</table>[39m
        [36m</div>[39m
      [36m</div>[39m
      [36m<div[39m
        [33mclass[39m=[32m"flex items-center justify-between"[39m
      [36m>[39m
        [36m<div[39m
          [33mclass[39m=[32m"text-sm text-muted-foreground"[39m
        [36m>[39m
          [0mPage [0m
          [0m1[0m
          [0m / [0m
          [0m1[0m
          [0m [0m
        [36m</div>[39m
        [36m<div[39m
          [33mclass[39m=[32m"flex gap-2"[39m
        [36m>[39m
          [36m<button[39m
            [33mclass[39m=[32m"inline-flex items-center justify-center gap-2 whitespace-nowrap text-sm font-medium ring-offset-background transition-colors focus-visible:outline-none focus-visible:ring-2 focus-visible:ring-ring focus-visible:ring-offset-2 disabled:pointer-events-none disabled:opacity-50 [&_svg]:pointer-events-none [&_svg]:size-4 [&_svg]:shrink-0 border border-input bg-background hover:bg-accent hover:text-accent-foreground h-9 rounded-md px-3"[39m
            [33mdisabled[39m=[32m""[39m
          [36m>[39m
            [0mPrev[0m
          [36m</button>[39m
          [36m<button[39m
            [33mclass[39m=[32m"inline-flex items-center justify-center gap-2 whitespace-nowrap text-sm font-medium ring-offset-background transition-colors focus-visible:outline-none focus-visible:ring-2 focus-visible:ring-ring focus-visible:ring-offset-2 disabled:pointer-events-none disabled:opacity-50 [&_svg]:pointer-events-none [&_svg]:size-4 [&_svg]:shrink-0 border border-input bg-background hover:bg-accent hover:text-accent-foreground h-9 rounded-md px-3"[39m
            [33mdisabled[39m=[32m""[39m
          [36m>[39m
            [0mNext[0m
          [36m</button>[39m
        [36m</div>[39m
      [36m</div>[39m
    [36m</div>[39m
  [36m</div>[39m
[36m</body>[39m
 ❯ Object.getElementError node_modules/@testing-library/dom/dist/config.js:37:19
 ❯ node_modules/@testing-library/dom/dist/query-helpers.js:76:38
 ❯ node_modules/@testing-library/dom/dist/query-helpers.js:52:17
 ❯ node_modules/@testing-library/dom/dist/query-helpers.js:95:19
 ❯ tests/components/homepage/GithubPrsTab.test.tsx:127:19
    125|     renderWithClient(<GithubPrsTab {...mockProps} />);
    126|     
    127|     expect(screen.getByText('Fix authentication bug')).toBeInTheDocume…
       |                   ^
    128|     expect(screen.getByText('Add new feature')).toBeInTheDocument();
    129|     expect(screen.getByText('test/test-repo')).toBeInTheDocument();

⎯⎯⎯⎯⎯⎯⎯⎯⎯⎯⎯⎯⎯⎯⎯⎯⎯⎯⎯⎯⎯⎯[45/54]⎯

 FAIL  tests/components/homepage/GithubPrsTab.test.tsx > GithubPrsTab > shows error state
TestingLibraryElementError: Unable to find an element with the text: Error loading pull requests: Failed to load PRs. This could be because the text is broken up by multiple elements. In this case, you can provide a function for your text matcher to make your matcher more flexible.

Ignored nodes: comments, script, style
[36m<body>[39m
  [36m<div>[39m
    [36m<div[39m
      [33mclass[39m=[32m"flex flex-col px-6 pt-4 pb-6 space-y-3 h-full"[39m
    [36m>[39m
      [36m<div[39m
        [33mclass[39m=[32m"flex items-center gap-4"[39m
      [36m>[39m
        [36m<div[39m
          [33mclass[39m=[32m"flex items-center gap-2"[39m
        [36m>[39m
          [36m<div[39m
            [33mclass[39m=[32m"text-sm"[39m
          [36m>[39m
            [0mStatus[0m
          [36m</div>[39m
          [36m<button[39m
            [33maria-autocomplete[39m=[32m"none"[39m
            [33maria-controls[39m=[32m"radix-:rc:"[39m
            [33maria-expanded[39m=[32m"false"[39m
            [33mclass[39m=[32m"flex h-10 items-center justify-between rounded-md border border-input bg-background px-3 py-2 text-sm ring-offset-background placeholder:text-muted-foreground focus:outline-none focus:ring-2 focus:ring-ring focus:ring-offset-2 disabled:cursor-not-allowed disabled:opacity-50 [&>span]:line-clamp-1 w-[160px]"[39m
            [33mdata-state[39m=[32m"closed"[39m
            [33mdir[39m=[32m"ltr"[39m
            [33mrole[39m=[32m"combobox"[39m
            [33mtype[39m=[32m"button"[39m
          [36m>[39m
            [36m<span[39m
              [33mstyle[39m=[32m"pointer-events: none;"[39m
            [36m>[39m
              [0mOpen[0m
            [36m</span>[39m
            [36m<div[39m
              [33mdata-testid[39m=[32m"chevron-down-icon"[39m
            [36m/>[39m
          [36m</button>[39m
        [36m</div>[39m
        [36m<div[39m
          [33mdata-testid[39m=[32m"quick-filter-buttons"[39m
        [36m>[39m
          [36m<button[39m
            [33mclass[39m=[32m"active"[39m
            [33mdata-testid[39m=[32m"filter-tools"[39m
          [36m>[39m
            [0mTools[0m
          [36m</button>[39m
          [36m<button[39m
            [33mclass[39m=[32m""[39m
            [33mdata-testid[39m=[32m"filter-wdf"[39m
          [36m>[39m
            [0mWDF[0m
          [36m</button>[39m
          [36m<button[39m
            [33mclass[39m=[32m""[39m
            [33mdata-testid[39m=[32m"filter-both"[39m
          [36m>[39m
            [0mBoth[0m
          [36m</button>[39m
        [36m</div>[39m
      [36m</div>[39m
      [36m<div[39m
        [33mclass[39m=[32m"rounded-md border overflow-hidden flex-1 overflow-y-auto"[39m
      [36m>[39m
        [36m<div[39m
          [33mclass[39m=[32m"relative w-full overflow-auto"[39m
        [36m>[39m
          [36m<table[39m
            [33mclass[39m=[32m"w-full caption-bottom text-sm"[39m
          [36m>[39m
            [36m<thead[39m
              [33mclass[39m=[32m"[&_tr]:border-b"[39m
            [36m>[39m
              [36m<tr[39m
                [33mclass[39m=[32m"border-b transition-colors hover:bg-muted/50 data-[state=selected]:bg-muted"[39m
              [36m>[39m
                [36m<th[39m
                  [33mclass[39m=[32m"h-12 px-4 text-left align-middle font-medium text-muted-foreground [&:has([role=checkbox])]:pr-0"[39m
                [36m>[39m
                  [0mRepository[0m
                [36m</th>[39m
                [36m<th[39m
                  [33mclass[39m=[32m"h-12 px-4 text-left align-middle font-medium text-muted-foreground [&:has([role=checkbox])]:pr-0"[39m
                [36m>[39m
                  [0mTitle[0m
                [36m</th>[39m
                [36m<th[39m
                  [33mclass[39m=[32m"h-12 px-4 text-left align-middle font-medium text-muted-foreground [&:has([role=checkbox])]:pr-0"[39m
                [36m>[39m
                  [0mStatus[0m
                [36m</th>[39m
                [36m<th[39m
                  [33mclass[39m=[32m"h-12 px-4 text-left align-middle font-medium text-muted-foreground [&:has([role=checkbox])]:pr-0"[39m
                [36m>[39m
                  [0mUpdated[0m
                [36m</th>[39m
                [36m<th[39m
                  [33mclass[39m=[32m"h-12 px-4 align-middle font-medium text-muted-foreground [&:has([role=checkbox])]:pr-0 text-right"[39m
                [36m>[39m
                  [0mActions[0m
                [36m</th>[39m
              [36m</tr>[39m
            [36m</thead>[39m
            [36m<tbody[39m
              [33mclass[39m=[32m"[&_tr:last-child]:border-0"[39m
            [36m>[39m
              [36m<tr[39m
                [33mclass[39m=[32m"border-b transition-colors hover:bg-muted/50 data-[state=selected]:bg-muted"[39m
              [36m>[39m
                [36m<td[39m
                  [33mclass[39m=[32m"p-4 align-middle [&:has([role=checkbox])]:pr-0 text-center py-8"[39m
                  [33mcolspan[39m=[32m"5"[39m
                [36m>[39m
                  [36m<div[39m
                    [33mdata-testid[39m=[32m"loader-icon"[39m
                  [36m/>[39m
                [36m</td>[39m
              [36m</tr>[39m
            [36m</tbody>[39m
          [36m</table>[39m
        [36m</div>[39m
      [36m</div>[39m
      [36m<div[39m
        [33mclass[39m=[32m"flex items-center justify-between"[39m
      [36m>[39m
        [36m<div[39m
          [33mclass[39m=[32m"text-sm text-muted-foreground"[39m
        [36m>[39m
          [0mPage [0m
          [0m1[0m
          [0m / [0m
          [0m1[0m
          [0m [0m
        [36m</div>[39m
        [36m<div[39m
          [33mclass[39m=[32m"flex gap-2"[39m
        [36m>[39m
          [36m<button[39m
            [33mclass[39m=[32m"inline-flex items-center justify-center gap-2 whitespace-nowrap text-sm font-medium ring-offset-background transition-colors focus-visible:outline-none focus-visible:ring-2 focus-visible:ring-ring focus-visible:ring-offset-2 disabled:pointer-events-none disabled:opacity-50 [&_svg]:pointer-events-none [&_svg]:size-4 [&_svg]:shrink-0 border border-input bg-background hover:bg-accent hover:text-accent-foreground h-9 rounded-md px-3"[39m
            [33mdisabled[39m=[32m""[39m
          [36m>[39m
            [0mPrev[0m
          [36m</button>[39m
          [36m<button[39m
            [33mclass[39m=[32m"inline-flex items-center justify-center gap-2 whitespace-nowrap text-sm font-medium ring-offset-background transition-colors focus-visible:outline-none focus-visible:ring-2 focus-visible:ring-ring focus-visible:ring-offset-2 disabled:pointer-events-none disabled:opacity-50 [&_svg]:pointer-events-none [&_svg]:size-4 [&_svg]:shrink-0 border border-input bg-background hover:bg-accent hover:text-accent-foreground h-9 rounded-md px-3"[39m
            [33mdisabled[39m=[32m""[39m
          [36m>[39m
            [0mNext[0m
          [36m</button>[39m
        [36m</div>[39m
      [36m</div>[39m
    [36m</div>[39m
  [36m</div>[39m
[36m</body>[39m
 ❯ Object.getElementError node_modules/@testing-library/dom/dist/config.js:37:19
 ❯ node_modules/@testing-library/dom/dist/query-helpers.js:76:38
 ❯ node_modules/@testing-library/dom/dist/query-helpers.js:52:17
 ❯ node_modules/@testing-library/dom/dist/query-helpers.js:95:19
 ❯ tests/components/homepage/GithubPrsTab.test.tsx:143:19
    141|     renderWithClient(<GithubPrsTab {...mockProps} error={error} isLoad…
    142|     
    143|     expect(screen.getByText('Error loading pull requests: Failed to lo…
       |                   ^
    144|   });
    145| 

⎯⎯⎯⎯⎯⎯⎯⎯⎯⎯⎯⎯⎯⎯⎯⎯⎯⎯⎯⎯⎯⎯[46/54]⎯

 FAIL  tests/components/homepage/GithubPrsTab.test.tsx > GithubPrsTab > displays correct status badges
TestingLibraryElementError: Unable to find an element with the text: Draft. This could be because the text is broken up by multiple elements. In this case, you can provide a function for your text matcher to make your matcher more flexible.

Ignored nodes: comments, script, style
[36m<body[39m
  [33mstyle[39m=[32m""[39m
[36m>[39m
  [36m<div>[39m
    [36m<div[39m
      [33mclass[39m=[32m"flex flex-col px-6 pt-4 pb-6 space-y-3 h-full"[39m
    [36m>[39m
      [36m<div[39m
        [33mclass[39m=[32m"flex items-center gap-4"[39m
      [36m>[39m
        [36m<div[39m
          [33mclass[39m=[32m"flex items-center gap-2"[39m
        [36m>[39m
          [36m<div[39m
            [33mclass[39m=[32m"text-sm"[39m
          [36m>[39m
            [0mStatus[0m
          [36m</div>[39m
          [36m<button[39m
            [33maria-autocomplete[39m=[32m"none"[39m
            [33maria-controls[39m=[32m"radix-:rn:"[39m
            [33maria-expanded[39m=[32m"false"[39m
            [33mclass[39m=[32m"flex h-10 items-center justify-between rounded-md border border-input bg-background px-3 py-2 text-sm ring-offset-background placeholder:text-muted-foreground focus:outline-none focus:ring-2 focus:ring-ring focus:ring-offset-2 disabled:cursor-not-allowed disabled:opacity-50 [&>span]:line-clamp-1 w-[160px]"[39m
            [33mdata-state[39m=[32m"closed"[39m
            [33mdir[39m=[32m"ltr"[39m
            [33mrole[39m=[32m"combobox"[39m
            [33mtype[39m=[32m"button"[39m
          [36m>[39m
            [36m<span[39m
              [33mstyle[39m=[32m"pointer-events: none;"[39m
            [36m>[39m
              [0mOpen[0m
            [36m</span>[39m
            [36m<div[39m
              [33mdata-testid[39m=[32m"chevron-down-icon"[39m
            [36m/>[39m
          [36m</button>[39m
        [36m</div>[39m
        [36m<div[39m
          [33mdata-testid[39m=[32m"quick-filter-buttons"[39m
        [36m>[39m
          [36m<button[39m
            [33mclass[39m=[32m"active"[39m
            [33mdata-testid[39m=[32m"filter-tools"[39m
          [36m>[39m
            [0mTools[0m
          [36m</button>[39m
          [36m<button[39m
            [33mclass[39m=[32m""[39m
            [33mdata-testid[39m=[32m"filter-wdf"[39m
          [36m>[39m
            [0mWDF[0m
          [36m</button>[39m
          [36m<button[39m
            [33mclass[39m=[32m""[39m
            [33mdata-testid[39m=[32m"filter-both"[39m
          [36m>[39m
            [0mBoth[0m
          [36m</button>[39m
        [36m</div>[39m
      [36m</div>[39m
      [36m<div[39m
        [33mclass[39m=[32m"rounded-md border overflow-hidden flex-1 overflow-y-auto"[39m
      [36m>[39m
        [36m<div[39m
          [33mclass[39m=[32m"relative w-full overflow-auto"[39m
        [36m>[39m
          [36m<table[39m
            [33mclass[39m=[32m"w-full caption-bottom text-sm"[39m
          [36m>[39m
            [36m<thead[39m
              [33mclass[39m=[32m"[&_tr]:border-b"[39m
            [36m>[39m
              [36m<tr[39m
                [33mclass[39m=[32m"border-b transition-colors hover:bg-muted/50 data-[state=selected]:bg-muted"[39m
              [36m>[39m
                [36m<th[39m
                  [33mclass[39m=[32m"h-12 px-4 text-left align-middle font-medium text-muted-foreground [&:has([role=checkbox])]:pr-0"[39m
                [36m>[39m
                  [0mRepository[0m
                [36m</th>[39m
                [36m<th[39m
                  [33mclass[39m=[32m"h-12 px-4 text-left align-middle font-medium text-muted-foreground [&:has([role=checkbox])]:pr-0"[39m
                [36m>[39m
                  [0mTitle[0m
                [36m</th>[39m
                [36m<th[39m
                  [33mclass[39m=[32m"h-12 px-4 text-left align-middle font-medium text-muted-foreground [&:has([role=checkbox])]:pr-0"[39m
                [36m>[39m
                  [0mStatus[0m
                [36m</th>[39m
                [36m<th[39m
                  [33mclass[39m=[32m"h-12 px-4 text-left align-middle font-medium text-muted-foreground [&:has([role=checkbox])]:pr-0"[39m
                [36m>[39m
                  [0mUpdated[0m
                [36m</th>[39m
                [36m<th[39m
                  [33mclass[39m=[32m"h-12 px-4 align-middle font-medium text-muted-foreground [&:has([role=checkbox])]:pr-0 text-right"[39m
                [36m>[39m
                  [0mActions[0m
                [36m</th>[39m
              [36m</tr>[39m
            [36m</thead>[39m
            [36m<tbody[39m
              [33mclass[39m=[32m"[&_tr:last-child]:border-0"[39m
            [36m>[39m
              [36m<tr[39m
                [33mclass[39m=[32m"border-b transition-colors hover:bg-muted/50 data-[state=selected]:bg-muted"[39m
              [36m>[39m
                [36m<td[39m
                  [33mclass[39m=[32m"p-4 align-middle [&:has([role=checkbox])]:pr-0 text-center py-8"[39m
                  [33mcolspan[39m=[32m"5"[39m
                [36m>[39m
                  [36m<div[39m
                    [33mdata-testid[39m=[32m"loader-icon"[39m
                  [36m/>[39m
                [36m</td>[39m
              [36m</tr>[39m
            [36m</tbody>[39m
          [36m</table>[39m
        [36m</div>[39m
      [36m</div>[39m
      [36m<div[39m
        [33mclass[39m=[32m"flex items-center justify-between"[39m
      [36m>[39m
        [36m<div[39m
          [33mclass[39m=[32m"text-sm text-muted-foreground"[39m
        [36m>[39m
          [0mPage [0m
          [0m1[0m
          [0m / [0m
          [0m1[0m
          [0m [0m
        [36m</div>[39m
        [36m<div[39m
          [33mclass[39m=[32m"flex gap-2"[39m
        [36m>[39m
          [36m<button[39m
            [33mclass[39m=[32m"inline-flex items-center justify-center gap-2 whitespace-nowrap text-sm font-medium ring-offset-background transition-colors focus-visible:outline-none focus-visible:ring-2 focus-visible:ring-ring focus-visible:ring-offset-2 disabled:pointer-events-none disabled:opacity-50 [&_svg]:pointer-events-none [&_svg]:size-4 [&_svg]:shrink-0 border border-input bg-background hover:bg-accent hover:text-accent-foreground h-9 rounded-md px-3"[39m
            [33mdisabled[39m=[32m""[39m
          [36m>[39m
            [0mPrev[0m
          [36m</button>[39m
          [36m<button[39m
            [33mclass[39m=[32m"inline-flex items-center justify-center gap-2 whitespace-nowrap text-sm font-medium ring-offset-background transition-colors focus-visible:outline-none focus-visible:ring-2 focus-visible:ring-ring focus-visible:ring-offset-2 disabled:pointer-events-none disabled:opacity-50 [&_svg]:pointer-events-none [&_svg]:size-4 [&_svg]:shrink-0 border border-input bg-background hover:bg-accent hover:text-accent-foreground h-9 rounded-md px-3"[39m
            [33mdisabled[39m=[32m""[39m
          [36m>[39m
            [0mNext[0m
          [36m</button>[39m
        [36m</div>[39m
      [36m</div>[39m
    [36m</div>[39m
  [36m</div>[39m
[36m</body>[39m
 ❯ Object.getElementError node_modules/@testing-library/dom/dist/config.js:37:19
 ❯ node_modules/@testing-library/dom/dist/query-helpers.js:76:38
 ❯ node_modules/@testing-library/dom/dist/query-helpers.js:52:17
 ❯ node_modules/@testing-library/dom/dist/query-helpers.js:95:19
 ❯ tests/components/homepage/GithubPrsTab.test.tsx:160:19
    158|     const openBadges = screen.getAllByText('Open');
    159|     expect(openBadges.length).toBeGreaterThan(0);
    160|     expect(screen.getByText('Draft')).toBeInTheDocument();
       |                   ^
    161|   });
    162| 

⎯⎯⎯⎯⎯⎯⎯⎯⎯⎯⎯⎯⎯⎯⎯⎯⎯⎯⎯⎯⎯⎯[47/54]⎯

 FAIL  tests/components/homepage/GithubPrsTab.test.tsx > GithubPrsTab > displays pagination controls
TestingLibraryElementError: Unable to find an element with the text: Page 1 / 1 (2 total). This could be because the text is broken up by multiple elements. In this case, you can provide a function for your text matcher to make your matcher more flexible.

Ignored nodes: comments, script, style
[36m<body[39m
  [33mstyle[39m=[32m""[39m
[36m>[39m
  [36m<div>[39m
    [36m<div[39m
      [33mclass[39m=[32m"flex flex-col px-6 pt-4 pb-6 space-y-3 h-full"[39m
    [36m>[39m
      [36m<div[39m
        [33mclass[39m=[32m"flex items-center gap-4"[39m
      [36m>[39m
        [36m<div[39m
          [33mclass[39m=[32m"flex items-center gap-2"[39m
        [36m>[39m
          [36m<div[39m
            [33mclass[39m=[32m"text-sm"[39m
          [36m>[39m
            [0mStatus[0m
          [36m</div>[39m
          [36m<button[39m
            [33maria-autocomplete[39m=[32m"none"[39m
            [33maria-controls[39m=[32m"radix-:rr:"[39m
            [33maria-expanded[39m=[32m"false"[39m
            [33mclass[39m=[32m"flex h-10 items-center justify-between rounded-md border border-input bg-background px-3 py-2 text-sm ring-offset-background placeholder:text-muted-foreground focus:outline-none focus:ring-2 focus:ring-ring focus:ring-offset-2 disabled:cursor-not-allowed disabled:opacity-50 [&>span]:line-clamp-1 w-[160px]"[39m
            [33mdata-state[39m=[32m"closed"[39m
            [33mdir[39m=[32m"ltr"[39m
            [33mrole[39m=[32m"combobox"[39m
            [33mtype[39m=[32m"button"[39m
          [36m>[39m
            [36m<span[39m
              [33mstyle[39m=[32m"pointer-events: none;"[39m
            [36m>[39m
              [0mOpen[0m
            [36m</span>[39m
            [36m<div[39m
              [33mdata-testid[39m=[32m"chevron-down-icon"[39m
            [36m/>[39m
          [36m</button>[39m
        [36m</div>[39m
        [36m<div[39m
          [33mdata-testid[39m=[32m"quick-filter-buttons"[39m
        [36m>[39m
          [36m<button[39m
            [33mclass[39m=[32m"active"[39m
            [33mdata-testid[39m=[32m"filter-tools"[39m
          [36m>[39m
            [0mTools[0m
          [36m</button>[39m
          [36m<button[39m
            [33mclass[39m=[32m""[39m
            [33mdata-testid[39m=[32m"filter-wdf"[39m
          [36m>[39m
            [0mWDF[0m
          [36m</button>[39m
          [36m<button[39m
            [33mclass[39m=[32m""[39m
            [33mdata-testid[39m=[32m"filter-both"[39m
          [36m>[39m
            [0mBoth[0m
          [36m</button>[39m
        [36m</div>[39m
      [36m</div>[39m
      [36m<div[39m
        [33mclass[39m=[32m"rounded-md border overflow-hidden flex-1 overflow-y-auto"[39m
      [36m>[39m
        [36m<div[39m
          [33mclass[39m=[32m"relative w-full overflow-auto"[39m
        [36m>[39m
          [36m<table[39m
            [33mclass[39m=[32m"w-full caption-bottom text-sm"[39m
          [36m>[39m
            [36m<thead[39m
              [33mclass[39m=[32m"[&_tr]:border-b"[39m
            [36m>[39m
              [36m<tr[39m
                [33mclass[39m=[32m"border-b transition-colors hover:bg-muted/50 data-[state=selected]:bg-muted"[39m
              [36m>[39m
                [36m<th[39m
                  [33mclass[39m=[32m"h-12 px-4 text-left align-middle font-medium text-muted-foreground [&:has([role=checkbox])]:pr-0"[39m
                [36m>[39m
                  [0mRepository[0m
                [36m</th>[39m
                [36m<th[39m
                  [33mclass[39m=[32m"h-12 px-4 text-left align-middle font-medium text-muted-foreground [&:has([role=checkbox])]:pr-0"[39m
                [36m>[39m
                  [0mTitle[0m
                [36m</th>[39m
                [36m<th[39m
                  [33mclass[39m=[32m"h-12 px-4 text-left align-middle font-medium text-muted-foreground [&:has([role=checkbox])]:pr-0"[39m
                [36m>[39m
                  [0mStatus[0m
                [36m</th>[39m
                [36m<th[39m
                  [33mclass[39m=[32m"h-12 px-4 text-left align-middle font-medium text-muted-foreground [&:has([role=checkbox])]:pr-0"[39m
                [36m>[39m
                  [0mUpdated[0m
                [36m</th>[39m
                [36m<th[39m
                  [33mclass[39m=[32m"h-12 px-4 align-middle font-medium text-muted-foreground [&:has([role=checkbox])]:pr-0 text-right"[39m
                [36m>[39m
                  [0mActions[0m
                [36m</th>[39m
              [36m</tr>[39m
            [36m</thead>[39m
            [36m<tbody[39m
              [33mclass[39m=[32m"[&_tr:last-child]:border-0"[39m
            [36m>[39m
              [36m<tr[39m
                [33mclass[39m=[32m"border-b transition-colors hover:bg-muted/50 data-[state=selected]:bg-muted"[39m
              [36m>[39m
                [36m<td[39m
                  [33mclass[39m=[32m"p-4 align-middle [&:has([role=checkbox])]:pr-0 text-center py-8"[39m
                  [33mcolspan[39m=[32m"5"[39m
                [36m>[39m
                  [36m<div[39m
                    [33mdata-testid[39m=[32m"loader-icon"[39m
                  [36m/>[39m
                [36m</td>[39m
              [36m</tr>[39m
            [36m</tbody>[39m
          [36m</table>[39m
        [36m</div>[39m
      [36m</div>[39m
      [36m<div[39m
        [33mclass[39m=[32m"flex items-center justify-between"[39m
      [36m>[39m
        [36m<div[39m
          [33mclass[39m=[32m"text-sm text-muted-foreground"[39m
        [36m>[39m
          [0mPage [0m
          [0m1[0m
          [0m / [0m
          [0m1[0m
          [0m [0m
        [36m</div>[39m
        [36m<div[39m
          [33mclass[39m=[32m"flex gap-2"[39m
        [36m>[39m
          [36m<button[39m
            [33mclass[39m=[32m"inline-flex items-center justify-center gap-2 whitespace-nowrap text-sm font-medium ring-offset-background transition-colors focus-visible:outline-none focus-visible:ring-2 focus-visible:ring-ring focus-visible:ring-offset-2 disabled:pointer-events-none disabled:opacity-50 [&_svg]:pointer-events-none [&_svg]:size-4 [&_svg]:shrink-0 border border-input bg-background hover:bg-accent hover:text-accent-foreground h-9 rounded-md px-3"[39m
            [33mdisabled[39m=[32m""[39m
          [36m>[39m
            [0mPrev[0m
          [36m</button>[39m
          [36m<button[39m
            [33mclass[39m=[32m"inline-flex items-center justify-center gap-2 whitespace-nowrap text-sm font-medium ring-offset-background transition-colors focus-visible:outline-none focus-visible:ring-2 focus-visible:ring-ring focus-visible:ring-offset-2 disabled:pointer-events-none disabled:opacity-50 [&_svg]:pointer-events-none [&_svg]:size-4 [&_svg]:shrink-0 border border-input bg-background hover:bg-accent hover:text-accent-foreground h-9 rounded-md px-3"[39m
            [33mdisabled[39m=[32m""[39m
          [36m>[39m
            [0mNext[0m
          [36m</button>[39m
        [36m</div>[39m
      [36m</div>[39m
    [36m</div>[39m
  [36m</div>[39m
[36m</body>[39m
 ❯ Object.getElementError node_modules/@testing-library/dom/dist/config.js:37:19
 ❯ node_modules/@testing-library/dom/dist/query-helpers.js:76:38
 ❯ node_modules/@testing-library/dom/dist/query-helpers.js:52:17
 ❯ node_modules/@testing-library/dom/dist/query-helpers.js:95:19
 ❯ tests/components/homepage/GithubPrsTab.test.tsx:166:19
    164|     renderWithClient(<GithubPrsTab {...mockProps} />);
    165|     
    166|     expect(screen.getByText('Page 1 / 1 (2 total)')).toBeInTheDocument…
       |                   ^
    167|     expect(screen.getByText('Prev')).toBeInTheDocument();
    168|     expect(screen.getByText('Next')).toBeInTheDocument();

⎯⎯⎯⎯⎯⎯⎯⎯⎯⎯⎯⎯⎯⎯⎯⎯⎯⎯⎯⎯⎯⎯[48/54]⎯

 FAIL  tests/components/homepage/GithubPrsTab.test.tsx > GithubPrsTab > handles pagination clicks
AssertionError: expected "spy" to be called with arguments: [ Any<Function> ][90m

Received: 

[1m  1st spy call:

[22m[2m  [[22m
[32m-   Any<Function>,[90m
[31m+   1,[90m
[2m  ][22m
[39m[90m

Number of calls: [1m1[22m
[39m
 ❯ tests/components/homepage/GithubPrsTab.test.tsx:183:33
    181|     fireEvent.click(nextButton);
    182|     
    183|     expect(mockProps.setPrPage).toHaveBeenCalledWith(expect.any(Functi…
       |                                 ^
    184|   });
    185| 

⎯⎯⎯⎯⎯⎯⎯⎯⎯⎯⎯⎯⎯⎯⎯⎯⎯⎯⎯⎯⎯⎯[49/54]⎯

 FAIL  tests/components/homepage/GithubPrsTab.test.tsx > GithubPrsTab > renders PR links correctly
TestingLibraryElementError: Unable to find an element with the text: Fix authentication bug. This could be because the text is broken up by multiple elements. In this case, you can provide a function for your text matcher to make your matcher more flexible.

Ignored nodes: comments, script, style
[36m<body[39m
  [33mstyle[39m=[32m""[39m
[36m>[39m
  [36m<div>[39m
    [36m<div[39m
      [33mclass[39m=[32m"flex flex-col px-6 pt-4 pb-6 space-y-3 h-full"[39m
    [36m>[39m
      [36m<div[39m
        [33mclass[39m=[32m"flex items-center gap-4"[39m
      [36m>[39m
        [36m<div[39m
          [33mclass[39m=[32m"flex items-center gap-2"[39m
        [36m>[39m
          [36m<div[39m
            [33mclass[39m=[32m"text-sm"[39m
          [36m>[39m
            [0mStatus[0m
          [36m</div>[39m
          [36m<button[39m
            [33maria-autocomplete[39m=[32m"none"[39m
            [33maria-controls[39m=[32m"radix-:r13:"[39m
            [33maria-expanded[39m=[32m"false"[39m
            [33mclass[39m=[32m"flex h-10 items-center justify-between rounded-md border border-input bg-background px-3 py-2 text-sm ring-offset-background placeholder:text-muted-foreground focus:outline-none focus:ring-2 focus:ring-ring focus:ring-offset-2 disabled:cursor-not-allowed disabled:opacity-50 [&>span]:line-clamp-1 w-[160px]"[39m
            [33mdata-state[39m=[32m"closed"[39m
            [33mdir[39m=[32m"ltr"[39m
            [33mrole[39m=[32m"combobox"[39m
            [33mtype[39m=[32m"button"[39m
          [36m>[39m
            [36m<span[39m
              [33mstyle[39m=[32m"pointer-events: none;"[39m
            [36m>[39m
              [0mOpen[0m
            [36m</span>[39m
            [36m<div[39m
              [33mdata-testid[39m=[32m"chevron-down-icon"[39m
            [36m/>[39m
          [36m</button>[39m
        [36m</div>[39m
        [36m<div[39m
          [33mdata-testid[39m=[32m"quick-filter-buttons"[39m
        [36m>[39m
          [36m<button[39m
            [33mclass[39m=[32m"active"[39m
            [33mdata-testid[39m=[32m"filter-tools"[39m
          [36m>[39m
            [0mTools[0m
          [36m</button>[39m
          [36m<button[39m
            [33mclass[39m=[32m""[39m
            [33mdata-testid[39m=[32m"filter-wdf"[39m
          [36m>[39m
            [0mWDF[0m
          [36m</button>[39m
          [36m<button[39m
            [33mclass[39m=[32m""[39m
            [33mdata-testid[39m=[32m"filter-both"[39m
          [36m>[39m
            [0mBoth[0m
          [36m</button>[39m
        [36m</div>[39m
      [36m</div>[39m
      [36m<div[39m
        [33mclass[39m=[32m"rounded-md border overflow-hidden flex-1 overflow-y-auto"[39m
      [36m>[39m
        [36m<div[39m
          [33mclass[39m=[32m"relative w-full overflow-auto"[39m
        [36m>[39m
          [36m<table[39m
            [33mclass[39m=[32m"w-full caption-bottom text-sm"[39m
          [36m>[39m
            [36m<thead[39m
              [33mclass[39m=[32m"[&_tr]:border-b"[39m
            [36m>[39m
              [36m<tr[39m
                [33mclass[39m=[32m"border-b transition-colors hover:bg-muted/50 data-[state=selected]:bg-muted"[39m
              [36m>[39m
                [36m<th[39m
                  [33mclass[39m=[32m"h-12 px-4 text-left align-middle font-medium text-muted-foreground [&:has([role=checkbox])]:pr-0"[39m
                [36m>[39m
                  [0mRepository[0m
                [36m</th>[39m
                [36m<th[39m
                  [33mclass[39m=[32m"h-12 px-4 text-left align-middle font-medium text-muted-foreground [&:has([role=checkbox])]:pr-0"[39m
                [36m>[39m
                  [0mTitle[0m
                [36m</th>[39m
                [36m<th[39m
                  [33mclass[39m=[32m"h-12 px-4 text-left align-middle font-medium text-muted-foreground [&:has([role=checkbox])]:pr-0"[39m
                [36m>[39m
                  [0mStatus[0m
                [36m</th>[39m
                [36m<th[39m
                  [33mclass[39m=[32m"h-12 px-4 text-left align-middle font-medium text-muted-foreground [&:has([role=checkbox])]:pr-0"[39m
                [36m>[39m
                  [0mUpdated[0m
                [36m</th>[39m
                [36m<th[39m
                  [33mclass[39m=[32m"h-12 px-4 align-middle font-medium text-muted-foreground [&:has([role=checkbox])]:pr-0 text-right"[39m
                [36m>[39m
                  [0mActions[0m
                [36m</th>[39m
              [36m</tr>[39m
            [36m</thead>[39m
            [36m<tbody[39m
              [33mclass[39m=[32m"[&_tr:last-child]:border-0"[39m
            [36m>[39m
              [36m<tr[39m
                [33mclass[39m=[32m"border-b transition-colors hover:bg-muted/50 data-[state=selected]:bg-muted"[39m
              [36m>[39m
                [36m<td[39m
                  [33mclass[39m=[32m"p-4 align-middle [&:has([role=checkbox])]:pr-0 text-center py-8"[39m
                  [33mcolspan[39m=[32m"5"[39m
                [36m>[39m
                  [36m<div[39m
                    [33mdata-testid[39m=[32m"loader-icon"[39m
                  [36m/>[39m
                [36m</td>[39m
              [36m</tr>[39m
            [36m</tbody>[39m
          [36m</table>[39m
        [36m</div>[39m
      [36m</div>[39m
      [36m<div[39m
        [33mclass[39m=[32m"flex items-center justify-between"[39m
      [36m>[39m
        [36m<div[39m
          [33mclass[39m=[32m"text-sm text-muted-foreground"[39m
        [36m>[39m
          [0mPage [0m
          [0m1[0m
          [0m / [0m
          [0m1[0m
          [0m [0m
        [36m</div>[39m
        [36m<div[39m
          [33mclass[39m=[32m"flex gap-2"[39m
        [36m>[39m
          [36m<button[39m
            [33mclass[39m=[32m"inline-flex items-center justify-center gap-2 whitespace-nowrap text-sm font-medium ring-offset-background transition-colors focus-visible:outline-none focus-visible:ring-2 focus-visible:ring-ring focus-visible:ring-offset-2 disabled:pointer-events-none disabled:opacity-50 [&_svg]:pointer-events-none [&_svg]:size-4 [&_svg]:shrink-0 border border-input bg-background hover:bg-accent hover:text-accent-foreground h-9 rounded-md px-3"[39m
            [33mdisabled[39m=[32m""[39m
          [36m>[39m
            [0mPrev[0m
          [36m</button>[39m
          [36m<button[39m
            [33mclass[39m=[32m"inline-flex items-center justify-center gap-2 whitespace-nowrap text-sm font-medium ring-offset-background transition-colors focus-visible:outline-none focus-visible:ring-2 focus-visible:ring-ring focus-visible:ring-offset-2 disabled:pointer-events-none disabled:opacity-50 [&_svg]:pointer-events-none [&_svg]:size-4 [&_svg]:shrink-0 border border-input bg-background hover:bg-accent hover:text-accent-foreground h-9 rounded-md px-3"[39m
            [33mdisabled[39m=[32m""[39m
          [36m>[39m
            [0mNext[0m
          [36m</button>[39m
        [36m</div>[39m
      [36m</div>[39m
    [36m</div>[39m
  [36m</div>[39m
[36m</body>[39m
 ❯ Object.getElementError node_modules/@testing-library/dom/dist/config.js:37:19
 ❯ node_modules/@testing-library/dom/dist/query-helpers.js:76:38
 ❯ node_modules/@testing-library/dom/dist/query-helpers.js:52:17
 ❯ node_modules/@testing-library/dom/dist/query-helpers.js:95:19
 ❯ tests/components/homepage/GithubPrsTab.test.tsx:189:27
    187|     renderWithClient(<GithubPrsTab {...mockProps} />);
    188|     
    189|     const prLink = screen.getByText('Fix authentication bug');
       |                           ^
    190|     expect(prLink).toHaveAttribute('href', 'https://github.com/test/re…
    191|     expect(prLink).toHaveAttribute('target', '_blank');

⎯⎯⎯⎯⎯⎯⎯⎯⎯⎯⎯⎯⎯⎯⎯⎯⎯⎯⎯⎯⎯⎯[50/54]⎯

 FAIL  tests/components/homepage/GithubPrsTab.test.tsx > GithubPrsTab > displays formatted update dates
TestingLibraryElementError: Unable to find an element with the text: /(12[.\/]0?1[.\/]2023|0?1[.\/]12[.\/]2023)/. This could be because the text is broken up by multiple elements. In this case, you can provide a function for your text matcher to make your matcher more flexible.

Ignored nodes: comments, script, style
[36m<body[39m
  [33mstyle[39m=[32m""[39m
[36m>[39m
  [36m<div>[39m
    [36m<div[39m
      [33mclass[39m=[32m"flex flex-col px-6 pt-4 pb-6 space-y-3 h-full"[39m
    [36m>[39m
      [36m<div[39m
        [33mclass[39m=[32m"flex items-center gap-4"[39m
      [36m>[39m
        [36m<div[39m
          [33mclass[39m=[32m"flex items-center gap-2"[39m
        [36m>[39m
          [36m<div[39m
            [33mclass[39m=[32m"text-sm"[39m
          [36m>[39m
            [0mStatus[0m
          [36m</div>[39m
          [36m<button[39m
            [33maria-autocomplete[39m=[32m"none"[39m
            [33maria-controls[39m=[32m"radix-:r17:"[39m
            [33maria-expanded[39m=[32m"false"[39m
            [33mclass[39m=[32m"flex h-10 items-center justify-between rounded-md border border-input bg-background px-3 py-2 text-sm ring-offset-background placeholder:text-muted-foreground focus:outline-none focus:ring-2 focus:ring-ring focus:ring-offset-2 disabled:cursor-not-allowed disabled:opacity-50 [&>span]:line-clamp-1 w-[160px]"[39m
            [33mdata-state[39m=[32m"closed"[39m
            [33mdir[39m=[32m"ltr"[39m
            [33mrole[39m=[32m"combobox"[39m
            [33mtype[39m=[32m"button"[39m
          [36m>[39m
            [36m<span[39m
              [33mstyle[39m=[32m"pointer-events: none;"[39m
            [36m>[39m
              [0mOpen[0m
            [36m</span>[39m
            [36m<div[39m
              [33mdata-testid[39m=[32m"chevron-down-icon"[39m
            [36m/>[39m
          [36m</button>[39m
        [36m</div>[39m
        [36m<div[39m
          [33mdata-testid[39m=[32m"quick-filter-buttons"[39m
        [36m>[39m
          [36m<button[39m
            [33mclass[39m=[32m"active"[39m
            [33mdata-testid[39m=[32m"filter-tools"[39m
          [36m>[39m
            [0mTools[0m
          [36m</button>[39m
          [36m<button[39m
            [33mclass[39m=[32m""[39m
            [33mdata-testid[39m=[32m"filter-wdf"[39m
          [36m>[39m
            [0mWDF[0m
          [36m</button>[39m
          [36m<button[39m
            [33mclass[39m=[32m""[39m
            [33mdata-testid[39m=[32m"filter-both"[39m
          [36m>[39m
            [0mBoth[0m
          [36m</button>[39m
        [36m</div>[39m
      [36m</div>[39m
      [36m<div[39m
        [33mclass[39m=[32m"rounded-md border overflow-hidden flex-1 overflow-y-auto"[39m
      [36m>[39m
        [36m<div[39m
          [33mclass[39m=[32m"relative w-full overflow-auto"[39m
        [36m>[39m
          [36m<table[39m
            [33mclass[39m=[32m"w-full caption-bottom text-sm"[39m
          [36m>[39m
            [36m<thead[39m
              [33mclass[39m=[32m"[&_tr]:border-b"[39m
            [36m>[39m
              [36m<tr[39m
                [33mclass[39m=[32m"border-b transition-colors hover:bg-muted/50 data-[state=selected]:bg-muted"[39m
              [36m>[39m
                [36m<th[39m
                  [33mclass[39m=[32m"h-12 px-4 text-left align-middle font-medium text-muted-foreground [&:has([role=checkbox])]:pr-0"[39m
                [36m>[39m
                  [0mRepository[0m
                [36m</th>[39m
                [36m<th[39m
                  [33mclass[39m=[32m"h-12 px-4 text-left align-middle font-medium text-muted-foreground [&:has([role=checkbox])]:pr-0"[39m
                [36m>[39m
                  [0mTitle[0m
                [36m</th>[39m
                [36m<th[39m
                  [33mclass[39m=[32m"h-12 px-4 text-left align-middle font-medium text-muted-foreground [&:has([role=checkbox])]:pr-0"[39m
                [36m>[39m
                  [0mStatus[0m
                [36m</th>[39m
                [36m<th[39m
                  [33mclass[39m=[32m"h-12 px-4 text-left align-middle font-medium text-muted-foreground [&:has([role=checkbox])]:pr-0"[39m
                [36m>[39m
                  [0mUpdated[0m
                [36m</th>[39m
                [36m<th[39m
                  [33mclass[39m=[32m"h-12 px-4 align-middle font-medium text-muted-foreground [&:has([role=checkbox])]:pr-0 text-right"[39m
                [36m>[39m
                  [0mActions[0m
                [36m</th>[39m
              [36m</tr>[39m
            [36m</thead>[39m
            [36m<tbody[39m
              [33mclass[39m=[32m"[&_tr:last-child]:border-0"[39m
            [36m>[39m
              [36m<tr[39m
                [33mclass[39m=[32m"border-b transition-colors hover:bg-muted/50 data-[state=selected]:bg-muted"[39m
              [36m>[39m
                [36m<td[39m
                  [33mclass[39m=[32m"p-4 align-middle [&:has([role=checkbox])]:pr-0 text-center py-8"[39m
                  [33mcolspan[39m=[32m"5"[39m
                [36m>[39m
                  [36m<div[39m
                    [33mdata-testid[39m=[32m"loader-icon"[39m
                  [36m/>[39m
                [36m</td>[39m
              [36m</tr>[39m
            [36m</tbody>[39m
          [36m</table>[39m
        [36m</div>[39m
      [36m</div>[39m
      [36m<div[39m
        [33mclass[39m=[32m"flex items-center justify-between"[39m
      [36m>[39m
        [36m<div[39m
          [33mclass[39m=[32m"text-sm text-muted-foreground"[39m
        [36m>[39m
          [0mPage [0m
          [0m1[0m
          [0m / [0m
          [0m1[0m
          [0m [0m
        [36m</div>[39m
        [36m<div[39m
          [33mclass[39m=[32m"flex gap-2"[39m
        [36m>[39m
          [36m<button[39m
            [33mclass[39m=[32m"inline-flex items-center justify-center gap-2 whitespace-nowrap text-sm font-medium ring-offset-background transition-colors focus-visible:outline-none focus-visible:ring-2 focus-visible:ring-ring focus-visible:ring-offset-2 disabled:pointer-events-none disabled:opacity-50 [&_svg]:pointer-events-none [&_svg]:size-4 [&_svg]:shrink-0 border border-input bg-background hover:bg-accent hover:text-accent-foreground h-9 rounded-md px-3"[39m
            [33mdisabled[39m=[32m""[39m
          [36m>[39m
            [0mPrev[0m
          [36m</button>[39m
          [36m<button[39m
            [33mclass[39m=[32m"inline-flex items-center justify-center gap-2 whitespace-nowrap text-sm font-medium ring-offset-background transition-colors focus-visible:outline-none focus-visible:ring-2 focus-visible:ring-ring focus-visible:ring-offset-2 disabled:pointer-events-none disabled:opacity-50 [&_svg]:pointer-events-none [&_svg]:size-4 [&_svg]:shrink-0 border border-input bg-background hover:bg-accent hover:text-accent-foreground h-9 rounded-md px-3"[39m
            [33mdisabled[39m=[32m""[39m
          [36m>[39m
            [0mNext[0m
          [36m</button>[39m
        [36m</div>[39m
      [36m</div>[39m
    [36m</div>[39m
  [36m</div>[39m
[36m</body>[39m
 ❯ Object.getElementError node_modules/@testing-library/dom/dist/config.js:37:19
 ❯ node_modules/@testing-library/dom/dist/query-helpers.js:76:38
 ❯ node_modules/@testing-library/dom/dist/query-helpers.js:52:17
 ❯ node_modules/@testing-library/dom/dist/query-helpers.js:95:19
 ❯ tests/components/homepage/GithubPrsTab.test.tsx:202:19
    200|     // European format: "1.12.2023, 10:00:00" or "01/12/2023, 10:00:00…
    201|     // Match either format with flexible separators and optional leadi…
    202|     expect(screen.getByText(/(12[.\/]0?1[.\/]2023|0?1[.\/]12[.\/]2023)…
       |                   ^
    203|     expect(screen.getByText(/(11[.\/]30[.\/]2023|30[.\/]11[.\/]2023)/)…
    204|   });

⎯⎯⎯⎯⎯⎯⎯⎯⎯⎯⎯⎯⎯⎯⎯⎯⎯⎯⎯⎯⎯⎯[51/54]⎯

 FAIL  tests/components/homepage/GithubPrsTab.test.tsx > GithubPrsTab > disables WDF and Both filters
Error: [2mexpect([22m[31melement[39m[2m).toBeDisabled()[22m

Received element is not disabled:
  [31m<button
  class=""
  data-testid="filter-wdf"
/>[39m
 ❯ tests/components/homepage/GithubPrsTab.test.tsx:217:46
    215|     renderWithClient(<GithubPrsTab {...mockProps} />);
    216|     
    217|     expect(screen.getByTestId('filter-wdf')).toBeDisabled();
       |                                              ^
    218|     expect(screen.getByTestId('filter-both')).toBeDisabled();
    219|   });

⎯⎯⎯⎯⎯⎯⎯⎯⎯⎯⎯⎯⎯⎯⎯⎯⎯⎯⎯⎯⎯⎯[52/54]⎯

 FAIL  tests/components/homepage/GithubPrsTab.test.tsx > GithubPrsTab > handles undefined data gracefully
TestingLibraryElementError: Unable to find an element with the text: No pull requests found. This could be because the text is broken up by multiple elements. In this case, you can provide a function for your text matcher to make your matcher more flexible.

Ignored nodes: comments, script, style
[36m<body[39m
  [33mstyle[39m=[32m""[39m
[36m>[39m
  [36m<div>[39m
    [36m<div[39m
      [33mclass[39m=[32m"flex flex-col px-6 pt-4 pb-6 space-y-3 h-full"[39m
    [36m>[39m
      [36m<div[39m
        [33mclass[39m=[32m"flex items-center gap-4"[39m
      [36m>[39m
        [36m<div[39m
          [33mclass[39m=[32m"flex items-center gap-2"[39m
        [36m>[39m
          [36m<div[39m
            [33mclass[39m=[32m"text-sm"[39m
          [36m>[39m
            [0mStatus[0m
          [36m</div>[39m
          [36m<button[39m
            [33maria-autocomplete[39m=[32m"none"[39m
            [33maria-controls[39m=[32m"radix-:r1j:"[39m
            [33maria-expanded[39m=[32m"false"[39m
            [33mclass[39m=[32m"flex h-10 items-center justify-between rounded-md border border-input bg-background px-3 py-2 text-sm ring-offset-background placeholder:text-muted-foreground focus:outline-none focus:ring-2 focus:ring-ring focus:ring-offset-2 disabled:cursor-not-allowed disabled:opacity-50 [&>span]:line-clamp-1 w-[160px]"[39m
            [33mdata-state[39m=[32m"closed"[39m
            [33mdir[39m=[32m"ltr"[39m
            [33mrole[39m=[32m"combobox"[39m
            [33mtype[39m=[32m"button"[39m
          [36m>[39m
            [36m<span[39m
              [33mstyle[39m=[32m"pointer-events: none;"[39m
            [36m>[39m
              [0mOpen[0m
            [36m</span>[39m
            [36m<div[39m
              [33mdata-testid[39m=[32m"chevron-down-icon"[39m
            [36m/>[39m
          [36m</button>[39m
        [36m</div>[39m
        [36m<div[39m
          [33mdata-testid[39m=[32m"quick-filter-buttons"[39m
        [36m>[39m
          [36m<button[39m
            [33mclass[39m=[32m"active"[39m
            [33mdata-testid[39m=[32m"filter-tools"[39m
          [36m>[39m
            [0mTools[0m
          [36m</button>[39m
          [36m<button[39m
            [33mclass[39m=[32m""[39m
            [33mdata-testid[39m=[32m"filter-wdf"[39m
          [36m>[39m
            [0mWDF[0m
          [36m</button>[39m
          [36m<button[39m
            [33mclass[39m=[32m""[39m
            [33mdata-testid[39m=[32m"filter-both"[39m
          [36m>[39m
            [0mBoth[0m
          [36m</button>[39m
        [36m</div>[39m
      [36m</div>[39m
      [36m<div[39m
        [33mclass[39m=[32m"rounded-md border overflow-hidden flex-1 overflow-y-auto"[39m
      [36m>[39m
        [36m<div[39m
          [33mclass[39m=[32m"relative w-full overflow-auto"[39m
        [36m>[39m
          [36m<table[39m
            [33mclass[39m=[32m"w-full caption-bottom text-sm"[39m
          [36m>[39m
            [36m<thead[39m
              [33mclass[39m=[32m"[&_tr]:border-b"[39m
            [36m>[39m
              [36m<tr[39m
                [33mclass[39m=[32m"border-b transition-colors hover:bg-muted/50 data-[state=selected]:bg-muted"[39m
              [36m>[39m
                [36m<th[39m
                  [33mclass[39m=[32m"h-12 px-4 text-left align-middle font-medium text-muted-foreground [&:has([role=checkbox])]:pr-0"[39m
                [36m>[39m
                  [0mRepository[0m
                [36m</th>[39m
                [36m<th[39m
                  [33mclass[39m=[32m"h-12 px-4 text-left align-middle font-medium text-muted-foreground [&:has([role=checkbox])]:pr-0"[39m
                [36m>[39m
                  [0mTitle[0m
                [36m</th>[39m
                [36m<th[39m
                  [33mclass[39m=[32m"h-12 px-4 text-left align-middle font-medium text-muted-foreground [&:has([role=checkbox])]:pr-0"[39m
                [36m>[39m
                  [0mStatus[0m
                [36m</th>[39m
                [36m<th[39m
                  [33mclass[39m=[32m"h-12 px-4 text-left align-middle font-medium text-muted-foreground [&:has([role=checkbox])]:pr-0"[39m
                [36m>[39m
                  [0mUpdated[0m
                [36m</th>[39m
                [36m<th[39m
                  [33mclass[39m=[32m"h-12 px-4 align-middle font-medium text-muted-foreground [&:has([role=checkbox])]:pr-0 text-right"[39m
                [36m>[39m
                  [0mActions[0m
                [36m</th>[39m
              [36m</tr>[39m
            [36m</thead>[39m
            [36m<tbody[39m
              [33mclass[39m=[32m"[&_tr:last-child]:border-0"[39m
            [36m>[39m
              [36m<tr[39m
                [33mclass[39m=[32m"border-b transition-colors hover:bg-muted/50 data-[state=selected]:bg-muted"[39m
              [36m>[39m
                [36m<td[39m
                  [33mclass[39m=[32m"p-4 align-middle [&:has([role=checkbox])]:pr-0 text-center py-8"[39m
                  [33mcolspan[39m=[32m"5"[39m
                [36m>[39m
                  [36m<div[39m
                    [33mdata-testid[39m=[32m"loader-icon"[39m
                  [36m/>[39m
                [36m</td>[39m
              [36m</tr>[39m
            [36m</tbody>[39m
          [36m</table>[39m
        [36m</div>[39m
      [36m</div>[39m
      [36m<div[39m
        [33mclass[39m=[32m"flex items-center justify-between"[39m
      [36m>[39m
        [36m<div[39m
          [33mclass[39m=[32m"text-sm text-muted-foreground"[39m
        [36m>[39m
          [0mPage [0m
          [0m1[0m
          [0m / [0m
          [0m1[0m
          [0m [0m
        [36m</div>[39m
        [36m<div[39m
          [33mclass[39m=[32m"flex gap-2"[39m
        [36m>[39m
          [36m<button[39m
            [33mclass[39m=[32m"inline-flex items-center justify-center gap-2 whitespace-nowrap text-sm font-medium ring-offset-background transition-colors focus-visible:outline-none focus-visible:ring-2 focus-visible:ring-ring focus-visible:ring-offset-2 disabled:pointer-events-none disabled:opacity-50 [&_svg]:pointer-events-none [&_svg]:size-4 [&_svg]:shrink-0 border border-input bg-background hover:bg-accent hover:text-accent-foreground h-9 rounded-md px-3"[39m
            [33mdisabled[39m=[32m""[39m
          [36m>[39m
            [0mPrev[0m
          [36m</button>[39m
          [36m<button[39m
            [33mclass[39m=[32m"inline-flex items-center justify-center gap-2 whitespace-nowrap text-sm font-medium ring-offset-background transition-colors focus-visible:outline-none focus-visible:ring-2 focus-visible:ring-ring focus-visible:ring-offset-2 disabled:pointer-events-none disabled:opacity-50 [&_svg]:pointer-events-none [&_svg]:size-4 [&_svg]:shrink-0 border border-input bg-background hover:bg-accent hover:text-accent-foreground h-9 rounded-md px-3"[39m
            [33mdisabled[39m=[32m""[39m
          [36m>[39m
            [0mNext[0m
          [36m</button>[39m
        [36m</div>[39m
      [36m</div>[39m
    [36m</div>[39m
  [36m</div>[39m
[36m</body>[39m
 ❯ Object.getElementError node_modules/@testing-library/dom/dist/config.js:37:19
 ❯ node_modules/@testing-library/dom/dist/query-helpers.js:76:38
 ❯ node_modules/@testing-library/dom/dist/query-helpers.js:52:17
 ❯ node_modules/@testing-library/dom/dist/query-helpers.js:95:19
 ❯ tests/components/homepage/GithubPrsTab.test.tsx:224:19
    222|     renderWithClient(<GithubPrsTab {...mockProps} data={undefined} />);
    223|     
    224|     expect(screen.getByText('No pull requests found')).toBeInTheDocume…
       |                   ^
    225|     expect(screen.getByText('Page 1 / 1')).toBeInTheDocument();
    226|   });

⎯⎯⎯⎯⎯⎯⎯⎯⎯⎯⎯⎯⎯⎯⎯⎯⎯⎯⎯⎯⎯⎯[53/54]⎯

 FAIL  tests/components/homepage/GithubPrsTab.test.tsx > GithubPrsTab > calculates total pages correctly
TestingLibraryElementError: Unable to find an element with the text: Page 1 / 3 (25 total). This could be because the text is broken up by multiple elements. In this case, you can provide a function for your text matcher to make your matcher more flexible.

Ignored nodes: comments, script, style
[36m<body[39m
  [33mstyle[39m=[32m""[39m
[36m>[39m
  [36m<div>[39m
    [36m<div[39m
      [33mclass[39m=[32m"flex flex-col px-6 pt-4 pb-6 space-y-3 h-full"[39m
    [36m>[39m
      [36m<div[39m
        [33mclass[39m=[32m"flex items-center gap-4"[39m
      [36m>[39m
        [36m<div[39m
          [33mclass[39m=[32m"flex items-center gap-2"[39m
        [36m>[39m
          [36m<div[39m
            [33mclass[39m=[32m"text-sm"[39m
          [36m>[39m
            [0mStatus[0m
          [36m</div>[39m
          [36m<button[39m
            [33maria-autocomplete[39m=[32m"none"[39m
            [33maria-controls[39m=[32m"radix-:r1n:"[39m
            [33maria-expanded[39m=[32m"false"[39m
            [33mclass[39m=[32m"flex h-10 items-center justify-between rounded-md border border-input bg-background px-3 py-2 text-sm ring-offset-background placeholder:text-muted-foreground focus:outline-none focus:ring-2 focus:ring-ring focus:ring-offset-2 disabled:cursor-not-allowed disabled:opacity-50 [&>span]:line-clamp-1 w-[160px]"[39m
            [33mdata-state[39m=[32m"closed"[39m
            [33mdir[39m=[32m"ltr"[39m
            [33mrole[39m=[32m"combobox"[39m
            [33mtype[39m=[32m"button"[39m
          [36m>[39m
            [36m<span[39m
              [33mstyle[39m=[32m"pointer-events: none;"[39m
            [36m>[39m
              [0mOpen[0m
            [36m</span>[39m
            [36m<div[39m
              [33mdata-testid[39m=[32m"chevron-down-icon"[39m
            [36m/>[39m
          [36m</button>[39m
        [36m</div>[39m
        [36m<div[39m
          [33mdata-testid[39m=[32m"quick-filter-buttons"[39m
        [36m>[39m
          [36m<button[39m
            [33mclass[39m=[32m"active"[39m
            [33mdata-testid[39m=[32m"filter-tools"[39m
          [36m>[39m
            [0mTools[0m
          [36m</button>[39m
          [36m<button[39m
            [33mclass[39m=[32m""[39m
            [33mdata-testid[39m=[32m"filter-wdf"[39m
          [36m>[39m
            [0mWDF[0m
          [36m</button>[39m
          [36m<button[39m
            [33mclass[39m=[32m""[39m
            [33mdata-testid[39m=[32m"filter-both"[39m
          [36m>[39m
            [0mBoth[0m
          [36m</button>[39m
        [36m</div>[39m
      [36m</div>[39m
      [36m<div[39m
        [33mclass[39m=[32m"rounded-md border overflow-hidden flex-1 overflow-y-auto"[39m
      [36m>[39m
        [36m<div[39m
          [33mclass[39m=[32m"relative w-full overflow-auto"[39m
        [36m>[39m
          [36m<table[39m
            [33mclass[39m=[32m"w-full caption-bottom text-sm"[39m
          [36m>[39m
            [36m<thead[39m
              [33mclass[39m=[32m"[&_tr]:border-b"[39m
            [36m>[39m
              [36m<tr[39m
                [33mclass[39m=[32m"border-b transition-colors hover:bg-muted/50 data-[state=selected]:bg-muted"[39m
              [36m>[39m
                [36m<th[39m
                  [33mclass[39m=[32m"h-12 px-4 text-left align-middle font-medium text-muted-foreground [&:has([role=checkbox])]:pr-0"[39m
                [36m>[39m
                  [0mRepository[0m
                [36m</th>[39m
                [36m<th[39m
                  [33mclass[39m=[32m"h-12 px-4 text-left align-middle font-medium text-muted-foreground [&:has([role=checkbox])]:pr-0"[39m
                [36m>[39m
                  [0mTitle[0m
                [36m</th>[39m
                [36m<th[39m
                  [33mclass[39m=[32m"h-12 px-4 text-left align-middle font-medium text-muted-foreground [&:has([role=checkbox])]:pr-0"[39m
                [36m>[39m
                  [0mStatus[0m
                [36m</th>[39m
                [36m<th[39m
                  [33mclass[39m=[32m"h-12 px-4 text-left align-middle font-medium text-muted-foreground [&:has([role=checkbox])]:pr-0"[39m
                [36m>[39m
                  [0mUpdated[0m
                [36m</th>[39m
                [36m<th[39m
                  [33mclass[39m=[32m"h-12 px-4 align-middle font-medium text-muted-foreground [&:has([role=checkbox])]:pr-0 text-right"[39m
                [36m>[39m
                  [0mActions[0m
                [36m</th>[39m
              [36m</tr>[39m
            [36m</thead>[39m
            [36m<tbody[39m
              [33mclass[39m=[32m"[&_tr:last-child]:border-0"[39m
            [36m>[39m
              [36m<tr[39m
                [33mclass[39m=[32m"border-b transition-colors hover:bg-muted/50 data-[state=selected]:bg-muted"[39m
              [36m>[39m
                [36m<td[39m
                  [33mclass[39m=[32m"p-4 align-middle [&:has([role=checkbox])]:pr-0 text-center py-8"[39m
                  [33mcolspan[39m=[32m"5"[39m
                [36m>[39m
                  [36m<div[39m
                    [33mdata-testid[39m=[32m"loader-icon"[39m
                  [36m/>[39m
                [36m</td>[39m
              [36m</tr>[39m
            [36m</tbody>[39m
          [36m</table>[39m
        [36m</div>[39m
      [36m</div>[39m
      [36m<div[39m
        [33mclass[39m=[32m"flex items-center justify-between"[39m
      [36m>[39m
        [36m<div[39m
          [33mclass[39m=[32m"text-sm text-muted-foreground"[39m
        [36m>[39m
          [0mPage [0m
          [0m1[0m
          [0m / [0m
          [0m1[0m
          [0m [0m
        [36m</div>[39m
        [36m<div[39m
          [33mclass[39m=[32m"flex gap-2"[39m
        [36m>[39m
          [36m<button[39m
            [33mclass[39m=[32m"inline-flex items-center justify-center gap-2 whitespace-nowrap text-sm font-medium ring-offset-background transition-colors focus-visible:outline-none focus-visible:ring-2 focus-visible:ring-ring focus-visible:ring-offset-2 disabled:pointer-events-none disabled:opacity-50 [&_svg]:pointer-events-none [&_svg]:size-4 [&_svg]:shrink-0 border border-input bg-background hover:bg-accent hover:text-accent-foreground h-9 rounded-md px-3"[39m
            [33mdisabled[39m=[32m""[39m
          [36m>[39m
            [0mPrev[0m
          [36m</button>[39m
          [36m<button[39m
            [33mclass[39m=[32m"inline-flex items-center justify-center gap-2 whitespace-nowrap text-sm font-medium ring-offset-background transition-colors focus-visible:outline-none focus-visible:ring-2 focus-visible:ring-ring focus-visible:ring-offset-2 disabled:pointer-events-none disabled:opacity-50 [&_svg]:pointer-events-none [&_svg]:size-4 [&_svg]:shrink-0 border border-input bg-background hover:bg-accent hover:text-accent-foreground h-9 rounded-md px-3"[39m
            [33mdisabled[39m=[32m""[39m
          [36m>[39m
            [0mNext[0m
          [36m</button>[39m
        [36m</div>[39m
      [36m</div>[39m
    [36m</div>[39m
  [36m</div>[39m
[36m</body>[39m
 ❯ Object.getElementError node_modules/@testing-library/dom/dist/config.js:37:19
 ❯ node_modules/@testing-library/dom/dist/query-helpers.js:76:38
 ❯ node_modules/@testing-library/dom/dist/query-helpers.js:52:17
 ❯ node_modules/@testing-library/dom/dist/query-helpers.js:95:19
 ❯ tests/components/homepage/GithubPrsTab.test.tsx:236:19
    234|     renderWithClient(<GithubPrsTab {...mockProps} data={largeDataSet} …
    235|     
    236|     expect(screen.getByText('Page 1 / 3 (25 total)')).toBeInTheDocumen…
       |                   ^
    237|   });
    238| });

⎯⎯⎯⎯⎯⎯⎯⎯⎯⎯⎯⎯⎯⎯⎯⎯⎯⎯⎯⎯⎯⎯[54/54]⎯


 Test Files  4 failed | 225 passed (229)
      Tests  54 failed | 4970 passed | 1 skipped (5025)
   Start at  17:20:48
   Duration  47.59s (transform 10.60s, setup 64.55s, collect 54.84s, tests 96.10s, environment 226.76s, prepare 16.96s)

